 uix86

 Timestamp is 478abaa6 (Sun Jan 13 20:28:06 2008)

 Preferred load address is 40000000

 Start         Length     Name                   Class
 0001:00000000 000278a8H .text                   CODE
 0002:00000000 000000dcH .idata$5                DATA
 0002:000000e0 00006320H .rdata                  DATA
 0002:00006400 0000004aH .rdata$debug            DATA
 0002:00006450 00000008H .rdata$sxdata           DATA
 0002:00006458 00000004H .rtc$IAA                DATA
 0002:0000645c 00000004H .rtc$IZZ                DATA
 0002:00006460 00000004H .rtc$TAA                DATA
 0002:00006464 00000004H .rtc$TZZ                DATA
 0002:00006468 00000014H .idata$2                DATA
 0002:0000647c 00000014H .idata$3                DATA
 0002:00006490 000000dcH .idata$4                DATA
 0002:0000656c 000003d6H .idata$6                DATA
 0002:00006950 00000056H .edata                  DATA
 0003:00000000 00000004H .CRT$XCA                DATA
 0003:00000004 00000004H .CRT$XCAA               DATA
 0003:00000008 00000004H .CRT$XCZ                DATA
 0003:0000000c 00000004H .CRT$XIA                DATA
 0003:00000010 0000000cH .CRT$XIC                DATA
 0003:0000001c 00000004H .CRT$XIZ                DATA
 0003:00000020 00000004H .CRT$XPA                DATA
 0003:00000024 00000004H .CRT$XPX                DATA
 0003:00000028 00000004H .CRT$XPZ                DATA
 0003:0000002c 00000004H .CRT$XTA                DATA
 0003:00000030 00000004H .CRT$XTZ                DATA
 0003:00000040 00003c44H .data                   DATA
 0003:00003ca0 004b1dd8H .bss                    DATA

  Address         Publics by Value              Rva+Base     Lib:Object

 0000:00000000       __except_list              00000000     <absolute>
 0000:00000002       ___safe_se_handler_count   00000002     <absolute>
 0001:00000000       _BG_LegalizedForcePowers   40001000 f   bg_misc.obj
 0001:00000480       _vectoyaw                  40001480 f   bg_misc.obj
 0001:00000500       _BG_HasYsalamiri           40001500 f   bg_misc.obj
 0001:00000540       _BG_CanUseFPNow            40001540 f   bg_misc.obj
 0001:000005e0       _BG_FindItemForPowerup     400015e0 f   bg_misc.obj
 0001:00000620       _BG_FindItemForHoldable    40001620 f   bg_misc.obj
 0001:00000670       _BG_FindItemForWeapon      40001670 f   bg_misc.obj
 0001:000006c0       _BG_FindItem               400016c0 f   bg_misc.obj
 0001:00000700       _BG_ProperForceIndex       40001700 f   bg_misc.obj
 0001:00000720       _BG_CycleForce             40001720 f   bg_misc.obj
 0001:00000810       _BG_GetItemIndexByTag      40001810 f   bg_misc.obj
 0001:00000850       _BG_CycleInven             40001850 f   bg_misc.obj
 0001:000008d0       _BG_CanItemBeGrabbed       400018d0 f   bg_misc.obj
 0001:00000b80       _BG_EvaluateTrajectory     40001b80 f   bg_misc.obj
 0001:00000cc0       _BG_EvaluateTrajectoryDelta 40001cc0 f   bg_misc.obj
 0001:00000db0       _BG_AddPredictableEventToPlayerstate 40001db0 f   bg_misc.obj
 0001:00000de0       _BG_TouchJumpPad           40001de0 f   bg_misc.obj
 0001:00000e50       _BG_PlayerStateToEntityState 40001e50 f   bg_misc.obj
 0001:00001200       _BG_PlayerStateToEntityStateExtraPolate 40002200 f   bg_misc.obj
 0001:000015c0       _BG_Alloc                  400025c0 f   bg_misc.obj
 0001:00001610       _BG_AllocUnaligned         40002610 f   bg_misc.obj
 0001:00001650       _BG_TempAlloc              40002650 f   bg_misc.obj
 0001:00001690       _BG_TempFree               40002690 f   bg_misc.obj
 0001:000016d0       _BG_StringAlloc            400026d0 f   bg_misc.obj
 0001:00001740       _BG_OutOfMemory            40002740 f   bg_misc.obj
 0001:00001760       _BG_PlayerTouchesItem      40002760 f   bg_misc.obj
 0001:00001800       _Q_rand                    40002800 f   q_math.obj
 0001:00001810       _Q_random                  40002810 f   q_math.obj
 0001:00001840       _Q_crandom                 40002840 f   q_math.obj
 0001:00001870       _ClampChar                 40002870 f   q_math.obj
 0001:00001890       _ClampShort                40002890 f   q_math.obj
 0001:000018e0       _DirToByte                 400028e0 f   q_math.obj
 0001:00001aa0       _ByteToDir                 40002aa0 f   q_math.obj
 0001:00001b00       _ColorBytes3               40002b00 f   q_math.obj
 0001:00001b40       _ColorBytes4               40002b40 f   q_math.obj
 0001:00001bd0       _NormalizeColor            40002bd0 f   q_math.obj
 0001:00001c40       _vectoangles               40002c40 f   q_math.obj
 0001:00001d50       _AxisClear                 40002d50 f   q_math.obj
 0001:00001d80       _AxisCopy                  40002d80 f   q_math.obj
 0001:00001dc0       _ProjectPointOnPlane       40002dc0 f   q_math.obj
 0001:00001e40       _VectorRotate              40002e40 f   q_math.obj
 0001:00001ea0       _Q_rsqrt                   40002ea0 f   q_math.obj
 0001:00001ee0       _Q_fabs                    40002ee0 f   q_math.obj
 0001:00001f00       _LerpAngle                 40002f00 f   q_math.obj
 0001:00001f50       _AngleSubtract             40002f50 f   q_math.obj
 0001:00001fb0       _AnglesSubtract            40002fb0 f   q_math.obj
 0001:00001ff0       _AngleMod                  40002ff0 f   q_math.obj
 0001:00002020       _AngleNormalize360         40003020 f   q_math.obj
 0001:00002050       _AngleNormalize180         40003050 f   q_math.obj
 0001:00002090       _AngleDelta                40003090 f   q_math.obj
 0001:000020d0       _SetPlaneSignbits          400030d0 f   q_math.obj
 0001:00002120       _BoxOnPlaneSide            40003120 f   q_math.obj
 0001:00002360       _RadiusFromBounds          40003360 f   q_math.obj
 0001:000023e0       _ClearBounds               400033e0 f   q_math.obj
 0001:00002410       _AddPointToBounds          40003410 f   q_math.obj
 0001:00002490       _VectorNormalize           40003490 f   q_math.obj
 0001:000024f0       _VectorNormalize2          400034f0 f   q_math.obj
 0001:00002560       __VectorMA                 40003560 f   q_math.obj
 0001:000025a0       __DotProduct               400035a0 f   q_math.obj
 0001:000025c0       __VectorSubtract           400035c0 f   q_math.obj
 0001:000025f0       __VectorAdd                400035f0 f   q_math.obj
 0001:00002620       __VectorCopy               40003620 f   q_math.obj
 0001:00002640       __VectorScale              40003640 f   q_math.obj
 0001:00002670       _Vector4Scale              40003670 f   q_math.obj
 0001:000026a0       _Q_log2                    400036a0 f   q_math.obj
 0001:000026c0       _MatrixMultiply            400036c0 f   q_math.obj
 0001:000027b0       _AngleVectors              400037b0 f   q_math.obj
 0001:000028f0       _PerpendicularVector       400038f0 f   q_math.obj
 0001:000029e0       _Rand_Init                 400039e0 f   q_math.obj
 0001:000029f0       _flrand                    400039f0 f   q_math.obj
 0001:00002a30       _irand                     40003a30 f   q_math.obj
 0001:00002a60       _powf                      40003a60 f   q_math.obj
 0001:00002ab0       _PlaneFromPoints           40003ab0 f   q_math.obj
 0001:00002b60       _RotatePointAroundVector   40003b60 f   q_math.obj
 0001:00002d60       _RotateAroundDirection     40003d60 f   q_math.obj
 0001:00002df0       _AnglesToAxis              40003df0 f   q_math.obj
 0001:00002e40       _MakeNormalVectors         40003e40 f   q_math.obj
 0001:00002ed0       _GetStringForID            40003ed0 f   q_shared.obj
 0001:00002f10       _Com_Clamp                 40003f10 f   q_shared.obj
 0001:00002f40       _COM_SkipPath              40003f40 f   q_shared.obj
 0001:00002f70       _COM_StripExtension        40003f70 f   q_shared.obj
 0001:00002fa0       _ShortSwap                 40003fa0 f   q_shared.obj
 0001:00002fc0       _ShortNoSwap               40003fc0 f   q_shared.obj
 0001:00002fd0       _LongSwap                  40003fd0 f   q_shared.obj
 0001:00003000       _LongNoSwap                40004000 f   q_shared.obj
 0001:00003010       _Long64Swap                40004010 f   q_shared.obj
 0001:00003070       _Long64NoSwap              40004070 f   q_shared.obj
 0001:00003080       _FloatSwap                 40004080 f   q_shared.obj
 0001:000030c0       _FloatNoSwap               400040c0 f   q_shared.obj
 0001:000030d0       _COM_GetCurrentParseLine   400040d0 f   q_shared.obj
 0001:000030e0       _COM_ParseError            400040e0 f   q_shared.obj
 0001:00003120       _COM_ParseWarning          40004120 f   q_shared.obj
 0001:00003160       _SkipWhitespace            40004160 f   q_shared.obj
 0001:000031b0       _COM_Compress              400041b0 f   q_shared.obj
 0001:000032b0       _COM_ParseExt              400042b0 f   q_shared.obj
 0001:00003420       _COM_ParseString           40004420 f   q_shared.obj
 0001:00003450       _COM_ParseInt              40004450 f   q_shared.obj
 0001:00003490       _COM_ParseFloat            40004490 f   q_shared.obj
 0001:000034d0       _COM_ParseVec4             400044d0 f   q_shared.obj
 0001:00003520       _SkipBracedSection         40004520 f   q_shared.obj
 0001:00003560       _SkipRestOfLine            40004560 f   q_shared.obj
 0001:00003590       _Q_isprint                 40004590 f   q_shared.obj
 0001:000035b0       _Q_islower                 400045b0 f   q_shared.obj
 0001:000035d0       _Q_isupper                 400045d0 f   q_shared.obj
 0001:000035f0       _Q_isalpha                 400045f0 f   q_shared.obj
 0001:00003620       _Q_strrchr                 40004620 f   q_shared.obj
 0001:00003650       _Q_strncpyz                40004650 f   q_shared.obj
 0001:000036b0       _Q_stricmpn                400046b0 f   q_shared.obj
 0001:00003730       _Q_strncmp                 40004730 f   q_shared.obj
 0001:00003770       _Q_stricmp                 40004770 f   q_shared.obj
 0001:000037a0       _Q_strlwr                  400047a0 f   q_shared.obj
 0001:000037d0       _Q_strupr                  400047d0 f   q_shared.obj
 0001:00003800       _Q_strcat                  40004800 f   q_shared.obj
 0001:00003850       _Q_PrintStrlen             40004850 f   q_shared.obj
 0001:00003890       _Q_CleanStr                40004890 f   q_shared.obj
 0001:000038e0       _Com_sprintf               400048e0 f   q_shared.obj
 0001:00003960       _va                        40004960 f   q_shared.obj
 0001:000039a0       _Info_ValueForKey          400049a0 f   q_shared.obj
 0001:00003aa0       _Info_NextPair             40004aa0 f   q_shared.obj
 0001:00003b00       _Info_RemoveKey            40004b00 f   q_shared.obj
 0001:00003c00       _Info_RemoveKey_Big        40004c00 f   q_shared.obj
 0001:00003d10       _Info_Validate             40004d10 f   q_shared.obj
 0001:00003d40       _Info_SetValueForKey       40004d40 f   q_shared.obj
 0001:00003f10       _Info_SetValueForKey_Big   40004f10 f   q_shared.obj
 0001:000040e0       _Q_irand                   400050e0 f   q_shared.obj
 0001:00004100       _GetIDForString            40005100 f   q_shared.obj
 0001:00004150       _Q_stristr                 40005150 f   q_shared.obj
 0001:000041c0       _COM_DefaultExtension      400051c0 f   q_shared.obj
 0001:00004240       _COM_BeginParseSession     40005240 f   q_shared.obj
 0001:00004270       _COM_Parse                 40005270 f   q_shared.obj
 0001:00004280       _COM_MatchToken            40005280 f   q_shared.obj
 0001:000042f0       _Parse1DMatrix             400052f0 f   q_shared.obj
 0001:00004370       _Parse2DMatrix             40005370 f   q_shared.obj
 0001:00004400       _Parse3DMatrix             40005400 f   q_shared.obj
 0001:00004490       _Com_Error                 40005490 f   ui_atoms.obj
 0001:000044d0       _Com_Printf                400054d0 f   ui_atoms.obj
 0001:00004510       _UI_ClampCvar              40005510 f   ui_atoms.obj
 0001:00004540       _UI_StartDemoLoop          40005540 f   ui_atoms.obj
 0001:00004550       _UI_Argv                   40005550 f   ui_atoms.obj
 0001:00004570       _UI_Cvar_VariableString    40005570 f   ui_atoms.obj
 0001:00004590       _UI_SetBestScores          40005590 f   ui_atoms.obj
 0001:000048d0       _UI_LoadBestScores         400058d0 f   ui_atoms.obj
 0001:000049e0       _UI_ClearScores            400059e0 f   ui_atoms.obj
 0001:00005010       _UI_ConsoleCommand         40006010 f   ui_atoms.obj
 0001:00005210       _UI_Shutdown               40006210 f   ui_atoms.obj
 0001:00005220       _UI_DrawNamedPic           40006220 f   ui_atoms.obj
 0001:00005260       _UI_DrawHandlePic          40006260 f   ui_atoms.obj
 0001:00005300       _UI_FillRect               40006300 f   ui_atoms.obj
 0001:00005340       _UI_DrawSides              40006340 f   ui_atoms.obj
 0001:000053a0       _UI_DrawTopBottom          400063a0 f   ui_atoms.obj
 0001:00005400       _UI_DrawRect               40006400 f   ui_atoms.obj
 0001:00005440       _UI_SetColor               40006440 f   ui_atoms.obj
 0001:00005450       _UI_UpdateScreen           40006450 f   ui_atoms.obj
 0001:00005460       _UI_DrawTextBox            40006460 f   ui_atoms.obj
 0001:00005550       _UI_CursorInRect           40006550 f   ui_atoms.obj
 0001:00005590       _UI_InitForceShaders       40006590 f   ui_force.obj
 0001:00005700       _UI_DrawForceStars         40006700 f   ui_force.obj
 0001:00005820       _UI_UpdateClientForcePowers 40006820 f   ui_force.obj
 0001:00005910       _UI_TranslateFCFIndex      40006910 f   ui_force.obj
 0001:00005930       _UI_SaveForceTemplate      40006930 f   ui_force.obj
 0001:00005b20       _UpdateForceUsed           40006b20 f   ui_force.obj
 0001:00005e00       _UI_ReadLegalForce         40006e00 f   ui_force.obj
 0001:000061a0       _UI_UpdateForcePowers      400071a0 f   ui_force.obj
 0001:000063c0       _UI_SkinColor_HandleKey    400073c0 f   ui_force.obj
 0001:00006430       _UI_ForceSide_HandleKey    40007430 f   ui_force.obj
 0001:00006540       _UI_JediNonJedi_HandleKey  40007540 f   ui_force.obj
 0001:000066b0       _UI_ForceMaxRank_HandleKey 400076b0 f   ui_force.obj
 0001:00006730       _UI_ForcePowerRank_HandleKey 40007730 f   ui_force.obj
 0001:00006850       _UI_ForceConfigHandle      40007850 f   ui_force.obj
 0001:00006db0       _UI_ParseInfos             40007db0 f   ui_gameinfo.obj
 0001:00007050       _UI_LoadArenas             40008050 f   ui_gameinfo.obj
 0001:000074e0       _UI_LoadBots               400084e0 f   ui_gameinfo.obj
 0001:00007600       _UI_GetBotInfoByNumber     40008600 f   ui_gameinfo.obj
 0001:00007630       _UI_GetBotInfoByName       40008630 f   ui_gameinfo.obj
 0001:00007680       _UI_GetNumBots             40008680 f   ui_gameinfo.obj
 0001:00007690       _UI_GetBotNameByNumber     40008690 f   ui_gameinfo.obj
 0001:000076e0       _UI_TeamName               400086e0 f   ui_main.obj
 0001:00007710       _AssetCache                40008710 f   ui_main.obj
 0001:00007850       __UI_DrawSides             40008850 f   ui_main.obj
 0001:000078c0       __UI_DrawTopBottom         400088c0 f   ui_main.obj
 0001:00007930       __UI_DrawRect              40008930 f   ui_main.obj
 0001:00007980       _MenuFontToHandle          40008980 f   ui_main.obj
 0001:000079a0       _Text_Width                400089a0 f   ui_main.obj
 0001:000079f0       _Text_Height               400089f0 f   ui_main.obj
 0001:00007a40       _Text_Paint                40008a40 f   ui_main.obj
 0001:00007ae0       _Text_PaintWithCursor      40008ae0 f   ui_main.obj
 0001:00007dd0       _UI_DrawCenteredPic        40008dd0 f   ui_main.obj
 0001:00007e30       _UI_GetStripEdString       40008e30 f   ui_main.obj
 0001:00007e60       __UI_Shutdown              40008e60 f   ui_main.obj
 0001:00007e70       _GetMenuBuffer             40008e70 f   ui_main.obj
 0001:00007f10       _Asset_Parse               40008f10 f   ui_main.obj
 0001:000083e0       _UI_Report                 400093e0 f   ui_main.obj
 0001:000083f0       _UI_ParseMenu              400093f0 f   ui_main.obj
 0001:000084c0       _Load_Menu                 400094c0 f   ui_main.obj
 0001:00008540       _UI_LoadMenus              40009540 f   ui_main.obj
 0001:00008fc0       _UI_HasSetSaberOnly        40009fc0 f   ui_main.obj
 0001:00009080       _UI_TrueJediEnabled        4000a080 f   ui_main.obj
 0001:000096d0       _UpdateForceStatus         4000a6d0 f   ui_main.obj
 0001:0000b6c0       _UI_ServersSort            4000c6c0 f   ui_main.obj
 0001:0000bf70       _UI_UpdateVideoSetup       4000cf70 f   ui_main.obj
 0001:0000c0d0       _UI_GetVideoSetup          4000d0d0 f   ui_main.obj
 0001:0000c440       _UI_hasSkinForBase         4000d440 f   ui_main.obj
 0001:0000dc20       _UI_FeederSelection        4000ec20 f   ui_main.obj
 0001:0000e710       _UI_LoadForceConfig_List   4000f710 f   ui_main.obj
 0001:0000eb20       __UI_KeyEvent              4000fb20 f   ui_main.obj
 0001:0000eba0       __UI_MouseEvent            4000fba0 f   ui_main.obj
 0001:0000ec20       _UI_LoadNonIngame          4000fc20 f   ui_main.obj
 0001:0000ec60       __UI_SetActiveMenu         4000fc60 f   ui_main.obj
 0001:0000ee70       __UI_IsFullscreen          4000fe70 f   ui_main.obj
 0001:0000f040       _Text_PaintCenter          40010040 f   ui_main.obj
 0001:0000f0e0       _UI_RegisterCvars          400100e0 f   ui_main.obj
 0001:0000f120       _UI_UpdateCvars            40010120 f   ui_main.obj
 0001:0000f320       _UI_ShowPostGame           40010320 f   ui_main.obj
 0001:0000f380       _UI_Load                   40010380 f   ui_main.obj
 0001:00011b30       _UI_DrawConnectScreen      40012b30 f   ui_main.obj
 0001:00012100       __UI_Refresh               40013100 f   ui_main.obj
 0001:00013f10       __UI_Init                  40014f10 f   ui_main.obj
 0001:00014380       _vmMain                    40015380 f   ui_main.obj
 0001:00014460       _UI_Alloc                  40015460 f   ui_shared.obj
 0001:000144b0       _UI_InitMemory             400154b0 f   ui_shared.obj
 0001:000144c0       _UI_OutOfMemory            400154c0 f   ui_shared.obj
 0001:00014510       _String_Alloc              40015510 f   ui_shared.obj
 0001:00014620       _String_Report             40015620 f   ui_shared.obj
 0001:000146a0       _PC_SourceWarning          400156a0 f   ui_shared.obj
 0001:00014710       _PC_SourceError            40015710 f   ui_shared.obj
 0001:00014780       _LerpColor                 40015780 f   ui_shared.obj
 0001:00014880       _Float_Parse               40015880 f   ui_shared.obj
 0001:000148b0       _PC_Float_Parse            400158b0 f   ui_shared.obj
 0001:00014950       _Color_Parse               40015950 f   ui_shared.obj
 0001:000149a0       _PC_Color_Parse            400159a0 f   ui_shared.obj
 0001:000149f0       _Int_Parse                 400159f0 f   ui_shared.obj
 0001:00014a20       _PC_Int_Parse              40015a20 f   ui_shared.obj
 0001:00014ab0       _Rect_Parse                40015ab0 f   ui_shared.obj
 0001:00014b30       _PC_Rect_Parse             40015b30 f   ui_shared.obj
 0001:00014b90       _String_Parse              40015b90 f   ui_shared.obj
 0001:00014bc0       _PC_String_Parse           40015bc0 f   ui_shared.obj
 0001:00014cb0       _PC_Script_Parse           40015cb0 f   ui_shared.obj
 0001:00014dd0       _Init_Display              40015dd0 f   ui_shared.obj
 0001:00014de0       _GradientBar_Paint         40015de0 f   ui_shared.obj
 0001:00014e20       _Window_Init               40015e20 f   ui_shared.obj
 0001:00014e50       _Fade                      40015e50 f   ui_shared.obj
 0001:00014ed0       _Window_Paint              40015ed0 f   ui_shared.obj
 0001:000152d0       _IsVisible                 400162d0 f   ui_shared.obj
 0001:000152f0       _Rect_ContainsPoint        400162f0 f   ui_shared.obj
 0001:00015340       _Menu_ItemsMatchingGroup   40016340 f   ui_shared.obj
 0001:000153b0       _Menu_GetMatchingItemByNumber 400163b0 f   ui_shared.obj
 0001:00015430       _Script_SetColor           40016430 f   ui_shared.obj
 0001:00015500       _Script_SetAsset           40016500 f   ui_shared.obj
 0001:00015530       _Script_SetBackground      40016530 f   ui_shared.obj
 0001:00015570       _Menu_FindItemByName       40016570 f   ui_shared.obj
 0001:000155d0       _Script_SetTeamColor       400165d0 f   ui_shared.obj
 0001:00015620       _Script_SetItemColor       40016620 f   ui_shared.obj
 0001:00015760       _Script_SetItemRect        40016760 f   ui_shared.obj
 0001:00015800       _Menu_ShowItemByName       40016800 f   ui_shared.obj
 0001:00015880       _Menu_FadeItemByName       40016880 f   ui_shared.obj
 0001:000158e0       _Menus_FindByName          400168e0 f   ui_shared.obj
 0001:00015930       _Script_Show               40016930 f   ui_shared.obj
 0001:00015970       _Script_Hide               40016970 f   ui_shared.obj
 0001:000159b0       _Script_FadeIn             400169b0 f   ui_shared.obj
 0001:000159f0       _Script_FadeOut            400169f0 f   ui_shared.obj
 0001:00015a30       _Script_Defer              40016a30 f   ui_shared.obj
 0001:00015a70       _Script_SetPlayerModel     40016a70 f   ui_shared.obj
 0001:00015ab0       _Script_SetPlayerHead      40016ab0 f   ui_shared.obj
 0001:00015af0       _Script_SetCvar            40016af0 f   ui_shared.obj
 0001:00015b50       _Script_SetCvarToCvar      40016b50 f   ui_shared.obj
 0001:00015bd0       _Script_Exec               40016bd0 f   ui_shared.obj
 0001:00015c20       _Script_Play               40016c20 f   ui_shared.obj
 0001:00015c70       _Script_playLooped         40016c70 f   ui_shared.obj
 0001:00015cc0       _Item_RunScript            40016cc0 f   ui_shared.obj
 0001:00015db0       _Item_EnableShowViaCvar    40016db0 f   ui_shared.obj
 0001:00015ee0       _Item_TextScroll_MaxScroll 40016ee0 f   ui_shared.obj
 0001:00015f10       _Item_TextScroll_ThumbPosition 40016f10 f   ui_shared.obj
 0001:00015f90       _Item_TextScroll_ThumbDrawPosition 40016f90 f   ui_shared.obj
 0001:00016020       _Item_TextScroll_OverLB    40017020 f   ui_shared.obj
 0001:00016180       _Item_TextScroll_MouseEnter 40017180 f   ui_shared.obj
 0001:000161b0       _Item_TextScroll_HandleKey 400171b0 f   ui_shared.obj
 0001:00016310       _Item_ListBox_MaxScroll    40017310 f   ui_shared.obj
 0001:00016370       _Item_ListBox_ThumbPosition 40017370 f   ui_shared.obj
 0001:00016420       _Item_ListBox_ThumbDrawPosition 40017420 f   ui_shared.obj
 0001:00016520       _Item_Slider_ThumbPosition 40017520 f   ui_shared.obj
 0001:000165c0       _Item_Slider_OverSlider    400175c0 f   ui_shared.obj
 0001:00016640       _Item_ListBox_OverLB       40017640 f   ui_shared.obj
 0001:00016870       _Item_ListBox_MouseEnter   40017870 f   ui_shared.obj
 0001:000169a0       _Item_MouseEnter           400179a0 f   ui_shared.obj
 0001:00016b00       _Item_MouseLeave           40017b00 f   ui_shared.obj
 0001:00016b50       _Menu_HitTest              40017b50 f   ui_shared.obj
 0001:00016bd0       _Item_SetMouseOver         40017bd0 f   ui_shared.obj
 0001:00016c00       _Item_OwnerDraw_HandleKey  40017c00 f   ui_shared.obj
 0001:00016c40       _Item_ListBox_HandleKey    40017c40 f   ui_shared.obj
 0001:00017060       _Item_YesNo_HandleKey      40018060 f   ui_shared.obj
 0001:00017160       _Item_Multi_CountSettings  40018160 f   ui_shared.obj
 0001:00017180       _Item_Multi_FindCvarByValue 40018180 f   ui_shared.obj
 0001:00017260       _Item_Multi_Setting        40018260 f   ui_shared.obj
 0001:00017340       _Item_Multi_HandleKey      40018340 f   ui_shared.obj
 0001:000178e0       _Item_StartCapture         400188e0 f   ui_shared.obj
 0001:00017b60       _Item_StopCapture          40018b60 f   ui_shared.obj
 0001:00017b70       _Item_Slider_HandleKey     40018b70 f   ui_shared.obj
 0001:00017cd0       _Item_Action               40018cd0 f   ui_shared.obj
 0001:00017df0       _Menus_Activate            40018df0 f   ui_shared.obj
 0001:00017e90       _Display_VisibleMenuCount  40018e90 f   ui_shared.obj
 0001:00017f40       _ToWindowCoords            40018f40 f   ui_shared.obj
 0001:00017f70       _Rect_ToWindowCoords       40018f70 f   ui_shared.obj
 0001:00017fa0       _Item_SetTextExtents       40018fa0 f   ui_shared.obj
 0001:000181a0       _Item_TextColor            400191a0 f   ui_shared.obj
 0001:000183d0       _Item_Text_AutoWrapped_Paint 400193d0 f   ui_shared.obj
 0001:000185f0       _Item_Text_Wrapped_Paint   400195f0 f   ui_shared.obj
 0001:00018750       _Item_Text_Paint           40019750 f   ui_shared.obj
 0001:000188a0       _Item_TextField_Paint      400198a0 f   ui_shared.obj
 0001:00018ab0       _Item_YesNo_Paint          40019ab0 f   ui_shared.obj
 0001:00018ca0       _Item_Multi_Paint          40019ca0 f   ui_shared.obj
 0001:00018ea0       _Controls_GetConfig        40019ea0 f   ui_shared.obj
 0001:00018ee0       _Controls_SetConfig        40019ee0 f   ui_shared.obj
 0001:00018f30       _BindingIDFromName         40019f30 f   ui_shared.obj
 0001:00018f70       _BindingFromName           40019f70 f   ui_shared.obj
 0001:00019090       _Item_Slider_Paint         4001a090 f   ui_shared.obj
 0001:00019220       _Item_Bind_Paint           4001a220 f   ui_shared.obj
 0001:000194e0       _Display_KeyBindPending    4001a4e0 f   ui_shared.obj
 0001:000194f0       _Item_Bind_HandleKey       4001a4f0 f   ui_shared.obj
 0001:00019760       _Item_Model_Paint          4001a760 f   ui_shared.obj
 0001:00019960       _Item_Image_Paint          4001a960 f   ui_shared.obj
 0001:000199c0       _Item_TextScroll_Paint     4001a9c0 f   ui_shared.obj
 0001:00019be0       _Item_ListBox_Paint        4001abe0 f   ui_shared.obj
 0001:0001a450       _Item_OwnerDraw_Paint      4001b450 f   ui_shared.obj
 0001:0001a870       _Menu_Init                 4001b870 f   ui_shared.obj
 0001:0001a8f0       _Menu_GetFocusedItem       4001b8f0 f   ui_shared.obj
 0001:0001a930       _Menu_GetFocused           4001b930 f   ui_shared.obj
 0001:0001a970       _Menu_ScrollFeeder         4001b970 f   ui_shared.obj
 0001:0001a9e0       _Menu_SetFeederSelection   4001b9e0 f   ui_shared.obj
 0001:0001aaa0       _Menus_AnyFullScreenVisible 4001baa0 f   ui_shared.obj
 0001:0001aad0       _Item_Init                 4001bad0 f   ui_shared.obj
 0001:0001ab10       _Item_ValidateTypeData     4001bb10 f   ui_shared.obj
 0001:0001ac00       _KeywordHash_Key           4001bc00 f   ui_shared.obj
 0001:0001ac50       _KeywordHash_Add           4001bc50 f   ui_shared.obj
 0001:0001ac70       _KeywordHash_Find          4001bc70 f   ui_shared.obj
 0001:0001acc0       _ItemParse_name            4001bcc0 f   ui_shared.obj
 0001:0001ace0       _ItemParse_focusSound      4001bce0 f   ui_shared.obj
 0001:0001ad20       _ItemParse_text            4001bd20 f   ui_shared.obj
 0001:0001ad40       _ItemParse_descText        4001bd40 f   ui_shared.obj
 0001:0001ad60       _ItemParse_text2           4001bd60 f   ui_shared.obj
 0001:0001ad80       _ItemParse_text2alignx     4001bd80 f   ui_shared.obj
 0001:0001ada0       _ItemParse_text2aligny     4001bda0 f   ui_shared.obj
 0001:0001adc0       _ItemParse_group           4001bdc0 f   ui_shared.obj
 0001:0001ade0       _ItemParse_asset_model     4001bde0 f   ui_shared.obj
 0001:0001ae40       _ItemParse_asset_shader    4001be40 f   ui_shared.obj
 0001:0001ae80       _ItemParse_model_origin    4001be80 f   ui_shared.obj
 0001:0001aee0       _ItemParse_model_fovx      4001bee0 f   ui_shared.obj
 0001:0001af10       _ItemParse_model_fovy      4001bf10 f   ui_shared.obj
 0001:0001af40       _ItemParse_model_rotation  4001bf40 f   ui_shared.obj
 0001:0001af70       _ItemParse_model_angle     4001bf70 f   ui_shared.obj
 0001:0001afa0       _ItemParse_rect            4001bfa0 f   ui_shared.obj
 0001:0001afc0       _ItemParse_flag            4001bfc0 f   ui_shared.obj
 0001:0001b050       _ItemParse_style           4001c050 f   ui_shared.obj
 0001:0001b080       _ItemParse_decoration      4001c080 f   ui_shared.obj
 0001:0001b090       _ItemParse_notselectable   4001c090 f   ui_shared.obj
 0001:0001b0d0       _ItemParse_wrapped         4001c0d0 f   ui_shared.obj
 0001:0001b0f0       _ItemParse_autowrapped     4001c0f0 f   ui_shared.obj
 0001:0001b110       _ItemParse_horizontalscroll 4001c110 f   ui_shared.obj
 0001:0001b130       _ItemParse_type            4001c130 f   ui_shared.obj
 0001:0001b160       _ItemParse_elementwidth    4001c160 f   ui_shared.obj
 0001:0001b190       _ItemParse_elementheight   4001c190 f   ui_shared.obj
 0001:0001b1c0       _ItemParse_feeder          4001c1c0 f   ui_shared.obj
 0001:0001b1e0       _ItemParse_elementtype     4001c1e0 f   ui_shared.obj
 0001:0001b220       _ItemParse_columns         4001c220 f   ui_shared.obj
 0001:0001b300       _ItemParse_border          4001c300 f   ui_shared.obj
 0001:0001b320       _ItemParse_bordersize      4001c320 f   ui_shared.obj
 0001:0001b340       _ItemParse_visible         4001c340 f   ui_shared.obj
 0001:0001b370       _ItemParse_ownerdraw       4001c370 f   ui_shared.obj
 0001:0001b3a0       _ItemParse_align           4001c3a0 f   ui_shared.obj
 0001:0001b3c0       _ItemParse_textalign       4001c3c0 f   ui_shared.obj
 0001:0001b400       _ItemParse_textalignx      4001c400 f   ui_shared.obj
 0001:0001b420       _ItemParse_textaligny      4001c420 f   ui_shared.obj
 0001:0001b440       _ItemParse_textscale       4001c440 f   ui_shared.obj
 0001:0001b460       _ItemParse_textstyle       4001c460 f   ui_shared.obj
 0001:0001b480       _ItemParse_backcolor       4001c480 f   ui_shared.obj
 0001:0001b4d0       _ItemParse_forecolor       4001c4d0 f   ui_shared.obj
 0001:0001b530       _ItemParse_bordercolor     4001c530 f   ui_shared.obj
 0001:0001b580       _ItemParse_outlinecolor    4001c580 f   ui_shared.obj
 0001:0001b5a0       _ItemParse_background      4001c5a0 f   ui_shared.obj
 0001:0001b5e0       _ItemParse_cinematic       4001c5e0 f   ui_shared.obj
 0001:0001b600       _ItemParse_doubleClick     4001c600 f   ui_shared.obj
 0001:0001b640       _ItemParse_onFocus         4001c640 f   ui_shared.obj
 0001:0001b660       _ItemParse_leaveFocus      4001c660 f   ui_shared.obj
 0001:0001b680       _ItemParse_mouseEnter      4001c680 f   ui_shared.obj
 0001:0001b6a0       _ItemParse_mouseExit       4001c6a0 f   ui_shared.obj
 0001:0001b6c0       _ItemParse_mouseEnterText  4001c6c0 f   ui_shared.obj
 0001:0001b6e0       _ItemParse_mouseExitText   4001c6e0 f   ui_shared.obj
 0001:0001b700       _ItemParse_action          4001c700 f   ui_shared.obj
 0001:0001b720       _ItemParse_special         4001c720 f   ui_shared.obj
 0001:0001b740       _ItemParse_cvarTest        4001c740 f   ui_shared.obj
 0001:0001b760       _ItemParse_cvar            4001c760 f   ui_shared.obj
 0001:0001b7e0       _ItemParse_font            4001c7e0 f   ui_shared.obj
 0001:0001b810       _ItemParse_maxChars        4001c810 f   ui_shared.obj
 0001:0001b860       _ItemParse_maxPaintChars   4001c860 f   ui_shared.obj
 0001:0001b8b0       _ItemParse_maxLineChars    4001c8b0 f   ui_shared.obj
 0001:0001b900       _ItemParse_lineHeight      4001c900 f   ui_shared.obj
 0001:0001b950       _ItemParse_cvarFloat       4001c950 f   ui_shared.obj
 0001:0001b9c0       _ItemParse_cvarStrList     4001c9c0 f   ui_shared.obj
 0001:0001bad0       _ItemParse_cvarFloatList   4001cad0 f   ui_shared.obj
 0001:0001bbe0       _ItemParse_addColorRange   4001cbe0 f   ui_shared.obj
 0001:0001bc80       _ItemParse_ownerdrawFlag   4001cc80 f   ui_shared.obj
 0001:0001bcb0       _ItemParse_enableCvar      4001ccb0 f   ui_shared.obj
 0001:0001bce0       _ItemParse_disableCvar     4001cce0 f   ui_shared.obj
 0001:0001bd20       _ItemParse_showCvar        4001cd20 f   ui_shared.obj
 0001:0001bd60       _ItemParse_hideCvar        4001cd60 f   ui_shared.obj
 0001:0001bda0       _ItemParse_Appearance_slot 4001cda0 f   ui_shared.obj
 0001:0001bdc0       _Item_SetupKeywordHash     4001cdc0 f   ui_shared.obj
 0001:0001be10       _Item_Parse                4001ce10 f   ui_shared.obj
 0001:0001c160       _Item_InitControls         4001d160 f   ui_shared.obj
 0001:0001c190       _MenuParse_font            4001d190 f   ui_shared.obj
 0001:0001c1f0       _MenuParse_name            4001d1f0 f   ui_shared.obj
 0001:0001c230       _MenuParse_fullscreen      4001d230 f   ui_shared.obj
 0001:0001c250       _MenuParse_rect            4001d250 f   ui_shared.obj
 0001:0001c270       _MenuParse_style           4001d270 f   ui_shared.obj
 0001:0001c2a0       _MenuParse_visible         4001d2a0 f   ui_shared.obj
 0001:0001c2d0       _MenuParse_onOpen          4001d2d0 f   ui_shared.obj
 0001:0001c2f0       _MenuParse_onClose         4001d2f0 f   ui_shared.obj
 0001:0001c310       _MenuParse_onESC           4001d310 f   ui_shared.obj
 0001:0001c330       _MenuParse_border          4001d330 f   ui_shared.obj
 0001:0001c350       _MenuParse_borderSize      4001d350 f   ui_shared.obj
 0001:0001c370       _MenuParse_backcolor       4001d370 f   ui_shared.obj
 0001:0001c3c0       _MenuParse_descAlignment   4001d3c0 f   ui_shared.obj
 0001:0001c400       _MenuParse_descX           4001d400 f   ui_shared.obj
 0001:0001c420       _MenuParse_descY           4001d420 f   ui_shared.obj
 0001:0001c440       _MenuParse_descScale       4001d440 f   ui_shared.obj
 0001:0001c460       _MenuParse_descColor       4001d460 f   ui_shared.obj
 0001:0001c4b0       _MenuParse_forecolor       4001d4b0 f   ui_shared.obj
 0001:0001c500       _MenuParse_bordercolor     4001d500 f   ui_shared.obj
 0001:0001c550       _MenuParse_focuscolor      4001d550 f   ui_shared.obj
 0001:0001c5a0       _MenuParse_disablecolor    4001d5a0 f   ui_shared.obj
 0001:0001c5f0       _MenuParse_outlinecolor    4001d5f0 f   ui_shared.obj
 0001:0001c610       _MenuParse_background      4001d610 f   ui_shared.obj
 0001:0001c650       _MenuParse_cinematic       4001d650 f   ui_shared.obj
 0001:0001c670       _MenuParse_ownerdrawFlag   4001d670 f   ui_shared.obj
 0001:0001c6a0       _MenuParse_ownerdraw       4001d6a0 f   ui_shared.obj
 0001:0001c6c0       _MenuParse_popup           4001d6c0 f   ui_shared.obj
 0001:0001c6e0       _MenuParse_outOfBounds     4001d6e0 f   ui_shared.obj
 0001:0001c700       _MenuParse_soundLoop       4001d700 f   ui_shared.obj
 0001:0001c720       _MenuParse_fadeClamp       4001d720 f   ui_shared.obj
 0001:0001c740       _MenuParse_fadeAmount      4001d740 f   ui_shared.obj
 0001:0001c760       _MenuParse_fadeCycle       4001d760 f   ui_shared.obj
 0001:0001c780       _MenuParse_itemDef         4001d780 f   ui_shared.obj
 0001:0001c870       _MenuParse_appearanceIncrement 4001d870 f   ui_shared.obj
 0001:0001c890       _Menu_SetupKeywordHash     4001d890 f   ui_shared.obj
 0001:0001c8e0       _Menu_Parse                4001d8e0 f   ui_shared.obj
 0001:0001c9f0       _Menu_Count                4001d9f0 f   ui_shared.obj
 0001:0001ca00       _Menu_Reset                4001da00 f   ui_shared.obj
 0001:0001ca10       _Display_GetContext        4001da10 f   ui_shared.obj
 0001:0001ca20       _Display_CaptureItem       4001da20 f   ui_shared.obj
 0001:0001cab0       _Display_CursorType        4001dab0 f   ui_shared.obj
 0001:0001cc80       _Display_CacheAll          4001dc80 f   ui_shared.obj
 0001:0001cd60       _String_Init               4001dd60 f   ui_shared.obj
 0001:0001cdc0       _Item_SetScreenCoords      4001ddc0 f   ui_shared.obj
 0001:0001ce30       _Item_UpdatePosition       4001de30 f   ui_shared.obj
 0001:0001ce80       _Menu_UpdatePosition       4001de80 f   ui_shared.obj
 0001:0001cf00       _Menu_PostParse            4001df00 f   ui_shared.obj
 0001:0001cf40       _Menu_ClearFocus           4001df40 f   ui_shared.obj
 0001:0001cfb0       _Menus_ShowByName          4001dfb0 f   ui_shared.obj
 0001:0001d010       _Menus_CloseByName         4001e010 f   ui_shared.obj
 0001:0001d0a0       _Menus_CloseAll            4001e0a0 f   ui_shared.obj
 0001:0001d130       _Script_Close              4001e130 f   ui_shared.obj
 0001:0001d180       _Menu_TransitionItemByName 4001e180 f   ui_shared.obj
 0001:0001d310       _Script_RunDeferred        4001e310 f   ui_shared.obj
 0001:0001d340       _Script_Transition         4001e340 f   ui_shared.obj
 0001:0001d430       _Menu_OrbitItemByName      4001e430 f   ui_shared.obj
 0001:0001d500       _Script_Orbit              4001e500 f   ui_shared.obj
 0001:0001d5e0       _Script_SetFocus           4001e5e0 f   ui_shared.obj
 0001:0001d680       _Item_SetFocus             4001e680 f   ui_shared.obj
 0001:0001d810       _Item_HandleKey            4001e810 f   ui_shared.obj
 0001:0001d960       _Item_Paint                4001e960 f   ui_shared.obj
 0001:0001df00       _Menu_HandleMouseMove      4001ef00 f   ui_shared.obj
 0001:0001e090       _Menu_Paint                4001f090 f   ui_shared.obj
 0001:0001e200       _Menu_New                  4001f200 f   ui_shared.obj
 0001:0001e250       _Menu_PaintAll             4001f250 f   ui_shared.obj
 0001:0001e4c0       _Display_MouseMove         4001f4c0 f   ui_shared.obj
 0001:0001e580       _Menu_SetPrevCursorItem    4001f580 f   ui_shared.obj
 0001:0001e660       _Menu_SetNextCursorItem    4001f660 f   ui_shared.obj
 0001:0001e750       _Menus_HandleOOBClick      4001f750 f   ui_shared.obj
 0001:0001e8d0       _Menus_ActivateByName      4001f8d0 f   ui_shared.obj
 0001:0001e990       _Menus_OpenByName          4001f990 f   ui_shared.obj
 0001:0001e9a0       _Script_Open               4001f9a0 f   ui_shared.obj
 0001:0001e9d0       _Item_TextField_HandleKey  4001f9d0 f   ui_shared.obj
 0001:0001ee00       _Menu_HandleKey            4001fe00 f   ui_shared.obj
 0001:0001f2c0       _Display_HandleKey         400202c0 f   ui_shared.obj
 0001:0001f300       _dllEntry                  40020300 f   ui_syscalls.obj
 0001:0001f310       _PASSFLOAT                 40020310 f   ui_syscalls.obj
 0001:0001f320       _trap_Print                40020320 f   ui_syscalls.obj
 0001:0001f340       _trap_Error                40020340 f   ui_syscalls.obj
 0001:0001f360       _trap_Milliseconds         40020360 f   ui_syscalls.obj
 0001:0001f370       _trap_Cvar_Register        40020370 f   ui_syscalls.obj
 0001:0001f390       _trap_Cvar_Update          40020390 f   ui_syscalls.obj
 0001:0001f3b0       _trap_Cvar_Set             400203b0 f   ui_syscalls.obj
 0001:0001f3d0       _trap_Cvar_VariableValue   400203d0 f   ui_syscalls.obj
 0001:0001f3f0       _trap_Cvar_VariableStringBuffer 400203f0 f   ui_syscalls.obj
 0001:0001f410       _trap_Cvar_SetValue        40020410 f   ui_syscalls.obj
 0001:0001f430       _trap_Cvar_Reset           40020430 f   ui_syscalls.obj
 0001:0001f450       _trap_Cvar_Create          40020450 f   ui_syscalls.obj
 0001:0001f470       _trap_Cvar_InfoStringBuffer 40020470 f   ui_syscalls.obj
 0001:0001f490       _trap_Argc                 40020490 f   ui_syscalls.obj
 0001:0001f4a0       _trap_Argv                 400204a0 f   ui_syscalls.obj
 0001:0001f4c0       _trap_Cmd_ExecuteText      400204c0 f   ui_syscalls.obj
 0001:0001f4e0       _trap_FS_FOpenFile         400204e0 f   ui_syscalls.obj
 0001:0001f500       _trap_FS_Read              40020500 f   ui_syscalls.obj
 0001:0001f520       _trap_FS_Write             40020520 f   ui_syscalls.obj
 0001:0001f540       _trap_FS_FCloseFile        40020540 f   ui_syscalls.obj
 0001:0001f560       _trap_FS_GetFileList       40020560 f   ui_syscalls.obj
 0001:0001f580       _trap_R_RegisterModel      40020580 f   ui_syscalls.obj
 0001:0001f5a0       _trap_R_RegisterSkin       400205a0 f   ui_syscalls.obj
 0001:0001f5c0       _trap_R_RegisterFont       400205c0 f   ui_syscalls.obj
 0001:0001f5e0       _trap_R_Font_StrLenPixels  400205e0 f   ui_syscalls.obj
 0001:0001f610       _trap_R_Font_StrLenChars   40020610 f   ui_syscalls.obj
 0001:0001f630       _trap_R_Font_HeightPixels  40020630 f   ui_syscalls.obj
 0001:0001f650       _trap_R_Font_DrawString    40020650 f   ui_syscalls.obj
 0001:0001f690       _trap_Language_IsAsian     40020690 f   ui_syscalls.obj
 0001:0001f6a0       _trap_Language_UsesSpaces  400206a0 f   ui_syscalls.obj
 0001:0001f6b0       _trap_AnyLanguage_ReadCharFromString 400206b0 f   ui_syscalls.obj
 0001:0001f6d0       _trap_R_RegisterShaderNoMip 400206d0 f   ui_syscalls.obj
 0001:0001f6f0       _trap_R_ClearScene         400206f0 f   ui_syscalls.obj
 0001:0001f700       _trap_R_AddRefEntityToScene 40020700 f   ui_syscalls.obj
 0001:0001f720       _trap_R_AddPolyToScene     40020720 f   ui_syscalls.obj
 0001:0001f740       _trap_R_AddLightToScene    40020740 f   ui_syscalls.obj
 0001:0001f790       _trap_R_RenderScene        40020790 f   ui_syscalls.obj
 0001:0001f7b0       _trap_R_SetColor           400207b0 f   ui_syscalls.obj
 0001:0001f7d0       _trap_R_DrawStretchPic     400207d0 f   ui_syscalls.obj
 0001:0001f850       _trap_R_ModelBounds        40020850 f   ui_syscalls.obj
 0001:0001f870       _trap_UpdateScreen         40020870 f   ui_syscalls.obj
 0001:0001f880       _trap_CM_LerpTag           40020880 f   ui_syscalls.obj
 0001:0001f8b0       _trap_S_StartLocalSound    400208b0 f   ui_syscalls.obj
 0001:0001f8d0       _trap_S_RegisterSound      400208d0 f   ui_syscalls.obj
 0001:0001f8f0       _trap_Key_KeynumToStringBuf 400208f0 f   ui_syscalls.obj
 0001:0001f910       _trap_Key_GetBindingBuf    40020910 f   ui_syscalls.obj
 0001:0001f930       _trap_Key_SetBinding       40020930 f   ui_syscalls.obj
 0001:0001f950       _trap_Key_IsDown           40020950 f   ui_syscalls.obj
 0001:0001f970       _trap_Key_GetOverstrikeMode 40020970 f   ui_syscalls.obj
 0001:0001f980       _trap_Key_SetOverstrikeMode 40020980 f   ui_syscalls.obj
 0001:0001f9a0       _trap_Key_ClearStates      400209a0 f   ui_syscalls.obj
 0001:0001f9b0       _trap_Key_GetCatcher       400209b0 f   ui_syscalls.obj
 0001:0001f9c0       _trap_Key_SetCatcher       400209c0 f   ui_syscalls.obj
 0001:0001f9e0       _trap_GetClipboardData     400209e0 f   ui_syscalls.obj
 0001:0001fa00       _trap_GetClientState       40020a00 f   ui_syscalls.obj
 0001:0001fa20       _trap_GetGlconfig          40020a20 f   ui_syscalls.obj
 0001:0001fa40       _trap_GetConfigString      40020a40 f   ui_syscalls.obj
 0001:0001fa60       _trap_LAN_GetServerCount   40020a60 f   ui_syscalls.obj
 0001:0001fa80       _trap_LAN_GetServerAddressString 40020a80 f   ui_syscalls.obj
 0001:0001faa0       _trap_LAN_GetServerInfo    40020aa0 f   ui_syscalls.obj
 0001:0001fac0       _trap_LAN_GetServerPing    40020ac0 f   ui_syscalls.obj
 0001:0001fae0       _trap_LAN_GetPingQueueCount 40020ae0 f   ui_syscalls.obj
 0001:0001faf0       _trap_LAN_ServerStatus     40020af0 f   ui_syscalls.obj
 0001:0001fb10       _trap_LAN_SaveCachedServers 40020b10 f   ui_syscalls.obj
 0001:0001fb20       _trap_LAN_LoadCachedServers 40020b20 f   ui_syscalls.obj
 0001:0001fb30       _trap_LAN_ResetPings       40020b30 f   ui_syscalls.obj
 0001:0001fb50       _trap_LAN_ClearPing        40020b50 f   ui_syscalls.obj
 0001:0001fb70       _trap_LAN_GetPing          40020b70 f   ui_syscalls.obj
 0001:0001fb90       _trap_LAN_GetPingInfo      40020b90 f   ui_syscalls.obj
 0001:0001fbb0       _trap_LAN_MarkServerVisible 40020bb0 f   ui_syscalls.obj
 0001:0001fbd0       _trap_LAN_ServerIsVisible  40020bd0 f   ui_syscalls.obj
 0001:0001fbf0       _trap_LAN_UpdateVisiblePings 40020bf0 f   ui_syscalls.obj
 0001:0001fc10       _trap_LAN_AddServer        40020c10 f   ui_syscalls.obj
 0001:0001fc30       _trap_LAN_RemoveServer     40020c30 f   ui_syscalls.obj
 0001:0001fc50       _trap_LAN_CompareServers   40020c50 f   ui_syscalls.obj
 0001:0001fc80       _trap_MemoryRemaining      40020c80 f   ui_syscalls.obj
 0001:0001fc90       _trap_PC_AddGlobalDefine   40020c90 f   ui_syscalls.obj
 0001:0001fcb0       _trap_PC_LoadSource        40020cb0 f   ui_syscalls.obj
 0001:0001fcd0       _trap_PC_FreeSource        40020cd0 f   ui_syscalls.obj
 0001:0001fcf0       _trap_PC_ReadToken         40020cf0 f   ui_syscalls.obj
 0001:0001fd10       _trap_PC_SourceFileAndLine 40020d10 f   ui_syscalls.obj
 0001:0001fd30       _trap_PC_LoadGlobalDefines 40020d30 f   ui_syscalls.obj
 0001:0001fd50       _trap_PC_RemoveAllGlobalDefines 40020d50 f   ui_syscalls.obj
 0001:0001fd60       _trap_S_StopBackgroundTrack 40020d60 f   ui_syscalls.obj
 0001:0001fd70       _trap_S_StartBackgroundTrack 40020d70 f   ui_syscalls.obj
 0001:0001fd90       _trap_RealTime             40020d90 f   ui_syscalls.obj
 0001:0001fdb0       _trap_CIN_PlayCinematic    40020db0 f   ui_syscalls.obj
 0001:0001fde0       _trap_CIN_StopCinematic    40020de0 f   ui_syscalls.obj
 0001:0001fe00       _trap_CIN_RunCinematic     40020e00 f   ui_syscalls.obj
 0001:0001fe20       _trap_CIN_DrawCinematic    40020e20 f   ui_syscalls.obj
 0001:0001fe40       _trap_CIN_SetExtents       40020e40 f   ui_syscalls.obj
 0001:0001fe70       _trap_R_RemapShader        40020e70 f   ui_syscalls.obj
 0001:0001fe90       _trap_SP_Register          40020e90 f   ui_syscalls.obj
 0001:0001feb0       _trap_SP_GetStringTextString 40020eb0 f   ui_syscalls.obj
 0001:0001fed0       _trap_G2API_SetBoneAngles  40020ed0 f   ui_syscalls.obj
 0001:0001ff16       _atol                      40020f16 f   LIBC:atox.obj
 0001:0001ff6e       _atoi                      40020f6e f   LIBC:atox.obj
 0001:0001ff73       __atoi64                   40020f73 f   LIBC:atox.obj
 0001:0001ffec       __fpclear                  40020fec f   LIBC:fpinit.obj
 0001:0001ffed       __cfltcvt_init             40020fed f   LIBC:fpinit.obj
 0001:00020025       ___setfflag                40021025 f   LIBC:fpinit.obj
 0001:00020035       __fpmath                   40021035 f   LIBC:fpinit.obj
 0001:00020054       __ftol2                    40021054 f   LIBC:ftol2.obj
 0001:000200c9       _vsprintf                  400210c9 f   LIBC:vsprintf.obj
 0001:00020120       __vscprintf                40021120 f   LIBC:vsprintf.obj
 0001:00020150       _atof                      40021150 f   LIBC:atof.obj
 0001:000201a0       _strncpy                   400211a0 f   LIBC:strncpy.obj
 0001:000202c4       __tolower                  400212c4 f   LIBC:tolower.obj
 0001:000202cc       _tolower                   400212cc f   LIBC:tolower.obj
 0001:000203a1       __toupper                  400213a1 f   LIBC:toupper.obj
 0001:000203a9       _toupper                   400213a9 f   LIBC:toupper.obj
 0001:00020480       __alloca_probe             40021480     LIBC:chkstk.obj
 0001:00020480       __chkstk                   40021480 f   LIBC:chkstk.obj
 0001:000204d0       _strchr                    400214d0 f   LIBC:strchr.obj
 0001:000204d6       ___from_strstr_to_strchr   400214d6     LIBC:strchr.obj
 0001:0002058e       _srand                     4002158e f   LIBC:rand.obj
 0001:00020598       _rand                      40021598 f   LIBC:rand.obj
 0001:000205c0       _strstr                    400215c0 f   LIBC:strstr.obj
 0001:000206e0       _qsort                     400216e0 f   LIBC:qsort.obj
 0001:00020970       _memmove                   40021970 f   LIBC:memmove.obj
 0001:00020cad       __CRT_INIT@12              40021cad f   LIBC:dllcrt0.obj
 0001:00020db8       __DllMainCRTStartup@12     40021db8 f   LIBC:dllcrt0.obj
 0001:00020e9c       __amsg_exit                40021e9c f   LIBC:dllcrt0.obj
 0001:00020ecf       __ismbcspace               40021ecf f   LIBC:ismbspc.obj
 0001:00020f60       __allmul                   40021f60 f   LIBC:llmul.obj
 0001:00020f94       __forcdecpt                40021f94 f   LIBC:cvt.obj
 0001:00020fec       __cropzeros                40021fec f   LIBC:cvt.obj
 0001:00021037       __positive                 40022037 f   LIBC:cvt.obj
 0001:00021051       __fassign                  40022051 f   LIBC:cvt.obj
 0001:000210ac       __cftoe                    400220ac f   LIBC:cvt.obj
 0001:000211c4       __cftof                    400221c4 f   LIBC:cvt.obj
 0001:000212c4       __cftog                    400222c4 f   LIBC:cvt.obj
 0001:0002136e       __cfltcvt                  4002236e f   LIBC:cvt.obj
 0001:000213bf       __setdefaultprecision      400223bf f   LIBC:fp8.obj
 0001:000213d1       __ms_p5_test_fdiv          400223d1 f   LIBC:testfdiv.obj
 0001:00021411       __ms_p5_mp_test_fdiv       40022411 f   LIBC:testfdiv.obj
 0001:0002143a       __flsbuf                   4002243a f   LIBC:_flsbuf.obj
 0001:000215fd       __output                   400225fd f   LIBC:output.obj
 0001:00021df7       __fltin                    40022df7 f   LIBC:cfin.obj
 0001:00021e90       _strlen                    40022e90 f   LIBC:strlen.obj
 0001:00021f1b       ___pwctype_func            40022f1b f   LIBC:ctype.obj
 0001:00021f21       ___pctype_func             40022f21 f   LIBC:ctype.obj
 0001:00021f27       __chvalidator              40022f27 f   LIBC:isctype.obj
 0001:00021f3a       __isctype                  40022f3a f   LIBC:isctype.obj
 0001:00021fd4       ___crtLCMapStringA         40022fd4 f   LIBC:a_map.obj
 0001:00022390       ___crtExitProcess          40023390 f   LIBC:crt0dat.obj
 0001:000223f6       __cinit                    400233f6 f   LIBC:crt0dat.obj
 0001:00022521       _exit                      40023521 f   LIBC:crt0dat.obj
 0001:00022532       __exit                     40023532 f   LIBC:crt0dat.obj
 0001:00022543       __cexit                    40023543 f   LIBC:crt0dat.obj
 0001:00022552       __c_exit                   40023552 f   LIBC:crt0dat.obj
 0001:00022561       __ioinit                   40023561 f   LIBC:ioinit.obj
 0001:0002270c       __ioterm                   4002370c f   LIBC:ioinit.obj
 0001:0002272f       __setenvp                  4002372f f   LIBC:stdenvp.obj
 0001:00022962       __setargv                  40023962 f   LIBC:stdargv.obj
 0001:00022a04       ___heap_select             40023a04 f   LIBC:heapinit.obj
 0001:00022a1e       __heap_init                40023a1e f   LIBC:heapinit.obj
 0001:00022a6f       __heap_term                40023a6f f   LIBC:heapinit.obj
 0001:00022aee       __get_heap_handle          40023aee f   LIBC:heapinit.obj
 0001:00022af4       ___crtGetEnvironmentStringsA 40023af4 f   LIBC:a_env.obj
 0001:00022c16       __RTC_Initialize           40023c16 f   LIBC:initsect.obj
 0001:00022c5a       __RTC_Terminate            40023c5a f   LIBC:initsect.obj
 0001:00022cd5       __XcptFilter               40023cd5 f   LIBC:winxfltr.obj
 0001:00022e46       ___CppXcptFilter           40023e46 f   LIBC:winxfltr.obj
 0001:00022e61       _DllMain@12                40023e61 f   LIBC:dllmain.obj
 0001:00022e84       __SEH_prolog               40023e84 f   LIBC:sehprolg.obj
 0001:00022ebf       __SEH_epilog               40023ebf f   LIBC:sehprolg.obj
 0001:00022ed8       __except_handler3          40023ed8 f   LIBC:exsup3.obj
 0001:00022fbe       __seh_longjmp_unwind@4     40023fbe f   LIBC:exsup3.obj
 0001:00022fd9       __NMSG_WRITE               40023fd9 f   LIBC:crt0msg.obj
 0001:00023150       __GET_RTERRMSG             40024150 f   LIBC:crt0msg.obj
 0001:0002317a       __FF_MSGBANNER             4002417a f   LIBC:crt0msg.obj
 0001:000231b3       ___crtGetStringTypeA       400241b3 f   LIBC:a_str.obj
 0001:00023597       __setmbcp                  40024597 f   LIBC:mbctype.obj
 0001:0002377d       __getmbcp                  4002477d f   LIBC:mbctype.obj
 0001:0002378d       ___initmbctable            4002478d f   LIBC:mbctype.obj
 0001:000237ab       __ZeroTail                 400247ab f   LIBC:intrncvt.obj
 0001:000237dd       __IncMan                   400247dd f   LIBC:intrncvt.obj
 0001:0002382a       __RoundMan                 4002482a f   LIBC:intrncvt.obj
 0001:0002389c       __CopyMan                  4002489c f   LIBC:intrncvt.obj
 0001:000238b7       __FillZeroMan              400248b7 f   LIBC:intrncvt.obj
 0001:000238c3       __IsZeroMan                400248c3 f   LIBC:intrncvt.obj
 0001:000238dc       __ShrMan                   400248dc f   LIBC:intrncvt.obj
 0001:00023957       __ld12cvt                  40024957 f   LIBC:intrncvt.obj
 0001:00023aaf       __ld12tod                  40024aaf f   LIBC:intrncvt.obj
 0001:00023ac5       __ld12tof                  40024ac5 f   LIBC:intrncvt.obj
 0001:00023adb       __ld12told                 40024adb f   LIBC:intrncvt.obj
 0001:00023b57       __atodbl                   40024b57 f   LIBC:intrncvt.obj
 0001:00023b94       __atoldbl                  40024b94 f   LIBC:intrncvt.obj
 0001:00023bd2       __atoflt                   40024bd2 f   LIBC:intrncvt.obj
 0001:00023c10       _strcpy                    40024c10 f   LIBC:strcat.obj
 0001:00023c20       _strcat                    40024c20 f   LIBC:strcat.obj
 0001:00023d08       __fptostr                  40024d08 f   LIBC:_fptostr.obj
 0001:00023d7f       ___dtold                   40024d7f f   LIBC:cfout.obj
 0001:00023e39       __fltout                   40024e39 f   LIBC:cfout.obj
 0001:00023eb0       _memset                    40024eb0 f   LIBC:memset.obj
 0001:00023f10       __fptrap                   40024f10 f   LIBC:crt0fp.obj
 0001:00023f19       __fpreset                  40024f19 f   LIBC:ieee87.obj
 0001:0002409c       __statusfp                 4002509c f   LIBC:ieee87.obj
 0001:000240ac       __clearfp                  400250ac f   LIBC:ieee87.obj
 0001:000240bd       __control87                400250bd f   LIBC:ieee87.obj
 0001:000240ef       __controlfp                400250ef f   LIBC:ieee87.obj
 0001:00024105       __lseek                    40025105 f   LIBC:lseek.obj
 0001:00024191       __write                    40025191 f   LIBC:write.obj
 0001:00024381       __getbuf                   40025381 f   LIBC:_getbuf.obj
 0001:000243c5       __isatty                   400253c5 f   LIBC:isatty.obj
 0001:000243ec       ___iob_func                400253ec f   LIBC:_file.obj
 0001:000243f2       ___initstdio               400253f2 f   LIBC:_file.obj
 0001:00024498       ___endstdio                40025498 f   LIBC:_file.obj
 0001:000244ac       _free                      400254ac f   LIBC:free.obj
 0001:000244e4       __heap_alloc               400254e4 f   LIBC:malloc.obj
 0001:0002452a       __nh_malloc                4002552a f   LIBC:malloc.obj
 0001:00024556       _malloc                    40025556 f   LIBC:malloc.obj
 0001:00024568       _wctomb                    40025568 f   LIBC:wctomb.obj
 0001:000245ff       @__security_check_cookie@4 400255ff f   LIBC:secchk.obj
 0001:00024610       __aulldvrm                 40025610 f   LIBC:ulldvrm.obj
 0001:000246a5       ___strgtold12              400256a5 f   LIBC:strgtold.obj
 0001:00024b2c       ___STRINGTOLD              40025b2c f   LIBC:strgtold.obj
 0001:00024b78       ___ansicp                  40025b78 f   LIBC:convrtcp.obj
 0001:00024bbb       ___convertcp               40025bbb f   LIBC:convrtcp.obj
 0001:00024d84       __resetstkoflw             40025d84 f   LIBC:resetstk.obj
 0001:00024e67       __onexit                   40025e67 f   LIBC:onexit.obj
 0001:00024ee9       _atexit                    40025ee9 f   LIBC:onexit.obj
 0001:00024efb       ___onexitinit              40025efb f   LIBC:onexit.obj
 0001:00024f23       __get_sbh_threshold        40025f23 f   LIBC:sbheap.obj
 0001:00024f38       ___sbh_heap_init           40025f38 f   LIBC:sbheap.obj
 0001:00024f80       ___sbh_find_block          40025f80 f   LIBC:sbheap.obj
 0001:00024fab       ___sbh_free_block          40025fab f   LIBC:sbheap.obj
 0001:000252c3       ___sbh_alloc_new_region    400262c3 f   LIBC:sbheap.obj
 0001:0002537a       ___sbh_alloc_new_group     4002637a f   LIBC:sbheap.obj
 0001:00025480       ___sbh_resize_block        40026480 f   LIBC:sbheap.obj
 0001:0002575f       ___sbh_heapmin             4002675f f   LIBC:sbheap.obj
 0001:00025830       ___sbh_heap_check          40026830 f   LIBC:sbheap.obj
 0001:00025b49       __set_sbh_threshold        40026b49 f   LIBC:sbheap.obj
 0001:00025ba4       ___sbh_alloc_block         40026ba4 f   LIBC:sbheap.obj
 0001:00025ea0       _memcpy                    40026ea0 f   LIBC:memcpy.obj
 0001:000261e0       __global_unwind2           400271e0 f   LIBC:exsup.obj
 0001:00026222       __local_unwind2            40027222 f   LIBC:exsup.obj
 0001:0002627a       __NLG_Return2              4002727a     LIBC:exsup.obj
 0001:0002628a       __abnormal_termination     4002728a f   LIBC:exsup.obj
 0001:000262ad       __NLG_Notify1              400272ad f   LIBC:exsup.obj
 0001:000262b6       __NLG_Notify               400272b6 f   LIBC:exsup.obj
 0001:000262c9       __NLG_Dispatch             400272c9     LIBC:exsup.obj
 0001:000262ce       __ValidateEH3RN            400272ce f   LIBC:eh3valid.obj
 0001:000264f7       ___crtMessageBoxA          400274f7 f   LIBC:crtmbox.obj
 0001:000265f0       _calloc                    400275f0 f   LIBC:calloc.obj
 0001:0002666b       ___addl                    4002766b f   LIBC:mantold.obj
 0001:0002668c       ___add_12                  4002768c f   LIBC:mantold.obj
 0001:000266ea       ___shl_12                  400276ea f   LIBC:mantold.obj
 0001:00026718       ___shr_12                  40027718 f   LIBC:mantold.obj
 0001:00026745       ___mtold12                 40027745 f   LIBC:mantold.obj
 0001:00026823       _$I10_OUTPUT               40027823 f   LIBC:x10fout.obj
 0001:00026ab1       __dosmaperr                40027ab1 f   LIBC:dosmap.obj
 0001:00026b10       __alloc_osfhnd             40027b10 f   LIBC:osfinfo.obj
 0001:00026bad       __set_osfhnd               40027bad f   LIBC:osfinfo.obj
 0001:00026c24       __free_osfhnd              40027c24 f   LIBC:osfinfo.obj
 0001:00026c9e       __get_osfhandle            40027c9e f   LIBC:osfinfo.obj
 0001:00026cda       __open_osfhandle           40027cda f   LIBC:osfinfo.obj
 0001:00026d77       __lseeki64                 40027d77 f   LIBC:lseeki64.obj
 0001:00026e16       __fcloseall                40027e16 f   LIBC:closeall.obj
 0001:00026e6e       __flush                    40027e6e f   LIBC:fflush.obj
 0001:00026ecb       _fflush                    40027ecb f   LIBC:fflush.obj
 0001:00026f73       __flushall                 40027f73 f   LIBC:fflush.obj
 0001:00026f7c       ?_set_new_handler@@YAP6AHI@ZP6AHI@Z@Z 40027f7c f   LIBC:handler.obj
 0001:00026f8c       ?_query_new_handler@@YAP6AHI@ZXZ 40027f8c f   LIBC:handler.obj
 0001:00026f92       __callnewh                 40027f92 f   LIBC:handler.obj
 0001:00026fad       ___security_init_cookie    40027fad f   LIBC:seccinit.obj
 0001:00027013       ___security_error_handler  40028013 f   LIBC:secfail.obj
 0001:0002715b       __set_security_error_handler 4002815b f   LIBC:secfail.obj
 0001:0002716b       ___buffer_overrun          4002816b f   LIBC:secfail.obj
 0001:00027177       ___set_buffer_overrun_handler 40028177 f   LIBC:secfail.obj
 0001:00027187       ___ld12mul                 40028187 f   LIBC:tenpow.obj
 0001:000273b9       ___multtenpow12            400283b9 f   LIBC:tenpow.obj
 0001:0002743f       _realloc                   4002843f f   LIBC:realloc.obj
 0001:000275a1       __msize                    400285a1 f   LIBC:msize.obj
 0001:000275d9       _fclose                    400285d9 f   LIBC:fclose.obj
 0001:0002762f       __commit                   4002862f f   LIBC:commit.obj
 0001:00027686       __close                    40028686 f   LIBC:close.obj
 0001:00027739       __freebuf                  40028739 f   LIBC:_freebuf.obj
 0001:00027764       _GetCommandLineA@0         40028764 f   kernel32:KERNEL32.dll
 0001:0002776a       _GetVersionExA@4           4002876a f   kernel32:KERNEL32.dll
 0001:00027770       _GetProcAddress@8          40028770 f   kernel32:KERNEL32.dll
 0001:00027776       _GetModuleHandleA@4        40028776 f   kernel32:KERNEL32.dll
 0001:0002777c       _LCMapStringA@24           4002877c f   kernel32:KERNEL32.dll
 0001:00027782       _WideCharToMultiByte@32    40028782 f   kernel32:KERNEL32.dll
 0001:00027788       _MultiByteToWideChar@24    40028788 f   kernel32:KERNEL32.dll
 0001:0002778e       _GetLastError@0            4002878e f   kernel32:KERNEL32.dll
 0001:00027794       _LCMapStringW@24           40028794 f   kernel32:KERNEL32.dll
 0001:0002779a       _ExitProcess@4             4002879a f   kernel32:KERNEL32.dll
 0001:000277a0       _TerminateProcess@8        400287a0 f   kernel32:KERNEL32.dll
 0001:000277a6       _GetCurrentProcess@0       400287a6 f   kernel32:KERNEL32.dll
 0001:000277ac       _SetHandleCount@4          400287ac f   kernel32:KERNEL32.dll
 0001:000277b2       _GetStdHandle@4            400287b2 f   kernel32:KERNEL32.dll
 0001:000277b8       _GetFileType@4             400287b8 f   kernel32:KERNEL32.dll
 0001:000277be       _GetStartupInfoA@4         400287be f   kernel32:KERNEL32.dll
 0001:000277c4       _GetModuleFileNameA@12     400287c4 f   kernel32:KERNEL32.dll
 0001:000277ca       _HeapDestroy@4             400287ca f   kernel32:KERNEL32.dll
 0001:000277d0       _HeapCreate@12             400287d0 f   kernel32:KERNEL32.dll
 0001:000277d6       _VirtualFree@12            400287d6 f   kernel32:KERNEL32.dll
 0001:000277dc       _HeapFree@12               400287dc f   kernel32:KERNEL32.dll
 0001:000277e2       _FreeEnvironmentStringsA@4 400287e2 f   kernel32:KERNEL32.dll
 0001:000277e8       _GetEnvironmentStrings@0   400287e8 f   kernel32:KERNEL32.dll
 0001:000277ee       _FreeEnvironmentStringsW@4 400287ee f   kernel32:KERNEL32.dll
 0001:000277f4       _GetEnvironmentStringsW@0  400287f4 f   kernel32:KERNEL32.dll
 0001:000277fa       _UnhandledExceptionFilter@4 400287fa f   kernel32:KERNEL32.dll
 0001:00027800       _DisableThreadLibraryCalls@4 40028800 f   kernel32:KERNEL32.dll
 0001:00027806       _WriteFile@20              40028806 f   kernel32:KERNEL32.dll
 0001:0002780c       _GetStringTypeA@20         4002880c f   kernel32:KERNEL32.dll
 0001:00027812       _GetStringTypeW@16         40028812 f   kernel32:KERNEL32.dll
 0001:00027818       _GetACP@0                  40028818 f   kernel32:KERNEL32.dll
 0001:0002781e       _GetOEMCP@0                4002881e f   kernel32:KERNEL32.dll
 0001:00027824       _GetCPInfo@8               40028824 f   kernel32:KERNEL32.dll
 0001:0002782a       _SetFilePointer@16         4002882a f   kernel32:KERNEL32.dll
 0001:00027830       _HeapAlloc@12              40028830 f   kernel32:KERNEL32.dll
 0001:00027836       _GetLocaleInfoA@16         40028836 f   kernel32:KERNEL32.dll
 0001:0002783c       _VirtualProtect@16         4002883c f   kernel32:KERNEL32.dll
 0001:00027842       _VirtualAlloc@16           40028842 f   kernel32:KERNEL32.dll
 0001:00027848       _GetSystemInfo@4           40028848 f   kernel32:KERNEL32.dll
 0001:0002784e       _VirtualQuery@12           4002884e f   kernel32:KERNEL32.dll
 0001:00027854       _HeapReAlloc@16            40028854 f   kernel32:KERNEL32.dll
 0001:0002785a       _IsBadWritePtr@8           4002885a f   kernel32:KERNEL32.dll
 0001:00027860       _RtlUnwind@16              40028860 f   kernel32:KERNEL32.dll
 0001:00027866       _InterlockedExchange@8     40028866 f   kernel32:KERNEL32.dll
 0001:0002786c       _LoadLibraryA@4            4002886c f   kernel32:KERNEL32.dll
 0001:00027872       _SetStdHandle@8            40028872 f   kernel32:KERNEL32.dll
 0001:00027878       _QueryPerformanceCounter@4 40028878 f   kernel32:KERNEL32.dll
 0001:0002787e       _GetTickCount@0            4002887e f   kernel32:KERNEL32.dll
 0001:00027884       _GetCurrentThreadId@0      40028884 f   kernel32:KERNEL32.dll
 0001:0002788a       _GetCurrentProcessId@0     4002888a f   kernel32:KERNEL32.dll
 0001:00027890       _GetSystemTimeAsFileTime@4 40028890 f   kernel32:KERNEL32.dll
 0001:00027896       _HeapSize@12               40028896 f   kernel32:KERNEL32.dll
 0001:0002789c       _FlushFileBuffers@4        4002889c f   kernel32:KERNEL32.dll
 0001:000278a2       _CloseHandle@4             400288a2 f   kernel32:KERNEL32.dll
 0002:00000000       __imp__GetCommandLineA@0   40029000     kernel32:KERNEL32.dll
 0002:00000004       __imp__GetVersionExA@4     40029004     kernel32:KERNEL32.dll
 0002:00000008       __imp__GetProcAddress@8    40029008     kernel32:KERNEL32.dll
 0002:0000000c       __imp__GetModuleHandleA@4  4002900c     kernel32:KERNEL32.dll
 0002:00000010       __imp__LCMapStringA@24     40029010     kernel32:KERNEL32.dll
 0002:00000014       __imp__WideCharToMultiByte@32 40029014     kernel32:KERNEL32.dll
 0002:00000018       __imp__MultiByteToWideChar@24 40029018     kernel32:KERNEL32.dll
 0002:0000001c       __imp__GetLastError@0      4002901c     kernel32:KERNEL32.dll
 0002:00000020       __imp__LCMapStringW@24     40029020     kernel32:KERNEL32.dll
 0002:00000024       __imp__ExitProcess@4       40029024     kernel32:KERNEL32.dll
 0002:00000028       __imp__TerminateProcess@8  40029028     kernel32:KERNEL32.dll
 0002:0000002c       __imp__GetCurrentProcess@0 4002902c     kernel32:KERNEL32.dll
 0002:00000030       __imp__SetHandleCount@4    40029030     kernel32:KERNEL32.dll
 0002:00000034       __imp__GetStdHandle@4      40029034     kernel32:KERNEL32.dll
 0002:00000038       __imp__GetFileType@4       40029038     kernel32:KERNEL32.dll
 0002:0000003c       __imp__GetStartupInfoA@4   4002903c     kernel32:KERNEL32.dll
 0002:00000040       __imp__GetModuleFileNameA@12 40029040     kernel32:KERNEL32.dll
 0002:00000044       __imp__HeapDestroy@4       40029044     kernel32:KERNEL32.dll
 0002:00000048       __imp__HeapCreate@12       40029048     kernel32:KERNEL32.dll
 0002:0000004c       __imp__VirtualFree@12      4002904c     kernel32:KERNEL32.dll
 0002:00000050       __imp__HeapFree@12         40029050     kernel32:KERNEL32.dll
 0002:00000054       __imp__FreeEnvironmentStringsA@4 40029054     kernel32:KERNEL32.dll
 0002:00000058       __imp__GetEnvironmentStrings@0 40029058     kernel32:KERNEL32.dll
 0002:0000005c       __imp__FreeEnvironmentStringsW@4 4002905c     kernel32:KERNEL32.dll
 0002:00000060       __imp__GetEnvironmentStringsW@0 40029060     kernel32:KERNEL32.dll
 0002:00000064       __imp__UnhandledExceptionFilter@4 40029064     kernel32:KERNEL32.dll
 0002:00000068       __imp__DisableThreadLibraryCalls@4 40029068     kernel32:KERNEL32.dll
 0002:0000006c       __imp__WriteFile@20        4002906c     kernel32:KERNEL32.dll
 0002:00000070       __imp__GetStringTypeA@20   40029070     kernel32:KERNEL32.dll
 0002:00000074       __imp__GetStringTypeW@16   40029074     kernel32:KERNEL32.dll
 0002:00000078       __imp__GetACP@0            40029078     kernel32:KERNEL32.dll
 0002:0000007c       __imp__GetOEMCP@0          4002907c     kernel32:KERNEL32.dll
 0002:00000080       __imp__GetCPInfo@8         40029080     kernel32:KERNEL32.dll
 0002:00000084       __imp__SetFilePointer@16   40029084     kernel32:KERNEL32.dll
 0002:00000088       __imp__HeapAlloc@12        40029088     kernel32:KERNEL32.dll
 0002:0000008c       __imp__GetLocaleInfoA@16   4002908c     kernel32:KERNEL32.dll
 0002:00000090       __imp__VirtualProtect@16   40029090     kernel32:KERNEL32.dll
 0002:00000094       __imp__VirtualAlloc@16     40029094     kernel32:KERNEL32.dll
 0002:00000098       __imp__GetSystemInfo@4     40029098     kernel32:KERNEL32.dll
 0002:0000009c       __imp__VirtualQuery@12     4002909c     kernel32:KERNEL32.dll
 0002:000000a0       __imp__HeapReAlloc@16      400290a0     kernel32:KERNEL32.dll
 0002:000000a4       __imp__IsBadWritePtr@8     400290a4     kernel32:KERNEL32.dll
 0002:000000a8       __imp__RtlUnwind@16        400290a8     kernel32:KERNEL32.dll
 0002:000000ac       __imp__InterlockedExchange@8 400290ac     kernel32:KERNEL32.dll
 0002:000000b0       __imp__LoadLibraryA@4      400290b0     kernel32:KERNEL32.dll
 0002:000000b4       __imp__SetStdHandle@8      400290b4     kernel32:KERNEL32.dll
 0002:000000b8       __imp__QueryPerformanceCounter@4 400290b8     kernel32:KERNEL32.dll
 0002:000000bc       __imp__GetTickCount@0      400290bc     kernel32:KERNEL32.dll
 0002:000000c0       __imp__GetCurrentThreadId@0 400290c0     kernel32:KERNEL32.dll
 0002:000000c4       __imp__GetCurrentProcessId@0 400290c4     kernel32:KERNEL32.dll
 0002:000000c8       __imp__GetSystemTimeAsFileTime@4 400290c8     kernel32:KERNEL32.dll
 0002:000000cc       __imp__HeapSize@12         400290cc     kernel32:KERNEL32.dll
 0002:000000d0       __imp__FlushFileBuffers@4  400290d0     kernel32:KERNEL32.dll
 0002:000000d4       __imp__CloseHandle@4       400290d4     kernel32:KERNEL32.dll
 0002:000000d8       \177KERNEL32_NULL_THUNK_DATA 400290d8     kernel32:KERNEL32.dll
 0002:000000fc       ??_C@_0BD@LADOFFHF@EV_BODY_QUEUE_COPY?$AA@ 400290fc     bg_misc.obj
 0002:00000110       ??_C@_0BA@LOAEJFFI@EV_TAUNT_PATROL?$AA@ 40029110     bg_misc.obj
 0002:00000120       ??_C@_0BD@HMFKCJAA@EV_TAUNT_GUARDBASE?$AA@ 40029120     bg_misc.obj
 0002:00000134       ??_C@_0BB@NHAKBFEP@EV_TAUNT_GETFLAG?$AA@ 40029134     bg_misc.obj
 0002:00000148       ??_C@_0BC@CHOOODFF@EV_TAUNT_FOLLOWME?$AA@ 40029148     bg_misc.obj
 0002:0000015c       ??_C@_0M@CJNAMJCI@EV_TAUNT_NO?$AA@ 4002915c     bg_misc.obj
 0002:00000168       ??_C@_0N@GEFDJMFE@EV_TAUNT_YES?$AA@ 40029168     bg_misc.obj
 0002:00000178       ??_C@_08GBKLDCBE@EV_TAUNT?$AA@ 40029178     bg_misc.obj
 0002:00000184       ??_C@_0BF@EAHNFOOG@EV_STARTLOOPINGSOUND?$AA@ 40029184     bg_misc.obj
 0002:0000019c       ??_C@_0BE@OHJHDFJH@EV_STOPLOOPINGSOUND?$AA@ 4002919c     bg_misc.obj
 0002:000001b0       ??_C@_0M@LDAKOPJP@EV_TESTLINE?$AA@ 400291b0     bg_misc.obj
 0002:000001bc       ??_C@_0O@PBPAKHP@EV_DEBUG_LINE?$AA@ 400291bc     bg_misc.obj
 0002:000001cc       ??_C@_0O@CBLOOGHB@EV_SHIELD_HIT?$AA@ 400291cc     bg_misc.obj
 0002:000001dc       ??_C@_0BF@LLJHJACN@EV_WEAPON_CHARGE_ALT?$AA@ 400291dc     bg_misc.obj
 0002:000001f4       ??_C@_0BB@HAHOHAKJ@EV_WEAPON_CHARGE?$AA@ 400291f4     bg_misc.obj
 0002:00000208       ??_C@_0BF@KFICFFCM@EV_SET_FORCE_DISABLE?$AA@ 40029208     bg_misc.obj
 0002:00000220       ??_C@_0BC@DDJADHAK@EV_SET_FREE_SABER?$AA@ 40029220     bg_misc.obj
 0002:00000234       ??_C@_0BB@JIHOLMBD@EV_GIVE_NEW_RANK?$AA@ 40029234     bg_misc.obj
 0002:00000248       ??_C@_0BI@CEGPCIEH@EV_DESTROY_WEAPON_MODEL?$AA@ 40029248     bg_misc.obj
 0002:00000260       ??_C@_0BL@DNICLAEN@EV_DESTROY_GHOUL2_INSTANCE?$AA@ 40029260     bg_misc.obj
 0002:0000027c       ??_C@_0BK@KKHGBKBG@EV_SAGA_OBJECTIVECOMPLETE?$AA@ 4002927c     bg_misc.obj
 0002:00000298       ??_C@_0BC@EFMHNGOM@EV_SAGA_ROUNDOVER?$AA@ 40029298     bg_misc.obj
 0002:000002ac       ??_C@_0O@NEHCEMNJ@EV_CTFMESSAGE?$AA@ 400292ac     bg_misc.obj
 0002:000002bc       ??_C@_0N@GAJBP@EV_SCOREPLUM?$AA@ 400292bc     bg_misc.obj
 0002:000002cc       ??_C@_0O@JLGFLKBE@EV_GIB_PLAYER?$AA@ 400292cc     bg_misc.obj
 0002:000002dc       ??_C@_0BB@KGMADNKO@EV_FORCE_DRAINED?$AA@ 400292dc     bg_misc.obj
 0002:000002f0       ??_C@_0BG@CHAMNADK@EV_POWERUP_BATTLESUIT?$AA@ 400292f0     bg_misc.obj
 0002:00000308       ??_C@_0BA@HLHGHIIE@EV_POWERUP_QUAD?$AA@ 40029308     bg_misc.obj
 0002:00000318       ??_C@_0M@PPLCDPP@EV_OBITUARY?$AA@ 40029318     bg_misc.obj
 0002:00000324       ??_C@_09KNGHBIAK@EV_DEATH3?$AA@ 40029324     bg_misc.obj
 0002:00000330       ??_C@_09LEHMCJEL@EV_DEATH2?$AA@ 40029330     bg_misc.obj
 0002:0000033c       ??_C@_09JPFBHKII@EV_DEATH1?$AA@ 4002933c     bg_misc.obj
 0002:00000348       ??_C@_07EMHHKOOH@EV_PAIN?$AA@ 40029348     bg_misc.obj
 0002:00000350       ??_C@_09ICDIPKFJ@EV_BULLET?$AA@ 40029350     bg_misc.obj
 0002:0000035c       ??_C@_0BG@LPAHEABB@EV_MISSILE_MISS_METAL?$AA@ 4002935c     bg_misc.obj
 0002:00000374       ??_C@_0BA@CAHALNAE@EV_MISSILE_MISS?$AA@ 40029374     bg_misc.obj
 0002:00000384       ??_C@_0P@JFMFNBMO@EV_MISSILE_HIT?$AA@ 40029384     bg_misc.obj
 0002:00000394       ??_C@_09KLJDDMJG@EV_DEBRIS?$AA@ 40029394     bg_misc.obj
 0002:000003a0       ??_C@_0BB@HHFJBAND@EV_GLASS_SHATTER?$AA@ 400293a0     bg_misc.obj
 0002:000003b4       ??_C@_0N@BEKJCCJE@EV_PLAY_ROFF?$AA@ 400293b4     bg_misc.obj
 0002:000003c4       ??_C@_0BA@LLJGBFCE@EV_ENTITY_SOUND?$AA@ 400293c4     bg_misc.obj
 0002:000003d4       ??_C@_0BF@DDOIKLHD@EV_GLOBAL_TEAM_SOUND?$AA@ 400293d4     bg_misc.obj
 0002:000003ec       ??_C@_0BA@JAMKLOPJ@EV_GLOBAL_SOUND?$AA@ 400293ec     bg_misc.obj
 0002:000003fc       ??_C@_0BB@LJGGMAII@EV_GENERAL_SOUND?$AA@ 400293fc     bg_misc.obj
 0002:00000410       ??_C@_0O@JHBKAOKG@EV_MUTE_SOUND?$AA@ 40029410     bg_misc.obj
 0002:00000420       ??_C@_0BC@LCOMFDPL@EV_PLAY_EFFECT_ID?$AA@ 40029420     bg_misc.obj
 0002:00000434       ??_C@_0P@PLIFONPM@EV_PLAY_EFFECT?$AA@ 40029434     bg_misc.obj
 0002:00000444       ??_C@_0BB@JGOOAGDJ@EV_MISSILE_STICK?$AA@ 40029444     bg_misc.obj
 0002:00000458       ??_C@_0BC@ECIIAFLJ@EV_GRENADE_BOUNCE?$AA@ 40029458     bg_misc.obj
 0002:0000046c       ??_C@_0BH@FNNILPIN@EV_PLAYER_TELEPORT_OUT?$AA@ 4002946c     bg_misc.obj
 0002:00000484       ??_C@_0BG@HBBJKNDP@EV_PLAYER_TELEPORT_IN?$AA@ 40029484     bg_misc.obj
 0002:0000049c       ??_C@_0M@ECGFPIMP@EV_ITEM_POP?$AA@ 4002949c     bg_misc.obj
 0002:000004a8       ??_C@_0BA@GJNCODNG@EV_ITEM_RESPAWN?$AA@ 400294a8     bg_misc.obj
 0002:000004b8       ??_C@_0P@JFHCOBFC@EV_ITEMUSEFAIL?$AA@ 400294b8     bg_misc.obj
 0002:000004c8       ??_C@_0O@HHGOLJPJ@EV_USE_ITEM15?$AA@ 400294c8     bg_misc.obj
 0002:000004d8       ??_C@_0O@GOHFIILI@EV_USE_ITEM14?$AA@ 400294d8     bg_misc.obj
 0002:000004e8       ??_C@_0O@CBDEBOHP@EV_USE_ITEM13?$AA@ 400294e8     bg_misc.obj
 0002:000004f8       ??_C@_0O@DICPCPDO@EV_USE_ITEM12?$AA@ 400294f8     bg_misc.obj
 0002:00000508       ??_C@_0O@BDACHMPN@EV_USE_ITEM11?$AA@ 40029508     bg_misc.obj
 0002:00000518       ??_C@_0O@KBJENLM@EV_USE_ITEM10?$AA@ 40029518     bg_misc.obj
 0002:00000528       ??_C@_0N@PHODCBCK@EV_USE_ITEM9?$AA@ 40029528     bg_misc.obj
 0002:00000538       ??_C@_0N@OOPIBAGL@EV_USE_ITEM8?$AA@ 40029538     bg_misc.obj
 0002:00000548       ??_C@_0N@GJGAAMKE@EV_USE_ITEM7?$AA@ 40029548     bg_misc.obj
 0002:00000558       ??_C@_0N@HAHLDNOF@EV_USE_ITEM6?$AA@ 40029558     bg_misc.obj
 0002:00000568       ??_C@_0N@FLFGGOCG@EV_USE_ITEM5?$AA@ 40029568     bg_misc.obj
 0002:00000578       ??_C@_0N@ECENFPGH@EV_USE_ITEM4?$AA@ 40029578     bg_misc.obj
 0002:00000588       ??_C@_0N@NAMMJKA@EV_USE_ITEM3?$AA@ 40029588     bg_misc.obj
 0002:00000598       ??_C@_0N@BEBHPIOB@EV_USE_ITEM2?$AA@ 40029598     bg_misc.obj
 0002:000005a8       ??_C@_0N@DPDKKLCC@EV_USE_ITEM1?$AA@ 400295a8     bg_misc.obj
 0002:000005b8       ??_C@_0N@CGCBJKGD@EV_USE_ITEM0?$AA@ 400295b8     bg_misc.obj
 0002:000005c8       ??_C@_06LBDBNJG@EV_USE?$AA@ 400295c8     bg_misc.obj
 0002:000005d0       ??_C@_0P@EIHBPBOL@EV_SCREENSHAKE?$AA@ 400295d0     bg_misc.obj
 0002:000005e0       ??_C@_0O@GMONIJJI@EV_TEAM_POWER?$AA@ 400295e0     bg_misc.obj
 0002:000005f0       ??_C@_0P@MDPKBHNH@EV_PREDEFSOUND?$AA@ 400295f0     bg_misc.obj
 0002:00000600       ??_C@_0BH@GCPNKPAL@EV_DISRUPTOR_ZOOMSOUND?$AA@ 40029600     bg_misc.obj
 0002:00000618       ??_C@_0BB@JNGCFFFI@EV_DISRUPTOR_HIT?$AA@ 40029618     bg_misc.obj
 0002:0000062c       ??_C@_0BJ@POMLOPMI@EV_DISRUPTOR_SNIPER_MISS?$AA@ 4002962c     bg_misc.obj
 0002:00000648       ??_C@_0BJ@MDNKGNJN@EV_DISRUPTOR_SNIPER_SHOT?$AA@ 40029648     bg_misc.obj
 0002:00000664       ??_C@_0BH@KDGLLAMO@EV_DISRUPTOR_MAIN_SHOT?$AA@ 40029664     bg_misc.obj
 0002:0000067c       ??_C@_0BF@MBILLJJH@EV_BECOME_JEDIMASTER?$AA@ 4002967c     bg_misc.obj
 0002:00000694       ??_C@_0BD@FFJMPGGA@EV_SABER_UNHOLSTER?$AA@ 40029694     bg_misc.obj
 0002:000006a8       ??_C@_0P@MNCBBKHB@EV_SABER_BLOCK?$AA@ 400296a8     bg_misc.obj
 0002:000006b8       ??_C@_0N@IKFBFHKB@EV_SABER_HIT?$AA@ 400296b8     bg_misc.obj
 0002:000006c8       ??_C@_0BA@FJAFFDLF@EV_SABER_ATTACK?$AA@ 400296c8     bg_misc.obj
 0002:000006d8       ??_C@_0M@LKPOHPHC@EV_ALT_FIRE?$AA@ 400296d8     bg_misc.obj
 0002:000006e4       ??_C@_0P@PFJPAFGH@EV_FIRE_WEAPON?$AA@ 400296e4     bg_misc.obj
 0002:000006f4       ??_C@_0BB@ENKPHJLP@EV_CHANGE_WEAPON?$AA@ 400296f4     bg_misc.obj
 0002:00000708       ??_C@_09NMIICG@EV_NOAMMO?$AA@ 40029708     bg_misc.obj
 0002:00000714       ??_C@_0BG@KFILGAMN@EV_GLOBAL_ITEM_PICKUP?$AA@ 40029714     bg_misc.obj
 0002:0000072c       ??_C@_0P@BGIOEPCB@EV_ITEM_PICKUP?$AA@ 4002972c     bg_misc.obj
 0002:0000073c       ??_C@_0P@NIPCJOBG@EV_WATER_CLEAR?$AA@ 4002973c     bg_misc.obj
 0002:0000074c       ??_C@_0P@MIAIODEJ@EV_WATER_UNDER?$AA@ 4002974c     bg_misc.obj
 0002:0000075c       ??_C@_0P@LHDMOIIG@EV_WATER_LEAVE?$AA@ 4002975c     bg_misc.obj
 0002:0000076c       ??_C@_0P@GCDBKPMP@EV_WATER_TOUCH?$AA@ 4002976c     bg_misc.obj
 0002:0000077c       ??_C@_07OCJFCKNN@EV_ROLL?$AA@ 4002977c     bg_misc.obj
 0002:00000784       ??_C@_07GKBEHGAP@EV_JUMP?$AA@ 40029784     bg_misc.obj
 0002:0000078c       ??_C@_0BA@NCAJLGNF@EV_PRIVATE_DUEL?$AA@ 4002978c     bg_misc.obj
 0002:0000079c       ??_C@_0M@BPNFGBOJ@EV_JUMP_PAD?$AA@ 4002979c     bg_misc.obj
 0002:000007a8       ??_C@_07JHCKGMKM@EV_FALL?$AA@ 400297a8     bg_misc.obj
 0002:000007b0       ??_C@_0L@HOOIOPKF@EV_STEP_16?$AA@ 400297b0     bg_misc.obj
 0002:000007bc       ??_C@_0L@BKIECKKB@EV_STEP_12?$AA@ 400297bc     bg_misc.obj
 0002:000007c8       ??_C@_09EHOLDGNN@EV_STEP_8?$AA@ 400297c8     bg_misc.obj
 0002:000007d4       ??_C@_09OLFOHJNB@EV_STEP_4?$AA@ 400297d4     bg_misc.obj
 0002:000007e0       ??_C@_07FFIIIPLH@EV_SWIM?$AA@ 400297e0     bg_misc.obj
 0002:000007e8       ??_C@_0M@NPJBGELA@EV_FOOTWADE?$AA@ 400297e8     bg_misc.obj
 0002:000007f4       ??_C@_0O@HLJHKIDH@EV_FOOTSPLASH?$AA@ 400297f4     bg_misc.obj
 0002:00000804       ??_C@_0BC@DIJMAMMI@EV_FOOTSTEP_METAL?$AA@ 40029804     bg_misc.obj
 0002:00000818       ??_C@_0M@HLKBOJPO@EV_FOOTSTEP?$AA@ 40029818     bg_misc.obj
 0002:00000824       ??_C@_0O@JHBAELOC@EV_CLIENTJOIN?$AA@ 40029824     bg_misc.obj
 0002:00000834       ??_C@_07JFMDDPHJ@EV_NONE?$AA@ 40029834     bg_misc.obj
 0002:0000083c       ??_C@_0BB@JKNLMJAB@icons?1iconh_borb?$AA@ 4002983c     bg_misc.obj
 0002:00000850       ??_C@_0BO@CMJEFEFK@models?1powerups?1orb?1b_orb?4md3?$AA@ 40029850     bg_misc.obj
 0002:00000870       ??_C@_0O@NHDOFNIN@item_bluecube?$AA@ 40029870     bg_misc.obj
 0002:00000880       ??_C@_0BB@PKDLFOID@icons?1iconh_rorb?$AA@ 40029880     bg_misc.obj
 0002:00000894       ??_C@_0BO@LDKNFLC@models?1powerups?1orb?1r_orb?4md3?$AA@ 40029894     bg_misc.obj
 0002:000008b4       ??_C@_0N@IDOEINCB@item_redcube?$AA@ 400298b4     bg_misc.obj
 0002:000008c4       ??_C@_0BF@OGGGKBMJ@icons?1iconf_neutral1?$AA@ 400298c4     bg_misc.obj
 0002:000008dc       ??_C@_0BI@FAJILPEC@models?1flags?1n_flag?4md3?$AA@ 400298dc     bg_misc.obj
 0002:000008f4       ??_C@_0BF@NFGOPKAE@team_CTF_neutralflag?$AA@ 400298f4     bg_misc.obj
 0002:0000090c       ??_C@_0BC@JDBDOHJA@gfx?1hud?1mpi_bflag?$AA@ 4002990c     bg_misc.obj
 0002:00000920       ??_C@_0BN@NABGHIBA@models?1flags?1b_flag_ysal?4md3?$AA@ 40029920     bg_misc.obj
 0002:00000940       ??_C@_0BI@FKICCNIF@models?1flags?1b_flag?4md3?$AA@ 40029940     bg_misc.obj
 0002:00000958       ??_C@_0BC@NLKCOFAB@team_CTF_blueflag?$AA@ 40029958     bg_misc.obj
 0002:0000096c       ??_C@_0BC@JAMFOFAL@gfx?1hud?1mpi_rflag?$AA@ 4002996c     bg_misc.obj
 0002:00000980       ??_C@_0BN@DGDBEGIO@models?1flags?1r_flag_ysal?4md3?$AA@ 40029980     bg_misc.obj
 0002:000009a0       ??_C@_0BI@PEHEOJEO@models?1flags?1r_flag?4md3?$AA@ 400299a0     bg_misc.obj
 0002:000009b8       ??_C@_0BB@JNMMCIHG@team_CTF_redflag?$AA@ 400299b8     bg_misc.obj
 0002:000009cc       ??_C@_0BE@IIEBFJHN@gfx?1mp?1ammo_rockets?$AA@ 400299cc     bg_misc.obj
 0002:000009e0       ??_C@_0BJ@BCBNBFGD@models?1items?1rockets?4md3?$AA@ 400299e0     bg_misc.obj
 0002:000009fc       ??_C@_0N@CLEPKBOE@ammo_rockets?$AA@ 400299fc     bg_misc.obj
 0002:00000a0c       ??_C@_0BL@IPLJCMOM@gfx?1mp?1ammo_metallic_bolts?$AA@ 40029a0c     bg_misc.obj
 0002:00000a28       ??_C@_0CA@POKDMLNN@models?1items?1metallic_bolts?4md3?$AA@ 40029a28     bg_misc.obj
 0002:00000a48       ??_C@_0BE@OMMGIMPN@ammo_metallic_bolts?$AA@ 40029a48     bg_misc.obj
[...]
 0003:00499080       _ui_redteam6               404c9080     <common>
 0003:004991a0       _ui_blueteam3              404c91a0     <common>
 0003:004992c0       _ui_rankChange             404c92c0     <common>
 0003:004993e0       _ui_captureLimit           404c93e0     <common>
 0003:00499500       _ui_findPlayer             404c9500     <common>
 0003:00499620       _ui_joinGameType           404c9620     <common>
 0003:00499740       _ui_spScores4              404c9740     <common>
 0003:00499860       _s_language                404c9860     <common>
 0003:00499980       _ui_browserShowEmpty       404c9980     <common>
 0003:00499aa0       _ui_team_friendly          404c9aa0     <common>
 0003:00499bc0       _ui_cdkeychecked           404c9bc0     <common>
 0003:00499ce0       _ui_server15               404c9ce0     <common>
 0003:00499e00       _ui_ctf_friendly           404c9e00     <common>
 0003:00499f20       _ui_blueteam7              404c9f20     <common>
 0003:0049a040       _ui_spScores5              404ca040     <common>
 0003:0049a160       _ui_redteam8               404ca160     <common>
 0003:0049a280       _ui_scoreGauntlets         404ca280     <common>
 0003:0049a3a0       _uiInfo                    404ca3a0     <common>
 0003:004b17a0       _ui_lastServerRefresh_2    404e17a0     <common>
 0003:004b18c0       _ui_recordSPDemo           404e18c0     <common>
 0003:004b19e0       _ui_dedicated              404e19e0     <common>
 0003:004b1b00       _ui_tourney_fraglimit      404e1b00     <common>
 0003:004b1c20       _ui_scoreSkillBonus        404e1c20     <common>
 0003:004b1d40       _ui_smallFont              404e1d40     <common>
 0003:004b1e60       _ui_selectedModelIndex     404e1e60     <common>
 0003:004b1f80       _ui_actualNetGameType      404e1f80     <common>
 0003:004b20a0       _ui_fragLimit              404e20a0     <common>
 0003:004b21c0       _ui_serverStatusTimeOut    404e21c0     <common>
 0003:004b22e0       _ui_server10               404e22e0     <common>
 0003:004b2400       _ui_server11               404e2400     <common>
 0003:004b2520       _ui_currentTier            404e2520     <common>
 0003:004b2640       _ui_redteam1               404e2640     <common>
 0003:004b2750       _startTime                 404e2750     <common>
 0003:004b2760       _ui_browserShowFull        404e2760     <common>
 0003:004b2880       _ui_server8                404e2880     <common>
 0003:004b29a0       _ui_singlePlayerActive     404e29a0     <common>
 0003:004b2ac0       _ui_scoreTeam              404e2ac0     <common>
 0003:004b2be0       _ui_menuFiles              404e2be0     <common>
 0003:004b2d00       _ui_server5                404e2d00     <common>
 0003:004b2e20       _ui_realCaptureLimit       404e2e20     <common>
 0003:004b2f40       _ui_botsFile               404e2f40     <common>
 0003:004b3060       _ui_lastServerRefresh_1    404e3060     <common>
 0003:004b3180       _ui_server12               404e3180     <common>
 0003:004b32a0       _ui_hudFiles               404e32a0     <common>
 0003:004b33c0       _parsedFPMessage           404e33c0     <common>
 0003:004b37c0       _ui_tourney_timelimit      404e37c0     <common>
 0003:004b38e0       _ui_scoreScore             404e38e0     <common>
 0003:004b3a00       _ui_server6                404e3a00     <common>
 0003:004b3b20       _ui_scoreImpressives       404e3b20     <common>
 0003:004b3c40       _ui_spScores1              404e3c40     <common>
 0003:004b3d60       _ui_drawCrosshairNames     404e3d60     <common>
 0003:004b3e80       _ui_team_fraglimit         404e3e80     <common>
 0003:004b3fa0       _ui_scorePerfect           404e3fa0     <common>
 0003:004b40c0       _ui_redteam3               404e40c0     <common>
 0003:004b41e0       _ui_scoreTime              404e41e0     <common>
 0003:004b4300       _ui_ctf_timelimit          404e4300     <common>
 0003:004b4410       _ui_numBots                404e4410     <common>
 0003:004b4420       _ui_forcePowerDisable      404e4420     <common>
 0003:004b4540       _ui_freeSaber              404e4540     <common>
 0003:004b4660       _uiForceStarShaders        404e4660     <common>
 0003:004b46c0       _uiSaberColorShaders       404e46c0     <common>
 0003:004b46d8       _m_entersound              404e46d8     <common>
 0003:004b46dc       ___sbh_initialized         404e46dc     <common>
 0003:004b46e0       ___sbh_pHeaderDefer        404e46e0     <common>
 0003:004b46e4       ___sbh_cntHeaderList       404e46e4     <common>
 0003:004b46e8       ___sbh_pHeaderList         404e46e8     <common>
 0003:004b46ec       ___sbh_threshold           404e46ec     <common>
 0003:004b46f0       ___sbh_pHeaderScan         404e46f0     <common>
 0003:004b46f4       ___sbh_sizeHeaderList      404e46f4     <common>
 0003:004b46f8       ___sbh_indGroupDefer       404e46f8     <common>
 0003:004b46fc       ___piob                    404e46fc     <common>
 0003:004b4700       __bufin                    404e4700     <common>
 0003:004b5700       __nstream                  404e5700     <common>
 0003:004b5704       ___mblcid                  404e5704     <common>
 0003:004b5708       ___ismbcodepage            404e5708     <common>
 0003:004b5720       __mbctype                  404e5720     <common>
 0003:004b5824       ___mbcodepage              404e5824     <common>
 0003:004b5830       ___mbulinfo                404e5830     <common>
 0003:004b5840       __mbcasemap                404e5840     <common>
 0003:004b5940       __crtheap                  404e5940     <common>
 0003:004b5944       ___active_heap             404e5944     <common>
 0003:004b5948       __nhandle                  404e5948     <common>
 0003:004b5960       ___pioinfo                 404e5960     <common>
 0003:004b5a60       ___env_initialized         404e5a60     <common>
 0003:004b5a64       ___onexitend               404e5a64     <common>
 0003:004b5a68       ___onexitbegin             404e5a68     <common>
 0003:004b5a6c       ___mbctype_initialized     404e5a6c     <common>
 0003:004b5a70       __acmdln                   404e5a70     <common>
 0003:004b5a74       __pRawDllMain              404e5a74     <common>

 entry point at        0001:00020db8

 Static symbols

 0001:000018b0       _VectorLength              400028b0 f   q_math.obj
 0001:00001ba0       _CrossProduct              40002ba0 f   q_math.obj
 0001:00004ac0       _UI_Cache_f                40005ac0 f   ui_atoms.obj
 0001:00004b10       _UI_CalcPostGameStats      40005b10 f   ui_atoms.obj
 0001:00006f80       _UI_LoadArenasFromFile     40007f80 f   ui_gameinfo.obj
 0001:000073d0       _UI_LoadBotsFromFile       400083d0 f   ui_gameinfo.obj
 0001:00007c20       _Text_Paint_Limit          40008c20 f   ui_main.obj
 0001:00008630       _UI_DrawHandicap           40009630 f   ui_main.obj
 0001:000086a0       _UI_DrawClanName           400096a0 f   ui_main.obj
 0001:000086d0       _UI_SetCapFragLimits       400096d0 f   ui_main.obj
 0001:00008740       _UI_DrawGameType           40009740 f   ui_main.obj
 0001:00008770       _UI_DrawNetGameType        40009770 f   ui_main.obj
 0001:000087e0       _UI_DrawAutoSwitch         400097e0 f   ui_main.obj
 0001:00008870       _UI_DrawJoinGameType       40009870 f   ui_main.obj
 0001:000088d0       _UI_TeamIndexFromName      400098d0 f   ui_main.obj
 0001:00008920       _UI_DrawClanLogo           40009920 f   ui_main.obj
 0001:000089f0       _UI_DrawClanCinematic      400099f0 f   ui_main.obj
 0001:00008b30       _UI_DrawPreviewCinematic   40009b30 f   ui_main.obj
 0001:00008bd0       _UI_DrawSkill              40009bd0 f   ui_main.obj
 0001:00008c50       _UI_DrawGenericNum         40009c50 f   ui_main.obj
 0001:00008cb0       _UI_DrawForceMastery       40009cb0 f   ui_main.obj
 0001:00008d10       _UI_DrawSkinColor          40009d10 f   ui_main.obj
 0001:00008da0       _UI_DrawForceSide          40009da0 f   ui_main.obj
 0001:00009060       _UI_AllForceDisabled       4000a060 f   ui_main.obj
 0001:00009140       _UI_DrawJediNonJedi        4000a140 f   ui_main.obj
 0001:000091e0       _UI_DrawTeamName           4000a1e0 f   ui_main.obj
 0001:00009260       _UI_DrawTeamMember         4000a260 f   ui_main.obj
 0001:00009390       _UI_DrawEffects            4000a390 f   ui_main.obj
 0001:000093c0       _UI_DrawMapPreview         4000a3c0 f   ui_main.obj
 0001:00009480       _UI_DrawMapTimeToBeat      4000a480 f   ui_main.obj
 0001:00009510       _UI_DrawMapCinematic       4000a510 f   ui_main.obj
 0001:00009610       _UI_SetForceDisabled       4000a610 f   ui_main.obj
 0001:00009970       _UI_DrawNetMapPreview      4000a970 f   ui_main.obj
 0001:000099c0       _UI_DrawNetMapCinematic    4000a9c0 f   ui_main.obj
 0001:00009a80       _UI_DrawNetFilter          4000aa80 f   ui_main.obj
 0001:00009b00       _UI_DrawTier               4000ab00 f   ui_main.obj
 0001:00009b70       _UI_DrawTierMap            4000ab70 f   ui_main.obj
 0001:00009bf0       _UI_EnglishMapName         4000abf0 f   ui_main.obj
 0001:00009c40       _UI_DrawTierMapName        4000ac40 f   ui_main.obj
 0001:00009cc0       _UI_DrawTierGameType       4000acc0 f   ui_main.obj
 0001:00009d40       _UI_AIFromName             4000ad40 f   ui_main.obj
 0001:00009d90       _UI_NextOpponent           4000ad90 f   ui_main.obj
 0001:00009df0       _UI_PriorOpponent          4000adf0 f   ui_main.obj
 0001:00009e50       _UI_DrawPlayerLogo         4000ae50 f   ui_main.obj
 0001:00009f00       _UI_DrawPlayerLogoMetal    4000af00 f   ui_main.obj
 0001:00009fb0       _UI_DrawPlayerLogoName     4000afb0 f   ui_main.obj
 0001:0000a060       _UI_DrawOpponentLogo       4000b060 f   ui_main.obj
 0001:0000a110       _UI_DrawOpponentLogoMetal  4000b110 f   ui_main.obj
 0001:0000a1c0       _UI_DrawOpponentLogoName   4000b1c0 f   ui_main.obj
 0001:0000a270       _UI_DrawAllMapsSelection   4000b270 f   ui_main.obj
 0001:0000a2c0       _UI_DrawOpponentName       4000b2c0 f   ui_main.obj
 0001:0000a2f0       _UI_DrawBotName            4000b2f0 f   ui_main.obj
 0001:0000a340       _UI_DrawBotSkill           4000b340 f   ui_main.obj
 0001:0000a3b0       _UI_DrawRedBlue            4000b3b0 f   ui_main.obj
 0001:0000a3f0       _UI_DrawCrosshair          4000b3f0 f   ui_main.obj
 0001:0000a440       _UI_BuildPlayerList        4000b440 f   ui_main.obj
 0001:0000a6c0       _UI_DrawSelectedPlayer     4000b6c0 f   ui_main.obj
 0001:0000a720       _UI_DrawServerRefreshDate  4000b720 f   ui_main.obj
 0001:0000a860       _UI_DrawServerMOTD         4000b860 f   ui_main.obj
 0001:0000aa90       _UI_DrawKeyBindStatus      4000ba90 f   ui_main.obj
 0001:0000aaf0       _UI_DrawGLInfo             4000baf0 f   ui_main.obj
 0001:0000ae00       _UI_Version                4000be00 f   ui_main.obj
 0001:0000ae50       _UI_OwnerDrawVisible       4000be50 f   ui_main.obj
 0001:0000b0b0       _UI_Handicap_HandleKey     4000c0b0 f   ui_main.obj
 0001:0000b140       _UI_Effects_HandleKey      4000c140 f   ui_main.obj
 0001:0000b1e0       _UI_AutoSwitch_HandleKey   4000c1e0 f   ui_main.obj
 0001:0000b250       _UI_Skill_HandleKey        4000c250 f   ui_main.obj
 0001:0000b2c0       _UI_TeamName_HandleKey     4000c2c0 f   ui_main.obj
 0001:0000b350       _UI_TeamMember_HandleKey   4000c350 f   ui_main.obj
 0001:0000b420       _UI_OpponentName_HandleKey 4000c420 f   ui_main.obj
 0001:0000b460       _UI_BotName_HandleKey      4000c460 f   ui_main.obj
 0001:0000b4c0       _UI_BotSkill_HandleKey     4000c4c0 f   ui_main.obj
 0001:0000b530       _UI_RedBlue_HandleKey      4000c530 f   ui_main.obj
 0001:0000b560       _UI_Crosshair_HandleKey    4000c560 f   ui_main.obj
 0001:0000b5d0       _UI_SelectedPlayer_HandleKey 4000c5d0 f   ui_main.obj
 0001:0000b680       _UI_GetValue               4000c680 f   ui_main.obj
 0001:0000b690       _UI_ServersQsortCompare    4000c690 f   ui_main.obj
 0001:0000b700       _UI_LoadMods               4000c700 f   ui_main.obj
 0001:0000b7c0       _UI_LoadMovies             4000c7c0 f   ui_main.obj
 0001:0000b870       _UI_LoadDemos              4000c870 f   ui_main.obj
 0001:0000b990       _UI_SetNextMap             4000c990 f   ui_main.obj
 0001:0000b9e0       _UI_Update                 4000c9e0 f   ui_main.obj
 0001:0000be80       _UI_DeferMenuScript        4000ce80 f   ui_main.obj
 0001:0000c3b0       _UI_GetTeamColor           4000d3b0 f   ui_main.obj
 0001:0000c3c0       _UI_MapCountByGameType     4000d3c0 f   ui_main.obj
 0001:0000c4e0       _UI_HeadCountByTeam        4000d4e0 f   ui_main.obj
 0001:0000c700       _UI_HeadCountByColor       4000d700 f   ui_main.obj
 0001:0000c760       _UI_InsertServerIntoDisplayList 4000d760 f   ui_main.obj
 0001:0000c7a0       _UI_RemoveServerFromDisplayList 4000d7a0 f   ui_main.obj
 0001:0000c7f0       _UI_BinaryServerInsertion  4000d7f0 f   ui_main.obj
 0001:0000c870       _UI_BuildServerDisplayList 4000d870 f   ui_main.obj
 0001:0000cb70       _UI_SortServerStatusInfo   4000db70 f   ui_main.obj
 0001:0000cc60       _UI_GetServerStatusInfo    4000dc60 f   ui_main.obj
 0001:0000cf70       _stristr                   4000df70 f   ui_main.obj
 0001:0000cfe0       _UI_BuildServerStatus      4000dfe0 f   ui_main.obj
 0001:0000d090       _UI_FeederCount            4000e090 f   ui_main.obj
 0001:0000d1a0       _UI_SelectedMap            4000e1a0 f   ui_main.obj
 0001:0000d1e0       _UI_SelectedHead           4000e1e0 f   ui_main.obj
 0001:0000d220       _UI_SelectedTeamHead       4000e220 f   ui_main.obj
 0001:0000d2a0       _UI_GetIndexFromSelection  4000e2a0 f   ui_main.obj
 0001:0000d2d0       _UI_UpdatePendingPings     4000e2d0 f   ui_main.obj
 0001:0000d300       _UI_FeederItemText         4000e300 f   ui_main.obj
 0001:0000d990       _UI_FeederItemImage        4000e990 f   ui_main.obj
 0001:0000e150       _GameType_Parse            4000f150 f   ui_main.obj
 0001:0000e2b0       _MapList_Parse             4000f2b0 f   ui_main.obj
 0001:0000e4a0       _UI_ParseGameInfo          4000f4a0 f   ui_main.obj
 0001:0000e570       _UI_Pause                  4000f570 f   ui_main.obj
 0001:0000e5c0       _UI_PlayCinematic          4000f5c0 f   ui_main.obj
 0001:0000e600       _UI_StopCinematic          4000f600 f   ui_main.obj
 0001:0000e6c0       _UI_DrawCinematic          4000f6c0 f   ui_main.obj
 0001:0000e700       _UI_RunCinematicFrame      4000f700 f   ui_main.obj
 0001:0000e860       _UI_BuildQ3Model_List      4000f860 f   ui_main.obj
 0001:0000ee80       _UI_ReadableSize           4000fe80 f   ui_main.obj
 0001:0000efc0       _UI_PrintTime              4000ffc0 f   ui_main.obj
 0001:0000f150       _UI_StopServerRefresh      40010150 f   ui_main.obj
 0001:0000f1c0       _UI_DoServerRefresh        400101c0 f   ui_main.obj
 0001:0000f260       _GetCRDelineatedString     40010260 f   ui_main.obj
 0001:0000f2e0       _GetMonthAbbrevString      400102e0 f   ui_main.obj
 0001:0000f300       _GetNetSourceString        40010300 f   ui_main.obj
 0001:0000f420       _UI_DrawNetSource          40010420 f   ui_main.obj
 0001:0000f4b0       _UI_OwnerDrawWidth         400104b0 f   ui_main.obj
 0001:0000f970       _UI_OwnerDraw              40010970 f   ui_main.obj
 0001:00010350       _UI_ClanName_HandleKey     40011350 f   ui_main.obj
 0001:00010400       _UI_GameType_HandleKey     40011400 f   ui_main.obj
 0001:00010550       _UI_NetGameType_HandleKey  40011550 f   ui_main.obj
 0001:00010610       _UI_JoinGameType_HandleKey 40011610 f   ui_main.obj
 0001:00010690       _UI_NetFilter_HandleKey    40011690 f   ui_main.obj
 0001:00010710       _UI_StartSkirmish          40011710 f   ui_main.obj
 0001:00010f70       _UI_BuildFindPlayerList    40011f70 f   ui_main.obj
 0001:000113b0       _UI_DisplayDownloadInfo    400123b0 f   ui_main.obj
 0001:00011f50       _UI_StartServerRefresh     40012f50 f   ui_main.obj
 0001:000123a0       _UI_NetSource_HandleKey    400133a0 f   ui_main.obj
 0001:00012440       _UI_OwnerDrawHandleKey     40013440 f   ui_main.obj
 0001:00012750       _UI_RunMenuScript          40013750 f   ui_main.obj
 0001:000144d0       _hashForString             400154d0 f   ui_shared.obj
 0001:00017490       _Scroll_TextScroll_AutoFunc 40018490 f   ui_shared.obj
 0001:00017500       _Scroll_TextScroll_ThumbFunc 40018500 f   ui_shared.obj
 0001:00017610       _Scroll_ListBox_AutoFunc   40018610 f   ui_shared.obj
 0001:00017680       _Scroll_ListBox_ThumbFunc  40018680 f   ui_shared.obj
 0001:00017830       _Scroll_Slider_ThumbFunc   40018830 f   ui_shared.obj
 0001:00017cf0       _Window_CloseCinematic     40018cf0 f   ui_shared.obj
 0001:00017d20       _Menu_CloseCinematics      40018d20 f   ui_shared.obj
 0001:00017dc0       _Display_CloseCinematics   40018dc0 f   ui_shared.obj
 0001:00017ec0       _Item_CorrectedTextRect    40018ec0 f   ui_shared.obj
 0001:00018e20       _Controls_GetKeyAssignment 40019e20 f   ui_shared.obj
 0001:0001bf20       _Item_TextScroll_BuildLines 4001cf20 f   ui_shared.obj
 0001:0001cb60       _Window_CacheContents      4001db60 f   ui_shared.obj
 0001:0001cb90       _Item_CacheContents        4001db90 f   ui_shared.obj
 0001:0001cbc0       _Menu_CacheContents        4001dbc0 f   ui_shared.obj
 0001:0001ccb0       _Menu_OverActiveItem       4001dcb0 f   ui_shared.obj
 0001:0001cfd0       _Menu_RunCloseScript       4001dfd0 f   ui_shared.obj
 0001:000204c0       _$$$00001                  400214c0 f   LIBC:strchr.obj
 0001:00020650       _swap                      40021650 f   LIBC:qsort.obj
 0001:00020670       _shortsort                 40021670 f   LIBC:qsort.obj
 0001:0002108f       __shift                    4002208f f   LIBC:cvt.obj
 0001:0002119d       __cftoe_g                  4002219d f   LIBC:cvt.obj
 0001:000212a1       __cftof_g                  400222a1 f   LIBC:cvt.obj
 0001:00021550       _write_char                40022550 f   LIBC:output.obj
 0001:00021583       _write_multi_char          40022583 f   LIBC:output.obj
 0001:000215a7       _write_string              400225a7 f   LIBC:output.obj
 0001:000215de       _get_int_arg               400225de f   LIBC:output.obj
 0001:000215e7       _get_int64_arg             400225e7 f   LIBC:output.obj
 0001:000215f3       _get_short_arg             400225f3 f   LIBC:output.obj
 0001:00021fb8       _strncnt                   40022fb8 f   LIBC:a_map.obj
 0001:000223c0       __initterm                 400233c0 f   LIBC:crt0dat.obj
 0001:000223d8       __initterm_e               400233d8 f   LIBC:crt0dat.obj
 0001:00022460       _doexit                    40023460 f   LIBC:crt0dat.obj
 0001:000227f6       _parse_cmdline             400237f6 f   LIBC:stdargv.obj
 0001:00022c9e       _xcptlookup                40023c9e f   LIBC:winxfltr.obj
 0001:00022fd9       $$$00003                   40023fd9 f   LIBC:exsup3.obj
 0001:0002336d       _getSystemCP               4002436d f   LIBC:mbctype.obj
 0001:000233b3       _CPtoLCID                  400243b3 f   LIBC:mbctype.obj
 0001:000233e2       _setSBCS                   400243e2 f   LIBC:mbctype.obj
 0001:0002340b       _setSBUpLow                4002440b f   LIBC:mbctype.obj
 0001:00023f43       __abstract_cw              40024f43 f   LIBC:ieee87.obj
 0001:00023fd5       __hw_cw                    40024fd5 f   LIBC:ieee87.obj
 0001:00024063       __abstract_sw              40025063 f   LIBC:ieee87.obj
 0001:000245ce       _report_failure            400255ce f   LIBC:secchk.obj
 0001:000261e0       $$$00001                   400271e0 f   LIBC:exsup.obj
 0001:00026200       __unwind_handler           40027200 f   LIBC:exsup.obj
 0001:00026200       $$$00003                   40027200 f   LIBC:exsup.obj
 0001:00026222       $$$00005                   40027222 f   LIBC:exsup.obj
 0001:0002628a       $$$00007                   4002728a f   LIBC:exsup.obj
 0001:000262ce       $$$00011                   400272ce f   LIBC:exsup.obj
 0001:00026f06       _flsall                    40027f06 f   LIBC:fflush.obj
