 jk2mpgamex86

 Timestamp is 478abf96 (Sun Jan 13 20:49:10 2008)

 Preferred load address is 20000000

 Start         Length     Name                   Class
 0001:00000000 00069c26H .text                   CODE
 0002:00000000 000000e0H .idata$5                DATA
 0002:000000e0 00012178H .rdata                  DATA
 0002:00012260 00000008H .rdata$sxdata           DATA
 0002:00012268 00000004H .rtc$IAA                DATA
 0002:0001226c 00000004H .rtc$IZZ                DATA
 0002:00012270 00000004H .rtc$TAA                DATA
 0002:00012274 00000004H .rtc$TZZ                DATA
 0002:00012278 00000014H .idata$2                DATA
 0002:0001228c 00000014H .idata$3                DATA
 0002:000122a0 000000e0H .idata$4                DATA
 0002:00012380 000003e4H .idata$6                DATA
 0002:00012770 0000005dH .edata                  DATA
 0003:00000000 00000004H .CRT$XCA                DATA
 0003:00000004 00000004H .CRT$XCAA               DATA
 0003:00000008 00000004H .CRT$XCZ                DATA
 0003:0000000c 00000004H .CRT$XIA                DATA
 0003:00000010 00000010H .CRT$XIC                DATA
 0003:00000020 00000004H .CRT$XIZ                DATA
 0003:00000024 00000004H .CRT$XPA                DATA
 0003:00000028 00000004H .CRT$XPX                DATA
 0003:0000002c 00000004H .CRT$XPZ                DATA
 0003:00000030 00000004H .CRT$XTA                DATA
 0003:00000034 00000004H .CRT$XTZ                DATA
 0003:00000040 00007a64H .data                   DATA
 0003:00007ac0 003d7060H .bss                    DATA

  Address         Publics by Value              Rva+Base     Lib:Object

 0000:00000000       __except_list              00000000     <absolute>
 0000:00000002       ___safe_se_handler_count   00000002     <absolute>
 0001:00000000       _BotMindTricked            20001000 f   ai_main.obj
 0001:00000080       _BotAI_GetClientState      20001080 f   ai_main.obj
 0001:000000c0       _AngleDifference           200010c0 f   ai_main.obj
 0001:00000100       _BotChangeViewAngles       20001100 f   ai_main.obj
 0001:000002f0       _BotInputToUserCommand     200012f0 f   ai_main.obj
 0001:00000540       _BotUpdateInput            20001540 f   ai_main.obj
 0001:00000630       _RemoveColorEscapeSequences 20001630 f   ai_main.obj
 0001:00000680       _BotScheduleBotThink       20001680 f   ai_main.obj
 0001:00000700       _PlayersInGame             20001700 f   ai_main.obj
 0001:00000790       _BotAISetupClient          20001790 f   ai_main.obj
 0001:00000900       _BotAIShutdownClient       20001900 f   ai_main.obj
 0001:00000970       _BotResetState             20001970 f   ai_main.obj
 0001:00000aa0       _BotAILoadMap              20001aa0 f   ai_main.obj
 0001:00000ae0       _OrgVisible                20001ae0 f   ai_main.obj
 0001:00000b30       _WPOrgVisible              20001b30 f   ai_main.obj
 0001:00000c20       _OrgVisibleBox             20001c20 f   ai_main.obj
 0001:00000c90       _CheckForFunc              20001c90 f   ai_main.obj
 0001:00000d30       _GetNearestVisibleWP       20001d30 f   ai_main.obj
 0001:00000e30       _PassWayCheck              20001e30 f   ai_main.obj
 0001:00000eb0       _TotalTrailDistance        20001eb0 f   ai_main.obj
 0001:00000f30       _CheckForShorterRoutes     20001f30 f   ai_main.obj
 0001:000010f0       _WPConstantRoutine         200020f0 f   ai_main.obj
 0001:000012c0       _BotCTFGuardDuty           200022c0 f   ai_main.obj
 0001:000012f0       _MoveTowardIdealAngles     200022f0 f   ai_main.obj
 0001:00001320       _BotTrace_Strafe           20002320 f   ai_main.obj
 0001:000016c0       _BotTrace_Duck             200026c0 f   ai_main.obj
 0001:00001880       _PassStandardEnemyChecks   20002880 f   ai_main.obj
 0001:00001a50       _BotCanHear                20002a50 f   ai_main.obj
 0001:00001b80       _UpdateEventTracker        20002b80 f   ai_main.obj
 0001:00001d20       _InFieldOfVision           20002d20 f   ai_main.obj
 0001:00001df0       _PassLovedOneCheck         20002df0 f   ai_main.obj
 0001:00001f50       _ScanForEnemies            20002f50 f   ai_main.obj
 0001:00002200       _WaitingForNow             20003200 f   ai_main.obj
 0001:00002340       _BotGetWeaponRange         20003340 f   ai_main.obj
 0001:000023b0       _BotIsAChickenWuss         200033b0 f   ai_main.obj
 0001:00002500       _GetNearestBadThing        20003500 f   ai_main.obj
 0001:000028c0       _BotGetEnemyFlag           200038c0 f   ai_main.obj
 0001:00002950       _BotGetFlagBack            20003950 f   ai_main.obj
 0001:00002aa0       _BotGuardFlagCarrier       20003aa0 f   ai_main.obj
 0001:00002bf0       _BotDefendFlag             20003bf0 f   ai_main.obj
 0001:00002bf0       _BotGetFlagHome            20003bf0 f   ai_main.obj
 0001:00002c80       _GetNewFlagPoint           20003c80 f   ai_main.obj
 0001:00002e30       _EntityVisibleBox          20003e30 f   ai_main.obj
 0001:00002eb0       _Saga_TargetClosestObjective 20003eb0 f   ai_main.obj
 0001:00003160       _Saga_DefendFromAttackers  20004160 f   ai_main.obj
 0001:00003280       _Saga_CountDefenders       20004280 f   ai_main.obj
 0001:000033c0       _Saga_CountTeammates       200043c0 f   ai_main.obj
 0001:000034b0       _JMTakesPriority           200044b0 f   ai_main.obj
 0001:000035c0       _BotHasAssociated          200045c0 f   ai_main.obj
 0001:00003680       _GetBestIdleGoal           20004680 f   ai_main.obj
 0001:000037c0       _CommanderBotCTFAI         200047c0 f   ai_main.obj
 0001:00003b40       _CommanderBotSagaAI        20004b40 f   ai_main.obj
 0001:00003c60       _BotDoTeamplayAI           20004c60 f   ai_main.obj
 0001:00003c90       _CommanderBotTeamplayAI    20004c90 f   ai_main.obj
 0001:00003eb0       _CommanderBotAI            20004eb0 f   ai_main.obj
 0001:00003ee0       _MeleeCombatHandling       20004ee0 f   ai_main.obj
 0001:00004190       _SaberCombatHandling       20005190 f   ai_main.obj
 0001:00004810       _BotWeaponCanLead          20005810 f   ai_main.obj
 0001:00004860       _BotAimLeading             20005860 f   ai_main.obj
 0001:00004a10       _BotAimOffsetGoalAngles    20005a10 f   ai_main.obj
 0001:00004db0       _ShouldSecondaryFire       20005db0 f   ai_main.obj
 0001:00004f30       _CombatBotAI               20005f30 f   ai_main.obj
 0001:000051f0       _BotFallbackNavigation     200061f0 f   ai_main.obj
 0001:00005350       _BotTryAnotherWeapon       20006350 f   ai_main.obj
 0001:000053e0       _BotWeaponSelectable       200063e0 f   ai_main.obj
 0001:00005420       _BotSelectIdealWeapon      20006420 f   ai_main.obj
 0001:00005610       _BotSelectChoiceWeapon     20006610 f   ai_main.obj
 0001:000056a0       _GetLoveLevel              200066a0 f   ai_main.obj
 0001:000057a0       _BotLovedOneDied           200067a0 f   ai_main.obj
 0001:00005950       _BotDeathNotify            20006950 f   ai_main.obj
 0001:00005a30       _StrafeTracing             20006a30 f   ai_main.obj
 0001:00005be0       _PrimFiring                20006be0 f   ai_main.obj
 0001:00005c20       _KeepPrimFromFiring        20006c20 f   ai_main.obj
 0001:00005c60       _AltFiring                 20006c60 f   ai_main.obj
 0001:00005ca0       _KeepAltFromFiring         20006ca0 f   ai_main.obj
 0001:00005ce0       _CheckForFriendInLOF       20006ce0 f   ai_main.obj
 0001:00005e40       _BotScanForLeader          20006e40 f   ai_main.obj
 0001:00005ee0       _BotReplyGreetings         20006ee0 f   ai_main.obj
 0001:00005f60       _CTFFlagMovement           20006f60 f   ai_main.obj
 0001:000061f0       _BotCheckDetPacks          200071f0 f   ai_main.obj
 0001:00006340       _BotUseInventoryItem       20007340 f   ai_main.obj
 0001:00006400       _BotSurfaceNear            20007400 f   ai_main.obj
 0001:000064b0       _BotWeaponBlockable        200074b0 f   ai_main.obj
 0001:00006500       _BotAISetup                20007500 f   ai_main.obj
 0001:00006630       _BotAIShutdown             20007630 f   ai_main.obj
 0001:00006680       _WPTouchRoutine            20007680 f   ai_main.obj
 0001:000068a0       _BotTrace_Jump             200078a0 f   ai_main.obj
 0001:00006ac0       _BotDamageNotification     20007ac0 f   ai_main.obj
 0001:00006d10       _CTFTakesPriority          20007d10 f   ai_main.obj
 0001:000070a0       _SagaTakesPriority         200080a0 f   ai_main.obj
 0001:00007320       _GetIdealDestination       20008320 f   ai_main.obj
 0001:00007a60       _StandardBotAI             20008a60 f   ai_main.obj
 0001:0000a3c0       _BotAI                     2000b3c0 f   ai_main.obj
 0001:0000a580       _BotAIStartFrame           2000b580 f   ai_main.obj
 0001:0000a6b0       _B_TempAlloc               2000b6b0 f   ai_util.obj
 0001:0000a6c0       _B_TempFree                2000b6c0 f   ai_util.obj
 0001:0000a6d0       _B_Alloc                   2000b6d0 f   ai_util.obj
 0001:0000a6e0       _B_InitAlloc               2000b6e0 f   ai_util.obj
 0001:0000a700       _GlassPain                 2000b700 f   g_mover.obj
 0001:0000a700       _touch_NULL                2000b700 f   g_weapon.obj
 0001:0000a700       _SaberGotHit               2000b700 f   w_saber.obj
 0001:0000a700       _ExampleAnimEntTouch       2000b700 f   g_misc.obj
 0001:0000a700       _SP_item_botroam           2000b700 f   g_spawn.obj
 0001:0000a700       _SP_misc_teleporter_dest   2000b700 f   g_misc.obj
 0001:0000a700       _DmgBoxHit                 2000b700 f   g_misc.obj
 0001:0000a700       _SP_team_CTF_blueplayer    2000b700 f   g_team.obj
 0001:0000a700       _emplaced_gun_pain         2000b700 f   g_weapon.obj
 0001:0000a700       _SP_team_CTF_redplayer     2000b700 f   g_team.obj
 0001:0000a700       _SP_team_CTF_redspawn      2000b700 f   g_team.obj
 0001:0000a700       _B_CleanupAlloc            2000b700 f   ai_util.obj
 0001:0000a700       _LimbTouch                 2000b700 f   g_combat.obj
 0001:0000a700       _SentryTouch               2000b700 f   g_items.obj
 0001:0000a700       _SP_info_player_intermission 2000b700 f   g_client.obj
 0001:0000a700       _BreakableBrushPain        2000b700 f   g_mover.obj
 0001:0000a700       _SP_team_CTF_bluespawn     2000b700 f   g_team.obj
 0001:0000a710       _GetValueGroup             2000b710 f   ai_util.obj
 0001:0000a800       _GetPairedValue            2000b800 f   ai_util.obj
 0001:0000a950       _BotDoChat                 2000b950 f   ai_util.obj
 0001:0000abf0       _ParseEmotionalAttachments 2000bbf0 f   ai_util.obj
 0001:0000ad20       _ReadChatGroups            2000bd20 f   ai_util.obj
 0001:0000adc0       _BotUtilizePersonality     2000bdc0 f   ai_util.obj
 0001:0000b3d0       _GetFlagStr                2000c3d0 f   ai_wpnav.obj
 0001:0000b580       _BotWaypointRender         2000c580 f   ai_wpnav.obj
 0001:0000b890       _TransferWPData            2000c890 f   ai_wpnav.obj
 0001:0000b990       _CreateNewWP               2000c990 f   ai_wpnav.obj
 0001:0000bac0       _CreateNewWP_FromObject    2000cac0 f   ai_wpnav.obj
 0001:0000bc80       _RemoveWP                  2000cc80 f   ai_wpnav.obj
 0001:0000bcc0       _RemoveWP_InTrail          2000ccc0 f   ai_wpnav.obj
 0001:0000bda0       _CreateNewWP_InTrail       2000cda0 f   ai_wpnav.obj
 0001:0000bf30       _TeleportToWP              2000cf30 f   ai_wpnav.obj
 0001:0000bff0       _WPFlagsModify             2000cff0 f   ai_wpnav.obj
 0001:0000c030       _NodeHere                  2000d030 f   ai_wpnav.obj
 0001:0000c0d0       _CanGetToVectorTravel      2000d0d0 f   ai_wpnav.obj
 0001:0000c2a0       _ConnectTrail              2000d2a0 f   ai_wpnav.obj
 0001:0000ccc0       _OpposingEnds              2000dcc0 f   ai_wpnav.obj
 0001:0000cd10       _DoorBlockingSection       2000dd10 f   ai_wpnav.obj
 0001:0000ce20       _RepairPaths               2000de20 f   ai_wpnav.obj
 0001:0000cf60       _OrgVisibleCurve           2000df60 f   ai_wpnav.obj
 0001:0000d040       _CanForceJumpTo            2000e040 f   ai_wpnav.obj
 0001:0000d1c0       _CalculatePaths            2000e1c0 f   ai_wpnav.obj
 0001:0000d420       _CalculateSagaGoals        2000e420 f   ai_wpnav.obj
 0001:0000d580       _GetNearestVisibleWPToItem 2000e580 f   ai_wpnav.obj
 0001:0000d6a0       _CalculateWeightGoals      2000e6a0 f   ai_wpnav.obj
 0001:0000d8f0       _CalculateJumpRoutes       2000e8f0 f   ai_wpnav.obj
 0001:0000da40       _LoadPathData              2000ea40 f   ai_wpnav.obj
 0001:0000dda0       _FlagObjects               2000eda0 f   ai_wpnav.obj
 0001:0000e080       _SavePathData              2000f080 f   ai_wpnav.obj
 0001:0000e3f0       _LoadPath_ThisLevel        2000f3f0 f   ai_wpnav.obj
 0001:0000e4f0       _GetClosestSpawn           2000f4f0 f   ai_wpnav.obj
 0001:0000e5d0       _GetNextSpawnInIndex       2000f5d0 f   ai_wpnav.obj
 0001:0000e6a0       _AcceptBotCommand          2000f6a0 f   ai_wpnav.obj
 0001:0000ec50       _BG_LegalizedForcePowers   2000fc50 f   bg_misc.obj
 0001:0000f0d0       _vectoyaw                  200100d0 f   bg_misc.obj
 0001:0000f150       _BG_HasYsalamiri           20010150 f   bg_misc.obj
 0001:0000f190       _BG_CanUseFPNow            20010190 f   bg_misc.obj
 0001:0000f230       _BG_FindItemForPowerup     20010230 f   bg_misc.obj
 0001:0000f270       _BG_FindItemForHoldable    20010270 f   bg_misc.obj
 0001:0000f2c0       _BG_FindItemForWeapon      200102c0 f   bg_misc.obj
 0001:0000f310       _BG_FindItem               20010310 f   bg_misc.obj
 0001:0000f350       _BG_GetItemIndexByTag      20010350 f   bg_misc.obj
 0001:0000f390       _BG_CycleInven             20010390 f   bg_misc.obj
 0001:0000f410       _BG_CanItemBeGrabbed       20010410 f   bg_misc.obj
 0001:0000f6c0       _BG_EvaluateTrajectory     200106c0 f   bg_misc.obj
 0001:0000f800       _BG_EvaluateTrajectoryDelta 20010800 f   bg_misc.obj
 0001:0000f8f0       _BG_AddPredictableEventToPlayerstate 200108f0 f   bg_misc.obj
 0001:0000f920       _BG_TouchJumpPad           20010920 f   bg_misc.obj
 0001:0000f990       _BG_PlayerStateToEntityState 20010990 f   bg_misc.obj
 0001:0000fd40       _BG_PlayerStateToEntityStateExtraPolate 20010d40 f   bg_misc.obj
 0001:00010100       _BG_Alloc                  20011100 f   bg_misc.obj
 0001:00010150       _BG_TempAlloc              20011150 f   bg_misc.obj
 0001:00010190       _BG_TempFree               20011190 f   bg_misc.obj
 0001:000101d0       _BG_PlayerTouchesItem      200111d0 f   bg_misc.obj
 0001:00010270       _BG_InSpecialJump          20011270 f   bg_panimate.obj
 0001:000102d0       _BG_InSaberStandAnim       200112d0 f   bg_panimate.obj
 0001:00010300       _BG_SaberInAttack          20011300 f   bg_panimate.obj
 0001:00010330       _BG_SaberInSpecial         20011330 f   bg_panimate.obj
 0001:00010350       _BG_SaberInIdle            20011350 f   bg_panimate.obj
 0001:00010370       _BG_FlippingAnim           20011370 f   bg_panimate.obj
 0001:000103d0       _BG_SpinningSaberAnim      200113d0 f   bg_panimate.obj
 0001:00010620       _BG_SaberInSpecialAttack   20011620 f   bg_panimate.obj
 0001:00010660       _BG_BrokenParryForAttack   20011660 f   bg_panimate.obj
 0001:000106d0       _BG_BrokenParryForParry    200116d0 f   bg_panimate.obj
 0001:000107b0       _BG_KnockawayForParry      200117b0 f   bg_panimate.obj
 0001:00010800       _BG_InRoll                 20011800 f   bg_panimate.obj
 0001:00010830       _BG_InDeathAnim            20011830 f   bg_panimate.obj
 0001:00010890       _PM_SaberBounceForAttack   20011890 f   bg_panimate.obj
 0001:00010900       _PM_SaberDeflectionForQuad 20011900 f   bg_panimate.obj
 0001:00010970       _PM_SaberInDeflect         20011970 f   bg_panimate.obj
 0001:00010990       _PM_SaberInParry           20011990 f   bg_panimate.obj
 0001:000109b0       _PM_SaberInKnockaway       200119b0 f   bg_panimate.obj
 0001:000109d0       _PM_SaberInReflect         200119d0 f   bg_panimate.obj
 0001:000109f0       _PM_SaberInStart           200119f0 f   bg_panimate.obj
 0001:00010a10       _PM_SaberInReturn          20011a10 f   bg_panimate.obj
 0001:00010a30       _PM_InSaberAnim            20011a30 f   bg_panimate.obj
 0001:00010a50       _PM_InKnockDown            20011a50 f   bg_panimate.obj
 0001:00010ab0       _PM_PainAnim               20011ab0 f   bg_panimate.obj
 0001:00010ad0       _PM_JumpingAnim            20011ad0 f   bg_panimate.obj
 0001:00010af0       _PM_LandingAnim            20011af0 f   bg_panimate.obj
 0001:00010b40       _PM_SpinningAnim           20011b40 f   bg_panimate.obj
 0001:00010b50       _PM_InOnGroundAnim         20011b50 f   bg_panimate.obj
 0001:00010c00       _PM_InRollComplete         20011c00 f   bg_panimate.obj
 0001:00010c30       _PM_AnimLength             20011c30 f   bg_panimate.obj
 0001:00010c60       _BG_ParseAnimationFile     20011c60 f   bg_panimate.obj
 0001:00010f30       _PM_ContinueLegsAnim       20011f30 f   bg_panimate.obj
 0001:00010f60       _PM_ForceLegsAnim          20011f60 f   bg_panimate.obj
 0001:00010fe0       _PM_StartTorsoAnim         20011fe0 f   bg_panimate.obj
 0001:00011010       _BG_SaberStartTransAnim    20012010 f   bg_panimate.obj
 0001:00011070       _PM_SetAnimFinal           20012070 f   bg_panimate.obj
 0001:000112b0       _PM_SetAnim                200122b0 f   bg_panimate.obj
 0001:00011370       _PM_GetSaberStance         20012370 f   bg_pmove.obj
 0001:000113c0       _PM_AddEvent               200123c0 f   bg_pmove.obj
 0001:000113e0       _PM_AddEventWithParm       200123e0 f   bg_pmove.obj
 0001:00011400       _PM_AddTouchEnt            20012400 f   bg_pmove.obj
 0001:00011440       _PM_ClipVelocity           20012440 f   bg_pmove.obj
 0001:000117a0       _PM_ForceJumpingUp         200127a0 f   bg_pmove.obj
 0001:00011900       _PM_SetPMViewAngle         20012900 f   bg_pmove.obj
 0001:00011970       _PM_AdjustAngleForWallRun  20012970 f   bg_pmove.obj
 0001:00011c50       _PM_SetForceJumpZStart     20012c50 f   bg_pmove.obj
 0001:000151a0       _PM_Use                    200161a0 f   bg_pmove.obj
 0001:00015200       _PM_RunningAnim            20016200 f   bg_pmove.obj
 0001:00015810       _PM_BeginWeaponChange      20016810 f   bg_pmove.obj
 0001:000158b0       _PM_FinishWeaponChange     200168b0 f   bg_pmove.obj
 0001:00016f40       _PM_UpdateViewAngles       20017f40 f   bg_pmove.obj
 0001:00017010       _PM_AdjustAttackStates     20018010 f   bg_pmove.obj
 0001:00017330       _BG_CmdForRoll             20018330 f   bg_pmove.obj
 0001:00017390       _BG_AdjustClientSpeed      20018390 f   bg_pmove.obj
 0001:00017780       _PmoveSingle               20018780 f   bg_pmove.obj
 0001:00017e20       _Pmove                     20018e20 f   bg_pmove.obj
 0001:00017ed0       _PM_irand_timesync         20018ed0 f   bg_saber.obj
 0001:00017f20       _BG_ForcePowerDrain        20018f20 f   bg_saber.obj
 0001:00018010       _PM_SaberMoveQuadrantForMovement 20019010 f   bg_saber.obj
 0001:00018070       _PM_SaberInBounce          20019070 f   bg_saber.obj
 0001:000180a0       _PM_SaberInTransition      200190a0 f   bg_saber.obj
 0001:000180c0       _PM_SaberAttackChainAngle  200190c0 f   bg_saber.obj
 0001:00018100       _PM_SaberKataDone          20019100 f   bg_saber.obj
 0001:00018260       _PM_SaberLockBreak         20019260 f   bg_saber.obj
 0001:00018560       _PM_SaberLocked            20019560 f   bg_saber.obj
 0001:000187d0       _PM_SaberInBrokenParry     200197d0 f   bg_saber.obj
 0001:00018800       _PM_BrokenParryForParry    20019800 f   bg_saber.obj
 0001:000188d0       _PM_CanBackstab            200198d0 f   bg_saber.obj
 0001:000189f0       _PM_SaberFlipOverAttackMove 200199f0 f   bg_saber.obj
 0001:00018b90       _PM_SomeoneInFront         20019b90 f   bg_saber.obj
 0001:00018cb0       _PM_SaberLungeAttackMove   20019cb0 f   bg_saber.obj
 0001:00018d40       _PM_SaberJumpAttackMove    20019d40 f   bg_saber.obj
 0001:00018e10       _PM_GroundDistance         20019e10 f   bg_saber.obj
 0001:00018ec0       _PM_SaberAttackForMovement 20019ec0 f   bg_saber.obj
 0001:00019100       _PM_SetSaberMove           2001a100 f   bg_saber.obj
 0001:000194a0       _PM_SaberAnimTransitionAnim 2001a4a0 f   bg_saber.obj
 0001:000195f0       _PM_WeaponLightsaber       2001a5f0 f   bg_saber.obj
 0001:00019fa0       _PM_SlideMove              2001afa0 f   bg_slidemove.obj
 0001:0001a670       _PM_StepSlideMove          2001b670 f   bg_slidemove.obj
 0001:0001ac00       _M_StringEscapeToEnters    2001bc00 f   g_active.obj
 0001:0001ac70       _P_DamageFeedback          2001bc70 f   g_active.obj
 0001:0001adf0       _P_WorldEffects            2001bdf0 f   g_active.obj
 0001:0001afb0       _DoImpact                  2001bfb0 f   g_active.obj
 0001:0001b400       _ClientImpacts             2001c400 f   g_active.obj
 0001:0001b4c0       _G_TouchTriggers           2001c4c0 f   g_active.obj
 0001:0001b6e0       _G_MoverTouchPushTriggers  2001c6e0 f   g_active.obj
 0001:0001b990       _SpectatorThink            2001c990 f   g_active.obj
 0001:0001ba90       _ClientInactivityTimer     2001ca90 f   g_active.obj
 0001:0001bba0       _ClientTimerActions        2001cba0 f   g_active.obj
 0001:0001bdf0       _ClientIntermissionThink   2001cdf0 f   g_active.obj
 0001:0001be30       _ClientEvents              2001ce30 f   g_active.obj
 0001:0001bfc0       _SendPendingPredictableEvents 2001cfc0 f   g_active.obj
 0001:0001c2c0       _ClientThink_real          2001d2c0 f   g_active.obj
 0001:0001d880       _G_CheckClientTimeouts     2001e880 f   g_active.obj
 0001:0001d8d0       _ClientThink               2001e8d0 f   g_active.obj
 0001:0001d930       _G_RunClient               2001e930 f   g_active.obj
 0001:0001d970       _SpectatorClientEndFrame   2001e970 f   g_active.obj
 0001:0001da80       _ClientEndFrame            2001ea80 f   g_active.obj
 0001:0001dc20       _UpdateTournamentInfo      2001ec20 f   g_arenas.obj
 0001:0001dea0       _G_ParseInfos              2001eea0 f   g_bot.obj
 0001:0001e140       _G_GetMapTypeBits          2001f140 f   g_bot.obj
 0001:0001e200       _G_DoesMapSupportGametype  2001f200 f   g_bot.obj
 0001:0001e2a0       _G_RefreshNextMap          2001f2a0 f   g_bot.obj
 0001:0001e690       _G_AddRandomBot            2001f690 f   g_bot.obj
 0001:0001e900       _G_RemoveRandomBot         2001f900 f   g_bot.obj
 0001:0001e9a0       _G_CountHumanPlayers       2001f9a0 f   g_bot.obj
 0001:0001ea00       _G_CountBotPlayers         2001fa00 f   g_bot.obj
 0001:0001eaa0       _G_CheckMinimumPlayers     2001faa0 f   g_bot.obj
 0001:0001ec20       _G_CheckBotSpawn           2001fc20 f   g_bot.obj
 0001:0001ecb0       _G_RemoveQueuedBotBegin    2001fcb0 f   g_bot.obj
 0001:0001ece0       _G_BotConnect              2001fce0 f   g_bot.obj
 0001:0001edc0       _Svcmd_BotList_f           2001fdc0 f   g_bot.obj
 0001:0001f1a0       _G_GetBotInfoByName        200201a0 f   g_bot.obj
 0001:0001f1f0       _G_InitBots                200201f0 f   g_bot.obj
 0001:0001f6c0       _Svcmd_AddBot_f            200206c0 f   g_bot.obj
 0001:0001f810       _SP_info_player_deathmatch 20020810 f   g_client.obj
 0001:0001f870       _SP_info_player_start      20020870 f   g_client.obj
 0001:0001f890       _SP_info_player_imperial   20020890 f   g_client.obj
 0001:0001f890       _SP_info_player_rebel      20020890 f   g_client.obj
 0001:0001f8c0       _ThrowSaberToAttacker      200208c0 f   g_client.obj
 0001:0001fb70       _JMSaberThink              20020b70 f   g_client.obj
 0001:0001fce0       _JMSaberTouch              20020ce0 f   g_client.obj
 0001:0001ffb0       _SP_info_jedimaster_start  20020fb0 f   g_client.obj
 0001:000200c0       _SpotWouldTelefrag         200210c0 f   g_client.obj
 0001:00020180       _SelectRandomFurthestSpawnPoint 20021180 f   g_client.obj
 0001:00020440       _G_FindClientByName        20021440 f   g_client.obj
 0001:000204b0       _SelectSpawnPoint          200214b0 f   g_client.obj
 0001:000204c0       _SelectInitialSpawnPoint   200214c0 f   g_client.obj
 0001:00020560       _InitBodyQue               20021560 f   g_client.obj
 0001:000205a0       _BodySink                  200215a0 f   g_client.obj
 0001:000205f0       _CopyToBodyQue             200215f0 f   g_client.obj
 0001:000208e0       _SetClientViewAngle        200218e0 f   g_client.obj
 0001:00020990       _TeamCount                 20021990 f   g_client.obj
 0001:000209e0       _TeamLeader                200219e0 f   g_client.obj
 0001:00020a30       _PickTeam                  20021a30 f   g_client.obj
 0001:00020b70       _SetupGameGhoul2Model      20021b70 f   g_client.obj
 0001:00020e20       _ClientUserinfoChanged     20021e20 f   g_client.obj
 0001:000213b0       _ClientConnect             200223b0 f   g_client.obj
 0001:000217c0       _ClientSpawn               200227c0 f   g_client.obj
 0001:00022180       _ClientDisconnect          20023180 f   g_client.obj
 0001:00022440       _respawn                   20023440 f   g_client.obj
 0001:00022630       _ClientBegin               20023630 f   g_client.obj
 0001:00022aa0       _uwRename                  20023aa0 f   g_cmds.obj
 0001:00022b10       _G_IgnoreClientChat        20023b10 f   g_cmds.obj
 0001:00022ba0       _G_IsClientChatIgnored     20023ba0 f   g_cmds.obj
 0001:00022bf0       _Admin_Teleport            20023bf0 f   g_cmds.obj
 0001:00022ca0       _DeathmatchScoreboardMessage 20023ca0 f   g_cmds.obj
 0001:00022e80       _Cmd_Score_f               20023e80 f   g_cmds.obj
 0001:00022e90       _CheatsOk                  20023e90 f   g_cmds.obj
 0001:00022f40       _ConcatArgs                20023f40 f   g_cmds.obj
 0001:00022ff0       _SanitizeString            20023ff0 f   g_cmds.obj
 0001:00023040       _ClientNumberFromString    20024040 f   g_cmds.obj
 0001:00023200       _Cmd_Give_f                20024200 f   g_cmds.obj
 0001:000235f0       _Cmd_God_f                 200245f0 f   g_cmds.obj
 0001:00023660       _Cmd_Notarget_f            20024660 f   g_cmds.obj
 0001:000236d0       _Cmd_Noclip_f              200246d0 f   g_cmds.obj
 0001:00023740       _Cmd_LevelShot_f           20024740 f   g_cmds.obj
 0001:000237c0       _Cmd_TeamTask_f            200247c0 f   g_cmds.obj
 0001:00023860       _Cmd_Kill_f                20024860 f   g_cmds.obj
 0001:00023950       _BroadcastTeamChange       20024950 f   g_cmds.obj
 0001:00023a40       _SetTeam                   20024a40 f   g_cmds.obj
 0001:00023ee0       _StopFollowing             20024ee0 f   g_cmds.obj
 0001:00023f60       _Cmd_Team_f                20024f60 f   g_cmds.obj
 0001:00024150       _Cmd_ForceChanged_f        20025150 f   g_cmds.obj
 0001:00024230       _Cmd_Follow_f              20025230 f   g_cmds.obj
 0001:00024320       _Cmd_FollowCycle_f         20025320 f   g_cmds.obj
 0001:00024510       _G_Say                     20025510 f   g_cmds.obj
 0001:00024970       _G_Voice                   20025970 f   g_cmds.obj
 0001:00024d00       _Cmd_GameCommand_f         20025d00 f   g_cmds.obj
 0001:00024da0       _Cmd_Where_f               20025da0 f   g_cmds.obj
 0001:00024de0       _G_ClientNumberFromName    20025de0 f   g_cmds.obj
 0001:00024e90       _SanitizeString2           20025e90 f   g_cmds.obj
 0001:00024f00       _G_ClientNumberFromStrippedSubstring 20025f00 f   g_cmds.obj
 0001:00024fa0       _G_ClientNumberFromArg     20025fa0 f   g_cmds.obj
 0001:00024fe0       _G_ClientNumberFromStrippedName 20025fe0 f   g_cmds.obj
 0001:00025090       _Cmd_CallVote_f            20026090 f   g_cmds.obj
 0001:00025a00       _Cmd_Vote_f                20026a00 f   g_cmds.obj
 0001:00025bb0       _Cmd_CallTeamVote_f        20026bb0 f   g_cmds.obj
 0001:00026150       _Cmd_TeamVote_f            20027150 f   g_cmds.obj
 0001:00026300       _Cmd_SetViewpos_f          20027300 f   g_cmds.obj
 0001:00026430       _G_ItemUsable              20027430 f   g_cmds.obj
 0001:000267e0       _Cmd_ToggleSaber_f         200277e0 f   g_cmds.obj
 0001:00026940       _Cmd_SaberAttackCycle_f    20027940 f   g_cmds.obj
 0001:00026990       _G_OtherPlayersDueling     20027990 f   g_cmds.obj
 0001:000269d0       _Cmd_EngageDuel_f          200279d0 f   g_cmds.obj
 0001:00026f30       _StandardSetBodyAnim       20027f30 f   g_cmds.obj
 0001:000270b0       _ClientCommand             200280b0 f   g_cmds.obj
 0001:0002d130       _AddScore                  2002e130 f   g_combat.obj
 0001:0002d180       _TossClientWeapon          2002e180 f   g_combat.obj
 0001:0002d330       _TossClientItems           2002e330 f   g_combat.obj
 0001:0002d490       _LookAtKiller              2002e490 f   g_combat.obj
 0001:0002d520       _BodyRid                   2002e520 f   g_combat.obj
 0001:0002d540       _body_die                  2002e540 f   g_combat.obj
 0001:0002d630       _G_InKnockDown             2002e630 f   g_combat.obj
 0001:0002dc10       _G_GetJediMaster           2002ec10 f   g_combat.obj
 0001:0002dc60       _CheckArmor                2002ec60 f   g_combat.obj
 0001:0002dd10       _G_ApplyKnockback          2002ed10 f   g_combat.obj
 0001:0002dea0       _LimbThink                 2002eea0 f   g_combat.obj
 0001:0002df40       _G_GetDismemberLoc         2002ef40 f   g_combat.obj
 0001:0002e1d0       _G_GetDismemberBolt        2002f1d0 f   g_combat.obj
 0001:0002e4f0       _G_Dismember               2002f4f0 f   g_combat.obj
 0001:0002e760       _G_GetHitQuad              2002f760 f   g_combat.obj
 0001:0002e8c0       _G_ThereIsAMaster          2002f8c0 f   g_combat.obj
 0001:0002e900       _G_Damage                  2002f900 f   g_combat.obj
 0001:0002f400       _CanDamage                 20030400 f   g_combat.obj
 0001:0002f640       _G_RadiusDamage            20030640 f   g_combat.obj
 0001:0002f880       _G_GetHitLocation          20030880 f   g_combat.obj
 0001:0002fcd0       _G_PickDeathAnim           20030cd0 f   g_combat.obj
 0001:00030160       _G_CheckForDismemberment   20031160 f   g_combat.obj
 0001:000302d0       _player_die                200312d0 f   g_combat.obj
 0001:00030f90       _adjustRespawnTime         20031f90 f   g_items.obj
 0001:00031020       _ShieldThink               20032020 f   g_items.obj
 0001:00031090       _ShieldDie                 20032090 f   g_items.obj
 0001:000310e0       _ShieldPain                200320e0 f   g_items.obj
 0001:00031120       _ShieldGoSolid             20032120 f   g_items.obj
 0001:00031240       _ShieldGoNotSolid          20032240 f   g_items.obj
 0001:000312a0       _ShieldTouch               200322a0 f   g_items.obj
 0001:00031310       _CreateShield              20032310 f   g_items.obj
 0001:00031690       _PlaceShield               20032690 f   g_items.obj
 0001:00031970       _ItemUse_Binoculars        20032970 f   g_items.obj
 0001:00031a00       _ItemUse_Shield            20032a00 f   g_items.obj
 0001:00031a10       _pas_fire                  20032a10 f   g_items.obj
 0001:00031b00       _G_SetEnemy                20032b00 f   g_items.obj
 0001:00031de0       _pas_adjust_enemy          20032de0 f   g_items.obj
 0001:00031f50       _turret_die                20032f50 f   g_items.obj
 0001:00032020       _ItemUse_Seeker            20033020 f   g_items.obj
 0001:00032080       _ItemUse_MedPack           20033080 f   g_items.obj
 0001:000320d0       _Pickup_Powerup            200330d0 f   g_items.obj
 0001:00032300       _Pickup_Holdable           20033300 f   g_items.obj
 0001:00032390       _Pickup_Ammo               20033390 f   g_items.obj
 0001:00032410       _Pickup_Weapon             20033410 f   g_items.obj
 0001:00032550       _Pickup_Health             20033550 f   g_items.obj
 0001:00032600       _Pickup_Armor              20033600 f   g_items.obj
 0001:00032680       _RespawnItem               20033680 f   g_items.obj
 0001:000327d0       _Touch_Item                200337d0 f   g_items.obj
 0001:00032be0       _LaunchItem                20033be0 f   g_items.obj
 0001:00032dd0       _Drop_Item                 20033dd0 f   g_items.obj
 0001:00032e80       _Use_Item                  20033e80 f   g_items.obj
 0001:00032e90       _FinishSpawningItem        20033e90 f   g_items.obj
 0001:00033180       _G_CheckTeamItems          20034180 f   g_items.obj
 0001:00033220       _RegisterItem              20034220 f   g_items.obj
 0001:00033260       _SaveRegisteredItems       20034260 f   g_items.obj
 0001:000332c0       _G_SpawnItem               200342c0 f   g_items.obj
 0001:00033430       _ResetItem                 20034430 f   g_items.obj
 0001:000334c0       _G_BounceItem              200344c0 f   g_items.obj
 0001:000336b0       _G_RunItem                 200346b0 f   g_items.obj
 0001:00033800       _sentryExpire              20034800 f   g_items.obj
 0001:00033820       _pas_think                 20034820 f   g_items.obj
 0001:00033d40       _SP_PAS                    20034d40 f   g_items.obj
 0001:00033e20       _ItemUse_Sentry            20034e20 f   g_items.obj
 0001:00034070       _ClearRegisteredItems      20035070 f   g_items.obj
 0001:00034140       _G_LogWeaponInit           20035140 f   g_log.obj
 0001:000341c0       _G_LogWeaponPickup         200351c0 f   g_log.obj
 0001:000341f0       _G_LogWeaponFire           200351f0 f   g_log.obj
 0001:00034260       _G_LogWeaponDamage         20035260 f   g_log.obj
 0001:000342a0       _G_LogWeaponKill           200352a0 f   g_log.obj
 0001:000342e0       _G_LogWeaponFrag           200352e0 f   g_log.obj
 0001:00034310       _G_LogWeaponDeath          20035310 f   g_log.obj
 0001:00034350       _G_LogWeaponPowerup        20035350 f   g_log.obj
 0001:00034390       _G_LogWeaponItem           20035390 f   g_log.obj
 0001:000343d0       _G_LogWeaponOutput         200353d0 f   g_log.obj
 0001:00035f10       _G_ClearClientLog          20036f10 f   g_log.obj
 0001:00036320       _G_Printf                  20037320 f   g_main.obj
 0001:00036350       _G_Error                   20037350 f   g_main.obj
 0001:00036380       _G_FindTeams               20037380 f   g_main.obj
 0001:00036500       _G_RegisterCvars           20037500 f   g_main.obj
 0001:00036590       _G_UpdateCvars             20037590 f   g_main.obj
 0001:00036600       _Com_Error                 20037600 f   g_main.obj
 0001:00036640       _Com_Printf                20037640 f   g_main.obj
 0001:00036680       _AddTournamentPlayer       20037680 f   g_main.obj
 0001:00036730       _RemoveTournamentLoser     20037730 f   g_main.obj
 0001:00036780       _RemoveDuelDrawLoser       20037780 f   g_main.obj
 0001:00036830       _AdjustTournamentScores    20037830 f   g_main.obj
 0001:00036a00       _SortRanks                 20037a00 f   g_main.obj
 0001:00036ae0       _SendScoreboardMessageToAllClients 20037ae0 f   g_main.obj
 0001:00036b40       _MoveClientToIntermission  20037b40 f   g_main.obj
 0001:00036c30       _FindIntermissionPoint     20037c30 f   g_main.obj
 0001:00036cf0       _DuelLimitHit              20037cf0 f   g_main.obj
 0001:00036d40       _DuelResetWinsLosses       20037d40 f   g_main.obj
 0001:00036d90       _ExitLevel                 20037d90 f   g_main.obj
 0001:00036e90       _G_LogPrintf               20037e90 f   g_main.obj
 0001:00036f60       _LogExit                   20037f60 f   g_main.obj
 0001:000370e0       _CheckIntermissionExit     200380e0 f   g_main.obj
 0001:00037560       _ScoreIsTied               20038560 f   g_main.obj
 0001:000375c0       _CheckTournament           200385c0 f   g_main.obj
 0001:00037800       _PrintTeam                 20038800 f   g_main.obj
 0001:00037850       _CheckTeamLeader           20038850 f   g_main.obj
 0001:00037910       _G_RunThink                20038910 f   g_main.obj
 0001:00037970       _G_GetStripEdString        20038970 f   g_main.obj
 0001:000379a0       _G_InitGame                200389a0 f   g_main.obj
 0001:00037c50       _G_ShutdownGame            20038c50 f   g_main.obj
 0001:00037cc0       _BeginIntermission         20038cc0 f   g_main.obj
 0001:00037d80       _CheckExitRules            20038d80 f   g_main.obj
 0001:00038100       _CheckVote                 20039100 f   g_main.obj
 0001:000382d0       _SetLeader                 200392d0 f   g_main.obj
 0001:000383f0       _CheckTeamVote             200393f0 f   g_main.obj
 0001:00038550       _G_RunFrame                20039550 f   g_main.obj
 0001:000389c0       _vmMain                    200399c0 f   g_main.obj
 0001:00038ae0       _CalculateRanks            20039ae0 f   g_main.obj
 0001:00038e90       _G_Alloc                   20039e90 f   g_mem.obj
 0001:00038f00       _G_InitMemory              20039f00 f   g_mem.obj
 0001:00038f10       _Svcmd_GameMem_f           20039f10 f   g_mem.obj
 0001:00038f30       _SP_target_position        20039f30 f   g_target.obj
 0001:00038f30       _SP_info_notnull           20039f30 f   g_misc.obj
 0001:00038f30       _SP_info_camp              20039f30 f   g_misc.obj
 0001:00038f50       _TeleportPlayer            20039f50 f   g_misc.obj
 0001:000390b0       _SP_info_null              2003a0b0 f   g_misc.obj
 0001:000390b0       _SP_misc_G2model           2003a0b0 f   g_misc.obj
 0001:000390b0       _SP_light                  2003a0b0 f   g_misc.obj
 0001:000390b0       _SP_misc_model             2003a0b0 f   g_misc.obj
 0001:000390c0       _locateCamera              2003a0c0 f   g_misc.obj
 0001:000391d0       _SP_misc_portal_surface    2003a1d0 f   g_misc.obj
 0001:00039250       _SP_misc_portal_camera     2003a250 f   g_misc.obj
 0001:000392b0       _HolocronPopOut            2003a2b0 f   g_misc.obj
 0001:00039370       _HolocronTouch             2003a370 f   g_misc.obj
 0001:000396b0       _HolocronThink             2003a6b0 f   g_misc.obj
 0001:00039a70       _SP_misc_holocron          2003aa70 f   g_misc.obj
 0001:00039c90       _Use_Shooter               2003ac90 f   g_misc.obj
 0001:00039e60       _InitShooter               2003ae60 f   g_misc.obj
 0001:00039f00       _SP_shooter_blaster        2003af00 f   g_misc.obj
 0001:00039f10       _check_recharge            2003af10 f   g_misc.obj
 0001:00039f60       _EnergyShieldStationSettings 2003af60 f   g_misc.obj
 0001:00039fc0       _shield_power_converter_use 2003afc0 f   g_misc.obj
 0001:0003a0f0       _SP_misc_shield_floor_unit 2003b0f0 f   g_misc.obj
 0001:0003a2e0       _SP_misc_model_shield_power_converter 2003b2e0 f   g_misc.obj
 0001:0003a3e0       _ammo_power_converter_use  2003b3e0 f   g_misc.obj
 0001:0003a4b0       _SP_misc_model_ammo_power_converter 2003b4b0 f   g_misc.obj
 0001:0003a5c0       _health_power_converter_use 2003b5c0 f   g_misc.obj
 0001:0003a690       _SP_misc_model_health_power_converter 2003b690 f   g_misc.obj
 0001:0003a7a0       _DmgBoxUpdateSelf          2003b7a0 f   g_misc.obj
 0001:0003a840       _DmgBoxAbsorb_Die          2003b840 f   g_misc.obj
 0001:0003a840       _DmgBoxAbsorb_Pain         2003b840 f   g_misc.obj
 0001:0003a850       _CreateNewDamageBox        2003b850 f   g_misc.obj
 0001:0003a8f0       _ATST_ManageDamageBoxes    2003b8f0 f   g_misc.obj
 0001:0003abd0       _fx_runner_think           2003bbd0 f   g_misc.obj
 0001:0003ac40       _fx_runner_use             2003bc40 f   g_misc.obj
 0001:0003acb0       _fx_runner_link            2003bcb0 f   g_misc.obj
 0001:0003adb0       _SP_fx_runner              2003bdb0 f   g_misc.obj
 0001:0003af10       _ExampleAnimEntCustomData  2003bf10 f   g_misc.obj
 0001:0003af40       _ExampleAnimEntCustomDataExists 2003bf40 f   g_misc.obj
 0001:0003afb0       _ExampleAnimEntCustomDataEntry 2003bfb0 f   g_misc.obj
 0001:0003b120       _AnimEntCustomSoundPrecache 2003c120 f   g_misc.obj
 0001:0003b230       _ExampleAnimEntCustomSound 2003c230 f   g_misc.obj
 0001:0003b400       _ExampleAnimEntAlignment   2003c400 f   g_misc.obj
 0001:0003b440       _ExampleAnimEntAlertOthers 2003c440 f   g_misc.obj
 0001:0003b570       _ExampleAnimEnt_Die        2003c570 f   g_misc.obj
 0001:0003b790       _ExampleAnimEnt_Pain       2003c790 f   g_misc.obj
 0001:0003b920       _ExampleAnimEntMove        2003c920 f   g_misc.obj
 0001:0003bc60       _ExampleAnimEntYaw         2003cc60 f   g_misc.obj
 0001:0003bcd0       _ExampleAnimEntLook        2003ccd0 f   g_misc.obj
 0001:0003bd70       _ExampleAnimEntClearLOS    2003cd70 f   g_misc.obj
 0001:0003bea0       _ExampleAnimEntWeaponHandling 2003cea0 f   g_misc.obj
 0001:0003bf70       _ExampleAnimEntWayValidCheck 2003cf70 f   g_misc.obj
 0001:0003c010       _ExampleAnimEntNavigation  2003d010 f   g_misc.obj
 0001:0003c190       _ExampleAnimEntEnemyHandling 2003d190 f   g_misc.obj
 0001:0003c6e0       _ExampleAnimEntUpdateSelf  2003d6e0 f   g_misc.obj
 0001:0003cf70       _G_SpawnExampleAnimEnt     2003df70 f   g_misc.obj
 0001:0003d410       _AESpawner_CountAnimEnts   2003e410 f   g_misc.obj
 0001:0003d530       _AESpawner_NoClientInPVS   2003e530 f   g_misc.obj
 0001:0003d580       _AESpawner_PassAnimEntPVSCheck 2003e580 f   g_misc.obj
 0001:0003d5f0       _AESpawner_Think           2003e5f0 f   g_misc.obj
 0001:0003d730       _SP_misc_animent_spawner   2003e730 f   g_misc.obj
 0001:0003db10       _Use_Target_Screenshake    2003eb10 f   g_misc.obj
 0001:0003db50       _SP_target_screenshake     2003eb50 f   g_misc.obj
 0001:0003dbc0       _Use_Target_Escapetrig     2003ebc0 f   g_misc.obj
 0001:0003dca0       _SP_target_escapetrig      2003eca0 f   g_misc.obj
 0001:0003dcf0       _G_CreateExampleAnimEnt    2003ecf0 f   g_misc.obj
 0001:0003dea0       _G_ReflectMissile          2003eea0 f   g_missile.obj
 0001:0003e100       _G_DeflectMissile          2003f100 f   g_missile.obj
 0001:0003e230       _G_BounceMissile           2003f230 f   g_missile.obj
 0001:0003e460       _G_RunStuckMissile         2003f460 f   g_missile.obj
 0001:0003e4f0       _CreateMissile             2003f4f0 f   g_missile.obj
 0001:0003e630       _G_MissileImpact           2003f630 f   g_missile.obj
 0001:0003ed20       _G_RunMissile              2003fd20 f   g_missile.obj
 0001:0003f030       _G_TestEntityPosition      20040030 f   g_mover.obj
 0001:0003f0f0       _SetMoverState             200400f0 f   g_mover.obj
 0001:0003f260       _MatchTeam                 20040260 f   g_mover.obj
 0001:0003f290       _ReturnToPos1              20040290 f   g_mover.obj
 0001:0003f390       _Reached_BinaryMover       20040390 f   g_mover.obj
 0001:0003f550       _Use_BinaryMover           20040550 f   g_mover.obj
 0001:0003f690       _InitMover                 20040690 f   g_mover.obj
 0001:0003f8d0       _Blocked_Door              200408d0 f   g_mover.obj
 0001:0003fae0       _Touch_DoorTrigger         20040ae0 f   g_mover.obj
 0001:0003fb40       _Think_SpawnNewDoorTrigger 20040b40 f   g_mover.obj
 0001:0003fcf0       _Think_MatchTeam           20040cf0 f   g_mover.obj
 0001:0003fd20       _SP_func_door              20040d20 f   g_mover.obj
 0001:00040010       _Touch_Plat                20041010 f   g_mover.obj
 0001:00040080       _Touch_PlatCenterTrigger   20041080 f   g_mover.obj
 0001:000400d0       _SpawnPlatTrigger          200410d0 f   g_mover.obj
 0001:00040220       _SP_func_plat              20041220 f   g_mover.obj
 0001:00040420       _Touch_Button              20041420 f   g_mover.obj
 0001:00040450       _SP_func_button            20041450 f   g_mover.obj
 0001:00040640       _Think_BeginMoving         20041640 f   g_mover.obj
 0001:00040660       _Reached_Train             20041660 f   g_mover.obj
 0001:00040870       _Think_SetupTrainTargets   20041870 f   g_mover.obj
 0001:00040950       _SP_path_corner            20041950 f   g_mover.obj
 0001:00040980       _SP_func_train             20041980 f   g_mover.obj
 0001:00040a40       _SP_func_static            20041a40 f   g_mover.obj
 0001:00040a90       _SP_func_rotating          20041a90 f   g_mover.obj
 0001:00040b60       _SP_func_bobbing           20041b60 f   g_mover.obj
 0001:00040c60       _SP_func_pendulum          20041c60 f   g_mover.obj
 0001:00040d70       _BreakableBrushDie         20041d70 f   g_mover.obj
 0001:00040f10       _BrushThink                20041f10 f   g_mover.obj
 0001:00040f40       _BreakableBrushUse         20041f40 f   g_mover.obj
 0001:00040f80       _SP_func_breakable         20041f80 f   g_mover.obj
 0001:000412a0       _GlassDie                  200422a0 f   g_mover.obj
 0001:00041390       _GlassUse                  20042390 f   g_mover.obj
 0001:000414c0       _SP_func_glass             200424c0 f   g_mover.obj
 0001:00041590       _func_wait_return_solid    20042590 f   g_mover.obj
 0001:00041650       _func_usable_think         20042650 f   g_mover.obj
 0001:00041680       _func_usable_use           20042680 f   g_mover.obj
 0001:00041790       _func_usable_pain          20042790 f   g_mover.obj
 0001:000417b0       _func_usable_die           200427b0 f   g_mover.obj
 0001:000417e0       _SP_func_usable            200427e0 f   g_mover.obj
 0001:000418a0       _G_TryPushingEntity        200428a0 f   g_mover.obj
 0001:00041ce0       _G_MoverPush               20042ce0 f   g_mover.obj
 0001:000421d0       _G_MoverTeam               200431d0 f   g_mover.obj
 0001:00042370       _G_RunMover                20043370 f   g_mover.obj
 0001:000423b0       _G_BounceObject            200433b0 f   g_object.obj
 0001:000425b0       _G_StopObjectMoving        200435b0 f   g_object.obj
 0001:00042600       _pitch_roll_for_slope      20043600 f   g_object.obj
 0001:000428e0       _G_RunObject               200438e0 f   g_object.obj
 0001:00042cf0       _InitSagaMode              20043cf0 f   g_saga.obj
 0001:00042ec0       _UseSagaTarget             20043ec0 f   g_saga.obj
 0001:00042f60       _SagaBroadcast_OBJECTIVECOMPLETE 20043f60 f   g_saga.obj
 0001:00042fc0       _BroadcastObjectiveCompletion 20043fc0 f   g_saga.obj
 0001:00043020       _AddSagaWinningTeamPoints  20044020 f   g_saga.obj
 0001:00043090       _SagaRoundComplete         20044090 f   g_saga.obj
 0001:00043140       _SagaObjectiveCompleted    20044140 f   g_saga.obj
 0001:000431d0       _StripTabs                 200441d0 f   g_saga.obj
 0001:00043200       _sagaTriggerUse            20044200 f   g_saga.obj
 0001:000433b0       _SP_info_saga_objective    200443b0 f   g_saga.obj
 0001:00043430       _G_WriteClientSessionData  20044430 f   g_session.obj
 0001:000434c0       _G_ReadSessionData         200444c0 f   g_session.obj
 0001:00043590       _G_InitSessionData         20044590 f   g_session.obj
 0001:000436e0       _G_InitWorldSession        200446e0 f   g_session.obj
 0001:00043730       _G_WriteSessionData        20044730 f   g_session.obj
 0001:00043790       _G_SpawnString             20044790 f   g_spawn.obj
 0001:00043800       _G_SpawnFloat              20044800 f   g_spawn.obj
 0001:00043830       _G_SpawnInt                20044830 f   g_spawn.obj
 0001:00043860       _G_SpawnVector             20044860 f   g_spawn.obj
 0001:000438a0       _G_CallSpawn               200448a0 f   g_spawn.obj
 0001:000439a0       _G_NewString               200449a0 f   g_spawn.obj
 0001:00043a00       _G_ParseField              20044a00 f   g_spawn.obj
 0001:00043b40       _G_SpawnGEntityFromSpawnVars 20044b40 f   g_spawn.obj
 0001:00043cc0       _G_AddSpawnVarToken        20044cc0 f   g_spawn.obj
 0001:00043d30       _G_ParseSpawnVars          20044d30 f   g_spawn.obj
 0001:00043e50       _SP_worldspawn             20044e50 f   g_spawn.obj
 0001:00044200       _G_SpawnEntitiesFromString 20045200 f   g_spawn.obj
 0001:000443e0       _G_FilterPacket            200453e0 f   g_svcmds.obj
 0001:000444a0       _G_CheckMaxConnections     200454a0 f   g_svcmds.obj
 0001:000445d0       _AddIP                     200455d0 f   g_svcmds.obj
 0001:000446b0       _G_ProcessIPBans           200456b0 f   g_svcmds.obj
 0001:00044790       _Svcmd_AddIP_f             20045790 f   g_svcmds.obj
 0001:000447e0       _Svcmd_RemoveIP_f          200457e0 f   g_svcmds.obj
 0001:000448a0       _Svcmd_EntityList_f        200458a0 f   g_svcmds.obj
 0001:00044a30       _ClientForString           20045a30 f   g_svcmds.obj
 0001:00044b10       _Svcmd_ForceTeam_f         20045b10 f   g_svcmds.obj
 0001:00044b90       _Svcmd_LockTeam            20045b90 f   g_svcmds.obj
 0001:00044ec0       _Svcmd_Slap                20045ec0 f   g_svcmds.obj
 0001:00045070       _Svcmd_Slay                20046070 f   g_svcmds.obj
 0001:00045250       _Svcmd_Rename              20046250 f   g_svcmds.obj
 0001:00045360       _Svcmd_Silence             20046360 f   g_svcmds.obj
 0001:000454e0       _Svcmd_Punish              200464e0 f   g_svcmds.obj
 0001:000456b0       _Svcmd_CSprint             200466b0 f   g_svcmds.obj
 0001:00045810       _Svcmd_ChangeMode          20046810 f   g_svcmds.obj
 0001:00045aa0       _Svcmd_Sleep               20046aa0 f   g_svcmds.obj
 0001:00045c80       _Svcmd_Empower             20046c80 f   g_svcmds.obj
 0001:00046130       _Svcmd_Who                 20047130 f   g_svcmds.obj
 0001:00046180       _Svcmd_Terminator          20047180 f   g_svcmds.obj
 0001:00046530       _Svcmd_Protect             20047530 f   g_svcmds.obj
 0001:00046730       _Svcmd_ChangeMap           20047730 f   g_svcmds.obj
 0001:000467d0       _Svcmd_AdminKick           200477d0 f   g_svcmds.obj
 0001:000468b0       _ConsoleCommand            200478b0 f   g_svcmds.obj
 0001:00046c90       _dllEntry                  20047c90 f   g_syscalls.obj
 0001:00046ca0       _trap_Printf               20047ca0 f   g_syscalls.obj
 0001:00046cc0       _trap_Error                20047cc0 f   g_syscalls.obj
 0001:00046ce0       _trap_Milliseconds         20047ce0 f   g_syscalls.obj
 0001:00046cf0       _trap_Cvar_Register        20047cf0 f   g_syscalls.obj
 0001:00046d10       _trap_Cvar_Update          20047d10 f   g_syscalls.obj
 0001:00046d30       _trap_Cvar_Set             20047d30 f   g_syscalls.obj
 0001:00046d50       _trap_Cvar_VariableIntegerValue 20047d50 f   g_syscalls.obj
 0001:00046d70       _trap_Cvar_VariableStringBuffer 20047d70 f   g_syscalls.obj
 0001:00046d90       _trap_Argc                 20047d90 f   g_syscalls.obj
 0001:00046da0       _trap_Argv                 20047da0 f   g_syscalls.obj
 0001:00046dc0       _trap_FS_FOpenFile         20047dc0 f   g_syscalls.obj
 0001:00046de0       _trap_FS_Read              20047de0 f   g_syscalls.obj
 0001:00046e00       _trap_FS_Write             20047e00 f   g_syscalls.obj
 0001:00046e20       _trap_FS_FCloseFile        20047e20 f   g_syscalls.obj
 0001:00046e40       _trap_SendConsoleCommand   20047e40 f   g_syscalls.obj
 0001:00046e60       _trap_LocateGameData       20047e60 f   g_syscalls.obj
 0001:00046e90       _trap_DropClient           20047e90 f   g_syscalls.obj
 0001:00046eb0       _trap_SendServerCommand    20047eb0 f   g_syscalls.obj
 0001:00046f10       _trap_SetConfigstring      20047f10 f   g_syscalls.obj
 0001:00046f30       _trap_GetConfigstring      20047f30 f   g_syscalls.obj
 0001:00046f50       _trap_GetUserinfo          20047f50 f   g_syscalls.obj
 0001:00046f70       _trap_SetUserinfo          20047f70 f   g_syscalls.obj
 0001:00046f90       _trap_GetServerinfo        20047f90 f   g_syscalls.obj
 0001:00046fb0       _trap_SetBrushModel        20047fb0 f   g_syscalls.obj
 0001:00046fd0       _trap_Trace                20047fd0 f   g_syscalls.obj
 0001:00047010       _trap_PointContents        20048010 f   g_syscalls.obj
 0001:00047030       _trap_InPVS                20048030 f   g_syscalls.obj
 0001:00047050       _trap_AdjustAreaPortalState 20048050 f   g_syscalls.obj
 0001:00047070       _trap_LinkEntity           20048070 f   g_syscalls.obj
 0001:00047090       _trap_UnlinkEntity         20048090 f   g_syscalls.obj
 0001:000470b0       _trap_EntitiesInBox        200480b0 f   g_syscalls.obj
 0001:000470d0       _trap_EntityContact        200480d0 f   g_syscalls.obj
 0001:000470f0       _trap_BotAllocateClient    200480f0 f   g_syscalls.obj
 0001:00047100       _trap_GetUsercmd           20048100 f   g_syscalls.obj
 0001:00047120       _trap_GetEntityToken       20048120 f   g_syscalls.obj
 0001:00047140       _trap_FS_GetFileList       20048140 f   g_syscalls.obj
 0001:00047160       _trap_SnapVector           20048160 f   g_syscalls.obj
 0001:00047180       _trap_ROFF_Clean           20048180 f   g_syscalls.obj
 0001:00047190       _trap_ROFF_UpdateEntities  20048190 f   g_syscalls.obj
 0001:000471a0       _trap_ROFF_Cache           200481a0 f   g_syscalls.obj
 0001:000471c0       _trap_ROFF_Play            200481c0 f   g_syscalls.obj
 0001:000471e0       _trap_BotLibSetup          200481e0 f   g_syscalls.obj
 0001:000471f0       _trap_BotLibShutdown       200481f0 f   g_syscalls.obj
 0001:00047200       _trap_BotGetServerCommand  20048200 f   g_syscalls.obj
 0001:00047220       _trap_BotUserCommand       20048220 f   g_syscalls.obj
 0001:00047240       _trap_EA_Say               20048240 f   g_syscalls.obj
 0001:00047260       _trap_EA_SayTeam           20048260 f   g_syscalls.obj
 0001:00047280       _trap_EA_Attack            20048280 f   g_syscalls.obj
 0001:000472a0       _trap_EA_Alt_Attack        200482a0 f   g_syscalls.obj
 0001:000472c0       _trap_EA_ForcePower        200482c0 f   g_syscalls.obj
 0001:000472e0       _trap_EA_Use               200482e0 f   g_syscalls.obj
 0001:00047300       _trap_EA_Crouch            20048300 f   g_syscalls.obj
 0001:00047320       _trap_EA_MoveForward       20048320 f   g_syscalls.obj
 0001:00047340       _trap_EA_MoveLeft          20048340 f   g_syscalls.obj
 0001:00047360       _trap_EA_MoveRight         20048360 f   g_syscalls.obj
 0001:00047380       _trap_EA_SelectWeapon      20048380 f   g_syscalls.obj
 0001:000473a0       _trap_EA_Jump              200483a0 f   g_syscalls.obj
 0001:000473c0       _trap_EA_Move              200483c0 f   g_syscalls.obj
 0001:000473f0       _trap_EA_View              200483f0 f   g_syscalls.obj
 0001:00047410       _trap_EA_GetInput          20048410 f   g_syscalls.obj
 0001:00047440       _trap_EA_ResetInput        20048440 f   g_syscalls.obj
 0001:00047460       _trap_BotResetGoalState    20048460 f   g_syscalls.obj
 0001:00047480       _trap_BotResetAvoidGoals   20048480 f   g_syscalls.obj
 0001:000474a0       _trap_BotAllocGoalState    200484a0 f   g_syscalls.obj
 0001:000474c0       _trap_BotFreeGoalState     200484c0 f   g_syscalls.obj
 0001:000474e0       _trap_BotResetMoveState    200484e0 f   g_syscalls.obj
 0001:00047500       _trap_BotResetAvoidReach   20048500 f   g_syscalls.obj
 0001:00047520       _trap_BotAllocMoveState    20048520 f   g_syscalls.obj
 0001:00047530       _trap_BotFreeMoveState     20048530 f   g_syscalls.obj
 0001:00047550       _trap_BotAllocWeaponState  20048550 f   g_syscalls.obj
 0001:00047560       _trap_BotFreeWeaponState   20048560 f   g_syscalls.obj
 0001:00047580       _trap_BotResetWeaponState  20048580 f   g_syscalls.obj
 0001:000475a0       _trap_G2_HaveWeGhoul2Models 200485a0 f   g_syscalls.obj
 0001:000475c0       _trap_G2API_GetBoltMatrix  200485c0 f   g_syscalls.obj
 0001:00047600       _trap_G2API_GetBoltMatrix_NoRecNoRot 20048600 f   g_syscalls.obj
 0001:00047640       _trap_G2API_InitGhoul2Model 20048640 f   g_syscalls.obj
 0001:00047680       _trap_G2API_AddBolt        20048680 f   g_syscalls.obj
 0001:000476a0       _trap_G2API_SetBoltInfo    200486a0 f   g_syscalls.obj
 0001:000476c0       _trap_G2API_SetBoneAngles  200486c0 f   g_syscalls.obj
 0001:00047710       _trap_G2API_SetBoneAnim    20048710 f   g_syscalls.obj
 0001:00047760       _trap_G2API_GetGLAName     20048760 f   g_syscalls.obj
 0001:00047780       _trap_G2API_CopySpecificGhoul2Model 20048780 f   g_syscalls.obj
 0001:000477b0       _trap_G2API_DuplicateGhoul2Instance 200487b0 f   g_syscalls.obj
 0001:000477d0       _trap_G2API_CleanGhoul2Models 200487d0 f   g_syscalls.obj
 0001:000477f0       _trap_G2API_CollisionDetect 200487f0 f   g_syscalls.obj
 0001:00047850       _Use_Target_Give           20048850 f   g_target.obj
 0001:000478f0       _SP_target_give            200488f0 f   g_target.obj
 0001:00047900       _Use_target_remove_powerups 20048900 f   g_target.obj
 0001:00047960       _SP_target_remove_powerups 20048960 f   g_target.obj
 0001:00047970       _Think_Target_Delay        20048970 f   g_target.obj
 0001:00047990       _Use_Target_Delay          20048990 f   g_target.obj
 0001:00047a10       _SP_target_delay           20048a10 f   g_target.obj
 0001:00047a70       _Use_Target_Score          20048a70 f   g_target.obj
 0001:00047a90       _SP_target_score           20048a90 f   g_target.obj
 0001:00047ac0       _Use_Target_Print          20048ac0 f   g_target.obj
 0001:00047b90       _SP_target_print           20048b90 f   g_target.obj
 0001:00047ba0       _Use_Target_Speaker        20048ba0 f   g_target.obj
 0001:00047c40       _SP_target_speaker         20048c40 f   g_target.obj
 0001:00047d60       _target_laser_think        20048d60 f   g_target.obj
 0001:00047ee0       _target_laser_use          20048ee0 f   g_target.obj
 0001:00047f30       _target_laser_start        20048f30 f   g_target.obj
 0001:00048010       _SP_target_laser           20049010 f   g_target.obj
 0001:00048030       _target_teleporter_use     20049030 f   g_target.obj
 0001:00048080       _SP_target_teleporter      20049080 f   g_target.obj
 0001:000480c0       _target_relay_use          200490c0 f   g_target.obj
 0001:00048140       _SP_target_relay           20049140 f   g_target.obj
 0001:00048150       _target_kill_use           20049150 f   g_target.obj
 0001:00048170       _SP_target_kill            20049170 f   g_target.obj
 0001:00048230       _SP_target_location        20049230 f   g_target.obj
 0001:00048260       _TeamName                  20049260 f   g_team.obj
 0001:00048290       _PrintCTFMessage           20049290 f   g_team.obj
 0001:00048300       _AddTeamScore              20049300 f   g_team.obj
 0001:00048400       _OnSameTeam                20049400 f   g_team.obj
 0001:00048480       _Team_SetFlagStatus        20049480 f   g_team.obj
 0001:00048510       _Team_CheckDroppedItem     20049510 f   g_team.obj
 0001:000485e0       _Team_FragBonuses          200495e0 f   g_team.obj
 0001:00048b50       _Team_CheckHurtCarrier     20049b50 f   g_team.obj
 0001:00048be0       _Team_ResetFlag            20049be0 f   g_team.obj
 0001:00048c70       _Team_TakeFlagSound        20049c70 f   g_team.obj
 0001:00048d10       _Team_CaptureFlagSound     20049d10 f   g_team.obj
 0001:00048d50       _Team_ReturnFlag           20049d50 f   g_team.obj
 0001:00048de0       _Team_FreeEntity           20049de0 f   g_team.obj
 0001:00048f50       _Team_DroppedFlagThink     20049f50 f   g_team.obj
 0001:00048fd0       _Team_TouchOurFlag         20049fd0 f   g_team.obj
 0001:00049340       _Team_TouchEnemyFlag       2004a340 f   g_team.obj
 0001:00049410       _Pickup_Team               2004a410 f   g_team.obj
 0001:000494a0       _Team_GetLocation          2004a4a0 f   g_team.obj
 0001:00049560       _Team_GetLocationMsg       2004a560 f   g_team.obj
 0001:00049600       _SelectRandomTeamSpawnPoint 2004a600 f   g_team.obj
 0001:000496f0       _SelectCTFSpawnPoint       2004a6f0 f   g_team.obj
 0001:000496f0       _SelectSagaSpawnPoint      2004a6f0 f   g_team.obj
 0001:00049760       _TeamplayInfoMessage       2004a760 f   g_team.obj
 0001:00049940       _CheckTeamStatus           2004a940 f   g_team.obj
 0001:00049a40       _Team_InitGame             2004aa40 f   g_team.obj
 0001:00049b20       _multi_wait                2004ab20 f   g_trigger.obj
 0001:00049b30       _multi_trigger             2004ab30 f   g_trigger.obj
 0001:00049d60       _Use_Multi                 2004ad60 f   g_trigger.obj
 0001:00049d80       _Touch_Multi               2004ad80 f   g_trigger.obj
 0001:00049da0       _trigger_always_think      2004ada0 f   g_trigger.obj
 0001:00049dc0       _SP_trigger_always         2004adc0 f   g_trigger.obj
 0001:00049de0       _trigger_push_touch        2004ade0 f   g_trigger.obj
 0001:00049e00       _AimAtTarget               2004ae00 f   g_trigger.obj
 0001:00049f00       _Use_target_push           2004af00 f   g_trigger.obj
 0001:00049f80       _SP_target_push            2004af80 f   g_trigger.obj
 0001:0004a060       _trigger_teleporter_touch  2004b060 f   g_trigger.obj
 0001:0004a0c0       _hurt_use                  2004b0c0 f   g_trigger.obj
 0001:0004a120       _hurt_touch                2004b120 f   g_trigger.obj
 0001:0004a2d0       _func_timer_think          2004b2d0 f   g_trigger.obj
 0001:0004a330       _func_timer_use            2004b330 f   g_trigger.obj
 0001:0004a360       _SP_func_timer             2004b360 f   g_trigger.obj
 0001:0004a410       _InitTrigger               2004b410 f   g_trigger.obj
 0001:0004a490       _SP_trigger_multiple       2004b490 f   g_trigger.obj
 0001:0004a550       _SP_trigger_push           2004b550 f   g_trigger.obj
 0001:0004a5b0       _SP_trigger_teleport       2004b5b0 f   g_trigger.obj
 0001:0004a610       _SP_trigger_hurt           2004b610 f   g_trigger.obj
 0001:0004a6a0       _AddRemap                  2004b6a0 f   g_utils.obj
 0001:0004a760       _BuildShaderStateConfig    2004b760 f   g_utils.obj
 0001:0004a7f0       _G_FindConfigstringIndex   2004b7f0 f   g_utils.obj
 0001:0004a8e0       _G_ModelIndex              2004b8e0 f   g_utils.obj
 0001:0004a900       _G_SoundIndex              2004b900 f   g_utils.obj
 0001:0004a920       _G_EffectIndex             2004b920 f   g_utils.obj
 0001:0004a940       _G_TeamCommand             2004b940 f   g_utils.obj
 0001:0004a9b0       _G_Find                    2004b9b0 f   g_utils.obj
 0001:0004aa40       _G_RadiusList              2004ba40 f   g_utils.obj
 0001:0004ac00       _G_PickTarget              2004bc00 f   g_utils.obj
 0001:0004ac90       _G_UseTargets              2004bc90 f   g_utils.obj
 0001:0004ad60       _vtos                      2004bd60 f   g_utils.obj
 0001:0004adb0       _G_SetMovedir              2004bdb0 f   g_utils.obj
 0001:0004ae90       _G_InitGentity             2004be90 f   g_utils.obj
 0001:0004aee0       _G_Spawn                   2004bee0 f   g_utils.obj
 0001:0004b020       _G_SendG2KillQueue         2004c020 f   g_utils.obj
 0001:0004b0b0       _G_KillG2Queue             2004c0b0 f   g_utils.obj
 0001:0004b0f0       _G_FreeEntity              2004c0f0 f   g_utils.obj
 0001:0004b200       _G_KillBox                 2004c200 f   g_utils.obj
 0001:0004b2d0       _G_AddPredictableEvent     2004c2d0 f   g_utils.obj
 0001:0004b300       _G_AddEvent                2004c300 f   g_utils.obj
 0001:0004b3b0       _TryUse                    2004c3b0 f   g_utils.obj
 0001:0004b4d0       _G_BoxInBounds             2004c4d0 f   g_utils.obj
 0001:0004b580       _G_SetAngles               2004c580 f   g_utils.obj
 0001:0004b5d0       _G_SetOrigin               2004c5d0 f   g_utils.obj
 0001:0004b620       _G_ROFF_NotetrackCallback  2004c620 f   g_utils.obj
 0001:0004b720       _G_TempEntity              2004c720 f   g_utils.obj
 0001:0004b7f0       _G_SoundTempEntity         2004c7f0 f   g_utils.obj
 0001:0004b8c0       _G_PlayEffect              2004c8c0 f   g_utils.obj
 0001:0004b910       _G_ScreenShake             2004c910 f   g_utils.obj
 0001:0004b970       _G_MuteSound               2004c970 f   g_utils.obj
 0001:0004b9d0       _G_Sound                   2004c9d0 f   g_utils.obj
 0001:0004bac0       _G_SoundAtLoc              2004cac0 f   g_utils.obj
 0001:0004bae0       _G_EntitySound             2004cae0 f   g_utils.obj
 0001:0004bb20       _W_TraceSetStart           2004cb20 f   g_weapon.obj
 0001:0004bd90       _WP_FireTurretMissile      2004cd90 f   g_weapon.obj
 0001:0004be20       _WP_FireGenericBlasterMissile 2004ce20 f   g_weapon.obj
 0001:0004be90       _WP_FireBlasterMissile     2004ce90 f   g_weapon.obj
 0001:0004bf10       _WP_FireEmplacedMissile    2004cf10 f   g_weapon.obj
 0001:0004c580       _DEMP2_AltRadiusDamage     2004d580 f   g_weapon.obj
 0001:0004c8d0       _DEMP2_AltDetonate         2004d8d0 f   g_weapon.obj
 0001:0004cda0       _rocketThink               2004dda0 f   g_weapon.obj
 0001:0004d320       _thermalDetonatorExplode   2004e320 f   g_weapon.obj
 0001:0004d490       _thermalThinkStandard      2004e490 f   g_weapon.obj
 0001:0004d4e0       _WP_FireThermalDetonator   2004e4e0 f   g_weapon.obj
 0001:0004d780       _laserTrapExplode          2004e780 f   g_weapon.obj
 0001:0004d850       _laserTrapDelayedExplode   2004e850 f   g_weapon.obj
 0001:0004d8c0       _laserTrapThink            2004e8c0 f   g_weapon.obj
 0001:0004d9d0       _laserTrapStick            2004e9d0 f   g_weapon.obj
 0001:0004db60       _TrapThink                 2004eb60 f   g_weapon.obj
 0001:0004db80       _VectorNPos                2004eb80 f   g_weapon.obj
 0001:0004dbf0       _DetPackBlow               2004ebf0 f   g_weapon.obj
 0001:0004dcb0       _DetPackDie                2004ecb0 f   g_weapon.obj
 0001:0004dcb0       _DetPackPain               2004ecb0 f   g_weapon.obj
 0001:0004dcf0       _BlowDetpacks              2004ecf0 f   g_weapon.obj
 0001:0004dde0       _WP_FireStunBaton          2004ede0 f   g_weapon.obj
 0001:0004e050       _SnapVectorTowards         2004f050 f   g_weapon.obj
 0001:0004e0a0       _LogAccuracyHit            2004f0a0 f   g_weapon.obj
 0001:0004e0f0       _CalcMuzzlePoint           2004f0f0 f   g_weapon.obj
 0001:0004e240       _AnimEntCalcMuzzlePoint    2004f240 f   g_weapon.obj
 0001:0004e4c0       _emplaced_gun_use          2004f4c0 f   g_weapon.obj
 0001:0004e720       _emplaced_gun_realuse      2004f720 f   g_weapon.obj
 0001:0004e730       _emplaced_gun_update       2004f730 f   g_weapon.obj
 0001:0004eab0       _emplaced_gun_die          2004fab0 f   g_weapon.obj
 0001:0004eaf0       _SP_emplaced_gun           2004faf0 f   g_weapon.obj
 0001:0004f090       _WP_DisruptorAltFire       20050090 f   g_weapon.obj
 0001:0004f6c0       _WP_flechette_alt_blow     200506c0 f   g_weapon.obj
 0001:0004f930       _touchLaserTrap            20050930 f   g_weapon.obj
 0001:0004f9d0       _CreateLaserTrap           200509d0 f   g_weapon.obj
 0001:0004fc40       _WP_PlaceLaserTrap         20050c40 f   g_weapon.obj
 0001:0004fe20       _charge_stick              20050e20 f   g_weapon.obj
 0001:00050100       _drop_charge               20051100 f   g_weapon.obj
 0001:00050350       _WP_DropDetPack            20051350 f   g_weapon.obj
 0001:00050530       _FireWeapon                20051530 f   g_weapon.obj
 0001:00050820       _AnimEntFireWeapon         20051820 f   g_weapon.obj
 0001:00050a20       _Q_random                  20051a20 f   q_math.obj
 0001:00050a50       _DirToByte                 20051a50 f   q_math.obj
 0001:00050c10       _vectoangles               20051c10 f   q_math.obj
 0001:00050d20       _ProjectPointOnPlane       20051d20 f   q_math.obj
 0001:00050da0       _Q_fabs                    20051da0 f   q_math.obj
 0001:00050dc0       _AngleSubtract             20051dc0 f   q_math.obj
 0001:00050e20       _AnglesSubtract            20051e20 f   q_math.obj
 0001:00050e60       _AngleNormalize360         20051e60 f   q_math.obj
 0001:00050e60       _AngleMod                  20051e60 f   q_math.obj
 0001:00050e90       _AngleNormalize180         20051e90 f   q_math.obj
 0001:00050ed0       _AngleDelta                20051ed0 f   q_math.obj
 0001:00050f10       _RadiusFromBounds          20051f10 f   q_math.obj
 0001:00050f90       _AddPointToBounds          20051f90 f   q_math.obj
 0001:00051010       _VectorNormalize           20052010 f   q_math.obj
 0001:00051070       _VectorNormalize2          20052070 f   q_math.obj
 0001:000510e0       _AngleVectors              200520e0 f   q_math.obj
 0001:00051220       _PerpendicularVector       20052220 f   q_math.obj
 0001:00051310       _flrand                    20052310 f   q_math.obj
 0001:00051350       _AnglesToAxis              20052350 f   q_math.obj
 0001:000513a0       _COM_ParseExt              200523a0 f   q_shared.obj
 0001:00051510       _Q_strrchr                 20052510 f   q_shared.obj
 0001:00051540       _Q_strncpyz                20052540 f   q_shared.obj
 0001:000515a0       _Q_stricmpn                200525a0 f   q_shared.obj
 0001:00051620       _Q_strncmp                 20052620 f   q_shared.obj
 0001:00051660       _Q_stricmp                 20052660 f   q_shared.obj
 0001:00051690       _Q_strcat                  20052690 f   q_shared.obj
 0001:000516e0       _Q_CleanStr                200526e0 f   q_shared.obj
 0001:00051730       _Com_sprintf               20052730 f   q_shared.obj
 0001:000517b0       _va                        200527b0 f   q_shared.obj
 0001:000517f0       _Info_ValueForKey          200527f0 f   q_shared.obj
 0001:000518f0       _Info_RemoveKey            200528f0 f   q_shared.obj
 0001:000519f0       _Info_Validate             200529f0 f   q_shared.obj
 0001:00051a20       _Info_SetValueForKey       20052a20 f   q_shared.obj
 0001:00051bf0       _Q_irand                   20052bf0 f   q_shared.obj
 0001:00051c10       _GetIDForString            20052c10 f   q_shared.obj
 0001:00051c60       _Q_stristr                 20052c60 f   q_shared.obj
 0001:00051cd0       _COM_Parse                 20052cd0 f   q_shared.obj
 0001:00051ce0       _G_PreDefSound             20052ce0 f   w_force.obj
 0001:00051d10       _InFront                   20052d10 f   w_force.obj
 0001:00051db0       _CheckForceStringTail      20052db0 f   w_force.obj
 0001:00051e10       _CheckForceString          20052e10 f   w_force.obj
 0001:00051e70       _WP_InitForcePowers        20052e70 f   w_force.obj
 0001:000527b0       _ForcePowerUsableOn        200537b0 f   w_force.obj
 0001:00052860       _WP_ForcePowerAvailable    20053860 f   w_force.obj
 0001:000528d0       _WP_ForcePowerUsable       200538d0 f   w_force.obj
 0001:000529b0       _WP_AbsorbConversion       200539b0 f   w_force.obj
 0001:00052aa0       _WP_ForcePowerRegenerate   20053aa0 f   w_force.obj
 0001:00052af0       _WP_ForcePowerStart        20053af0 f   w_force.obj
 0001:00052f40       _ForceHeal                 20053f40 f   w_force.obj
 0001:00052fd0       _WP_AddToClientBitflags    20053fd0 f   w_force.obj
 0001:00053020       _ForceTeamHeal             20054020 f   w_force.obj
 0001:00053290       _ForceTeamForceReplenish   20054290 f   w_force.obj
 0001:00053520       _ForceGrip                 20054520 f   w_force.obj
 0001:00053740       _ForceLightning            20054740 f   w_force.obj
 0001:000538a0       _ForceLightningDamage      200548a0 f   w_force.obj
 0001:00053a80       _ForceShootLightning       20054a80 f   w_force.obj
 0001:00053ed0       _ForceDrain                20054ed0 f   w_force.obj
 0001:00054010       _ForceDrainDamage          20055010 f   w_force.obj
 0001:000542d0       _ForceShootDrain           200552d0 f   w_force.obj
 0001:000547a0       _ForceJumpCharge           200557a0 f   w_force.obj
 0001:00054990       _WP_GetVelocityForForceJump 20055990 f   w_force.obj
 0001:00054c50       _ForceJump                 20055c50 f   w_force.obj
 0001:00054dd0       _WP_AddAsMindtricked       20055dd0 f   w_force.obj
 0001:00054e20       _CanCounterThrow           20055e20 f   w_force.obj
 0001:00054e90       _G_InGetUpAnim             20055e90 f   w_force.obj
 0001:00054f10       _WP_ForcePowerStop         20055f10 f   w_force.obj
 0001:00055250       _DoGripAction              20056250 f   w_force.obj
 0001:00055ab0       _G_IsMindTricked           20056ab0 f   w_force.obj
 0001:000561d0       _FindGenericEnemyIndex     200571d0 f   w_force.obj
 0001:00056310       _SeekerDroneUpdate         20057310 f   w_force.obj
 0001:000568e0       _HolocronUpdate            200578e0 f   w_force.obj
 0001:00056a40       _JediMasterUpdate          20057a40 f   w_force.obj
 0001:00056b50       _WP_HasForcePowers         20057b50 f   w_force.obj
 0001:00056b90       _WP_SpawnInitForcePowers   20057b90 f   w_force.obj
 0001:00056f50       _ForceSpeed                20057f50 f   w_force.obj
 0001:00057030       _ForceSeeing               20058030 f   w_force.obj
 0001:000571e0       _ForceProtect              200581e0 f   w_force.obj
 0001:000573f0       _ForceAbsorb               200583f0 f   w_force.obj
 0001:00057600       _ForceRage                 20058600 f   w_force.obj
 0001:00057860       _ForceTelepathy            20058860 f   w_force.obj
 0001:000580c0       _ForceThrow                200590c0 f   w_force.obj
 0001:00059520       _WP_DoSpecificPower        2005a520 f   w_force.obj
 0001:000598f0       _WP_ForcePowersUpdate      2005a8f0 f   w_force.obj
 0001:0005a700       _Jedi_DodgeEvasion         2005b700 f   w_force.obj
 0001:0005a8b0       _RandFloat                 2005b8b0 f   w_saber.obj
 0001:0005a8e0       _SaberUpdateSelf           2005b8e0 f   w_saber.obj
 0001:0005aa00       _WP_SaberInitBladeData     2005ba00 f   w_saber.obj
 0001:0005ab10       _G_G2ClientSpineAngles     2005bb10 f   w_saber.obj
 0001:0005acf0       _G_G2PlayerAngles          2005bcf0 f   w_saber.obj
 0001:0005b130       _SaberAttacking            2005c130 f   w_saber.obj
 0001:0005b200       _WP_SabersCheckLock2       2005c200 f   w_saber.obj
 0001:0005b6a0       _WP_SabersCheckLock        2005c6a0 f   w_saber.obj
 0001:0005be10       _G_GetParryForBlock        2005ce10 f   w_saber.obj
 0001:0005be90       _WP_GetSaberDeflectionAngle 2005ce90 f   w_saber.obj
 0001:0005c1e0       _G_KnockawayForParry       2005d1e0 f   w_saber.obj
 0001:0005c230       _G_GetAttackDamage         2005d230 f   w_saber.obj
 0001:0005c2f0       _G_GetAnimPoint            2005d2f0 f   w_saber.obj
 0001:0005c370       _G_ClientIdleInWorld       2005d370 f   w_saber.obj
 0001:0005c3b0       _G_G2TraceCollide          2005d3b0 f   w_saber.obj
 0001:0005c580       _saberMoveBack             2005d580 f   w_saber.obj
 0001:0005c5e0       _SaberBounceSound          2005d5e0 f   w_saber.obj
 0001:0005c600       _DeadSaberThink            2005d600 f   w_saber.obj
 0001:0005c640       _MakeDeadSaber             2005d640 f   w_saber.obj
 0001:0005c8a0       _WP_MissileBlockForBlock   2005d8a0 f   w_saber.obj
 0001:0005c8f0       _WP_SaberBlockNonRandom    2005d8f0 f   w_saber.obj
 0001:0005ca80       _WP_SaberCanBlock          2005da80 f   w_saber.obj
 0001:0005cc90       _HasSetSaberOnly           2005dc90 f   w_saber.obj
 0001:0005cce0       _CheckSaberDamage          2005dce0 f   w_saber.obj
 0001:0005e890       _CheckThrownSaberDamaged   2005f890 f   w_saber.obj
 0001:0005eed0       _saberCheckRadiusDamage    2005fed0 f   w_saber.obj
 0001:0005ef50       _saberBackToOwner          2005ff50 f   w_saber.obj
 0001:0005f310       _thrownSaberTouch          20060310 f   w_saber.obj
 0001:0005f3f0       _saberFirstThrown          200603f0 f   w_saber.obj
 0001:0005f800       _WP_SaberPositionUpdate    20060800 f   w_saber.obj
 0001:00060ba1       __fpclear                  20061ba1 f   LIBC:fpinit.obj
 0001:00060ba2       __cfltcvt_init             20061ba2 f   LIBC:fpinit.obj
 0001:00060bda       __fpmath                   20061bda f   LIBC:fpinit.obj
 0001:00060bf8       __ftol2                    20061bf8 f   LIBC:ftol2.obj
 0001:00060c70       _strstr                    20061c70 f   LIBC:strstr.obj
 0001:00060cf6       _srand                     20061cf6 f   LIBC:rand.obj
 0001:00060d00       _rand                      20061d00 f   LIBC:rand.obj
 0001:00060d40       _strchr                    20061d40 f   LIBC:strchr.obj
 0001:00060d46       ___from_strstr_to_strchr   20061d46     LIBC:strchr.obj
 0001:00060dfe       _atol                      20061dfe f   LIBC:atox.obj
 0001:00060e56       _atoi                      20061e56 f   LIBC:atox.obj
 0001:00060e5b       _atof                      20061e5b f   LIBC:atof.obj
 0001:00060eb0       __alloca_probe             20061eb0     LIBC:chkstk.obj
 0001:00060eb0       __chkstk                   20061eb0 f   LIBC:chkstk.obj
 0001:00060ef0       _floor                     20061ef0 f   LIBC:floor_pentium4.obj
 0001:00060f30       __floor_pentium4           20061f30 f   LIBC:floor_pentium4.obj
 0001:00061020       _ceil                      20062020 f   LIBC:ceil_pentium4.obj
 0001:00061060       __ceil_pentium4            20062060 f   LIBC:ceil_pentium4.obj
 0001:00061140       _strncpy                   20062140 f   LIBC:strncpy.obj
 0001:00061264       _tolower                   20062264 f   LIBC:tolower.obj
 0001:00061339       _vsprintf                  20062339 f   LIBC:vsprintf.obj
 0001:00061400       _qsort                     20062400 f   LIBC:qsort.obj
 0001:00061683       _sscanf                    20062683 f   LIBC:sscanf.obj
 0001:000616b7       __CRT_INIT@12              200626b7 f   LIBC:dllcrt0.obj
 0001:000617c2       __DllMainCRTStartup@12     200627c2 f   LIBC:dllcrt0.obj
 0001:000618a6       __amsg_exit                200628a6 f   LIBC:dllcrt0.obj
 0001:000618d9       __forcdecpt                200628d9 f   LIBC:cvt.obj
 0001:00061931       __cropzeros                20062931 f   LIBC:cvt.obj
 0001:0006197c       __positive                 2006297c f   LIBC:cvt.obj
 0001:00061996       __fassign                  20062996 f   LIBC:cvt.obj
 0001:000619f1       __cftoe                    200629f1 f   LIBC:cvt.obj
 0001:00061ae2       __cftof                    20062ae2 f   LIBC:cvt.obj
 0001:00061bbf       __cftog                    20062bbf f   LIBC:cvt.obj
 0001:00061c69       __cfltcvt                  20062c69 f   LIBC:cvt.obj
 0001:00061cba       __setdefaultprecision      20062cba f   LIBC:fp8.obj
 0001:00061ccc       __ms_p5_test_fdiv          20062ccc f   LIBC:testfdiv.obj
 0001:00061d0c       __ms_p5_mp_test_fdiv       20062d0c f   LIBC:testfdiv.obj
 0001:00061d35       __ismbcspace               20062d35 f   LIBC:ismbspc.obj
 0001:00061dd0       __allmul                   20062dd0 f   LIBC:llmul.obj
 0001:00061e04       __fltin                    20062e04 f   LIBC:cfin.obj
 0001:00061ea0       _strlen                    20062ea0 f   LIBC:strlen.obj
 0001:00061f2b       __isctype                  20062f2b f   LIBC:isctype.obj
 0001:00061fa9       ___libm_error_support      20062fa9 f   LIBC:libm_error.obj
 0001:0006226a       ___sse2_available_init     2006326a f   LIBC:cpu_disp.obj
 0001:00062338       __floor_default            20063338 f   LIBC:floor.obj
 0001:0006240b       __ceil_default             2006340b f   LIBC:ceil.obj
 0001:000624de       ___crtLCMapStringA         200634de f   LIBC:a_map.obj
 0001:0006289a       __flsbuf                   2006389a f   LIBC:_flsbuf.obj
 0001:00062a3e       __output                   20063a3e f   LIBC:output.obj
 0001:00063280       __input                    20064280 f   LIBC:input.obj
 0001:000640e7       ___crtExitProcess          200650e7 f   LIBC:crt0dat.obj
 0001:00064117       __cinit                    20065117 f   LIBC:crt0dat.obj
 0001:00064242       __exit                     20065242 f   LIBC:crt0dat.obj
 0001:00064253       __cexit                    20065253 f   LIBC:crt0dat.obj
 0001:00064262       __ioinit                   20065262 f   LIBC:ioinit.obj
 0001:0006440d       __ioterm                   2006540d f   LIBC:ioinit.obj
 0001:00064430       __setenvp                  20065430 f   LIBC:stdenvp.obj
 0001:00064663       __setargv                  20065663 f   LIBC:stdargv.obj
 0001:00064705       ___heap_select             20065705 f   LIBC:heapinit.obj
 0001:0006471f       __heap_init                2006571f f   LIBC:heapinit.obj
 0001:00064770       __heap_term                20065770 f   LIBC:heapinit.obj
 0001:000647ef       ___crtGetEnvironmentStringsA 200657ef f   LIBC:a_env.obj
 0001:00064911       __RTC_Initialize           20065911 f   LIBC:initsect.obj
 0001:00064955       __RTC_Terminate            20065955 f   LIBC:initsect.obj
 0001:00064999       __XcptFilter               20065999 f   LIBC:winxfltr.obj
 0001:00064b0a       ___CppXcptFilter           20065b0a f   LIBC:winxfltr.obj
 0001:00064b25       _DllMain@12                20065b25 f   LIBC:dllmain.obj
[...]
 0003:0033f7a0       _g_knockback               203bd7a0     <common>
 0003:0033f8c0       _g_autoMapCycle            203bd8c0     <common>
 0003:0033f9e0       _cm_samenames              203bd9e0     <common>
 0003:0033fb00       _cm_empower_off_saying     203bdb00     <common>
 0003:0033fc20       _cm_duelradius             203bdc20     <common>
 0003:0033fd40       _g_warmup                  203bdd40     <common>
 0003:0033fe60       _g_weaponDisable           203bde60     <common>
 0003:0033ff80       _g_weaponRespawn           203bdf80     <common>
 0003:003400a0       _g_allowVote               203be0a0     <common>
 0003:003401c0       _g_debugAlloc              203be1c0     <common>
 0003:003402e0       _g_logClientInfo           203be2e0     <common>
 0003:00340400       _g_timeouttospec           203be400     <common>
 0003:00340520       _g_dedicated               203be520     <common>
 0003:00340640       _cm_terminator_off_saying  203be640     <common>
 0003:00340760       _cm_adminLevel1            203be760     <common>
 0003:00340880       _g_saberDmgDelay_Wound     203be880     <common>
 0003:003409a0       _cm_empower_on_saying      203be9a0     <common>
 0003:00340ac0       _cm_AdminLogout3_saying    203beac0     <common>
 0003:00340be0       _cm_silence_on_saying      203bebe0     <common>
 0003:00340d00       _cm_multiduels             203bed00     <common>
 0003:00340e20       _g_duel_fraglimit          203bee20     <common>
 0003:00340f40       _g_saberLockFactor         203bef40     <common>
 0003:00341060       _g_rankings                203bf060     <common>
 0003:00341180       _g_maxForceRank            203bf180     <common>
 0003:003412a0       _g_timelimit               203bf2a0     <common>
 0003:003413c0       _cm_motd                   203bf3c0     <common>
 0003:003414e0       _g_enableBreath            203bf4e0     <common>
 0003:00341600       _g_spawnInvulnerability    203bf600     <common>
 0003:00341720       _g_MaxHolocronCarry        203bf720     <common>
 0003:00341840       _cm_terminator_on_saying   203bf840     <common>
 0003:00341960       _g_needpass                203bf960     <common>
 0003:00341a80       _cm_sleep_off_saying       203bfa80     <common>
 0003:00341ba0       _g_forcePowerDisable       203bfba0     <common>
 0003:00341cc0       _g_blood                   203bfcc0     <common>
 0003:00341de0       _g_ff_objectives           203bfde0     <common>
 0003:00341f00       _cm_motd_time              203bff00     <common>
 0003:00342020       _cm_clanLogin_saying       203c0020     <common>
 0003:00342140       _g_listEntity              203c0140     <common>
 0003:00342260       _cm_duelhealth             203c0260     <common>
 0003:00342380       _g_inactivity              203c0380     <common>
 0003:003424a0       _cm_adminLevel2            203c04a0     <common>
 0003:003425c0       _cm_sleep_on_saying        203c05c0     <common>
 0003:003426e0       _cm_dualblade              203c06e0     <common>
 0003:00342800       _g_slowmoDuelEnd           203c0800     <common>
 0003:00342920       _g_blueteam                203c0920     <common>
 0003:00342a40       _g_cheats                  203c0a40     <common>
 0003:00342b60       _cm_badwords               203c0b60     <common>
 0003:00342c80       _cm_adminControl1          203c0c80     <common>
 0003:00342da0       _g_statLog                 203c0da0     <common>
 0003:00342ec0       _g_saberInterpolate        203c0ec0     <common>
 0003:00342fe0       _g_maxGameClients          203c0fe0     <common>
 0003:00343100       _g_saberDmgDelay_Idle      203c1100     <common>
 0003:00343220       _cm_knockmedown            203c1220     <common>
 0003:00343340       _sv_maxConnections         203c1340     <common>
 0003:00343460       _cm_AdminLogout1_saying    203c1460     <common>
 0003:00343580       _g_adaptRespawn            203c1580     <common>
 0003:003436a0       _cm_clanTag                203c16a0     <common>
 0003:003437c0       _cm_antiNameCrash          203c17c0     <common>
 0003:003438e0       _g_enableDust              203c18e0     <common>
 0003:00343a00       _g_speed                   203c1a00     <common>
 0003:00343b20       _g_log                     203c1b20     <common>
 0003:00343c40       _cm_clanLogout_saying      203c1c40     <common>
 0003:00343d60       _cm_punish_off_saying      203c1d60     <common>
 0003:00343e80       _g_duelWeaponDisable       203c1e80     <common>
 0003:00343fa0       _g_teamForceBalance        203c1fa0     <common>
 0003:003440c0       _g_saberDmgVelocityScale   203c20c0     <common>
 0003:003441e0       _g_friendlySaber           203c21e0     <common>
 0003:00344300       _g_austrian                203c2300     <common>
 0003:00344420       _g_saberBoxTraceSize       203c2420     <common>
 0003:00344540       _g_saberTraceSaberFirst    203c2540     <common>
 0003:00344660       _cm_blacknames             203c2660     <common>
 0003:00344780       _cm_duelstatus             203c2780     <common>
 0003:003448a0       _g_banIPs                  203c28a0     <common>
 0003:003449c0       _g_privateDuel             203c29c0     <common>
 0003:00344ae0       _g_statLogFile             203c2ae0     <common>
 0003:00344c00       _g_gametype                203c2c00     <common>
 0003:00344d20       _cm_report                 203c2d20     <common>
 0003:00344e40       _g_capturelimit            203c2e40     <common>
 0003:00344f60       _pmove_fixed               203c2f60     <common>
 0003:00345080       _g_doWarmup                203c3080     <common>
 0003:003451a0       _g_logSync                 203c31a0     <common>
 0003:003452c0       _g_saberDebugPrint         203c32c0     <common>
 0003:003453e0       _g_teamAutoJoin            203c33e0     <common>
 0003:00345500       _cm_adminControl3          203c3500     <common>
 0003:00345620       _cm_slay_saying            203c3620     <common>
 0003:00345740       _g_podiumDrop              203c3740     <common>
 0003:00345860       _cm_AdminLogin1_saying     203c3860     <common>
 0003:00345980       _cm_adminLevel3            203c3980     <common>
 0003:00345aa0       _g_forceRegenTime          203c3aa0     <common>
 0003:00345bc0       _g_allowDuelSuicide        203c3bc0     <common>
 0003:00345ce0       _cm_AdminLogin2_saying     203c3ce0     <common>
 0003:00345e00       _cm_antiForceCrash         203c3e00     <common>
 0003:00345f20       _cm_console_motd           203c3f20     <common>
 0003:00346040       _cm_teleport_saying        203c4040     <common>
 0003:00346160       _cm_silence_off_saying     203c4160     <common>
 0003:00346280       _g_motd                    203c4280     <common>
 0003:003463a0       _g_debugDamage             203c43a0     <common>
 0003:003464c0       _g_clients                 203c44c0     <common>
 0003:0035d7c0       _g_forcerespawn            203db7c0     <common>
 0003:0035d8e0       _level                     203db8e0     <common>
 0003:0035fc80       _G_WeaponLogDamage         203ddc80     <common>
 0003:00360f80       _G_WeaponLogItems          203def80     <common>
 0003:00361780       _G_WeaponLogPickups        203df780     <common>
 0003:00361f80       _G_WeaponLogFired          203dff80     <common>
 0003:00362780       _G_WeaponLogPowerups       203e0780     <common>
 0003:00362b00       _G_WeaponLogKills          203e0b00     <common>
 0003:00363e00       _G_WeaponLogDeaths         203e1e00     <common>
 0003:00364600       _G_WeaponLogTime           203e2600     <common>
 0003:00364e00       _G_WeaponLogClientTouch    203e2e00     <common>
 0003:00364e80       _G_WeaponLogFrags          203e2e80     <common>
 0003:00365e80       _G_WeaponLogLastTime       203e3e80     <common>
 0003:00365f00       _itemRegistered            203e3f00     <common>
 0003:00366300       _bot_minplayers            203e4300     <common>
 0003:00366410       _g_numArenas               203e4410     <common>
 0003:00366420       _pml                       203e4420     <common>
 0003:003668ac       _pm                        203e48ac     <common>
 0003:003668c0       _bgGlobalAnimations        203e48c0     <common>
 0003:0036ed40       _BGPAFtext                 203ecd40     <common>
 0003:00378980       _nodenum                   203f6980     <common>
 0003:003789a0       _gWPArray                  203f69a0     <common>
 0003:0037c9c0       _nodetable                 203fa9c0     <common>
 0003:0039c9c0       _gBotChatBuffer            2041a9c0     <common>
 0003:003dc9c0       _bot_camp                  2045a9c0     <common>
 0003:003dcad0       _droppedRedFlag            2045aad0     <common>
 0003:003dcad4       _eFlagRed                  2045aad4     <common>
 0003:003dcae0       _bot_wp_clearweight        2045aae0     <common>
 0003:003dcbf0       _flagBlue                  2045abf0     <common>
 0003:003dcbf4       _oFlagBlue                 2045abf4     <common>
 0003:003dcbf8       _floattime                 2045abf8     <common>
 0003:003dcc00       _gBotEventTracker          2045ac00     <common>
 0003:003dce00       _botstates                 2045ae00     <common>
 0003:003dce80       _bot_wp_distconnect        2045ae80     <common>
 0003:003dcf90       _eFlagBlue                 2045af90     <common>
 0003:003dcf94       _numbots                   2045af94     <common>
 0003:003dcfa0       _bot_wp_info               2045afa0     <common>
 0003:003dd0c0       _bot_forcepowers           2045b0c0     <common>
 0003:003dd1e0       _bot_honorableduelacceptance 2045b1e0     <common>
 0003:003dd300       _bot_wp_edit               2045b300     <common>
 0003:003dd420       _bot_wp_visconnect         2045b420     <common>
 0003:003dd530       _droppedBlueFlag           2045b530     <common>
 0003:003dd534       _oFlagRed                  2045b534     <common>
 0003:003dd540       _bot_forgimmick            2045b540     <common>
 0003:003dd650       _flagRed                   2045b650     <common>
 0003:003dd660       _bot_attachments           2045b660     <common>
 0003:003dd770       ___sbh_pHeaderDefer        2045b770     <common>
 0003:003dd774       ___sbh_cntHeaderList       2045b774     <common>
 0003:003dd778       ___sbh_pHeaderList         2045b778     <common>
 0003:003dd77c       ___sbh_threshold           2045b77c     <common>
 0003:003dd780       ___sbh_pHeaderScan         2045b780     <common>
 0003:003dd784       ___sbh_sizeHeaderList      2045b784     <common>
 0003:003dd788       ___sbh_indGroupDefer       2045b788     <common>
 0003:003dd78c       ___piob                    2045b78c     <common>
 0003:003dd7a0       __bufin                    2045b7a0     <common>
 0003:003de7a0       __nstream                  2045c7a0     <common>
 0003:003de7a4       ___mblcid                  2045c7a4     <common>
 0003:003de7a8       ___ismbcodepage            2045c7a8     <common>
 0003:003de7c0       __mbctype                  2045c7c0     <common>
 0003:003de8c4       ___mbcodepage              2045c8c4     <common>
 0003:003de8d0       ___mbulinfo                2045c8d0     <common>
 0003:003de8e0       __mbcasemap                2045c8e0     <common>
 0003:003de9e0       __crtheap                  2045c9e0     <common>
 0003:003de9e4       ___active_heap             2045c9e4     <common>
 0003:003de9e8       __nhandle                  2045c9e8     <common>
 0003:003dea00       ___pioinfo                 2045ca00     <common>
 0003:003deb00       ___env_initialized         2045cb00     <common>
 0003:003deb04       ___onexitend               2045cb04     <common>
 0003:003deb08       ___onexitbegin             2045cb08     <common>
 0003:003deb0c       ___mbctype_initialized     2045cb0c     <common>
 0003:003deb10       ___use_sse2_mathfcns       2045cb10     <common>
 0003:003deb14       ___sse2_available          2045cb14     <common>
 0003:003deb18       __acmdln                   2045cb18     <common>
 0003:003deb1c       __pRawDllMain              2045cb1c     <common>

 entry point at        0001:000617c2

 Static symbols

 0001:00010e90       _PM_StartLegsAnim          20011e90 f   bg_panimate.obj
 0001:000114a0       _PM_Friction               200124a0 f   bg_pmove.obj
 0001:000115d0       _PM_Accelerate             200125d0 f   bg_pmove.obj
 0001:00011650       _PM_CmdScale               20012650 f   bg_pmove.obj
 0001:000116d0       _PM_SetMovementDir         200126d0 f   bg_pmove.obj
 0001:00011890       _PM_JumpForDir             20012890 f   bg_pmove.obj
 0001:00011c90       _PM_CheckJump              20012c90 f   bg_pmove.obj
 0001:00013170       _PM_CheckWaterJump         20014170 f   bg_pmove.obj
 0001:000132d0       _PM_WaterJumpMove          200142d0 f   bg_pmove.obj
 0001:00013320       _PM_WaterMove              20014320 f   bg_pmove.obj
 0001:00013540       _PM_FlyMove                20014540 f   bg_pmove.obj
 0001:00013680       _PM_AirMove                20014680 f   bg_pmove.obj
 0001:00013820       _PM_WalkMove               20014820 f   bg_pmove.obj
 0001:00013cf0       _PM_DeadMove               20014cf0 f   bg_pmove.obj
 0001:00013db0       _PM_NoclipMove             20014db0 f   bg_pmove.obj
 0001:00013fd0       _PM_TryRoll                20014fd0 f   bg_pmove.obj
 0001:00014290       _PM_CrashLand              20015290 f   bg_pmove.obj
 0001:00014700       _PM_CorrectAllSolid        20015700 f   bg_pmove.obj
 0001:000148c0       _PM_GroundTraceMissed      200158c0 f   bg_pmove.obj
 0001:00014b40       _PM_GroundTrace            20015b40 f   bg_pmove.obj
 0001:00014de0       _PM_SetWaterLevel          20015de0 f   bg_pmove.obj
 0001:00014f10       _PM_CheckDuck              20015f10 f   bg_pmove.obj
 0001:00015250       _PM_Footsteps              20016250 f   bg_pmove.obj
 0001:00015770       _PM_WaterEvents            20016770 f   bg_pmove.obj
 0001:00015930       _PM_DoChargedWeapons       20016930 f   bg_pmove.obj
 0001:00015f30       _PM_Weapon                 20016f30 f   bg_pmove.obj
 0001:00016e20       _PM_Animate                20017e20 f   bg_pmove.obj
 0001:00016eb0       _PM_DropTimers             20017eb0 f   bg_pmove.obj
 0001:0001c070       _G_UpdateForceSightBroadcasts 2001d070 f   g_active.obj
 0001:0001c190       _G_UpdateJediMasterBroadcasts 2001d190 f   g_active.obj
 0001:0001e070       _G_LoadArenasFromFile      2001f070 f   g_bot.obj
 0001:0001e400       _G_LoadArenas              2001f400 f   g_bot.obj
 0001:0001ec60       _AddBotToSpawnQueue        2001fc60 f   g_bot.obj
 0001:0001efa0       _G_LoadBotsFromFile        2001ffa0 f   g_bot.obj
 0001:0001f070       _G_LoadBots                20020070 f   g_bot.obj
 0001:0001f220       _G_AddBot                  20020220 f   g_bot.obj
 0001:00020aa0       _ClientCleanName           20021aa0 f   g_client.obj
 0001:00024400       _G_SayTo                   20025400 f   g_cmds.obj
 0001:000248c0       _G_VoiceTo                 200258c0 f   g_cmds.obj
 0001:00024a10       _Cmd_VoiceTell_f           20025a10 f   g_cmds.obj
 0001:00024ae0       _Cmd_VoiceTaunt_f          20025ae0 f   g_cmds.obj
 0001:00026fc0       _Cmd_Tell_f                20027fc0 f   g_cmds.obj
 0001:0002d680       _G_CheckSpecialDeathAnim   2002e680 f   g_combat.obj
 0001:00031b20       _pas_find_enemies          20032b20 f   g_items.obj
 0001:00039e30       _InitShooter_Finish        2003ae30 f   g_misc.obj
 0001:0003e0c0       _VectorCompare             2003f0c0 f   g_missile.obj
 0001:0003f9f0       _Touch_DoorTriggerSpectator 200409f0 f   g_mover.obj
 0001:00044260       _StringToFilter            20045260 f   g_svcmds.obj
 0001:00044310       _UpdateIPBans              20045310 f   g_svcmds.obj
 0001:00044640       _InitialAddIP              20045640 f   g_svcmds.obj
 0001:00048180       _target_location_linkup    20049180 f   g_target.obj
 0001:00049750       _SortClients               2004a750 f   g_team.obj
 0001:0004bc50       _WP_FireBryarPistol        2004cc50 f   g_weapon.obj
 0001:0004bfa0       _WP_FireBlaster            2004cfa0 f   g_weapon.obj
 0001:0004c040       _WP_BowcasterAltFire       2004d040 f   g_weapon.obj
 0001:0004c0e0       _WP_BowcasterMainFire      2004d0e0 f   g_weapon.obj
 0001:0004c300       _WP_RepeaterMainFire       2004d300 f   g_weapon.obj
 0001:0004c370       _WP_RepeaterAltFire        2004d370 f   g_weapon.obj
 0001:0004c430       _WP_FireRepeater           2004d430 f   g_weapon.obj
 0001:0004c4e0       _WP_DEMP2_MainFire         2004d4e0 f   g_weapon.obj
 0001:0004c990       _WP_DEMP2_AltFire          2004d990 f   g_weapon.obj
 0001:0004cb60       _WP_FlechetteMainFire      2004db60 f   g_weapon.obj
 0001:0004ccb0       _WP_TraceSetStart          2004dcb0 f   g_weapon.obj
 0001:0004d140       _WP_FireRocket             2004e140 f   g_weapon.obj
 0001:0004e330       _WP_FireEmplaced           2004f330 f   g_weapon.obj
 0001:0004ed20       _WP_DisruptorMainFire      2004fd20 f   g_weapon.obj
 0001:0004f670       _WP_FireDisruptor          20050670 f   g_weapon.obj
 0001:0004f6e0       _WP_CreateFlechetteBouncyThing 200506e0 f   g_weapon.obj
 0001:0004f830       _WP_FlechetteAltFire       20050830 f   g_weapon.obj
 0001:00052750       _VectorLength              20053750 f   w_force.obj
 0001:00052750       _VectorLength              20053750 f   w_force.obj
 0001:00052750       _VectorLength              20053750 f   w_force.obj
 0001:00052750       _VectorLength              20053750 f   w_force.obj
 0001:00052750       _VectorLength              20053750 f   w_force.obj
 0001:00052750       _VectorLength              20053750 f   w_force.obj
 0001:00052750       _VectorLength              20053750 f   w_force.obj
 0001:00052750       _VectorLength              20053750 f   w_force.obj
 0001:00052780       _Distance                  20053780 f   w_force.obj
 0001:00055b40       _RemoveTrickedEnt          20056b40 f   w_force.obj
 0001:00055bb0       _WP_UpdateMindtrickEnts    20056bb0 f   w_force.obj
 0001:00055d50       _WP_ForcePowerRun          20056d50 f   w_force.obj
 0001:00060d30       _$$$00001                  20061d30 f   LIBC:strchr.obj
 0001:00061390       _shortsort                 20062390 f   LIBC:qsort.obj
 0001:000619d4       __shift                    200629d4 f   LIBC:cvt.obj
 0001:00062235       _has_osfxsr_set            20063235 f   LIBC:cpu_disp.obj
 0001:000629b0       _write_char                200639b0 f   LIBC:output.obj
 0001:000629e3       _write_multi_char          200639e3 f   LIBC:output.obj
 0001:00062a07       _write_string              20063a07 f   LIBC:output.obj
 0001:00063238       __hextodec                 20064238 f   LIBC:input.obj
 0001:0006326a       __inc                      2006426a f   LIBC:input.obj
 0001:00064181       _doexit                    20065181 f   LIBC:crt0dat.obj
 0001:000644f7       _parse_cmdline             200654f7 f   LIBC:stdargv.obj
 0001:00064c9d       $$$00003                   20065c9d f   LIBC:exsup3.obj
 0001:00065839       __abstract_cw              20066839 f   LIBC:ieee87.obj
 0001:000658cb       __hw_cw                    200668cb f   LIBC:ieee87.obj
 0001:00065b5b       _CPtoLCID                  20066b5b f   LIBC:mbctype.obj
 0001:00065b8a       _setSBCS                   20066b8a f   LIBC:mbctype.obj
 0001:00065bb3       _setSBUpLow                20066bb3 f   LIBC:mbctype.obj
 0001:000663ca       _report_failure            200673ca f   LIBC:secchk.obj
 0001:000686a0       $$$00001                   200696a0 f   LIBC:exsup.obj
 0001:000686c0       __unwind_handler           200696c0 f   LIBC:exsup.obj
 0001:000686c0       $$$00003                   200696c0 f   LIBC:exsup.obj
 0001:000686e2       $$$00005                   200696e2 f   LIBC:exsup.obj
 0001:0006874a       $$$00007                   2006974a f   LIBC:exsup.obj
 0001:0006878e       $$$00011                   2006978e f   LIBC:exsup.obj
 0001:00069696       _flsall                    2006a696 f   LIBC:fflush.obj
