0 fffffda6 trap_G2API_CollisionDetect
0 fffffda7 trap_G2API_CleanGhoul2Models
0 fffffda8 trap_G2API_RemoveGhoul2Model
0 fffffda9 trap_G2API_HasGhoul2ModelOnIndex
0 fffffdaa trap_G2API_DuplicateGhoul2Instance
0 fffffdab trap_G2API_CopySpecificGhoul2Model
0 fffffdac trap_G2API_CopyGhoul2Instance
0 fffffdad trap_G2API_GetGLAName
0 fffffdae trap_G2API_SetBoneAnim
0 fffffdaf trap_G2API_SetBoneAngles
0 fffffdb0 trap_G2API_SetBoltInfo
0 fffffdb1 trap_G2API_AddBolt
0 fffffdb2 trap_G2API_InitGhoul2Model
0 fffffdb3 trap_G2API_GetBoltMatrix_NoRecNoRot
0 fffffdb4 trap_G2API_GetBoltMatrix_NoReconstruct
0 fffffdb5 trap_G2API_GetBoltMatrix
0 fffffdb6 trap_G2_SetGhoul2ModelIndexes
0 fffffdb7 trap_G2_HaveWeGhoul2Models
0 fffffdb8 trap_G2_ListModelSurfaces
0 fffffdb9 trap_G2_ListModelBones
0 fffffdba trap_PC_SourceFileAndLine
0 fffffdbb trap_PC_ReadToken
0 fffffdbc trap_PC_FreeSource
0 fffffdbd trap_PC_LoadSource
0 fffffdbe trap_AAS_PointReachabilityAreaIndex
0 fffffdbf trap_AAS_PredictRoute
0 fffffdc0 trap_AAS_AlternativeRouteGoals
0 fffffdc1 trap_BotAddAvoidSpot
0 fffffdc2 trap_BotSetAvoidGoalTime
0 fffffdc3 trap_BotPredictVisiblePosition
0 fffffdc4 trap_BotRemoveFromAvoidGoals
0 fffffdc5 trap_BotGetChatMessage
0 fffffdc6 trap_BotNumInitialChats
0 fffffdc7 trap_BotGetMapLocationGoal
0 fffffdc8 trap_BotGetNextCampSpotGoal
0 fffffdc9 trap_BotMutateGoalFuzzyLogic
0 fffffdca trap_BotInterbreedGoalFuzzyLogic
0 fffffdcb trap_GeneticParentsAndChildSelection
0 fffffdcc trap_BotResetWeaponState
0 fffffdcd trap_BotFreeWeaponState
0 fffffdce trap_BotAllocWeaponState
0 fffffdcf trap_BotLoadWeaponWeights
0 fffffdd0 trap_BotGetWeaponInfo
0 fffffdd1 trap_BotChooseBestFightWeapon
0 fffffdd2 trap_BotInitMoveState
0 fffffdd3 trap_BotFreeMoveState
0 fffffdd4 trap_BotAllocMoveState
0 fffffdd5 trap_BotMovementViewTarget
0 fffffdd6 trap_BotReachabilityArea
0 fffffdd7 trap_BotResetLastAvoidReach
0 fffffdd8 trap_BotResetAvoidReach
0 fffffdd9 trap_BotMoveInDirection
0 fffffdda trap_BotMoveToGoal
0 fffffddb trap_BotResetMoveState
0 fffffddc trap_BotFreeGoalState
0 fffffddd trap_BotAllocGoalState
0 fffffdde trap_BotSaveGoalFuzzyLogic
0 fffffddf trap_BotFreeItemWeights
0 fffffde0 trap_BotLoadItemWeights
0 fffffde1 trap_BotUpdateEntityItems
0 fffffde2 trap_BotInitLevelItems
0 fffffde3 trap_BotAvoidGoalTime
0 fffffde4 trap_BotGetLevelItemGoal
0 fffffde5 trap_BotItemGoalInVisButNotVisible
0 fffffde6 trap_BotTouchingGoal
0 fffffde7 trap_BotChooseNBGItem
0 fffffde8 trap_BotChooseLTGItem
0 fffffde9 trap_BotGetSecondGoal
0 fffffdea trap_BotGetTopGoal
0 fffffdeb trap_BotGoalName
0 fffffdec trap_BotDumpGoalStack
0 fffffded trap_BotDumpAvoidGoals
0 fffffdee trap_BotEmptyGoalStack
0 fffffdef trap_BotPopGoal
0 fffffdf0 trap_BotPushGoal
0 fffffdf1 trap_BotResetAvoidGoals
0 fffffdf2 trap_BotResetGoalState
0 fffffdf3 trap_BotSetChatName
0 fffffdf4 trap_BotSetChatGender
0 fffffdf5 trap_BotLoadChatFile
0 fffffdf6 trap_BotReplaceSynonyms
0 fffffdf7 trap_UnifyWhiteSpaces
0 fffffdf8 trap_BotMatchVariable
0 fffffdf9 trap_BotFindMatch
0 fffffdfa trap_StringContains
0 fffffdfb trap_BotEnterChat
0 fffffdfc trap_BotChatLength
0 fffffdfd trap_BotReplyChat
0 fffffdfe trap_BotInitialChat
0 fffffdff trap_BotNumConsoleMessages
0 fffffe00 trap_BotNextConsoleMessage
0 fffffe01 trap_BotRemoveConsoleMessage
0 fffffe02 trap_BotQueueConsoleMessage
0 fffffe03 trap_BotFreeChatState
0 fffffe04 trap_BotAllocChatState
0 fffffe05 trap_Characteristic_String
0 fffffe06 trap_Characteristic_BInteger
0 fffffe07 trap_Characteristic_Integer
0 fffffe08 trap_Characteristic_BFloat
0 fffffe09 trap_Characteristic_Float
0 fffffe0a trap_BotFreeCharacter
0 fffffe0b trap_BotLoadCharacter
0 fffffe56 trap_EA_ResetInput
0 fffffe57 trap_EA_GetInput
0 fffffe58 trap_EA_EndRegular
0 fffffe59 trap_EA_View
0 fffffe5a trap_EA_Move
0 fffffe5b trap_EA_DelayedJump
0 fffffe5c trap_EA_Jump
0 fffffe5d trap_EA_SelectWeapon
0 fffffe5e trap_EA_MoveRight
0 fffffe5f trap_EA_MoveLeft
0 fffffe60 trap_EA_MoveBack
0 fffffe61 trap_EA_MoveForward
0 fffffe62 trap_EA_MoveDown
0 fffffe63 trap_EA_MoveUp
0 fffffe64 trap_EA_Crouch
0 fffffe65 trap_EA_Respawn
0 fffffe66 trap_EA_Use
0 fffffe67 trap_EA_ForcePower
0 fffffe68 trap_EA_Alt_Attack
0 fffffe69 trap_EA_Attack
0 fffffe6a trap_EA_Talk
0 fffffe6b trap_EA_Gesture
0 fffffe6c trap_EA_Action
0 fffffe6d trap_EA_Command
0 fffffe6e trap_EA_SayTeam
0 fffffe6f trap_EA_Say
0 fffffec1 trap_AAS_PredictClientMovement
0 fffffec2 trap_AAS_Swimming
0 fffffec3 trap_AAS_AreaTravelTimeToGoalArea
0 fffffec4 trap_AAS_AreaReachability
0 fffffec5 trap_AAS_IntForBSPEpairKey
0 fffffec6 trap_AAS_FloatForBSPEpairKey
0 fffffec7 trap_AAS_VectorForBSPEpairKey
0 fffffec8 trap_AAS_ValueForBSPEpairKey
0 fffffec9 trap_AAS_NextBSPEntity
0 fffffeca trap_AAS_PointContents
0 fffffecb trap_AAS_TraceAreas
0 fffffecc trap_AAS_PointAreaNum
0 fffffecd trap_AAS_Time
0 fffffece trap_AAS_PresenceTypeBoundingBox
0 fffffecf trap_AAS_Initialized
0 fffffed0 trap_AAS_EntityInfo
0 fffffed1 trap_AAS_AreaInfo
0 fffffed2 trap_AAS_BBoxAreas
0 fffffed3 trap_AAS_EnableRoutingArea
0 ffffff2c trap_BotUserCommand
0 ffffff2d trap_BotGetServerCommand
0 ffffff2e trap_BotGetSnapshotEntity
0 ffffff2f trap_BotLibTest
0 ffffff30 trap_BotLibUpdateEntity
0 ffffff31 trap_BotLibLoadMap
0 ffffff32 trap_BotLibStartFrame
0 ffffff33 trap_BotLibDefine
0 ffffff34 trap_BotLibVarGet
0 ffffff35 trap_BotLibVarSet
0 ffffff36 trap_BotLibShutdown
0 ffffff37 trap_BotLibSetup
0 ffffff8c asin
0 ffffff8d acos
0 ffffff90 ceil
0 ffffff91 floor
0 ffffff92 perpendicularvector
0 ffffff93 anglevectors
0 ffffff94 matrixmultiply
0 ffffff95 sqrt
0 ffffff96 atan2
0 ffffff97 cos
0 ffffff98 sin
0 ffffff99 strncpy
0 ffffff9a memcpy
0 ffffff9b memset
0 ffffffcc trap_ROFF_Purge_Ent
0 ffffffcd trap_ROFF_Play
0 ffffffce trap_ROFF_Cache
0 ffffffcf trap_ROFF_UpdateEntities
0 ffffffd0 trap_ROFF_Clean
0 ffffffd1 trap_SP_GetStringTextString
0 ffffffd2 trap_SP_RegisterServer
0 ffffffd3 trap_EntityContactCapsule
0 ffffffd4 trap_TraceCapsule
0 ffffffd5 trap_SnapVector
0 ffffffd6 trap_RealTime
0 ffffffd7 trap_DebugPolygonDelete
0 ffffffd8 trap_DebugPolygonCreate
0 ffffffd9 trap_FS_GetFileList
0 ffffffda trap_GetEntityToken
0 ffffffdb trap_GetUsercmd
0 ffffffdc trap_BotFreeClient
0 ffffffdd trap_BotAllocateClient
0 ffffffde trap_EntityContact
0 ffffffdf trap_EntitiesInBox
0 ffffffe0 trap_UnlinkEntity
0 ffffffe1 trap_LinkEntity
0 ffffffe2 trap_AreasConnected
0 ffffffe3 trap_AdjustAreaPortalState
0 ffffffe4 trap_InPVSIgnorePortals
0 ffffffe5 trap_InPVS
0 ffffffe6 trap_PointContents
0 ffffffe7 trap_Trace
0 ffffffe8 trap_SetBrushModel
0 ffffffe9 trap_GetServerinfo
0 ffffffea trap_SetUserinfo
0 ffffffeb trap_GetUserinfo
0 ffffffec trap_GetConfigstring
0 ffffffed trap_SetConfigstring
0 ffffffee trap_SendServerCommand
0 ffffffef trap_DropClient
0 fffffff0 trap_LocateGameData
0 fffffff1 trap_SendConsoleCommand
0 fffffff2 trap_FS_FCloseFile
0 fffffff3 trap_FS_Write
0 fffffff4 trap_FS_Read
0 fffffff5 trap_FS_FOpenFile
0 fffffff6 trap_Argv
0 fffffff7 trap_Argc
0 fffffff8 trap_Cvar_VariableStringBuffer
0 fffffff9 trap_Cvar_VariableIntegerValue
0 fffffffa trap_Cvar_Set
0 fffffffb trap_Cvar_Update
0 fffffffc trap_Cvar_Register
0 fffffffd trap_Milliseconds
0 fffffffe trap_Error
0 ffffffff trap_Printf
0        0 vmMain
0       a5 G_Printf
0       be G_Error
0       d7 G_FindTeams
0      1db G_RemapTeamShaders
0      1de G_RegisterCvars
0      252 G_UpdateCvars
0      2c6 G_InitGame
0      438 G_ShutdownGame
0      470 Com_Error
0      48b Com_Printf
0      4a6 AddTournamentPlayer
0      51f RemoveTournamentLoser
0      546 RemoveDuelDrawLoser
0      5e8 RemoveTournamentWinner
0      60f AdjustTournamentScores
0      7da SortRanks
0      8af CalculateRanks
0      b69 SendScoreboardMessageToAllClients
0      b92 MoveClientToIntermission
0      c02 FindIntermissionPoint
0      c70 BeginIntermission
0      ce3 DuelLimitHit
0      d1a DuelResetWinsLosses
0      d4b ExitLevel
0      dd8 G_LogPrintf
0      e44 LogExit
0      f2d CheckIntermissionExit
0     124e ScoreIsTied
0     1297 CheckExitRules
0     1497 CheckTournament
0     161e CheckVote
0     175c PrintTeam
0     1787 SetLeader
0     184a CheckTeamLeader
0     18e2 CheckTeamVote
0     19db CheckCvars
0     1a08 G_RunThink
0     1a41 G_RunFrame
0     1cd3 G_GetStripEdString
0     1ce4 BotStraightTPOrderCheck
0     1d4e BotSelectWeapon
0     1d60 BotReportStatus
0     1dbf BotOrder
0     1f5a BotMindTricked
0     1fd1 BotAI_Print
0     1fd4 IsTeamplay
0     1fe1 BotAI_GetClientState
0     2012 BotAI_GetEntityState
0     2057 BotAI_GetSnapshotEntity
0     2088 BotEntityInfo
0     2094 NumBots
0     209a AngleDifference
0     20c2 BotChangeViewAngle
0     212e BotChangeViewAngles
0     22cd BotInputToUserCommand
0     2579 BotUpdateInput
0     263c BotAIRegularUpdate
0     264d RemoveColorEscapeSequences
0     26c9 BotAI
0     281a BotScheduleBotThink
0     2858 PlayersInGame
0     2899 BotAISetupClient
0     29b9 BotAIShutdownClient
0     2a08 BotResetState
0     2af3 BotAILoadMap
0     2b2d OrgVisible
0     2b53 WPOrgVisible
0     2be8 OrgVisibleBox
0     2c18 CheckForFunc
0     2c6b GetNearestVisibleWP
0     2d31 PassWayCheck
0     2dcb TotalTrailDistance
0     2ea4 CheckForShorterRoutes
0     2ff6 WPConstantRoutine
0     3150 BotCTFGuardDuty
0     316c WPTouchRoutine
0     3333 MoveTowardIdealAngles
0     3343 BotTrace_Strafe
0     34e1 BotTrace_Jump
0     361a BotTrace_Duck
0     36fe PassStandardEnemyChecks
0     38d3 BotDamageNotification
0     39d4 BotCanHear
0     3ad2 UpdateEventTracker
0     3b35 InFieldOfVision
0     3bb7 PassLovedOneCheck
0     3c87 ScanForEnemies
0     3e99 WaitingForNow
0     3f6f BotGetWeaponRange
0     3fbf BotIsAChickenWuss
0     40c1 GetNearestBadThing
0     4370 BotDefendFlag
0     43e5 BotGetEnemyFlag
0     445a BotGetFlagBack
0     4552 BotGuardFlagCarrier
0     464a BotGetFlagHome
0     46bf GetNewFlagPoint
0     47d6 CTFTakesPriority
0     4ae1 EntityVisibleBox
0     4b1e Saga_TargetClosestObjective
0     4d42 Saga_DefendFromAttackers
0     4e38 Saga_CountDefenders
0     4e9e Saga_CountTeammates
0     4eef SagaTakesPriority
0     5207 JMTakesPriority
0     52ee BotHasAssociated
0     53ad GetBestIdleGoal
0     5498 GetIdealDestination
0     5a70 CommanderBotCTFAI
0     5d46 CommanderBotSagaAI
0     5e71 BotDoTeamplayAI
0     5e9c CommanderBotTeamplayAI
0     6043 CommanderBotAI
0     606c MeleeCombatHandling
0     61ca SaberCombatHandling
0     657a BotWeaponCanLead
0     65be BotAimLeading
0     6715 BotAimOffsetGoalAngles
0     6917 ShouldSecondaryFire
0     6a1f CombatBotAI
0     6c01 BotFallbackNavigation
0     6ca4 BotTryAnotherWeapon
0     6d24 BotWeaponSelectable
0     6d5a BotSelectIdealWeapon
0     6ef8 BotSelectChoiceWeapon
0     6f86 BotSelectMelee
0     6fb7 GetLoveLevel
0     704c BotLovedOneDied
0     7199 BotDeathNotify
0     721f StrafeTracing
0     7305 PrimFiring
0     7336 KeepPrimFromFiring
0     736b AltFiring
0     739c KeepAltFromFiring
0     73d1 CheckForFriendInLOF
0     7498 BotScanForLeader
0     7528 BotReplyGreetings
0     7597 CTFFlagMovement
0     7779 BotCheckDetPacks
0     78bf BotUseInventoryItem
0     7999 BotSurfaceNear
0     79fe BotWeaponBlockable
0     7a33 StandardBotAI
0     9a40 BotAIStartFrame
0     9b3e BotAISetup
0     9bd3 BotAIShutdown
0     9c11 B_TempAlloc
0     9c1e B_TempFree
0     9c27 B_Alloc
0     9c34 B_Free
0     9c37 B_InitAlloc
0     9c43 B_CleanupAlloc
0     9c46 GetValueGroup
0     9d41 GetPairedValue
0     9ee7 BotDoChat
0     a1b4 ParseEmotionalAttachments
0     a2f7 ReadChatGroups
0     a387 BotUtilizePersonality
0     a82b GetFlagStr
0     ab26 G_TestLine
0     ab60 BotWaypointRender
0     ad8e TransferWPData
0     aeb2 CreateNewWP
0     af50 CreateNewWP_FromObject
0     b0bb RemoveWP
0     b111 RemoveWP_InTrail
0     b1f6 CreateNewWP_InTrail
0     b345 TeleportToWP
0     b3cb WPFlagsModify
0     b40a NotWithinRange
0     b43f NodeHere
0     b4d1 CanGetToVector
0     b500 CanGetToVectorTravel
0     b624 ConnectTrail
0     bc35 OpposingEnds
0     bcb3 DoorBlockingSection
0     bd96 RepairPaths
0     bec8 OrgVisibleCurve
0     bf28 CanForceJumpTo
0     c013 CalculatePaths
0     c28d GetObjectThatTargets
0     c2bc CalculateSagaGoals
0     c3e9 GetNearestVisibleWPToItem
0     c4d5 CalculateWeightGoals
0     c6a5 CalculateJumpRoutes
0     c7c9 LoadPathData
0     cb70 FlagObjects
0     cd9c SavePathData
0     d0dd LoadPath_ThisLevel
0     d178 GetClosestSpawn
0     d216 GetNextSpawnInIndex
0     d2ba AcceptBotCommand
0     d72d swapfunc
0     d7b4 med3
0     d837 qsort
0     dbf0 strlen
0     dc0b strcat
0     dc4e strcpy
0     dc83 strcmp
0     dcbc strchr
0     dcdb strstr
0     dd21 tolower
0     dd39 toupper
0     dd51 memmove
0     dd98 tan
0     ddaf srand
0     ddb6 rand
0     ddcb atof
0     de90 _atof
0     df5b atoi
0     dfd3 _atoi
0     e055 abs
0     e06a fabs
0     e07f AddInt
0     e15a AddFloat
0     e268 AddString
0     e2ff vsprintf
0     e497 sscanf
0     e502 BG_LegalizedForcePowers
0     e8de vectoyaw
0     e938 BG_HasYsalamiri
0     e967 BG_CanUseFPNow
0     e9e5 BG_FindItemForPowerup
0     ea21 BG_FindItemForHoldable
0     ea5b BG_FindItemForWeapon
0     ea8e BG_FindItem
0     eab7 BG_PlayerTouchesItem
0     eb17 BG_ProperForceIndex
0     eb3a BG_CycleForce
0     ec12 BG_GetItemIndexByTag
0     ec42 BG_CycleInven
0     ecae BG_CanItemBeGrabbed
0     ef14 BG_EvaluateTrajectory
0     f0e2 BG_EvaluateTrajectoryDelta
0     f1dc BG_AddPredictableEventToPlayerstate
0     f217 BG_TouchJumpPad
0     f27b BG_PlayerStateToEntityState
0     f590 BG_PlayerStateToEntityStateExtraPolate
0     f8b2 BG_Alloc
0     f8f2 BG_AllocUnaligned
0     f925 BG_TempAlloc
0     f95d BG_TempFree
0     f98a BG_StringAlloc
0     f9ad BG_OutOfMemory
0     f9bf PM_GetSaberStance
0     f9dc PM_DoSlowFall
0     f9ff PM_AddEvent
0     fa0e PM_AddEventWithParm
0     fa1e PM_AddTouchEnt
0     fa73 PM_ClipVelocity
0     faec PM_Friction
0     fbe8 PM_Accelerate
0     fc64 PM_CmdScale
0     fcfb PM_SetMovementDir
0     fe47 PM_ForceJumpingUp
0     ff06 PM_JumpForDir
0     ffa9 PM_SetPMViewAngle
0     ffea PM_AdjustAngleForWallRun
0    101ee PM_SetForceJumpZStart
0    10210 PM_CheckJump
0    11142 PM_CheckWaterJump
0    11229 PM_WaterJumpMove
0    1126a PM_WaterMove
0    1139b PM_FlyMove
0    11455 PM_AirMove
0    11518 PM_WalkMove
0    117ba PM_DeadMove
0    11833 PM_NoclipMove
0    119a5 PM_FootstepForSurface
0    119be PM_TryRoll
0    11bbf PM_CrashLand
0    11edd PM_CorrectAllSolid
0    11fc4 PM_GroundTraceMissed
0    12155 PM_GroundTrace
0    122e8 PM_SetWaterLevel
0    123b5 PM_CheckDuck
0    1258b PM_Use
0    125d4 PM_RunningAnim
0    12602 PM_Footsteps
0    129d0 PM_WaterEvents
0    12a27 PM_BeginWeaponChange
0    12a8d PM_FinishWeaponChange
0    12ae0 PM_DoChargedWeapons
0    12fba PM_ItemUsable
0    131f0 PM_Weapon
0    13ba9 PM_Animate
0    13c16 PM_DropTimers
0    13ca0 PM_UpdateViewAngles
0    13d44 PM_AdjustAttackStates
0    140bc BG_CmdForRoll
0    14111 BG_AdjustClientSpeed
0    14579 PmoveSingle
0    14aae Pmove
0    14b5a BG_InSpecialJump
0    14b7f BG_InSaberStandAnim
0    14ba5 BG_DirectFlippingAnim
0    14bc4 BG_SaberInAttack
0    14bf1 BG_SaberInSpecial
0    14c0e BG_SaberInIdle
0    14c2b BG_FlippingAnim
0    14c67 BG_SpinningSaberAnim
0    14d51 BG_SaberInSpecialAttack
0    14d8b BG_BrokenParryForAttack
0    14dc9 BG_BrokenParryForParry
0    14e1b BG_KnockawayForParry
0    14e44 BG_InRoll
0    14e6a BG_InDeathAnim
0    14e9f PM_SaberBounceForAttack
0    14ed9 PM_SaberDeflectionForQuad
0    14f12 PM_SaberInDeflect
0    14f27 PM_SaberInParry
0    14f3c PM_SaberInKnockaway
0    14f51 PM_SaberInReflect
0    14f66 PM_SaberInStart
0    14f7b PM_SaberInReturn
0    14f95 PM_InSaberAnim
0    14fac PM_InKnockDown
0    14fd9 PM_PainAnim
0    14ff8 PM_JumpingAnim
0    15017 PM_LandingAnim
0    1505e PM_SpinningAnim
0    1506b PM_InOnGroundAnim
0    150c8 PM_InRollComplete
0    150ee PM_AnimLength
0    1511b PM_DebugLegsAnim
0    15166 BG_ParseAnimationFile
0    152de PM_StartLegsAnim
0    15363 PM_ContinueLegsAnim
0    15383 PM_ForceLegsAnim
0    153f3 PM_StartTorsoAnim
0    1544e PM_SetLegsAnimTimer
0    1546c PM_SetTorsoAnimTimer
0    1548a BG_SaberStartTransAnim
0    154d9 PM_SetAnimFinal
0    156f1 PM_SetAnim
0    1576a PM_SlideMove
0    15b5a PM_StepSlideMove
0    15ea9 PM_irand_timesync
0    15ede BG_ForcePowerDrain
0    15f9c PM_AttackMoveForQuad
0    15fd1 PM_SaberAnimTransitionAnim
0    160f2 PM_SaberMoveQuadrantForMovement
0    16157 PM_SaberInBounce
0    1617c PM_SaberInTransition
0    16191 PM_SaberAttackChainAngle
0    161c1 PM_SaberKataDone
0    162c2 PM_SetAnimFrame
0    162cc PM_SaberLockBreak
0    165a1 PM_SaberLocked
0    167c5 PM_SaberInBrokenParry
0    167ea PM_BrokenParryForParry
0    1682c PM_CanBackstab
0    168ad PM_SaberFlipOverAttackMove
0    1699a PM_SomeoneInFront
0    16a2a PM_SaberLungeAttackMove
0    16a74 PM_SaberJumpAttackMove
0    16adc PM_GroundDistance
0    16b45 PM_SaberAttackForMovement
0    16cbd PM_WeaponLightsaber
0    17553 PM_SetSaberMove
0    177eb P_SetTwitchInfo
0    17803 P_DamageFeedback
0    1790d P_WorldEffects
0    17ab4 DoImpact
0    17d2e G_SetClientSound
0    17d5f ClientImpacts
0    17e02 G_TouchTriggers
0    17fe4 G_MoverTouchPushTriggers
0    18194 SpectatorThink
0    1823b ClientInactivityTimer
0    182dd ClientTimerActions
0    1833f ClientIntermissionThink
0    1839a ClientEvents
0    18532 SendPendingPredictableEvents
0    185d9 G_UpdateForceSightBroadcasts
0    186b9 G_UpdateJediMasterBroadcasts
0    1879b G_UpdateClientBroadcasts
0    187b6 ClientThink_real
0    195fa G_CheckClientTimeouts
0    19627 ClientThink
0    19662 G_RunClient
0    19689 SpectatorClientEndFrame
0    19760 ClientEndFrame
0    19838 UpdateTournamentInfo
0    19a1d trap_Cvar_VariableValue
0    19a33 G_ParseInfos
0    19b21 G_LoadArenasFromFile
0    19ba1 G_GetMapTypeBits
0    19c43 G_DoesMapSupportGametype
0    19cd6 G_RefreshNextMap
0    19de3 G_LoadArenas
0    19e95 G_GetArenaInfoByMap
0    19ed0 G_AddRandomBot
0    1a03d G_RemoveRandomBot
0    1a0a9 G_CountHumanPlayers
0    1a0fc G_CountBotPlayers
0    1a179 G_CheckMinimumPlayers
0    1a2f6 G_CheckBotSpawn
0    1a335 AddBotToSpawnQueue
0    1a372 G_RemoveQueuedBotBegin
0    1a396 G_BotConnect
0    1a3f8 G_AddBot
0    1a711 Svcmd_AddBot_f
0    1a7a8 Svcmd_BotList_f
0    1a85c G_LoadBotsFromFile
0    1a8dc G_LoadBots
0    1a969 G_GetBotInfoByNumber
0    1a994 G_GetBotInfoByName
0    1a9d3 G_InitBots
0    1a9ea SP_info_player_deathmatch
0    1aa23 SP_info_player_start
0    1aa32 SP_info_player_imperial
0    1aa45 SP_info_player_rebel
0    1aa58 SP_info_player_intermission
0    1aa5b ThrowSaberToAttacker
0    1ac22 JMSaberThink
0    1ad1d JMSaberTouch
0    1ae9d SP_info_jedimaster_start
0    1af57 SpotWouldTelefrag
0    1afd8 SelectNearestDeathmatchSpawnPoint
0    1b03c SelectRandomDeathmatchSpawnPoint
0    1b09c SelectRandomFurthestSpawnPoint
0    1b20c SelectSpawnPoint
0    1b21f SelectInitialSpawnPoint
0    1b284 SelectSpectatorSpawnPoint
0    1b294 InitBodyQue
0    1b2c4 BodySink
0    1b2f6 CopyToBodyQue
0    1b4e2 SetClientViewAngle
0    1b53a respawn
0    1b598 TeamCount
0    1b5d9 TeamLeader
0    1b61a PickTeam
0    1b654 ClientCleanName
0    1b749 SetupGameGhoul2Model
0    1b8f8 ClientUserinfoChanged
0    1bbf4 ClientConnect
0    1be2e ClientBegin
0    1c0f3 AllForceDisabled
0    1c11a ClientSpawn
0    1c7b1 ClientDisconnect
0    1c974 DeathmatchScoreboardMessage
0    1caad Cmd_Score_f
0    1cab6 CheatsOk
0    1cb0a ConcatArgs
0    1cb75 SanitizeString
0    1cbc7 ClientNumberFromString
0    1cc93 Cmd_Give_f
0    1cf3f Cmd_God_f
0    1cf84 Cmd_Notarget_f
0    1cfc9 Cmd_Noclip_f
0    1d01c Cmd_LevelShot_f
0    1d04d Cmd_TeamTask_f
0    1d0a4 Cmd_Kill_f
0    1d126 G_GetDuelWinner
0    1d16b BroadcastTeamChange
0    1d241 SetTeam
0    1d4d0 StopFollowing
0    1d528 Cmd_Team_f
0    1d63b Cmd_ForceChanged_f
0    1d6a9 Cmd_Follow_f
0    1d743 Cmd_FollowCycle_f
0    1d7e8 G_SayTo
0    1d879 G_Say
0    1d9db Cmd_Say_f
0    1da14 Cmd_Tell_f
0    1dabe G_VoiceTo
0    1db34 G_Voice
0    1db98 Cmd_Voice_f
0    1dbd4 Cmd_VoiceTell_f
0    1dc84 Cmd_VoiceTaunt_f
0    1de43 Cmd_GameCommand_f
0    1deb8 Cmd_Where_f
0    1deda G_ClientNumberFromName
0    1df1c SanitizeString2
0    1df92 G_ClientNumberFromStrippedName
0    1dfd4 Cmd_CallVote_f
0    1e3fb Cmd_Vote_f
0    1e4f9 Cmd_CallTeamVote_f
0    1e867 Cmd_TeamVote_f
0    1e99e Cmd_SetViewpos_f
0    1ea36 Cmd_Stats_f
0    1ea39 G_ItemUsable
0    1ec6e Cmd_ToggleSaber_f
0    1ed1f Cmd_SaberAttackCycle_f
0    1ed8f G_OtherPlayersDueling
0    1edd6 Cmd_EngageDuel_f
0    1f0e4 StandardSetBodyAnim
0    1f11d ClientCommand
0    1f646 ObjectDie
0    1f65f G_GetHitLocation
0    1f8b5 ExplodeDeath
0    1f947 ScorePlum
0    1f97c AddScore
0    1f9be TossClientWeapon
0    1fb5a TossClientItems
0    1fc62 LookAtKiller
0    1fd34 GibEntity
0    1fd54 BodyRid
0    1fd63 body_die
0    1fe0c CheckAlmostCapture
0    1fe0f G_InKnockDown
0    1fe35 G_CheckSpecialDeathAnim
0    204b8 G_PickDeathAnim
0    2079e G_GetJediMaster
0    207e6 player_die
0    20fed CheckArmor
0    21071 G_ApplyKnockback
0    21208 RaySphereIntersections
0    213b2 LimbTouch
0    213b5 LimbThink
0    2142b G_GetDismemberLoc
0    216af G_GetDismemberBolt
0    218a7 G_Dismember
0    21a97 DismembermentTest
0    21ab9 DismembermentByNum
0    21b10 G_GetHitQuad
0    21bf9 G_CheckForDismemberment
0    21ce4 G_ThereIsAMaster
0    21d1f G_Damage
0    2272a CanDamage
0    22855 G_RadiusDamage
0    229d2 adjustRespawnTime
0    22a33 ShieldRemove
0    22a56 ShieldThink
0    22a83 ShieldDie
0    22a97 ShieldPain
0    22aba ShieldGoSolid
0    22b5b ShieldGoNotSolid
0    22b9e ShieldTouch
0    22bfa CreateShield
0    22e65 PlaceShield
0    23030 ItemUse_Binoculars
0    230a5 ItemUse_Shield
0    230ae SentryTouch
0    230b1 pas_fire
0    2312d G_SetEnemy
0    23140 pas_find_enemies
0    232dd pas_adjust_enemy
0    233ac sentryExpire
0    233c3 pas_think
0    237b8 turret_die
0    23860 SP_PAS
0    238eb ItemUse_Sentry
0    23ab2 ItemUse_Seeker
0    23ae0 ItemUse_MedPack
0    23b68 Pickup_Powerup
0    23cf0 Pickup_Holdable
0    23d4a Add_Ammo
0    23da0 Pickup_Ammo
0    23deb Pickup_Weapon
0    23ee8 Pickup_Health
0    23f88 Pickup_Armor
0    23ff4 RespawnItem
0    240d5 Touch_Item
0    2445c LaunchItem
0    245c5 Drop_Item
0    24628 Use_Item
0    24631 FinishSpawningItem
0    24892 G_CheckTeamItems
0    248e8 ClearRegisteredItems
0    24918 RegisterItem
0    24930 SaveRegisteredItems
0    24978 G_ItemDisabled
0    24991 G_SpawnItem
0    24a35 G_BounceItem
0    24c2a G_RunItem
0    24cf8 G_LogWeaponInit
0    24d55 G_LogWeaponPickup
0    24d75 G_LogWeaponFire
0    24ddb G_LogWeaponDamage
0    24e02 G_LogWeaponKill
0    24e28 G_LogWeaponFrag
0    24e57 G_LogWeaponDeath
0    24e7d G_LogWeaponPowerup
0    24ea3 G_LogWeaponItem
0    24ec9 G_LogWeaponOutput
0    25d61 CalculateEfficiency
0    25def CalculateSharpshooter
0    25e79 CalculateUntouchable
0    25ec4 CalculateLogistics
0    25f9d CalculateTactician
0    26113 CalculateDemolitionist
0    261f2 CalculateStreak
0    261f7 CalculateTeamMVP
0    2626d CalculateTeamMVPByRank
0    262fb CalculateTeamDefender
0    26371 CalculateTeamWarrior
0    263e7 CalculateTeamCarrier
0    2645d CalculateTeamInterceptor
0    264e0 CalculateTeamRedShirt
0    26563 CalculateTeamAward
0    265de CalculateSection31Award
0    2663a CalculateAwards
0    267db GetMaxDeathsForClient
0    26821 GetMaxKillsForClient
0    26867 GetFavoriteTargetForClient
0    268b4 GetWorstEnemyForClient
0    26917 GetFavoriteWeaponForClient
0    2699f G_ClearClientLog
0    26ab9 G_Alloc
0    26b04 G_InitMemory
0    26b0a Svcmd_GameMem_f
0    26b17 SP_info_camp
0    26b29 SP_info_null
0    26b32 SP_info_notnull
0    26b44 SP_light
0    26b4d TeleportPlayer
0    26c78 SP_misc_teleporter_dest
0    26c7b SP_misc_model
0    26c84 SP_misc_G2model
0    26c8d locateCamera
0    26d6c SP_misc_portal_surface
0    26dde SP_misc_portal_camera
0    26e34 HolocronRespawn
0    26e47 HolocronPopOut
0    26ec0 HolocronTouch
0    27034 HolocronThink
0    272dc SP_misc_holocron
0    27486 Use_Shooter
0    27580 InitShooter_Finish
0    275a4 InitShooter
0    27612 SP_shooter_blaster
0    2761d check_recharge
0    2765c EnergyShieldStationSettings
0    27691 shield_power_converter_use
0    27795 SP_misc_shield_floor_unit
0    27901 SP_misc_model_shield_power_converter
0    279c7 EnergyAmmoStationSettings
0    279e3 ammo_power_converter_use
0    27ae5 SP_misc_model_ammo_power_converter
0    27b9e EnergyHealthStationSettings
0    27bba health_power_converter_use
0    27c63 SP_misc_model_health_power_converter
0    27d1c DmgBoxHit
0    27d1f DmgBoxUpdateSelf
0    27db6 DmgBoxAbsorb_Die
0    27dbf DmgBoxAbsorb_Pain
0    27dc8 CreateNewDamageBox
0    27e45 ATST_ManageDamageBoxes
0    28015 G_PlayerBecomeATST
0    2808c fx_runner_think
0    280da fx_runner_use
0    28123 fx_runner_link
0    28216 SP_fx_runner
0    28325 ExampleAnimEntCustomData
0    28358 ExampleAnimEntCustomDataExists
0    283b0 ExampleAnimEntCustomDataEntry
0    284d7 AnimEntCustomSoundPrecache
0    285b8 ExampleAnimEntCustomSound
0    2871d ExampleAnimEntAlignment
0    2875f ExampleAnimEntAlertOthers
0    287f3 ExampleAnimEnt_Die
0    289c3 ExampleAnimEnt_Pain
0    28afa ExampleAnimEntTouch
0    28afd ExampleAnimEntMove
0    28d0a ExampleAnimEntYaw
0    28d68 ExampleAnimEntLook
0    28dd2 ExampleAnimEntClearLOS
0    28e90 ExampleAnimEntWeaponHandling
0    28f2f ExampleAnimEntWayValidCheck
0    28fa5 ExampleAnimEntNavigation
0    290f3 ExampleAnimEntEnemyHandling
0    294d3 ExampleAnimEntUpdateSelf
0    29b54 G_SpawnExampleAnimEnt
0    29eb6 AESpawner_CountAnimEnts
0    29f1d AESpawner_NoClientInPVS
0    29f5e AESpawner_PassAnimEntPVSCheck
0    29fb6 AESpawner_Think
0    2a08a SP_misc_animent_spawner
0    2a2e6 Use_Target_Screenshake
0    2a313 SP_target_screenshake
0    2a34c Use_Target_Escapetrig
0    2a3fe SP_target_escapetrig
0    2a42b G_CreateExampleAnimEnt
0    2a51a G_ReflectMissile
0    2a7b0 G_DeflectMissile
0    2a8db G_BounceMissile
0    2aac3 G_ExplodeMissile
0    2ab91 G_RunStuckMissile
0    2ac12 G_BounceProjectile
0    2acd1 CreateMissile
0    2adb4 G_MissileImpact
0    2b323 G_RunMissile
0    2b544 G_TestEntityPosition
0    2b5cb G_CreateRotationMatrix
0    2b5ed G_TransposeMatrix
0    2b62e G_RotatePoint
0    2b69a G_TryPushingEntity
0    2b98c G_MoverPush
0    2bcd9 G_MoverTeam
0    2be0c G_RunMover
0    2be3d SetMoverState
0    2bf7c MatchTeam
0    2bf9c ReturnToPos1
0    2bfd1 Reached_BinaryMover
0    2c0da Use_BinaryMover
0    2c21f InitMover
0    2c3af Blocked_Door
0    2c502 Touch_DoorTriggerSpectator
0    2c5db Touch_DoorTrigger
0    2c62d Think_SpawnNewDoorTrigger
0    2c72f Think_MatchTeam
0    2c745 SP_func_door
0    2c963 Touch_Plat
0    2c9e7 Touch_PlatCenterTrigger
0    2ca28 SpawnPlatTrigger
0    2cb16 SP_func_plat
0    2cc89 Touch_Button
0    2ccac SP_func_button
0    2ce30 Think_BeginMoving
0    2ce40 Reached_Train
0    2cf25 Think_SetupTrainTargets
0    2cfdc SP_path_corner
0    2cffd SP_func_train
0    2d092 SP_func_static
0    2d0c5 SP_func_rotating
0    2d16b SP_func_bobbing
0    2d21d SP_func_pendulum
0    2d2d6 BreakableBrushDie
0    2d3d6 BreakableBrushPain
0    2d3d9 BrushThink
0    2d3fc BreakableBrushUse
0    2d426 SP_func_breakable
0    2d607 GlassDie
0    2d6a1 GlassDie_Old
0    2d712 GlassPain
0    2d715 GlassUse
0    2d80a SP_func_glass
0    2d897 func_wait_return_solid
0    2d927 func_usable_think
0    2d94d func_usable_use
0    2da1a func_usable_pain
0    2da35 func_usable_die
0    2da52 SP_func_usable
0    2dafb pitch_roll_for_slope
0    2dc89 G_BounceObject
0    2ddc8 G_RunObject
0    2e05f G_StopObjectMoving
0    2e09e G_StartObjectMoving
0    2e0fd InitSagaMode
0    2e1d9 UseSagaTarget
0    2e250 SagaBroadcast_OBJECTIVECOMPLETE
0    2e291 SagaBroadcast_ROUNDOVER
0    2e2cb BroadcastObjectiveCompletion
0    2e312 AddSagaWinningTeamPoints
0    2e36f SagaRoundComplete
0    2e3c9 SagaObjectiveCompleted
0    2e42b StripTabs
0    2e46b sagaTriggerUse
0    2e571 SP_info_saga_objective
0    2e5c4 G_WriteClientSessionData
0    2e62c G_ReadSessionData
0    2e6b0 G_InitSessionData
0    2e78d G_InitWorldSession
0    2e7b0 G_WriteSessionData
0    2e7eb G_SpawnString
0    2e82f G_SpawnFloat
0    2e851 G_SpawnInt
0    2e873 G_SpawnVector
0    2e8a2 SP_item_botroam
0    2e8a5 G_CallSpawn
0    2e924 G_NewString
0    2e9a8 G_ParseField
0    2ea90 G_SpawnGEntityFromSpawnVars
0    2eb7b G_AddSpawnVarToken
0    2ebbc G_ParseSpawnVars
0    2ec4c SP_worldspawn
0    2ee59 G_SpawnEntitiesFromString
0    2ee82 StringToFilter
0    2ef35 UpdateIPBans
0    2ef8d G_FilterPacket
0    2f040 AddIP
0    2f096 G_ProcessIPBans
0    2f0ec Svcmd_AddIP_f
0    2f10c Svcmd_RemoveIP_f
0    2f174 Svcmd_EntityList_f
0    2f22e ClientForString
0    2f2c5 Svcmd_ForceTeam_f
0    2f2fb ConsoleCommand
0    2f412 Use_Target_Give
0    2f46c SP_target_give
0    2f475 Use_target_remove_powerups
0    2f4c1 SP_target_remove_powerups
0    2f4ca Think_Target_Delay
0    2f4dd Use_Target_Delay
0    2f52f SP_target_delay
0    2f562 Use_Target_Score
0    2f57a SP_target_score
0    2f590 Use_Target_Print
0    2f617 SP_target_print
0    2f620 Use_Target_Speaker
0    2f69f SP_target_speaker
0    2f781 target_laser_think
0    2f8dd target_laser_on
0    2f8f8 target_laser_off
0    2f907 target_laser_use
0    2f926 target_laser_start
0    2f9b7 SP_target_laser
0    2f9c9 target_teleporter_use
0    2f9fe SP_target_teleporter
0    2fa25 target_relay_use
0    2fab6 SP_target_relay
0    2fabf target_kill_use
0    2fae0 SP_target_kill
0    2fae9 SP_target_position
0    2fafb target_location_linkup
0    2fb6b SP_target_location
0    2fb8c Team_InitGame
0    2fbbf OtherTeam
0    2fbd5 TeamName
0    2fbf2 OtherTeamName
0    2fc0f TeamColorString
0    2fc2c PrintCTFMessage
0    2fc84 AddTeamScore
0    2fd0f OnSameTeam
0    2fd9b Team_SetFlagStatus
0    2fdff Team_CheckDroppedItem
0    2fe39 Team_ForceGesture
0    2fe7e Team_FragBonuses
0    303dd Team_CheckHurtCarrier
0    30473 Team_ResetFlag
0    304dd Team_ResetFlags
0    304f2 Team_ReturnFlagSound
0    3052f Team_TakeFlagSound
0    3059e Team_CaptureFlagSound
0    305db Team_ReturnFlag
0    305fe Team_FreeEntity
0    30632 Team_DroppedFlagThink
0    30673 Team_TouchOurFlag
0    308cb Team_TouchEnemyFlag
0    3091b Pickup_Team
0    30992 Team_GetLocation
0    30a0c Team_GetLocationMsg
0    30a73 SelectRandomTeamSpawnPoint
0    30b21 SelectCTFSpawnPoint
0    30b66 SelectSagaSpawnPoint
0    30bab SortClients
0    30bb6 TeamplayInfoMessage
0    30d14 CheckTeamStatus
0    30dc9 SP_team_CTF_redplayer
0    30dcc SP_team_CTF_blueplayer
0    30dcf SP_team_CTF_redspawn
0    30dd2 SP_team_CTF_bluespawn
0    30dd5 InitTrigger
0    30e14 multi_wait
0    30e1d multi_trigger
0    30fd8 Use_Multi
0    30fe4 Touch_Multi
0    30ff9 SP_trigger_multiple
0    3107c trigger_always_think
0    31092 SP_trigger_always
0    310a4 trigger_push_touch
0    310bc AimAtTarget
0    311c1 SP_trigger_push
0    311fe Use_target_push
0    31250 SP_target_push
0    31307 trigger_teleporter_touch
0    31362 SP_trigger_teleport
0    313a9 hurt_use
0    313eb hurt_touch
0    3158a SP_trigger_hurt
0    315f0 func_timer_think
0    3162e func_timer_use
0    3164d SP_func_timer
0    316c7 AddRemap
0    31736 BuildShaderStateConfig
0    3177c G_FindConfigstringIndex
0    317e8 G_SkinIndex
0    317fb G_ModelIndex
0    3180e G_SoundIndex
0    31821 G_EffectIndex
0    31834 G_TeamCommand
0    31872 G_Find
0    318c1 G_RadiusList
0    319e1 G_PickTarget
0    31a47 G_UseTargets
0    31ae6 tv
0    31b14 vtos
0    31b50 G_SetMovedir
0    31ba5 G_InitGentity
0    31bcd G_Spawn
0    31c7b G_EntitiesFree
0    31ca6 G_SendG2KillQueue
0    31cea G_KillG2Queue
0    31d18 G_FreeEntity
0    31dc3 G_TempEntity
0    31e11 GetTrackerEnt
0    31e47 G_SoundTempEntity
0    31e9b G_KillBox
0    31f67 G_AddPredictableEvent
0    31f82 G_AddEvent
0    31ffb G_PlayEffect
0    32023 G_ScreenShake
0    32073 G_MuteSound
0    320b7 G_Sound
0    3218a G_SoundAtLoc
0    321a1 G_EntitySound
0    321c9 ValidUseTarget
0    321e6 TryUse
0    3229a G_PointInBounds
0    322da G_BoxInBounds
0    3238d G_SetAngles
0    323a5 G_ClearTrace
0    323d6 G_SetOrigin
0    32415 DebugLine
0    32518 G_ROFF_NotetrackCallback
0    325cb touch_NULL
0    325ce W_TraceSetStart
0    32690 WP_FireBryarPistol
0    32766 WP_FireTurretMissile
0    327bd WP_FireGenericBlasterMissile
0    32806 WP_FireBlasterMissile
0    3285e WP_FireEmplacedMissile
0    328c1 WP_FireBlaster
0    32918 WP_DisruptorMainFire
0    32b42 WP_DisruptorAltFire
0    32f0a WP_FireDisruptor
0    32f64 WP_BowcasterAltFire
0    32fee WP_BowcasterMainFire
0    3313f WP_FireBowcaster
0    33154 WP_RepeaterMainFire
0    3319b WP_RepeaterAltFire
0    3323d WP_FireRepeater
0    33297 WP_DEMP2_MainFire
0    33313 DEMP2_AltRadiusDamage
0    33557 DEMP2_AltDetonate
0    335d8 WP_DEMP2_AltFire
0    336d1 WP_FireDEMP2
0    336e6 WP_FlechetteMainFire
0    337cb prox_mine_think
0    33859 WP_TraceSetStart
0    33911 WP_ExplosiveDie
0    3391a WP_flechette_alt_blow
0    33935 WP_CreateFlechetteBouncyThing
0    33a06 WP_FlechetteAltFire
0    33a7d WP_FireFlechette
0    33a92 rocketThink
0    33d13 WP_FireRocket
0    33e73 thermalDetonatorExplode
0    33f51 thermalThinkStandard
0    33f78 WP_FireThermalDetonator
0    3410a WP_DropThermal
0    3412a laserTrapExplode
0    341b4 laserTrapDelayedExplode
0    341fc touchLaserTrap
0    34263 laserTrapThink
0    3432a laserTrapStick
0    3443d TrapThink
0    3444f CreateLaserTrap
0    345f0 WP_PlaceLaserTrap
0    34724 VectorNPos
0    3478b charge_stick
0    349e8 DetPackBlow
0    34a51 DetPackPain
0    34a72 DetPackDie
0    34a93 drop_charge
0    34c36 BlowDetpacks
0    34ca5 CheatsOn
0    34cb2 WP_DropDetPack
0    34df4 WP_FireStunBaton
0    34f72 SnapVectorTowards
0    34fbb LogAccuracyHit
0    3500a CalcMuzzlePoint
0    3513f CalcMuzzlePointOrigin
0    351c9 FireWeapon
0    3535c AnimEntCalcMuzzlePoint
0    35440 AnimEntFireWeapon
0    35510 WP_FireEmplaced
0    35614 emplaced_gun_use
0    3580d emplaced_gun_realuse
0    3581b emplaced_gun_pain
0    35825 emplaced_gun_update
0    35b09 emplaced_gun_die
0    35b2a SP_emplaced_gun
0    35ca8 G_PreDefSound
0    35cc9 InFront
0    35d43 WP_InitForcePowers
0    36271 WP_SpawnInitForcePowers
0    36488 ForcePowerUsableOn
0    36550 WP_ForcePowerAvailable
0    365a2 WP_ForcePowerInUse
0    365ba WP_ForcePowerUsable
0    36693 WP_AbsorbConversion
0    3675a WP_ForcePowerRegenerate
0    367b2 WP_ForcePowerStart
0    36ac7 ForceHeal
0    36be8 WP_AddToClientBitflags
0    36c4d ForceTeamHeal
0    36e8f ForceTeamForceReplenish
0    3706d ForceGrip
0    371ae ForceSpeed
0    37230 ForceSeeing
0    3729f ForceProtect
0    37332 ForceAbsorb
0    373c5 ForceRage
0    37472 ForceLightning
0    374f0 ForceLightningDamage
0    37622 ForceShootLightning
0    37912 ForceDrain
0    37990 ForceDrainDamage
0    37bab ForceShootDrain
0    37eee ForceJumpCharge
0    38028 WP_GetVelocityForForceJump
0    381dc ForceJump
0    38289 WP_AddAsMindtricked
0    382ee ForceTelepathy
0    3872a GEntity_UseFunc
0    38741 CanCounterThrow
0    387ab G_InGetUpAnim
0    387ea ForceThrow
0    395e5 WP_ForcePowerStop
0    39826 DoGripAction
0    39dcb G_IsMindTricked
0    39e32 RemoveTrickedEnt
0    39e9b WP_UpdateMindtrickEnts
0    39fe5 WP_ForcePowerRun
0    3a3b9 WP_DoSpecificPower
0    3a5ce FindGenericEnemyIndex
0    3a705 SeekerDroneUpdate
0    3aae7 HolocronUpdate
0    3ac7e JediMasterUpdate
0    3ad7c WP_HasForcePowers
0    3adb6 WP_ForcePowersUpdate
0    3b7b2 Jedi_DodgeEvasion
0    3b919 RandFloat
0    3b933 SaberUpdateSelf
0    3ba34 SaberGotHit
0    3ba52 WP_SaberInitBladeData
0    3bb11 G_G2ClientSpineAngles
0    3bc8c G_G2PlayerAngles
0    3bf91 SaberAttacking
0    3c029 WP_SabersCheckLock2
0    3c3ce WP_SabersCheckLock
0    3cac4 G_GetParryForBlock
0    3cb05 WP_GetSaberDeflectionAngle
0    3d003 G_KnockawayForParry
0    3d02c G_GetAttackDamage
0    3d0f5 G_GetAnimPoint
0    3d16a G_ClientIdleInWorld
0    3d1d0 G_G2TraceCollide
0    3d2f2 G_SaberInBackAttack
0    3d30d CheckSaberDamage
0    3e5bb CheckThrownSaberDamaged
0    3ea44 saberCheckRadiusDamage
0    3eaaf saberMoveBack
0    3eae5 SaberBounceSound
0    3eafb DeadSaberThink
0    3eb1c MakeDeadSaber
0    3ec6a saberBackToOwner
0    3eef3 thrownSaberTouch
0    3efc8 saberFirstThrown
0    3f2dd WP_SaberPositionUpdate
0    3ff7b WP_MissileBlockForBlock
0    3ffa9 WP_SaberBlockNonRandom
0    400b5 WP_SaberBlock
0    40214 WP_SaberCanBlock
0    403d6 HasSetSaberOnly
0    4041d Q_rand
0    40432 Q_random
0    40444 Q_crandom
0    40455 VectorCompare
0    4048d VectorLength
0    404c0 VectorLengthSquared
0    404ec Distance
0    4052d DistanceSquared
0    4057b VectorNormalizeFast
0    405da VectorInverse
0    40602 CrossProduct
0    4067b ClampChar
0    40692 ClampShort
0    406a9 DirToByte
0    40704 ByteToDir
0    40722 ColorBytes3
0    40791 ColorBytes4
0    40823 NormalizeColor
0    40899 PlaneFromPoints
0    40957 RotatePointAroundVector
0    40a62 RotateAroundDirection
0    40aa6 vectoangles
0    40b62 AnglesToAxis
0    40b97 AxisClear
0    40bce AxisCopy
0    40bf2 ProjectPointOnPlane
0    40cad MakeNormalVectors
0    40d58 VectorRotate
0    40df5 Q_rsqrt
0    40e2c Q_fabs
0    40e3c LerpAngle
0    40e6d AngleSubtract
0    40e92 AnglesSubtract
0    40ee0 AngleMod
0    40ef2 AngleNormalize360
0    40f00 AngleNormalize180
0    40f1b AngleDelta
0    40f2b SetPlaneSignbits
0    40f58 BoxOnPlaneSide
0    41319 RadiusFromBounds
0    4136c ClearBounds
0    413a3 AddPointToBounds
0    4143c VectorNormalize
0    414ac VectorNormalize2
0    4153a _VectorMA
0    4157c _DotProduct
0    415b1 _VectorSubtract
0    415ea _VectorAdd
0    41623 _VectorCopy
0    4164a _VectorScale
0    4167a Vector4Scale
0    416bc Q_log2
0    416db MatrixMultiply
0    418b0 AngleVectors
0    419a8 PerpendicularVector
0    41a14 Rand_Init
0    41a1b flrand
0    41a56 irand
0    41a88 powf
0    41aab GetIDForString
0    41af0 GetStringForID
0    41b2c Com_Clamp
0    41b46 COM_SkipPath
0    41b6a COM_StripExtension
0    41ba0 COM_DefaultExtension
0    41be8 ShortSwap
0    41c08 ShortNoSwap
0    41c13 LongSwap
0    41c46 LongNoSwap
0    41c4c Long64Swap
0    41c89 Long64NoSwap
0    41c91 FloatSwap
0    41ca7 FloatNoSwap
0    41cae COM_BeginParseSession
0    41cc0 COM_GetCurrentParseLine
0    41cc6 COM_Parse
0    41cd5 COM_ParseError
0    41cf5 COM_ParseWarning
0    41d15 SkipWhitespace
0    41d4c COM_Compress
0    41e9f COM_ParseExt
0    41feb COM_ParseString
0    4200c COM_ParseInt
0    42039 COM_ParseFloat
0    42066 COM_ParseVec4
0    42093 COM_MatchToken
0    420bc SkipBracedSection
0    420fa SkipRestOfLine
0    42132 Parse1DMatrix
0    42171 Parse2DMatrix
0    421ac Parse3DMatrix
0    421f1 Q_isprint
0    42206 Q_islower
0    4221b Q_isupper
0    42230 Q_isalpha
0    42251 Q_strrchr
0    42285 Q_strncpyz
0    422c0 Q_stricmpn
0    4234b Q_strncmp
0    4239d Q_stricmp
0    423c5 Q_strlwr
0    423eb Q_strupr
0    42411 Q_strcat
0    4243d Q_PrintStrlen
0    42495 Q_CleanStr
0    42503 Com_sprintf
0    42542 va
0    4256f Info_ValueForKey
0    4264f Info_NextPair
0    426ed Info_RemoveKey
0    427bd Info_RemoveKey_Big
0    4288d Info_Validate
0    428b4 Info_SetValueForKey
0    42984 Info_SetValueForKey_Big
0    42a4c Q_irand
1        4 gDuelExit
1        8 gDuelist1
1        c gDuelist2
1       10 gameCvarTable
1      a04 gameCvarTableSize
1      a38 gQueueScoreMessage
1      a3c gQueueScoreMessageTime
1      a40 gDidDuelStuff
1      a48 g_LastFrameTime
1      a4c g_TimeSinceLastFrame
1      a50 gDoSlowMoDuel
1      a54 gSlowMoDuelTime
1      a58 ctfStateNames
1      a74 ctfStateDescriptions
1      a8c sagaStateDescriptions
1      a98 teamplayStateDescriptions
1      b60 gWPRenderTime
1      b64 gDeactivated
1      b68 gBotEdit
1      b6c gWPRenderedFrame
1      b70 gWPNum
1      b74 gLastPrintedIndex
1      b78 gLevelFlags
1      b7c botGlobalNavWeaponWeights
1      bbc randSeed
1      c30 forceMasteryLevels
1      c50 forceMasteryPoints
1      c70 bgForcePowerCost
1      d90 forcePowerSorted
1      dd8 forcePowerDarkLight
1      e20 WeaponReadyAnim
1      e60 WeaponAttackAnim
1      ea0 bg_itemlist
1     175c bg_numItems
1     17b4 eventnames
1     196c bg_poolSize
1     1970 bg_poolTail
1     1974 gPMDoSlowFall
1     1978 pm_stopspeed
1     197c pm_duckScale
1     1980 pm_swimScale
1     1984 pm_wadeScale
1     1988 pm_accelerate
1     198c pm_airaccelerate
1     1990 pm_wateraccelerate
1     1994 pm_flyaccelerate
1     1998 pm_friction
1     199c pm_waterfriction
1     19a0 pm_flightfriction
1     19a4 pm_spectatorfriction
1     19a8 c_pmove
1     19ac forceSpeedLevels
1     19bc forcePowerNeeded
1     1adc forceJumpHeight
1     1aec forceJumpStrength
1     1b90 animTable
1     45e4 BGPAFtextLoaded
1     45e8 WP_MuzzlePoint
1     46a8 weaponData
1     4a28 ammoData
1     4a50 saberMoveData
1     5cc0 transitionMove
1     5f44 saberMoveTransitionAngle
1     615c playerMins
1     6168 playerMaxs
1     6174 gJMSaberEnt
1     6178 g2SaberInstance
1     619c gc_orders
1     61b8 gameNames
1     61f4 modNames
1     64a4 hitLocName
1     6560 gGAvoidDismember
1     65e0 shieldLoopSound
1     65e4 shieldAttachSound
1     65e8 shieldActivateSound
1     65ec shieldDeactivateSound
1     65f0 shieldDamageSound
1     6630 weaponFromMOD
1     66c8 weaponNameFromIndex
1     6708 gAnimEntTypes
1     670c animEntRoot
1     6710 gEscaping
1     6714 gEscapeTime
1     6748 fields
1     68c8 spawns
1     6b1c defaultStyles
1     6c9c precachedKyle
1     6cd8 remapCount
1     6d0c gG2KillNum
1     8da4 speedLoopSound
1     8da8 rageLoopSound
1     8dac protectLoopSound
1     8db0 absorbLoopSound
1     8db4 seeLoopSound
1     8db8 ysalamiriLoopSound
1     8dbc forcePowerMinRank
1     90b0 saberSpinSound
1     90b4 saberOffSound
1     90b8 saberOnSound
1     90bc saberHumSound
1     91a8 vec3_origin
1     91b4 axisDefault
1     91d8 colorBlack
1     91e8 colorRed
1     91f8 colorGreen
1     9208 colorBlue
1     9218 colorYellow
1     9228 colorMagenta
1     9238 colorCyan
1     9248 colorWhite
1     9258 colorLtGrey
1     9268 colorMdGrey
1     9278 colorDkGrey
1     9288 colorLtBlue
1     9298 colorDkBlue
1     92a8 g_color_table
1     9328 bytedirs
1     9ae0 holdrand
2     c6a5 ctfFlagStatusRemap
2   3c5ed8 _stackStart
2   3d5ed8 _stackEnd
3        0 g_listEntity
3      110 g_podiumDrop
3      220 g_podiumDist
3      330 g_statLogFile
3      440 g_statLog
3      550 g_logSync
3      660 g_log
3      770 g_MaxHolocronCarry
3      880 g_clients
3     e980 jd_FakePlayerDetection
3     ea90 jd_antiForceCrash
3     eba0 jd_antiNameCrash
3     ecb0 g_austrian
3     edc0 g_saberDebugPrint
3     eed0 g_saberDmgDelay_Wound
3     efe0 g_saberDmgDelay_Idle
3     f0f0 g_saberDmgVelocityScale
3     f200 g_timeouttospec
3     f310 g_forceDodge
3     f420 g_dismember
3     f530 g_singlePlayer
3     f640 g_enableBreath
3     f750 g_enableDust
3     f860 g_rankings
3     f970 pmove_msec
3     fa80 pmove_fixed
3     fb90 g_smoothClients
3     fca0 g_blueteam
3     fdb0 g_redteam
3     fec0 g_debugUp
3     ffd0 g_debugRight
3    100e0 g_debugForward
3    101f0 g_filterBan
3    10300 g_banIPs
3    10410 g_teamForceBalance
3    10520 g_teamAutoJoin
3    10630 g_allowVote
3    10740 g_blood
3    10850 g_doWarmup
3    10960 g_warmup
3    10a70 g_motd
3    10b80 g_synchronousClients
3    10c90 g_adaptRespawn
3    10da0 g_weaponTeamRespawn
3    10eb0 g_weaponRespawn
3    10fc0 g_debugDamage
3    110d0 g_debugAlloc
3    111e0 g_debugMove
3    112f0 g_inactivity
3    11400 g_forcerespawn
3    11510 g_quadfactor
3    11620 g_knockback
3    11730 g_speed
3    11840 g_gravity
3    11950 g_needpass
3    11a60 g_password
3    11b70 g_friendlySaber
3    11c80 g_friendlyFire
3    11d90 g_saberInterpolate
3    11ea0 g_capturelimit
3    11fb0 g_timelimit
3    120c0 g_duel_fraglimit
3    121d0 g_fraglimit
3    122e0 g_duelWeaponDisable
3    123f0 g_fraglimitVoteCorrection
3    12500 g_allowDuelSuicide
3    12610 g_weaponDisable
3    12720 g_forcePowerDisable
3    12830 g_spawnInvulnerability
3    12940 g_forceRegenTime
3    12a50 g_saberDamageScale
3    12b60 g_slowmoDuelEnd
3    12c70 g_logClientInfo
3    12d80 g_saberBoxTraceSize
3    12e90 g_saberAlwaysBoxTrace
3    12fa0 g_saberGhoul2Collision
3    130b0 g_saberTraceSaberFirst
3    131c0 g_saberLockFactor
3    132d0 g_saberLocking
3    133e0 g_privateDuel
3    134f0 g_forceBasedTeams
3    13600 g_maxForceRank
3    13710 g_dmflags
3    13820 g_autoMapCycle
3    13930 g_trueJedi
3    13a40 g_restarted
3    13b50 g_maxGameClients
3    13c60 g_maxclients
3    13d70 g_cheats
3    13e80 g_dedicated
3    13f90 g_gametype
3    140a0 g_entities
3    e30a0 level
3    e5428 g_ff_objectives
3    e5544 droppedBlueFlag
3    e5548 droppedRedFlag
3    e554c gBotEventTracker
3    e574c regularupdate_time
3    e5750 numbots
3    e5754 botstates
3    e57d4 floattime
3    e57d8 eFlagBlue
3    e57dc eFlagRed
3    e57e0 oFlagBlue
3    e57e4 flagBlue
3    e57e8 oFlagRed
3    e57ec flagRed
3    e57f0 bot_wp_visconnect
3    e5900 bot_wp_distconnect
3    e5a10 bot_wp_clearweight
3    e5b20 bot_wp_edit
3    e5c30 bot_wp_info
3    e5d40 bot_camp
3    e5e50 bot_attachments
3    e5f60 bot_honorableduelacceptance
3    e6070 bot_forgimmick
3    e6180 bot_forcepowers
3    e6290 gBotChatBuffer
3   126290 nodenum
3   126294 nodetable
3   146294 gWPArray
3   14a294 bg_pool
3   33e294 pml
3   33e720 pm
3   33e724 BGPAFtext
3   348364 bgGlobalAnimations
3   3507d8 podium3
3   3507dc podium2
3   3507e0 podium1
3   3507e8 bot_minplayers
3   3508f8 botSpawnQueue
3   350978 g_arenaInfos
3   351978 g_numArenas
3   35197c g_botInfos
3   35297c g_numBots
3   352d80 Client_Force
3   356c88 itemRegistered
3   357088 G_WeaponLogItems
3   357888 G_WeaponLogPowerups
3   357c08 G_WeaponLogClientTouch
3   357c88 G_WeaponLogLastTime
3   357d08 G_WeaponLogTime
3   358508 G_WeaponLogFrags
3   359508 G_WeaponLogDeaths
3   359d08 G_WeaponLogKills
3   35b008 G_WeaponLogDamage
3   35c308 G_WeaponLogFired
3   35cb08 G_WeaponLogPickups
3   35d308 allocPoint
3   35d30c memoryPool
3   39d30c gJanSound_Alert
3   39d320 gJanSound_Death
3   39d32c gJanSound_Pain
3   39d33c gRodianSound_Alert
3   39d350 gRodianSound_Death
3   39d35c gRodianSound_Pain
3   39d36c gTrooperSound_Alert
3   39d380 gTrooperSound_Death
3   39d38c gTrooperSound_Pain
3   39d39c gExplSound
3   39d3a0 pushed_p
3   39d3a4 pushed
3   3a53a4 imperial_attackers
3   3a53a8 rebel_attackers
3   3a53ac rebel_goals_completed
3   3a53b0 rebel_goals_required
3   3a53b4 imperial_goals_completed
3   3a53b8 imperial_goals_required
3   3a53bc saga_round_over
3   3a53c0 saga_valid
3   3a53c4 saga_info
3   3a73c4 numIPFilters
3   3a73c8 ipFilters
3   3a93c8 teamgame
3   3a93e4 gTrigFallSound
3   3aa988 gG2KillIndex
3   3aaa88 remappedShaders
3   3aec88 ent_list
3   3afc88 muzzle
3   3afc94 up
3   3afca0 right
3   3afcac forward
3   3afcb8 s_quadFactor
3   3c56d4 com_lines
3   3c56d8 com_parsename
3   3c5ad8 com_token
