0 fffffda6 trap_G2API_CollisionDetect
0 fffffda7 trap_G2API_CleanGhoul2Models
0 fffffda8 trap_G2API_RemoveGhoul2Model
0 fffffda9 trap_G2API_HasGhoul2ModelOnIndex
0 fffffdaa trap_G2API_DuplicateGhoul2Instance
0 fffffdab trap_G2API_CopySpecificGhoul2Model
0 fffffdac trap_G2API_CopyGhoul2Instance
0 fffffdad trap_G2API_GetGLAName
0 fffffdae trap_G2API_SetBoneAnim
0 fffffdaf trap_G2API_SetBoneAngles
0 fffffdb0 trap_G2API_SetBoltInfo
0 fffffdb1 trap_G2API_AddBolt
0 fffffdb2 trap_G2API_InitGhoul2Model
0 fffffdb3 trap_G2API_GetBoltMatrix_NoRecNoRot
0 fffffdb4 trap_G2API_GetBoltMatrix_NoReconstruct
0 fffffdb5 trap_G2API_GetBoltMatrix
0 fffffdb6 trap_G2_SetGhoul2ModelIndexes
0 fffffdb7 trap_G2_HaveWeGhoul2Models
0 fffffdb8 trap_G2_ListModelSurfaces
0 fffffdb9 trap_G2_ListModelBones
0 fffffdba trap_PC_SourceFileAndLine
0 fffffdbb trap_PC_ReadToken
0 fffffdbc trap_PC_FreeSource
0 fffffdbd trap_PC_LoadSource
0 fffffdbe trap_AAS_PointReachabilityAreaIndex
0 fffffdbf trap_AAS_PredictRoute
0 fffffdc0 trap_AAS_AlternativeRouteGoals
0 fffffdc1 trap_BotAddAvoidSpot
0 fffffdc2 trap_BotSetAvoidGoalTime
0 fffffdc3 trap_BotPredictVisiblePosition
0 fffffdc4 trap_BotRemoveFromAvoidGoals
0 fffffdc5 trap_BotGetChatMessage
0 fffffdc6 trap_BotNumInitialChats
0 fffffdc7 trap_BotGetMapLocationGoal
0 fffffdc8 trap_BotGetNextCampSpotGoal
0 fffffdc9 trap_BotMutateGoalFuzzyLogic
0 fffffdca trap_BotInterbreedGoalFuzzyLogic
0 fffffdcb trap_GeneticParentsAndChildSelection
0 fffffdcc trap_BotResetWeaponState
0 fffffdcd trap_BotFreeWeaponState
0 fffffdce trap_BotAllocWeaponState
0 fffffdcf trap_BotLoadWeaponWeights
0 fffffdd0 trap_BotGetWeaponInfo
0 fffffdd1 trap_BotChooseBestFightWeapon
0 fffffdd2 trap_BotInitMoveState
0 fffffdd3 trap_BotFreeMoveState
0 fffffdd4 trap_BotAllocMoveState
0 fffffdd5 trap_BotMovementViewTarget
0 fffffdd6 trap_BotReachabilityArea
0 fffffdd7 trap_BotResetLastAvoidReach
0 fffffdd8 trap_BotResetAvoidReach
0 fffffdd9 trap_BotMoveInDirection
0 fffffdda trap_BotMoveToGoal
0 fffffddb trap_BotResetMoveState
0 fffffddc trap_BotFreeGoalState
0 fffffddd trap_BotAllocGoalState
0 fffffdde trap_BotSaveGoalFuzzyLogic
0 fffffddf trap_BotFreeItemWeights
0 fffffde0 trap_BotLoadItemWeights
0 fffffde1 trap_BotUpdateEntityItems
0 fffffde2 trap_BotInitLevelItems
0 fffffde3 trap_BotAvoidGoalTime
0 fffffde4 trap_BotGetLevelItemGoal
0 fffffde5 trap_BotItemGoalInVisButNotVisible
0 fffffde6 trap_BotTouchingGoal
0 fffffde7 trap_BotChooseNBGItem
0 fffffde8 trap_BotChooseLTGItem
0 fffffde9 trap_BotGetSecondGoal
0 fffffdea trap_BotGetTopGoal
0 fffffdeb trap_BotGoalName
0 fffffdec trap_BotDumpGoalStack
0 fffffded trap_BotDumpAvoidGoals
0 fffffdee trap_BotEmptyGoalStack
0 fffffdef trap_BotPopGoal
0 fffffdf0 trap_BotPushGoal
0 fffffdf1 trap_BotResetAvoidGoals
0 fffffdf2 trap_BotResetGoalState
0 fffffdf3 trap_BotSetChatName
0 fffffdf4 trap_BotSetChatGender
0 fffffdf5 trap_BotLoadChatFile
0 fffffdf6 trap_BotReplaceSynonyms
0 fffffdf7 trap_UnifyWhiteSpaces
0 fffffdf8 trap_BotMatchVariable
0 fffffdf9 trap_BotFindMatch
0 fffffdfa trap_StringContains
0 fffffdfb trap_BotEnterChat
0 fffffdfc trap_BotChatLength
0 fffffdfd trap_BotReplyChat
0 fffffdfe trap_BotInitialChat
0 fffffdff trap_BotNumConsoleMessages
0 fffffe00 trap_BotNextConsoleMessage
0 fffffe01 trap_BotRemoveConsoleMessage
0 fffffe02 trap_BotQueueConsoleMessage
0 fffffe03 trap_BotFreeChatState
0 fffffe04 trap_BotAllocChatState
0 fffffe05 trap_Characteristic_String
0 fffffe06 trap_Characteristic_BInteger
0 fffffe07 trap_Characteristic_Integer
0 fffffe08 trap_Characteristic_BFloat
0 fffffe09 trap_Characteristic_Float
0 fffffe0a trap_BotFreeCharacter
0 fffffe0b trap_BotLoadCharacter
0 fffffe56 trap_EA_ResetInput
0 fffffe57 trap_EA_GetInput
0 fffffe58 trap_EA_EndRegular
0 fffffe59 trap_EA_View
0 fffffe5a trap_EA_Move
0 fffffe5b trap_EA_DelayedJump
0 fffffe5c trap_EA_Jump
0 fffffe5d trap_EA_SelectWeapon
0 fffffe5e trap_EA_MoveRight
0 fffffe5f trap_EA_MoveLeft
0 fffffe60 trap_EA_MoveBack
0 fffffe61 trap_EA_MoveForward
0 fffffe62 trap_EA_MoveDown
0 fffffe63 trap_EA_MoveUp
0 fffffe64 trap_EA_Crouch
0 fffffe65 trap_EA_Respawn
0 fffffe66 trap_EA_Use
0 fffffe67 trap_EA_ForcePower
0 fffffe68 trap_EA_Alt_Attack
0 fffffe69 trap_EA_Attack
0 fffffe6a trap_EA_Talk
0 fffffe6b trap_EA_Gesture
0 fffffe6c trap_EA_Action
0 fffffe6d trap_EA_Command
0 fffffe6e trap_EA_SayTeam
0 fffffe6f trap_EA_Say
0 fffffec1 trap_AAS_PredictClientMovement
0 fffffec2 trap_AAS_Swimming
0 fffffec3 trap_AAS_AreaTravelTimeToGoalArea
0 fffffec4 trap_AAS_AreaReachability
0 fffffec5 trap_AAS_IntForBSPEpairKey
0 fffffec6 trap_AAS_FloatForBSPEpairKey
0 fffffec7 trap_AAS_VectorForBSPEpairKey
0 fffffec8 trap_AAS_ValueForBSPEpairKey
0 fffffec9 trap_AAS_NextBSPEntity
0 fffffeca trap_AAS_PointContents
0 fffffecb trap_AAS_TraceAreas
0 fffffecc trap_AAS_PointAreaNum
0 fffffecd trap_AAS_Time
0 fffffece trap_AAS_PresenceTypeBoundingBox
0 fffffecf trap_AAS_Initialized
0 fffffed0 trap_AAS_EntityInfo
0 fffffed1 trap_AAS_AreaInfo
0 fffffed2 trap_AAS_BBoxAreas
0 fffffed3 trap_AAS_EnableRoutingArea
0 ffffff2c trap_BotUserCommand
0 ffffff2d trap_BotGetServerCommand
0 ffffff2e trap_BotGetSnapshotEntity
0 ffffff2f trap_BotLibTest
0 ffffff30 trap_BotLibUpdateEntity
0 ffffff31 trap_BotLibLoadMap
0 ffffff32 trap_BotLibStartFrame
0 ffffff33 trap_BotLibDefine
0 ffffff34 trap_BotLibVarGet
0 ffffff35 trap_BotLibVarSet
0 ffffff36 trap_BotLibShutdown
0 ffffff37 trap_BotLibSetup
0 ffffff8c asin
0 ffffff8d acos
0 ffffff90 ceil
0 ffffff91 floor
0 ffffff92 perpendicularvector
0 ffffff93 anglevectors
0 ffffff94 matrixmultiply
0 ffffff95 sqrt
0 ffffff96 atan2
0 ffffff97 cos
0 ffffff98 sin
0 ffffff99 strncpy
0 ffffff9a memcpy
0 ffffff9b memset
0 ffffffcc trap_ROFF_Purge_Ent
0 ffffffcd trap_ROFF_Play
0 ffffffce trap_ROFF_Cache
0 ffffffcf trap_ROFF_UpdateEntities
0 ffffffd0 trap_ROFF_Clean
0 ffffffd1 trap_SP_GetStringTextString
0 ffffffd2 trap_SP_RegisterServer
0 ffffffd3 trap_EntityContactCapsule
0 ffffffd4 trap_TraceCapsule
0 ffffffd5 trap_SnapVector
0 ffffffd6 trap_RealTime
0 ffffffd7 trap_DebugPolygonDelete
0 ffffffd8 trap_DebugPolygonCreate
0 ffffffd9 trap_FS_GetFileList
0 ffffffda trap_GetEntityToken
0 ffffffdb trap_GetUsercmd
0 ffffffdc trap_BotFreeClient
0 ffffffdd trap_BotAllocateClient
0 ffffffde trap_EntityContact
0 ffffffdf trap_EntitiesInBox
0 ffffffe0 trap_UnlinkEntity
0 ffffffe1 trap_LinkEntity
0 ffffffe2 trap_AreasConnected
0 ffffffe3 trap_AdjustAreaPortalState
0 ffffffe4 trap_InPVSIgnorePortals
0 ffffffe5 trap_InPVS
0 ffffffe6 trap_PointContents
0 ffffffe7 trap_Trace
0 ffffffe8 trap_SetBrushModel
0 ffffffe9 trap_GetServerinfo
0 ffffffea trap_SetUserinfo
0 ffffffeb trap_GetUserinfo
0 ffffffec trap_GetConfigstring
0 ffffffed trap_SetConfigstring
0 ffffffee trap_SendServerCommand
0 ffffffef trap_DropClient
0 fffffff0 trap_LocateGameData
0 fffffff1 trap_SendConsoleCommand
0 fffffff2 trap_FS_FCloseFile
0 fffffff3 trap_FS_Write
0 fffffff4 trap_FS_Read
0 fffffff5 trap_FS_FOpenFile
0 fffffff6 trap_Argv
0 fffffff7 trap_Argc
0 fffffff8 trap_Cvar_VariableStringBuffer
0 fffffff9 trap_Cvar_VariableIntegerValue
0 fffffffa trap_Cvar_Set
0 fffffffb trap_Cvar_Update
0 fffffffc trap_Cvar_Register
0 fffffffd trap_Milliseconds
0 fffffffe trap_Error
0 ffffffff trap_Printf
0        0 vmMain
0       a5 G_Printf
0       be G_Error
0       d7 G_FindTeams
0      1db G_RemapTeamShaders
0      1de G_RegisterCvars
0      252 G_UpdateCvars
0      2c6 G_InitGame
0      438 G_ShutdownGame
0      470 Com_Error
0      48b Com_Printf
0      4a6 AddTournamentPlayer
0      51f RemoveTournamentLoser
0      546 RemoveDuelDrawLoser
0      5e8 RemoveTournamentWinner
0      60f AdjustTournamentScores
0      7da SortRanks
0      8af CalculateRanks
0      b69 SendScoreboardMessageToAllClients
0      b92 MoveClientToIntermission
0      c02 FindIntermissionPoint
0      c70 BeginIntermission
0      ce3 DuelLimitHit
0      d1a DuelResetWinsLosses
0      d4b ExitLevel
0      dd8 G_LogPrintf
0      e44 LogExit
0      f2d CheckIntermissionExit
0     124e ScoreIsTied
0     1297 CheckExitRules
0     1497 CheckTournament
0     161e CheckVote
0     175c PrintTeam
0     1787 SetLeader
0     184a CheckTeamLeader
0     18e2 CheckTeamVote
0     19db CheckCvars
0     1a08 G_RunThink
0     1a41 G_RunFrame
0     1cd3 G_GetStripEdString
0     1ce4 BotStraightTPOrderCheck
0     1d4e BotSelectWeapon
0     1d60 BotReportStatus
0     1dbf BotOrder
0     1f5a BotMindTricked
0     1fd1 BotAI_Print
0     1fd4 IsTeamplay
0     1fe1 BotAI_GetClientState
0     2012 BotAI_GetEntityState
0     2057 BotAI_GetSnapshotEntity
0     2088 BotEntityInfo
0     2094 NumBots
0     209a AngleDifference
0     20c2 BotChangeViewAngle
0     212e BotChangeViewAngles
0     22cd BotInputToUserCommand
0     2579 BotUpdateInput
0     263c BotAIRegularUpdate
0     264d RemoveColorEscapeSequences
0     26c9 BotAI
0     281a BotScheduleBotThink
0     2858 PlayersInGame
0     2899 BotAISetupClient
0     29b9 BotAIShutdownClient
0     2a08 BotResetState
0     2af3 BotAILoadMap
0     2b2d OrgVisible
0     2b53 WPOrgVisible
0     2be8 OrgVisibleBox
0     2c18 CheckForFunc
0     2c6b GetNearestVisibleWP
0     2d31 PassWayCheck
0     2dcb TotalTrailDistance
0     2ea4 CheckForShorterRoutes
0     2ff6 WPConstantRoutine
0     3150 BotCTFGuardDuty
0     316c WPTouchRoutine
0     3333 MoveTowardIdealAngles
0     3343 BotTrace_Strafe
0     34e1 BotTrace_Jump
0     361a BotTrace_Duck
0     36fe PassStandardEnemyChecks
0     38d3 BotDamageNotification
0     39d4 BotCanHear
0     3ad2 UpdateEventTracker
0     3b35 InFieldOfVision
0     3bb7 PassLovedOneCheck
0     3c87 ScanForEnemies
0     3e99 WaitingForNow
0     3f6f BotGetWeaponRange
0     3fbf BotIsAChickenWuss
0     40c1 GetNearestBadThing
0     4370 BotDefendFlag
0     43e5 BotGetEnemyFlag
0     445a BotGetFlagBack
0     4552 BotGuardFlagCarrier
0     464a BotGetFlagHome
0     46bf GetNewFlagPoint
0     47d6 CTFTakesPriority
0     4ae1 EntityVisibleBox
0     4b1e Saga_TargetClosestObjective
0     4d42 Saga_DefendFromAttackers
0     4e38 Saga_CountDefenders
0     4e9e Saga_CountTeammates
0     4eef SagaTakesPriority
0     5207 JMTakesPriority
0     52ee BotHasAssociated
0     53ad GetBestIdleGoal
0     5498 GetIdealDestination
0     5a70 CommanderBotCTFAI
0     5d46 CommanderBotSagaAI
0     5e71 BotDoTeamplayAI
0     5e9c CommanderBotTeamplayAI
0     6043 CommanderBotAI
0     606c MeleeCombatHandling
0     61ca SaberCombatHandling
0     657a BotWeaponCanLead
0     65be BotAimLeading
0     6715 BotAimOffsetGoalAngles
0     6917 ShouldSecondaryFire
0     6a1f CombatBotAI
0     6c01 BotFallbackNavigation
0     6ca4 BotTryAnotherWeapon
0     6d24 BotWeaponSelectable
0     6d5a BotSelectIdealWeapon
0     6ef8 BotSelectChoiceWeapon
0     6f86 BotSelectMelee
0     6fb7 GetLoveLevel
0     704c BotLovedOneDied
0     7199 BotDeathNotify
0     721f StrafeTracing
0     7305 PrimFiring
0     7336 KeepPrimFromFiring
0     736b AltFiring
0     739c KeepAltFromFiring
0     73d1 CheckForFriendInLOF
0     7498 BotScanForLeader
0     7528 BotReplyGreetings
0     7597 CTFFlagMovement
0     7779 BotCheckDetPacks
0     78bf BotUseInventoryItem
0     7999 BotSurfaceNear
0     79fe BotWeaponBlockable
0     7a33 StandardBotAI
0     9a40 BotAIStartFrame
0     9b3e BotAISetup
0     9bd3 BotAIShutdown
0     9c11 B_TempAlloc
0     9c1e B_TempFree
0     9c27 B_Alloc
0     9c34 B_Free
0     9c37 B_InitAlloc
0     9c43 B_CleanupAlloc
0     9c46 GetValueGroup
0     9d41 GetPairedValue
0     9ee7 BotDoChat
0     a1b4 ParseEmotionalAttachments
0     a2f7 ReadChatGroups
0     a387 BotUtilizePersonality
0     a82b GetFlagStr
0     ab26 G_TestLine
0     ab60 BotWaypointRender
0     ad8e TransferWPData
0     aeb2 CreateNewWP
0     af50 CreateNewWP_FromObject
0     b0bb RemoveWP
0     b111 RemoveWP_InTrail
0     b1f6 CreateNewWP_InTrail
0     b345 TeleportToWP
0     b3cb WPFlagsModify
0     b40a NotWithinRange
0     b43f NodeHere
0     b4d1 CanGetToVector
0     b500 CanGetToVectorTravel
0     b624 ConnectTrail
0     bc35 OpposingEnds
0     bcb3 DoorBlockingSection
0     bd96 RepairPaths
0     bec8 OrgVisibleCurve
0     bf28 CanForceJumpTo
0     c013 CalculatePaths
0     c28d GetObjectThatTargets
0     c2bc CalculateSagaGoals
0     c3e9 GetNearestVisibleWPToItem
0     c4d5 CalculateWeightGoals
0     c6a5 CalculateJumpRoutes
0     c7c9 LoadPathData
0     cb70 FlagObjects
0     cd9c SavePathData
0     d0dd LoadPath_ThisLevel
0     d178 GetClosestSpawn
0     d216 GetNextSpawnInIndex
0     d2ba AcceptBotCommand
0     d72d swapfunc
0     d7b4 med3
0     d837 qsort
0     dbf0 strlen
0     dc0b strcat
0     dc4e strcpy
0     dc83 strcmp
0     dcbc strchr
0     dcdb strstr
0     dd21 tolower
0     dd39 toupper
0     dd51 memmove
0     dd98 tan
0     ddaf srand
0     ddb6 rand
0     ddcb atof
0     de90 _atof
0     df5b atoi
0     dfd3 _atoi
0     e055 abs
0     e06a fabs
0     e07f AddInt
0     e15a AddFloat
0     e268 AddString
0     e2ff vsprintf
0     e497 sscanf
0     e502 BG_LegalizedForcePowers
0     e8de vectoyaw
0     e938 BG_HasYsalamiri
0     e967 BG_CanUseFPNow
0     e9e5 BG_FindItemForPowerup
0     ea21 BG_FindItemForHoldable
0     ea5b BG_FindItemForWeapon
0     ea8e BG_FindItem
0     eab7 BG_PlayerTouchesItem
0     eb17 BG_ProperForceIndex
0     eb3a BG_CycleForce
0     ec12 BG_GetItemIndexByTag
0     ec42 BG_CycleInven
0     ecae BG_CanItemBeGrabbed
0     ef14 BG_EvaluateTrajectory
0     f0e2 BG_EvaluateTrajectoryDelta
0     f1dc BG_AddPredictableEventToPlayerstate
0     f217 BG_TouchJumpPad
0     f27b BG_PlayerStateToEntityState
0     f590 BG_PlayerStateToEntityStateExtraPolate
0     f8b2 BG_Alloc
0     f8f2 BG_AllocUnaligned
0     f925 BG_TempAlloc
0     f95d BG_TempFree
0     f98a BG_StringAlloc
0     f9ad BG_OutOfMemory
0     f9bf PM_GetSaberStance
0     fa15 PM_DoSlowFall
0     fa38 PM_AddEvent
0     fa47 PM_AddEventWithParm
0     fa57 PM_AddTouchEnt
0     faac PM_ClipVelocity
0     fb25 PM_Friction
0     fc21 PM_Accelerate
0     fc9d PM_CmdScale
0     fd34 PM_SetMovementDir
0     fe80 PM_ForceJumpingUp
0     ff3f PM_JumpForDir
0     ffe2 PM_SetPMViewAngle
0    10023 PM_AdjustAngleForWallRun
0    10227 PM_SetForceJumpZStart
0    10249 PM_CheckJump
0    1117b PM_CheckWaterJump
0    11262 PM_WaterJumpMove
0    112a3 PM_WaterMove
0    113d4 PM_FlyMove
0    1148e PM_AirMove
0    11551 PM_WalkMove
0    117f3 PM_DeadMove
0    1186c PM_NoclipMove
0    119de PM_FootstepForSurface
0    119f7 PM_TryRoll
0    11bf8 PM_CrashLand
0    11f16 PM_CorrectAllSolid
0    11ffd PM_GroundTraceMissed
0    1218e PM_GroundTrace
0    12321 PM_SetWaterLevel
0    123ee PM_CheckDuck
0    125c4 PM_Use
0    1260d PM_RunningAnim
0    1263b PM_Footsteps
0    12a09 PM_WaterEvents
0    12a60 PM_BeginWeaponChange
0    12ac6 PM_FinishWeaponChange
0    12b19 PM_DoChargedWeapons
0    12ff3 PM_ItemUsable
0    13229 PM_Weapon
0    13be2 PM_Animate
0    13c4f PM_DropTimers
0    13cd9 PM_UpdateViewAngles
0    13d7d PM_AdjustAttackStates
0    140f5 BG_CmdForRoll
0    1414a BG_AdjustClientSpeed
0    145b4 PmoveSingle
0    14af5 Pmove
0    14ba1 BG_InSpecialJump
0    14bc6 BG_InSaberStandAnim
0    14bec BG_DirectFlippingAnim
0    14c0b BG_SaberInAttack
0    14c38 BG_SaberInSpecial
0    14c55 BG_SaberInIdle
0    14c72 BG_FlippingAnim
0    14cae BG_SpinningSaberAnim
0    14d98 BG_SaberInSpecialAttack
0    14dd2 BG_BrokenParryForAttack
0    14e10 BG_BrokenParryForParry
0    14e62 BG_KnockawayForParry
0    14e8b BG_InRoll
0    14eb1 BG_InDeathAnim
0    14ee6 PM_SaberBounceForAttack
0    14f20 PM_SaberDeflectionForQuad
0    14f59 PM_SaberInDeflect
0    14f6e PM_SaberInParry
0    14f83 PM_SaberInKnockaway
0    14f98 PM_SaberInReflect
0    14fad PM_SaberInStart
0    14fc2 PM_SaberInReturn
0    14fdc PM_InSaberAnim
0    14ff3 PM_InKnockDown
0    15020 PM_PainAnim
0    1503f PM_JumpingAnim
0    1505e PM_LandingAnim
0    150a5 PM_SpinningAnim
0    150b2 PM_InOnGroundAnim
0    1510f PM_InRollComplete
0    15135 PM_AnimLength
0    15162 PM_DebugLegsAnim
0    151ad BG_ParseAnimationFile
0    15325 PM_StartLegsAnim
0    153aa PM_ContinueLegsAnim
0    153ca PM_ForceLegsAnim
0    1543a PM_StartTorsoAnim
0    15495 PM_SetLegsAnimTimer
0    154b3 PM_SetTorsoAnimTimer
0    154d1 BG_SaberStartTransAnim
0    15520 PM_SetAnimFinal
0    15738 PM_SetAnim
0    157b1 PM_SlideMove
0    15ba1 PM_StepSlideMove
0    15ef0 PM_irand_timesync
0    15f25 BG_ForcePowerDrain
0    15fe3 PM_AttackMoveForQuad
0    16018 PM_SaberAnimTransitionAnim
0    16139 PM_SaberMoveQuadrantForMovement
0    1619e PM_SaberInBounce
0    161c3 PM_SaberInTransition
0    161d8 PM_SaberAttackChainAngle
0    16208 PM_SaberKataDone
0    16309 PM_SetAnimFrame
0    16313 PM_SaberLockBreak
0    165e8 PM_SaberLocked
0    1680c PM_SaberInBrokenParry
0    16831 PM_BrokenParryForParry
0    16873 PM_CanBackstab
0    168f4 PM_SaberFlipOverAttackMove
0    169e1 PM_SomeoneInFront
0    16a71 PM_SaberLungeAttackMove
0    16abb PM_SaberJumpAttackMove
0    16b23 PM_GroundDistance
0    16b8c PM_SaberAttackForMovement
0    16d19 PM_WeaponLightsaber
0    175af PM_SetSaberMove
0    17847 P_SetTwitchInfo
0    1785f P_DamageFeedback
0    17969 P_WorldEffects
0    17b10 DoImpact
0    17d8a G_SetClientSound
0    17dbb ClientImpacts
0    17e5e G_TouchTriggers
0    18040 G_MoverTouchPushTriggers
0    181f0 SpectatorThink
0    18297 ClientInactivityTimer
0    18339 ClientTimerActions
0    1839b ClientIntermissionThink
0    183f6 ClientEvents
0    1858e SendPendingPredictableEvents
0    18635 G_UpdateForceSightBroadcasts
0    18715 G_UpdateJediMasterBroadcasts
0    187f7 G_UpdateClientBroadcasts
0    18812 ClientThink_real
0    19697 G_CheckClientTimeouts
0    196c4 ClientThink
0    196ff G_RunClient
0    19726 SpectatorClientEndFrame
0    197fd ClientEndFrame
0    198d5 UpdateTournamentInfo
0    19aba trap_Cvar_VariableValue
0    19ad0 G_ParseInfos
0    19bbe G_LoadArenasFromFile
0    19c3e G_GetMapTypeBits
0    19ce0 G_DoesMapSupportGametype
0    19d73 G_RefreshNextMap
0    19e80 G_LoadArenas
0    19f32 G_GetArenaInfoByMap
0    19f6d G_AddRandomBot
0    1a0da G_RemoveRandomBot
0    1a146 G_CountHumanPlayers
0    1a199 G_CountBotPlayers
0    1a216 G_CheckMinimumPlayers
0    1a393 G_CheckBotSpawn
0    1a3d2 AddBotToSpawnQueue
0    1a40f G_RemoveQueuedBotBegin
0    1a433 G_BotConnect
0    1a495 G_AddBot
0    1a7ae Svcmd_AddBot_f
0    1a845 Svcmd_BotList_f
0    1a8f9 G_LoadBotsFromFile
0    1a979 G_LoadBots
0    1aa06 G_GetBotInfoByNumber
0    1aa31 G_GetBotInfoByName
0    1aa70 G_InitBots
0    1aa87 SP_info_player_deathmatch
0    1aac0 SP_info_player_start
0    1aacf SP_info_player_imperial
0    1aae2 SP_info_player_rebel
0    1aaf5 SP_info_player_intermission
0    1aaf8 ThrowSaberToAttacker
0    1acbf JMSaberThink
0    1adba JMSaberTouch
0    1af3a SP_info_jedimaster_start
0    1aff4 SpotWouldTelefrag
0    1b075 SelectNearestDeathmatchSpawnPoint
0    1b0d9 SelectRandomDeathmatchSpawnPoint
0    1b139 SelectRandomFurthestSpawnPoint
0    1b2a9 SelectSpawnPoint
0    1b2bc SelectInitialSpawnPoint
0    1b321 SelectSpectatorSpawnPoint
0    1b331 InitBodyQue
0    1b361 BodySink
0    1b393 CopyToBodyQue
0    1b57f SetClientViewAngle
0    1b5d7 respawn
0    1b66c TeamCount
0    1b6ad TeamLeader
0    1b6ee PickTeam
0    1b728 ClientCleanName
0    1b81d SetupGameGhoul2Model
0    1b9cc ClientUserinfoChanged
0    1bd1c ClientConnect
0    1bf59 ClientBegin
0    1c23c AllForceDisabled
0    1c263 ClientSpawn
0    1c8fa ClientDisconnect
0    1cac6 DeathmatchScoreboardMessage
0    1cbff Cmd_Score_f
0    1cc08 CheatsOk
0    1cc5c ConcatArgs
0    1ccc7 SanitizeString
0    1cd19 ClientNumberFromString
0    1cde5 Cmd_Give_f
0    1d091 Cmd_God_f
0    1d0d6 Cmd_Notarget_f
0    1d11b Cmd_Noclip_f
0    1d16e Cmd_LevelShot_f
0    1d19f Cmd_TeamTask_f
0    1d1f6 Cmd_Kill_f
0    1d284 G_GetDuelWinner
0    1d2c9 BroadcastTeamChange
0    1d39f SetTeam
0    1d5fe StopFollowing
0    1d656 Cmd_Team_f
0    1d769 Cmd_ForceChanged_f
0    1d7d7 Cmd_Follow_f
0    1d871 Cmd_FollowCycle_f
0    1d916 G_SayTo
0    1d9a7 G_Say
0    1db09 Cmd_Say_f
0    1db53 Cmd_Tell_f
0    1dc0e G_VoiceTo
0    1dc84 G_Voice
0    1dce8 Cmd_Voice_f
0    1dd24 Cmd_VoiceTell_f
0    1ddd4 Cmd_VoiceTaunt_f
0    1df93 Cmd_GameCommand_f
0    1e008 Cmd_Where_f
0    1e02a G_ClientNumberFromName
0    1e06c SanitizeString2
0    1e0e2 G_ClientNumberFromStrippedName
0    1e124 Cmd_CallVote_f
0    1e57b Cmd_Vote_f
0    1e679 Cmd_CallTeamVote_f
0    1ea17 Cmd_TeamVote_f
0    1eb4e Cmd_SetViewpos_f
0    1ebe6 Cmd_Stats_f
0    1ebe9 G_ItemUsable
0    1ee1e Cmd_ToggleSaber_f
0    1eecf Cmd_SaberAttackCycle_f
0    1ef3f G_OtherPlayersDueling
0    1ef86 Cmd_EngageDuel_f
0    1f2b8 StandardSetBodyAnim
0    1f2f1 ClientCommand
0    1f8e4 ObjectDie
0    1f8fd G_GetHitLocation
0    1fb53 ExplodeDeath
0    1fbe5 ScorePlum
0    1fc1a AddScore
0    1fc5c TossClientWeapon
0    1fdf8 TossClientItems
0    1ff00 LookAtKiller
0    1ffd2 GibEntity
0    1fff2 BodyRid
0    20001 body_die
0    200aa CheckAlmostCapture
0    200ad G_InKnockDown
0    200d3 G_CheckSpecialDeathAnim
0    20756 G_PickDeathAnim
0    20a3c G_GetJediMaster
0    20a84 player_die
0    2128b CheckArmor
0    2130f G_ApplyKnockback
0    214a6 RaySphereIntersections
0    21650 LimbTouch
0    21653 LimbThink
0    216c9 G_GetDismemberLoc
0    2194d G_GetDismemberBolt
0    21b45 G_Dismember
0    21d35 DismembermentTest
0    21d57 DismembermentByNum
0    21dae G_GetHitQuad
0    21e97 G_CheckForDismemberment
0    21f82 G_ThereIsAMaster
0    21fbd G_Damage
0    229c8 CanDamage
0    22af3 G_RadiusDamage
0    22c70 adjustRespawnTime
0    22cd1 ShieldRemove
0    22cf4 ShieldThink
0    22d21 ShieldDie
0    22d35 ShieldPain
0    22d58 ShieldGoSolid
0    22df9 ShieldGoNotSolid
0    22e3c ShieldTouch
0    22e98 CreateShield
0    23103 PlaceShield
0    232ce ItemUse_Binoculars
0    23343 ItemUse_Shield
0    2334c SentryTouch
0    2334f pas_fire
0    233cb G_SetEnemy
0    233de pas_find_enemies
0    2357b pas_adjust_enemy
0    2364a sentryExpire
0    23661 pas_think
0    23a56 turret_die
0    23afe SP_PAS
0    23b89 ItemUse_Sentry
0    23d50 ItemUse_Seeker
0    23d7e ItemUse_MedPack
0    23e06 Pickup_Powerup
0    23f8e Pickup_Holdable
0    23fe8 Add_Ammo
0    2403e Pickup_Ammo
0    24089 Pickup_Weapon
0    24186 Pickup_Health
0    24226 Pickup_Armor
0    24292 RespawnItem
0    24373 Touch_Item
0    246fa LaunchItem
0    24863 Drop_Item
0    248c6 Use_Item
0    248cf FinishSpawningItem
0    24b30 G_CheckTeamItems
0    24b86 ClearRegisteredItems
0    24bb6 RegisterItem
0    24bce SaveRegisteredItems
0    24c16 G_ItemDisabled
0    24c2f G_SpawnItem
0    24cd3 G_BounceItem
0    24ec8 G_RunItem
0    24f96 G_LogWeaponInit
0    24ff3 G_LogWeaponPickup
0    25013 G_LogWeaponFire
0    25079 G_LogWeaponDamage
0    250a0 G_LogWeaponKill
0    250c6 G_LogWeaponFrag
0    250f5 G_LogWeaponDeath
0    2511b G_LogWeaponPowerup
0    25141 G_LogWeaponItem
0    25167 G_LogWeaponOutput
0    25fff CalculateEfficiency
0    2608d CalculateSharpshooter
0    26117 CalculateUntouchable
0    26162 CalculateLogistics
0    2623b CalculateTactician
0    263b1 CalculateDemolitionist
0    26490 CalculateStreak
0    26495 CalculateTeamMVP
0    2650b CalculateTeamMVPByRank
0    26599 CalculateTeamDefender
0    2660f CalculateTeamWarrior
0    26685 CalculateTeamCarrier
0    266fb CalculateTeamInterceptor
0    2677e CalculateTeamRedShirt
0    26801 CalculateTeamAward
0    2687c CalculateSection31Award
0    268d8 CalculateAwards
0    26a79 GetMaxDeathsForClient
0    26abf GetMaxKillsForClient
0    26b05 GetFavoriteTargetForClient
0    26b52 GetWorstEnemyForClient
0    26bb5 GetFavoriteWeaponForClient
0    26c3d G_ClearClientLog
0    26d57 G_Alloc
0    26da2 G_InitMemory
0    26da8 Svcmd_GameMem_f
0    26db5 SP_info_camp
0    26dc7 SP_info_null
0    26dd0 SP_info_notnull
0    26de2 SP_light
0    26deb TeleportPlayer
0    26f16 SP_misc_teleporter_dest
0    26f19 SP_misc_model
0    26f22 SP_misc_G2model
0    26f2b locateCamera
0    2700a SP_misc_portal_surface
0    2707c SP_misc_portal_camera
0    270d2 HolocronRespawn
0    270e5 HolocronPopOut
0    2715e HolocronTouch
0    272d2 HolocronThink
0    2757a SP_misc_holocron
0    27724 Use_Shooter
0    2781e InitShooter_Finish
0    27842 InitShooter
0    278b0 SP_shooter_blaster
0    278bb check_recharge
0    278fa EnergyShieldStationSettings
0    2792f shield_power_converter_use
0    27a33 SP_misc_shield_floor_unit
0    27b9f SP_misc_model_shield_power_converter
0    27c65 EnergyAmmoStationSettings
0    27c81 ammo_power_converter_use
0    27d83 SP_misc_model_ammo_power_converter
0    27e3c EnergyHealthStationSettings
0    27e58 health_power_converter_use
0    27f01 SP_misc_model_health_power_converter
0    27fba DmgBoxHit
0    27fbd DmgBoxUpdateSelf
0    28054 DmgBoxAbsorb_Die
0    2805d DmgBoxAbsorb_Pain
0    28066 CreateNewDamageBox
0    280e3 ATST_ManageDamageBoxes
0    282b3 G_PlayerBecomeATST
0    2832a fx_runner_think
0    28378 fx_runner_use
0    283c1 fx_runner_link
0    284b4 SP_fx_runner
0    285c3 ExampleAnimEntCustomData
0    285f6 ExampleAnimEntCustomDataExists
0    2864e ExampleAnimEntCustomDataEntry
0    28775 AnimEntCustomSoundPrecache
0    28856 ExampleAnimEntCustomSound
0    289bb ExampleAnimEntAlignment
0    289fd ExampleAnimEntAlertOthers
0    28a91 ExampleAnimEnt_Die
0    28c61 ExampleAnimEnt_Pain
0    28d98 ExampleAnimEntTouch
0    28d9b ExampleAnimEntMove
0    28fa8 ExampleAnimEntYaw
0    29006 ExampleAnimEntLook
0    29070 ExampleAnimEntClearLOS
0    2912e ExampleAnimEntWeaponHandling
0    291cd ExampleAnimEntWayValidCheck
0    29243 ExampleAnimEntNavigation
0    29391 ExampleAnimEntEnemyHandling
0    29771 ExampleAnimEntUpdateSelf
0    29df2 G_SpawnExampleAnimEnt
0    2a154 AESpawner_CountAnimEnts
0    2a1bb AESpawner_NoClientInPVS
0    2a1fc AESpawner_PassAnimEntPVSCheck
0    2a254 AESpawner_Think
0    2a328 SP_misc_animent_spawner
0    2a584 Use_Target_Screenshake
0    2a5b1 SP_target_screenshake
0    2a5ea Use_Target_Escapetrig
0    2a69c SP_target_escapetrig
0    2a6c9 G_CreateExampleAnimEnt
0    2a7b8 G_ReflectMissile
0    2aa4e G_DeflectMissile
0    2ab79 G_BounceMissile
0    2ad61 G_ExplodeMissile
0    2ae2f G_RunStuckMissile
0    2aeb0 G_BounceProjectile
0    2af6f CreateMissile
0    2b052 G_MissileImpact
0    2b5c1 G_RunMissile
0    2b7e2 G_TestEntityPosition
0    2b869 G_CreateRotationMatrix
0    2b88b G_TransposeMatrix
0    2b8cc G_RotatePoint
0    2b938 G_TryPushingEntity
0    2bc2a G_MoverPush
0    2bf77 G_MoverTeam
0    2c0aa G_RunMover
0    2c0db SetMoverState
0    2c21a MatchTeam
0    2c23a ReturnToPos1
0    2c26f Reached_BinaryMover
0    2c378 Use_BinaryMover
0    2c4bd InitMover
0    2c64d Blocked_Door
0    2c7a0 Touch_DoorTriggerSpectator
0    2c879 Touch_DoorTrigger
0    2c8cb Think_SpawnNewDoorTrigger
0    2c9cd Think_MatchTeam
0    2c9e3 SP_func_door
0    2cc01 Touch_Plat
0    2cc85 Touch_PlatCenterTrigger
0    2ccc6 SpawnPlatTrigger
0    2cdb4 SP_func_plat
0    2cf27 Touch_Button
0    2cf4a SP_func_button
0    2d0ce Think_BeginMoving
0    2d0de Reached_Train
0    2d1c3 Think_SetupTrainTargets
0    2d27a SP_path_corner
0    2d29b SP_func_train
0    2d330 SP_func_static
0    2d363 SP_func_rotating
0    2d409 SP_func_bobbing
0    2d4bb SP_func_pendulum
0    2d574 BreakableBrushDie
0    2d674 BreakableBrushPain
0    2d677 BrushThink
0    2d69a BreakableBrushUse
0    2d6c4 SP_func_breakable
0    2d8a5 GlassDie
0    2d93f GlassDie_Old
0    2d9b0 GlassPain
0    2d9b3 GlassUse
0    2daa8 SP_func_glass
0    2db35 func_wait_return_solid
0    2dbc5 func_usable_think
0    2dbeb func_usable_use
0    2dcb8 func_usable_pain
0    2dcd3 func_usable_die
0    2dcf0 SP_func_usable
0    2dd99 pitch_roll_for_slope
0    2df27 G_BounceObject
0    2e066 G_RunObject
0    2e2fd G_StopObjectMoving
0    2e33c G_StartObjectMoving
0    2e39b InitSagaMode
0    2e477 UseSagaTarget
0    2e4ee SagaBroadcast_OBJECTIVECOMPLETE
0    2e52f SagaBroadcast_ROUNDOVER
0    2e569 BroadcastObjectiveCompletion
0    2e5b0 AddSagaWinningTeamPoints
0    2e60d SagaRoundComplete
0    2e667 SagaObjectiveCompleted
0    2e6c9 StripTabs
0    2e709 sagaTriggerUse
0    2e80f SP_info_saga_objective
0    2e862 G_WriteClientSessionData
0    2e8ca G_ReadSessionData
0    2e94e G_InitSessionData
0    2ea2b G_InitWorldSession
0    2ea4e G_WriteSessionData
0    2ea89 G_SpawnString
0    2eacd G_SpawnFloat
0    2eaef G_SpawnInt
0    2eb11 G_SpawnVector
0    2eb40 SP_item_botroam
0    2eb43 G_CallSpawn
0    2ebc2 G_NewString
0    2ec46 G_ParseField
0    2ed2e G_SpawnGEntityFromSpawnVars
0    2ee19 G_AddSpawnVarToken
0    2ee5a G_ParseSpawnVars
0    2eeea SP_worldspawn
0    2f0f7 G_SpawnEntitiesFromString
0    2f120 StringToFilter
0    2f1d3 UpdateIPBans
0    2f22b G_FilterPacket
0    2f2de AddIP
0    2f334 G_ProcessIPBans
0    2f38a Svcmd_AddIP_f
0    2f3aa Svcmd_RemoveIP_f
0    2f412 Svcmd_EntityList_f
0    2f4cc ClientForString
0    2f563 G_ClientNumberFromStrippedSubstring
0    2f5a7 G_ClientNumberFromArg
0    2f5f7 Svcmd_ForceTeam_f
0    2f62d Svcmd_Slap
0    2f6ef Svcmd_Sleep
0    2f7f9 ConsoleCommand
0    2f936 Use_Target_Give
0    2f990 SP_target_give
0    2f999 Use_target_remove_powerups
0    2f9e5 SP_target_remove_powerups
0    2f9ee Think_Target_Delay
0    2fa01 Use_Target_Delay
0    2fa53 SP_target_delay
0    2fa86 Use_Target_Score
0    2fa9e SP_target_score
0    2fab4 Use_Target_Print
0    2fb3b SP_target_print
0    2fb44 Use_Target_Speaker
0    2fbc3 SP_target_speaker
0    2fca5 target_laser_think
0    2fe01 target_laser_on
0    2fe1c target_laser_off
0    2fe2b target_laser_use
0    2fe4a target_laser_start
0    2fedb SP_target_laser
0    2feed target_teleporter_use
0    2ff22 SP_target_teleporter
0    2ff49 target_relay_use
0    2ffda SP_target_relay
0    2ffe3 target_kill_use
0    30004 SP_target_kill
0    3000d SP_target_position
0    3001f target_location_linkup
0    3008f SP_target_location
0    300b0 Team_InitGame
0    300e3 OtherTeam
0    300f9 TeamName
0    30116 OtherTeamName
0    30133 TeamColorString
0    30150 PrintCTFMessage
0    301a8 AddTeamScore
0    30233 OnSameTeam
0    302bf Team_SetFlagStatus
0    30323 Team_CheckDroppedItem
0    3035d Team_ForceGesture
0    303a2 Team_FragBonuses
0    30901 Team_CheckHurtCarrier
0    30997 Team_ResetFlag
0    30a01 Team_ResetFlags
0    30a16 Team_ReturnFlagSound
0    30a53 Team_TakeFlagSound
0    30ac2 Team_CaptureFlagSound
0    30aff Team_ReturnFlag
0    30b22 Team_FreeEntity
0    30b56 Team_DroppedFlagThink
0    30b97 Team_TouchOurFlag
0    30def Team_TouchEnemyFlag
0    30e3f Pickup_Team
0    30eb6 Team_GetLocation
0    30f30 Team_GetLocationMsg
0    30f97 SelectRandomTeamSpawnPoint
0    31045 SelectCTFSpawnPoint
0    3108a SelectSagaSpawnPoint
0    310cf SortClients
0    310da TeamplayInfoMessage
0    31238 CheckTeamStatus
0    312ed SP_team_CTF_redplayer
0    312f0 SP_team_CTF_blueplayer
0    312f3 SP_team_CTF_redspawn
0    312f6 SP_team_CTF_bluespawn
0    312f9 InitTrigger
0    31338 multi_wait
0    31341 multi_trigger
0    314fc Use_Multi
0    31508 Touch_Multi
0    3151d SP_trigger_multiple
0    315a0 trigger_always_think
0    315b6 SP_trigger_always
0    315c8 trigger_push_touch
0    315e0 AimAtTarget
0    316e5 SP_trigger_push
0    31722 Use_target_push
0    31774 SP_target_push
0    3182b trigger_teleporter_touch
0    31886 SP_trigger_teleport
0    318cd hurt_use
0    3190f hurt_touch
0    31aae SP_trigger_hurt
0    31b14 func_timer_think
0    31b52 func_timer_use
0    31b71 SP_func_timer
0    31beb AddRemap
0    31c5a BuildShaderStateConfig
0    31ca0 G_FindConfigstringIndex
0    31d0c G_SkinIndex
0    31d1f G_ModelIndex
0    31d32 G_SoundIndex
0    31d45 G_EffectIndex
0    31d58 G_TeamCommand
0    31d96 G_Find
0    31de5 G_RadiusList
0    31f05 G_PickTarget
0    31f6b G_UseTargets
0    3200a tv
0    32038 vtos
0    32074 G_SetMovedir
0    320c9 G_InitGentity
0    320f1 G_Spawn
0    3219f G_EntitiesFree
0    321ca G_SendG2KillQueue
0    3220e G_KillG2Queue
0    3223c G_FreeEntity
0    322e7 G_TempEntity
0    32335 GetTrackerEnt
0    3236b G_SoundTempEntity
0    323bf G_KillBox
0    3248b G_AddPredictableEvent
0    324a6 G_AddEvent
0    3251f G_PlayEffect
0    32547 G_ScreenShake
0    32597 G_MuteSound
0    325db G_Sound
0    326ae G_SoundAtLoc
0    326c5 G_EntitySound
0    326ed ValidUseTarget
0    3270a TryUse
0    327be G_PointInBounds
0    327fe G_BoxInBounds
0    328b1 G_SetAngles
0    328c9 G_ClearTrace
0    328fa G_SetOrigin
0    32939 DebugLine
0    32a3c G_ROFF_NotetrackCallback
0    32aef touch_NULL
0    32af2 W_TraceSetStart
0    32bb4 WP_FireBryarPistol
0    32c8a WP_FireTurretMissile
0    32d6b WP_FireGenericBlasterMissile
0    32dea WP_FireBlasterMissile
0    32e42 WP_FireEmplacedMissile
0    32ea5 WP_FireBlaster
0    32efc WP_DisruptorMainFire
0    33126 WP_DisruptorAltFire
0    334ee WP_FireDisruptor
0    33548 WP_BowcasterAltFire
0    335d2 WP_BowcasterMainFire
0    33723 WP_FireBowcaster
0    33738 WP_RepeaterMainFire
0    3377f WP_RepeaterAltFire
0    33821 WP_FireRepeater
0    3387b WP_DEMP2_MainFire
0    338f7 DEMP2_AltRadiusDamage
0    33b3b DEMP2_AltDetonate
0    33bbc WP_DEMP2_AltFire
0    33cb5 WP_FireDEMP2
0    33cca WP_FlechetteMainFire
0    33daf prox_mine_think
0    33e3d WP_TraceSetStart
0    33ef5 WP_ExplosiveDie
0    33efe WP_flechette_alt_blow
0    33f19 WP_CreateFlechetteBouncyThing
0    33fea WP_FlechetteAltFire
0    34061 WP_FireFlechette
0    34076 rocketThink
0    342f7 WP_FireRocket
0    34457 thermalDetonatorExplode
0    34535 thermalThinkStandard
0    3455c WP_FireThermalDetonator
0    346ee WP_DropThermal
0    3470e laserTrapExplode
0    34798 laserTrapDelayedExplode
0    347e0 touchLaserTrap
0    34847 laserTrapThink
0    3490e laserTrapStick
0    34a21 TrapThink
0    34a33 CreateLaserTrap
0    34bd4 WP_PlaceLaserTrap
0    34d08 VectorNPos
0    34d6f charge_stick
0    34fcc DetPackBlow
0    35035 DetPackPain
0    35056 DetPackDie
0    35077 drop_charge
0    3521a BlowDetpacks
0    35289 CheatsOn
0    35296 WP_DropDetPack
0    353d8 WP_FireStunBaton
0    35556 SnapVectorTowards
0    3559f LogAccuracyHit
0    355ee CalcMuzzlePoint
0    35723 CalcMuzzlePointOrigin
0    357ad FireWeapon
0    35940 AnimEntCalcMuzzlePoint
0    35a24 AnimEntFireWeapon
0    35af4 WP_FireEmplaced
0    35bf8 emplaced_gun_use
0    35df1 emplaced_gun_realuse
0    35dff emplaced_gun_pain
0    35e09 emplaced_gun_update
0    360ed emplaced_gun_die
0    3610e SP_emplaced_gun
0    3628c G_PreDefSound
0    362ad InFront
0    36327 gaCheckForceStringTail
0    36392 gaCheckForceString
0    36409 WP_InitForcePowers
0    3694f WP_SpawnInitForcePowers
0    36b66 ForcePowerUsableOn
0    36c2e WP_ForcePowerAvailable
0    36c80 WP_ForcePowerInUse
0    36c98 WP_ForcePowerUsable
0    36d71 WP_AbsorbConversion
0    36e38 WP_ForcePowerRegenerate
0    36e90 WP_ForcePowerStart
0    371a5 ForceHeal
0    372c6 WP_AddToClientBitflags
0    3732b ForceTeamHeal
0    3756d ForceTeamForceReplenish
0    3774b ForceGrip
0    3788c ForceSpeed
0    3790e ForceSeeing
0    3797d ForceProtect
0    37a10 ForceAbsorb
0    37aa3 ForceRage
0    37b50 ForceLightning
0    37bce ForceLightningDamage
0    37d00 ForceShootLightning
0    37ff0 ForceDrain
0    3806e ForceDrainDamage
0    38289 ForceShootDrain
0    385cc ForceJumpCharge
0    38706 WP_GetVelocityForForceJump
0    388ba ForceJump
0    38967 WP_AddAsMindtricked
0    389cc ForceTelepathy
0    38e08 GEntity_UseFunc
0    38e1f CanCounterThrow
0    38e89 G_InGetUpAnim
0    38ec8 ForceThrow
0    39cc6 WP_ForcePowerStop
0    39f07 DoGripAction
0    3a4ac G_IsMindTricked
0    3a513 RemoveTrickedEnt
0    3a57c WP_UpdateMindtrickEnts
0    3a6c6 WP_ForcePowerRun
0    3aa9a WP_DoSpecificPower
0    3acaf FindGenericEnemyIndex
0    3ade6 SeekerDroneUpdate
0    3b1c8 HolocronUpdate
0    3b35f JediMasterUpdate
0    3b45d WP_HasForcePowers
0    3b497 WP_ForcePowersUpdate
0    3be93 Jedi_DodgeEvasion
0    3bffa RandFloat
0    3c014 SaberUpdateSelf
0    3c115 SaberGotHit
0    3c133 WP_SaberInitBladeData
0    3c1f2 G_G2ClientSpineAngles
0    3c36d G_G2PlayerAngles
0    3c672 SaberAttacking
0    3c70a WP_SabersCheckLock2
0    3caaf WP_SabersCheckLock
0    3d1a5 G_GetParryForBlock
0    3d1e6 WP_GetSaberDeflectionAngle
0    3d6e4 G_KnockawayForParry
0    3d70d G_GetAttackDamage
0    3d7d6 G_GetAnimPoint
0    3d84b G_ClientIdleInWorld
0    3d8b1 G_G2TraceCollide
0    3d9d3 G_SaberInBackAttack
0    3d9ee CheckSaberDamage
0    3ec9c CheckThrownSaberDamaged
0    3f125 saberCheckRadiusDamage
0    3f190 saberMoveBack
0    3f1c6 SaberBounceSound
0    3f1dc DeadSaberThink
0    3f1fd MakeDeadSaber
0    3f34b saberBackToOwner
0    3f5d4 thrownSaberTouch
0    3f6a9 saberFirstThrown
0    3f9be WP_SaberPositionUpdate
0    4065c WP_MissileBlockForBlock
0    4068a WP_SaberBlockNonRandom
0    40796 WP_SaberBlock
0    408f5 WP_SaberCanBlock
0    40ab7 HasSetSaberOnly
0    40afe Q_rand
0    40b13 Q_random
0    40b25 Q_crandom
0    40b36 VectorCompare
0    40b6e VectorLength
0    40ba1 VectorLengthSquared
0    40bcd Distance
0    40c0e DistanceSquared
0    40c5c VectorNormalizeFast
0    40cbb VectorInverse
0    40ce3 CrossProduct
0    40d5c ClampChar
0    40d73 ClampShort
0    40d8a DirToByte
0    40de5 ByteToDir
0    40e03 ColorBytes3
0    40e72 ColorBytes4
0    40f04 NormalizeColor
0    40f7a PlaneFromPoints
0    41038 RotatePointAroundVector
0    41143 RotateAroundDirection
0    41187 vectoangles
0    41243 AnglesToAxis
0    41278 AxisClear
0    412af AxisCopy
0    412d3 ProjectPointOnPlane
0    4138e MakeNormalVectors
0    41439 VectorRotate
0    414d6 Q_rsqrt
0    4150d Q_fabs
0    4151d LerpAngle
0    4154e AngleSubtract
0    41573 AnglesSubtract
0    415c1 AngleMod
0    415d3 AngleNormalize360
0    415e1 AngleNormalize180
0    415fc AngleDelta
0    4160c SetPlaneSignbits
0    41639 BoxOnPlaneSide
0    419fa RadiusFromBounds
0    41a4d ClearBounds
0    41a84 AddPointToBounds
0    41b1d VectorNormalize
0    41b8d VectorNormalize2
0    41c1b _VectorMA
0    41c5d _DotProduct
0    41c92 _VectorSubtract
0    41ccb _VectorAdd
0    41d04 _VectorCopy
0    41d2b _VectorScale
0    41d5b Vector4Scale
0    41d9d Q_log2
0    41dbc MatrixMultiply
0    41f91 AngleVectors
0    42089 PerpendicularVector
0    420f5 Rand_Init
0    420fc flrand
0    42137 irand
0    42169 powf
0    4218c GetIDForString
0    421d1 GetStringForID
0    4220d Com_Clamp
0    42227 COM_SkipPath
0    4224b COM_StripExtension
0    42281 COM_DefaultExtension
0    422c9 ShortSwap
0    422e9 ShortNoSwap
0    422f4 LongSwap
0    42327 LongNoSwap
0    4232d Long64Swap
0    4236a Long64NoSwap
0    42372 FloatSwap
0    42388 FloatNoSwap
0    4238f COM_BeginParseSession
0    423a1 COM_GetCurrentParseLine
0    423a7 COM_Parse
0    423b6 COM_ParseError
0    423d6 COM_ParseWarning
0    423f6 SkipWhitespace
0    4242d COM_Compress
0    42580 COM_ParseExt
0    426cc COM_ParseString
0    426ed COM_ParseInt
0    4271a COM_ParseFloat
0    42747 COM_ParseVec4
0    42774 COM_MatchToken
0    4279d SkipBracedSection
0    427db SkipRestOfLine
0    42813 Parse1DMatrix
0    42852 Parse2DMatrix
0    4288d Parse3DMatrix
0    428d2 Q_isprint
0    428e7 Q_islower
0    428fc Q_isupper
0    42911 Q_isalpha
0    42932 Q_strrchr
0    42966 Q_strncpyz
0    429a1 Q_stricmpn
0    42a2c Q_strncmp
0    42a7e Q_stricmp
0    42aa6 Q_strlwr
0    42acc Q_strupr
0    42af2 Q_strcat
0    42b1e Q_PrintStrlen
0    42b76 Q_CleanStr
0    42be4 Com_sprintf
0    42c23 va
0    42c50 Info_ValueForKey
0    42d30 Info_NextPair
0    42dce Info_RemoveKey
0    42e9e Info_RemoveKey_Big
0    42f6e Info_Validate
0    42f95 Info_SetValueForKey
0    43065 Info_SetValueForKey_Big
0    4312d Q_irand
1        4 gDuelExit
1        8 gDuelist1
1        c gDuelist2
1       10 gameCvarTable
1      9e8 gameCvarTableSize
1      a1c gQueueScoreMessage
1      a20 gQueueScoreMessageTime
1      a24 gDidDuelStuff
1      a2c g_LastFrameTime
1      a30 g_TimeSinceLastFrame
1      a34 gDoSlowMoDuel
1      a38 gSlowMoDuelTime
1      a3c ctfStateNames
1      a58 ctfStateDescriptions
1      a70 sagaStateDescriptions
1      a7c teamplayStateDescriptions
1      b44 gWPRenderTime
1      b48 gDeactivated
1      b4c gBotEdit
1      b50 gWPRenderedFrame
1      b54 gWPNum
1      b58 gLastPrintedIndex
1      b5c gLevelFlags
1      b60 botGlobalNavWeaponWeights
1      ba0 randSeed
1      c14 forceMasteryLevels
1      c34 forceMasteryPoints
1      c54 bgForcePowerCost
1      d74 forcePowerSorted
1      dbc forcePowerDarkLight
1      e04 WeaponReadyAnim
1      e44 WeaponAttackAnim
1      e84 bg_itemlist
1     1740 bg_numItems
1     1798 eventnames
1     1950 bg_poolSize
1     1954 bg_poolTail
1     1958 gPMDoSlowFall
1     195c pm_stopspeed
1     1960 pm_duckScale
1     1964 pm_swimScale
1     1968 pm_wadeScale
1     196c pm_accelerate
1     1970 pm_airaccelerate
1     1974 pm_wateraccelerate
1     1978 pm_flyaccelerate
1     197c pm_friction
1     1980 pm_waterfriction
1     1984 pm_flightfriction
1     1988 pm_spectatorfriction
1     198c c_pmove
1     1990 forceSpeedLevels
1     19a0 forcePowerNeeded
1     1ac0 forceJumpHeight
1     1ad0 forceJumpStrength
1     1b74 animTable
1     45c8 BGPAFtextLoaded
1     45cc WP_MuzzlePoint
1     468c weaponData
1     4a0c ammoData
1     4a34 saberMoveData
1     5ca4 transitionMove
1     5f28 saberMoveTransitionAngle
1     6140 playerMins
1     614c playerMaxs
1     6158 gJMSaberEnt
1     615c g2SaberInstance
1     617c gc_orders
1     6198 gameNames
1     61d4 modNames
1     6484 hitLocName
1     6540 gGAvoidDismember
1     65c0 shieldLoopSound
1     65c4 shieldAttachSound
1     65c8 shieldActivateSound
1     65cc shieldDeactivateSound
1     65d0 shieldDamageSound
1     6610 weaponFromMOD
1     66a8 weaponNameFromIndex
1     66e8 gAnimEntTypes
1     66ec animEntRoot
1     66f0 gEscaping
1     66f4 gEscapeTime
1     6728 fields
1     68a8 spawns
1     6afc defaultStyles
1     6c7c precachedKyle
1     6cb8 client_id
1     6cbc remapCount
1     6cf0 gG2KillNum
1     8d88 speedLoopSound
1     8d8c rageLoopSound
1     8d90 protectLoopSound
1     8d94 absorbLoopSound
1     8d98 seeLoopSound
1     8d9c ysalamiriLoopSound
1     8da0 forcePowerMinRank
1     8ec0 gaGENERIC_FORCE
1     8ec4 gaFORCE_LOWER
1     8ec8 gaFORCE_UPPER
1     90a0 saberSpinSound
1     90a4 saberOffSound
1     90a8 saberOnSound
1     90ac saberHumSound
1     9198 vec3_origin
1     91a4 axisDefault
1     91c8 colorBlack
1     91d8 colorRed
1     91e8 colorGreen
1     91f8 colorBlue
1     9208 colorYellow
1     9218 colorMagenta
1     9228 colorCyan
1     9238 colorWhite
1     9248 colorLtGrey
1     9258 colorMdGrey
1     9268 colorDkGrey
1     9278 colorLtBlue
1     9288 colorDkBlue
1     9298 g_color_table
1     9318 bytedirs
1     9ad0 holdrand
2     c9c7 ctfFlagStatusRemap
2   3c774c _stackStart
2   3d774c _stackEnd
3        0 g_listEntity
3      110 g_podiumDrop
3      220 g_podiumDist
3      330 g_statLogFile
3      440 g_statLog
3      550 g_logSync
3      660 g_log
3      770 g_MaxHolocronCarry
3      880 g_clients
3     eb00 jd_Messages
3     ec10 jd_CloseServer
3     ed20 g_austrian
3     ee30 g_saberDebugPrint
3     ef40 g_saberDmgDelay_Wound
3     f050 g_saberDmgDelay_Idle
3     f160 g_saberDmgVelocityScale
3     f270 g_timeouttospec
3     f380 g_forceDodge
3     f490 g_dismember
3     f5a0 g_singlePlayer
3     f6b0 g_enableBreath
3     f7c0 g_enableDust
3     f8d0 g_rankings
3     f9e0 pmove_msec
3     faf0 pmove_fixed
3     fc00 g_smoothClients
3     fd10 g_blueteam
3     fe20 g_redteam
3     ff30 g_debugUp
3    10040 g_debugRight
3    10150 g_debugForward
3    10260 g_filterBan
3    10370 g_banIPs
3    10480 g_teamForceBalance
3    10590 g_teamAutoJoin
3    106a0 g_allowVote
3    107b0 g_blood
3    108c0 g_doWarmup
3    109d0 g_warmup
3    10ae0 g_motd
3    10bf0 g_synchronousClients
3    10d00 g_adaptRespawn
3    10e10 g_weaponTeamRespawn
3    10f20 g_weaponRespawn
3    11030 g_debugDamage
3    11140 g_debugAlloc
3    11250 g_debugMove
3    11360 g_inactivity
3    11470 g_forcerespawn
3    11580 g_quadfactor
3    11690 g_knockback
3    117a0 g_speed
3    118b0 g_gravity
3    119c0 g_needpass
3    11ad0 g_password
3    11be0 g_friendlySaber
3    11cf0 g_friendlyFire
3    11e00 g_saberInterpolate
3    11f10 g_capturelimit
3    12020 g_timelimit
3    12130 g_duel_fraglimit
3    12240 g_fraglimit
3    12350 g_duelWeaponDisable
3    12460 g_fraglimitVoteCorrection
3    12570 g_allowDuelSuicide
3    12680 g_weaponDisable
3    12790 g_forcePowerDisable
3    128a0 g_spawnInvulnerability
3    129b0 g_forceRegenTime
3    12ac0 g_saberDamageScale
3    12bd0 g_slowmoDuelEnd
3    12ce0 g_logClientInfo
3    12df0 g_saberBoxTraceSize
3    12f00 g_saberAlwaysBoxTrace
3    13010 g_saberGhoul2Collision
3    13120 g_saberTraceSaberFirst
3    13230 g_saberLockFactor
3    13340 g_saberLocking
3    13450 g_privateDuel
3    13560 g_forceBasedTeams
3    13670 g_maxForceRank
3    13780 g_dmflags
3    13890 g_autoMapCycle
3    139a0 g_trueJedi
3    13ab0 g_restarted
3    13bc0 g_maxGameClients
3    13cd0 g_maxclients
3    13de0 g_cheats
3    13ef0 g_dedicated
3    14000 g_gametype
3    14110 g_entities
3    e4110 level
3    e6498 g_ff_objectives
3    e65b4 droppedBlueFlag
3    e65b8 droppedRedFlag
3    e65bc gBotEventTracker
3    e67bc regularupdate_time
3    e67c0 numbots
3    e67c4 botstates
3    e6844 floattime
3    e6848 eFlagBlue
3    e684c eFlagRed
3    e6850 oFlagBlue
3    e6854 flagBlue
3    e6858 oFlagRed
3    e685c flagRed
3    e6860 bot_wp_visconnect
3    e6970 bot_wp_distconnect
3    e6a80 bot_wp_clearweight
3    e6b90 bot_wp_edit
3    e6ca0 bot_wp_info
3    e6db0 bot_camp
3    e6ec0 bot_attachments
3    e6fd0 bot_honorableduelacceptance
3    e70e0 bot_forgimmick
3    e71f0 bot_forcepowers
3    e7300 gBotChatBuffer
3   127300 nodenum
3   127304 nodetable
3   147304 gWPArray
3   14b304 bg_pool
3   33f304 pml
3   33f790 pm
3   33f794 BGPAFtext
3   3493d4 bgGlobalAnimations
3   351848 podium3
3   35184c podium2
3   351850 podium1
3   351858 bot_minplayers
3   351968 botSpawnQueue
3   3519e8 g_arenaInfos
3   3529e8 g_numArenas
3   3529ec g_botInfos
3   3539ec g_numBots
3   353df0 Client_Force
3   357cf8 itemRegistered
3   3580f8 G_WeaponLogItems
3   3588f8 G_WeaponLogPowerups
3   358c78 G_WeaponLogClientTouch
3   358cf8 G_WeaponLogLastTime
3   358d78 G_WeaponLogTime
3   359578 G_WeaponLogFrags
3   35a578 G_WeaponLogDeaths
3   35ad78 G_WeaponLogKills
3   35c078 G_WeaponLogDamage
3   35d378 G_WeaponLogFired
3   35db78 G_WeaponLogPickups
3   35e378 allocPoint
3   35e37c memoryPool
3   39e37c gJanSound_Alert
3   39e390 gJanSound_Death
3   39e39c gJanSound_Pain
3   39e3ac gRodianSound_Alert
3   39e3c0 gRodianSound_Death
3   39e3cc gRodianSound_Pain
3   39e3dc gTrooperSound_Alert
3   39e3f0 gTrooperSound_Death
3   39e3fc gTrooperSound_Pain
3   39e40c gExplSound
3   39e410 pushed_p
3   39e414 pushed
3   3a6414 imperial_attackers
3   3a6418 rebel_attackers
3   3a641c rebel_goals_completed
3   3a6420 rebel_goals_required
3   3a6424 imperial_goals_completed
3   3a6428 imperial_goals_required
3   3a642c saga_round_over
3   3a6430 saga_valid
3   3a6434 saga_info
3   3a8434 arg1
3   3a8834 str
3   3a8c34 cl
3   3a8c38 numIPFilters
3   3a8c3c ipFilters
3   3aac3c teamgame
3   3aac58 gTrigFallSound
3   3ac1fc gG2KillIndex
3   3ac2fc remappedShaders
3   3b04fc ent_list
3   3b14fc muzzle
3   3b1508 up
3   3b1514 right
3   3b1520 forward
3   3b152c s_quadFactor
3   3c6f48 com_lines
3   3c6f4c com_parsename
3   3c734c com_token
