0 fffffda6 trap_G2API_CollisionDetect
0 fffffda7 trap_G2API_CleanGhoul2Models
0 fffffda8 trap_G2API_RemoveGhoul2Model
0 fffffda9 trap_G2API_HasGhoul2ModelOnIndex
0 fffffdaa trap_G2API_DuplicateGhoul2Instance
0 fffffdab trap_G2API_CopySpecificGhoul2Model
0 fffffdac trap_G2API_CopyGhoul2Instance
0 fffffdad trap_G2API_GetGLAName
0 fffffdae trap_G2API_SetBoneAnim
0 fffffdaf trap_G2API_SetBoneAngles
0 fffffdb0 trap_G2API_SetBoltInfo
0 fffffdb1 trap_G2API_AddBolt
0 fffffdb2 trap_G2API_InitGhoul2Model
0 fffffdb3 trap_G2API_GetBoltMatrix_NoRecNoRot
0 fffffdb4 trap_G2API_GetBoltMatrix_NoReconstruct
0 fffffdb5 trap_G2API_GetBoltMatrix
0 fffffdb6 trap_G2_SetGhoul2ModelIndexes
0 fffffdb7 trap_G2_HaveWeGhoul2Models
0 fffffdb8 trap_G2_ListModelSurfaces
0 fffffdb9 trap_G2_ListModelBones
0 fffffdba trap_PC_SourceFileAndLine
0 fffffdbb trap_PC_ReadToken
0 fffffdbc trap_PC_FreeSource
0 fffffdbd trap_PC_LoadSource
0 fffffdbe trap_AAS_PointReachabilityAreaIndex
0 fffffdbf trap_AAS_PredictRoute
0 fffffdc0 trap_AAS_AlternativeRouteGoals
0 fffffdc1 trap_BotAddAvoidSpot
0 fffffdc2 trap_BotSetAvoidGoalTime
0 fffffdc3 trap_BotPredictVisiblePosition
0 fffffdc4 trap_BotRemoveFromAvoidGoals
0 fffffdc5 trap_BotGetChatMessage
0 fffffdc6 trap_BotNumInitialChats
0 fffffdc7 trap_BotGetMapLocationGoal
0 fffffdc8 trap_BotGetNextCampSpotGoal
0 fffffdc9 trap_BotMutateGoalFuzzyLogic
0 fffffdca trap_BotInterbreedGoalFuzzyLogic
0 fffffdcb trap_GeneticParentsAndChildSelection
0 fffffdcc trap_BotResetWeaponState
0 fffffdcd trap_BotFreeWeaponState
0 fffffdce trap_BotAllocWeaponState
0 fffffdcf trap_BotLoadWeaponWeights
0 fffffdd0 trap_BotGetWeaponInfo
0 fffffdd1 trap_BotChooseBestFightWeapon
0 fffffdd2 trap_BotInitMoveState
0 fffffdd3 trap_BotFreeMoveState
0 fffffdd4 trap_BotAllocMoveState
0 fffffdd5 trap_BotMovementViewTarget
0 fffffdd6 trap_BotReachabilityArea
0 fffffdd7 trap_BotResetLastAvoidReach
0 fffffdd8 trap_BotResetAvoidReach
0 fffffdd9 trap_BotMoveInDirection
0 fffffdda trap_BotMoveToGoal
0 fffffddb trap_BotResetMoveState
0 fffffddc trap_BotFreeGoalState
0 fffffddd trap_BotAllocGoalState
0 fffffdde trap_BotSaveGoalFuzzyLogic
0 fffffddf trap_BotFreeItemWeights
0 fffffde0 trap_BotLoadItemWeights
0 fffffde1 trap_BotUpdateEntityItems
0 fffffde2 trap_BotInitLevelItems
0 fffffde3 trap_BotAvoidGoalTime
0 fffffde4 trap_BotGetLevelItemGoal
0 fffffde5 trap_BotItemGoalInVisButNotVisible
0 fffffde6 trap_BotTouchingGoal
0 fffffde7 trap_BotChooseNBGItem
0 fffffde8 trap_BotChooseLTGItem
0 fffffde9 trap_BotGetSecondGoal
0 fffffdea trap_BotGetTopGoal
0 fffffdeb trap_BotGoalName
0 fffffdec trap_BotDumpGoalStack
0 fffffded trap_BotDumpAvoidGoals
0 fffffdee trap_BotEmptyGoalStack
0 fffffdef trap_BotPopGoal
0 fffffdf0 trap_BotPushGoal
0 fffffdf1 trap_BotResetAvoidGoals
0 fffffdf2 trap_BotResetGoalState
0 fffffdf3 trap_BotSetChatName
0 fffffdf4 trap_BotSetChatGender
0 fffffdf5 trap_BotLoadChatFile
0 fffffdf6 trap_BotReplaceSynonyms
0 fffffdf7 trap_UnifyWhiteSpaces
0 fffffdf8 trap_BotMatchVariable
0 fffffdf9 trap_BotFindMatch
0 fffffdfa trap_StringContains
0 fffffdfb trap_BotEnterChat
0 fffffdfc trap_BotChatLength
0 fffffdfd trap_BotReplyChat
0 fffffdfe trap_BotInitialChat
0 fffffdff trap_BotNumConsoleMessages
0 fffffe00 trap_BotNextConsoleMessage
0 fffffe01 trap_BotRemoveConsoleMessage
0 fffffe02 trap_BotQueueConsoleMessage
0 fffffe03 trap_BotFreeChatState
0 fffffe04 trap_BotAllocChatState
0 fffffe05 trap_Characteristic_String
0 fffffe06 trap_Characteristic_BInteger
0 fffffe07 trap_Characteristic_Integer
0 fffffe08 trap_Characteristic_BFloat
0 fffffe09 trap_Characteristic_Float
0 fffffe0a trap_BotFreeCharacter
0 fffffe0b trap_BotLoadCharacter
0 fffffe56 trap_EA_ResetInput
0 fffffe57 trap_EA_GetInput
0 fffffe58 trap_EA_EndRegular
0 fffffe59 trap_EA_View
0 fffffe5a trap_EA_Move
0 fffffe5b trap_EA_DelayedJump
0 fffffe5c trap_EA_Jump
0 fffffe5d trap_EA_SelectWeapon
0 fffffe5e trap_EA_MoveRight
0 fffffe5f trap_EA_MoveLeft
0 fffffe60 trap_EA_MoveBack
0 fffffe61 trap_EA_MoveForward
0 fffffe62 trap_EA_MoveDown
0 fffffe63 trap_EA_MoveUp
0 fffffe64 trap_EA_Crouch
0 fffffe65 trap_EA_Respawn
0 fffffe66 trap_EA_Use
0 fffffe67 trap_EA_ForcePower
0 fffffe68 trap_EA_Alt_Attack
0 fffffe69 trap_EA_Attack
0 fffffe6a trap_EA_Talk
0 fffffe6b trap_EA_Gesture
0 fffffe6c trap_EA_Action
0 fffffe6d trap_EA_Command
0 fffffe6e trap_EA_SayTeam
0 fffffe6f trap_EA_Say
0 fffffec1 trap_AAS_PredictClientMovement
0 fffffec2 trap_AAS_Swimming
0 fffffec3 trap_AAS_AreaTravelTimeToGoalArea
0 fffffec4 trap_AAS_AreaReachability
0 fffffec5 trap_AAS_IntForBSPEpairKey
0 fffffec6 trap_AAS_FloatForBSPEpairKey
0 fffffec7 trap_AAS_VectorForBSPEpairKey
0 fffffec8 trap_AAS_ValueForBSPEpairKey
0 fffffec9 trap_AAS_NextBSPEntity
0 fffffeca trap_AAS_PointContents
0 fffffecb trap_AAS_TraceAreas
0 fffffecc trap_AAS_PointAreaNum
0 fffffecd trap_AAS_Time
0 fffffece trap_AAS_PresenceTypeBoundingBox
0 fffffecf trap_AAS_Initialized
0 fffffed0 trap_AAS_EntityInfo
0 fffffed1 trap_AAS_AreaInfo
0 fffffed2 trap_AAS_BBoxAreas
0 fffffed3 trap_AAS_EnableRoutingArea
0 ffffff2c trap_BotUserCommand
0 ffffff2d trap_BotGetServerCommand
0 ffffff2e trap_BotGetSnapshotEntity
0 ffffff2f trap_BotLibTest
0 ffffff30 trap_BotLibUpdateEntity
0 ffffff31 trap_BotLibLoadMap
0 ffffff32 trap_BotLibStartFrame
0 ffffff33 trap_BotLibDefine
0 ffffff34 trap_BotLibVarGet
0 ffffff35 trap_BotLibVarSet
0 ffffff36 trap_BotLibShutdown
0 ffffff37 trap_BotLibSetup
0 ffffff8c asin
0 ffffff8d acos
0 ffffff90 ceil
0 ffffff91 floor
0 ffffff92 perpendicularvector
0 ffffff93 anglevectors
0 ffffff94 matrixmultiply
0 ffffff95 sqrt
0 ffffff96 atan2
0 ffffff97 cos
0 ffffff98 sin
0 ffffff99 strncpy
0 ffffff9a memcpy
0 ffffff9b memset
0 ffffffcc trap_ROFF_Purge_Ent
0 ffffffcd trap_ROFF_Play
0 ffffffce trap_ROFF_Cache
0 ffffffcf trap_ROFF_UpdateEntities
0 ffffffd0 trap_ROFF_Clean
0 ffffffd1 trap_SP_GetStringTextString
0 ffffffd2 trap_SP_RegisterServer
0 ffffffd3 trap_EntityContactCapsule
0 ffffffd4 trap_TraceCapsule
0 ffffffd5 trap_SnapVector
0 ffffffd6 trap_RealTime
0 ffffffd7 trap_DebugPolygonDelete
0 ffffffd8 trap_DebugPolygonCreate
0 ffffffd9 trap_FS_GetFileList
0 ffffffda trap_GetEntityToken
0 ffffffdb trap_GetUsercmd
0 ffffffdc trap_BotFreeClient
0 ffffffdd trap_BotAllocateClient
0 ffffffde trap_EntityContact
0 ffffffdf trap_EntitiesInBox
0 ffffffe0 trap_UnlinkEntity
0 ffffffe1 trap_LinkEntity
0 ffffffe2 trap_AreasConnected
0 ffffffe3 trap_AdjustAreaPortalState
0 ffffffe4 trap_InPVSIgnorePortals
0 ffffffe5 trap_InPVS
0 ffffffe6 trap_PointContents
0 ffffffe7 trap_Trace
0 ffffffe8 trap_SetBrushModel
0 ffffffe9 trap_GetServerinfo
0 ffffffea trap_SetUserinfo
0 ffffffeb trap_GetUserinfo
0 ffffffec trap_GetConfigstring
0 ffffffed trap_SetConfigstring
0 ffffffee trap_SendServerCommand
0 ffffffef trap_DropClient
0 fffffff0 trap_LocateGameData
0 fffffff1 trap_SendConsoleCommand
0 fffffff2 trap_FS_FCloseFile
0 fffffff3 trap_FS_Write
0 fffffff4 trap_FS_Read
0 fffffff5 trap_FS_FOpenFile
0 fffffff6 trap_Argv
0 fffffff7 trap_Argc
0 fffffff8 trap_Cvar_VariableStringBuffer
0 fffffff9 trap_Cvar_VariableIntegerValue
0 fffffffa trap_Cvar_Set
0 fffffffb trap_Cvar_Update
0 fffffffc trap_Cvar_Register
0 fffffffd trap_Milliseconds
0 fffffffe trap_Error
0 ffffffff trap_Printf
0        0 vmMain
0       a5 G_Printf
0       be G_Error
0       d7 G_FindTeams
0      1db G_RemapTeamShaders
0      1de G_RegisterCvars
0      252 G_UpdateCvars
0      2c6 G_InitGame
0      438 G_ShutdownGame
0      470 Com_Error
0      48b Com_Printf
0      4a6 AddTournamentPlayer
0      51f RemoveTournamentLoser
0      546 RemoveDuelDrawLoser
0      5e8 RemoveTournamentWinner
0      60f AdjustTournamentScores
0      7da SortRanks
0      8af CalculateRanks
0      b69 SendScoreboardMessageToAllClients
0      b92 MoveClientToIntermission
0      c02 FindIntermissionPoint
0      c70 BeginIntermission
0      ce3 DuelLimitHit
0      d1a DuelResetWinsLosses
0      d4b ExitLevel
0      dd8 G_LogPrintf
0      e44 LogExit
0      f2d CheckIntermissionExit
0     124e ScoreIsTied
0     1297 CheckExitRules
0     1497 CheckTournament
0     161e CheckVote
0     175c PrintTeam
0     1787 SetLeader
0     184a CheckTeamLeader
0     18e2 CheckTeamVote
0     19db CheckCvars
0     1a08 G_RunThink
0     1a41 G_RunFrame
0     1cd3 G_GetStripEdString
0     1ce4 BotStraightTPOrderCheck
0     1d4e BotSelectWeapon
0     1d60 BotReportStatus
0     1dbf BotOrder
0     1f5a BotMindTricked
0     1fd1 BotAI_Print
0     1fd4 IsTeamplay
0     1fe1 BotAI_GetClientState
0     2012 BotAI_GetEntityState
0     2057 BotAI_GetSnapshotEntity
0     2088 BotEntityInfo
0     2094 NumBots
0     209a AngleDifference
0     20c2 BotChangeViewAngle
0     212e BotChangeViewAngles
0     22cd BotInputToUserCommand
0     2579 BotUpdateInput
0     263c BotAIRegularUpdate
0     264d RemoveColorEscapeSequences
0     26c9 BotAI
0     281a BotScheduleBotThink
0     2858 PlayersInGame
0     2899 BotAISetupClient
0     29b9 BotAIShutdownClient
0     2a08 BotResetState
0     2af3 BotAILoadMap
0     2b2d OrgVisible
0     2b53 WPOrgVisible
0     2be8 OrgVisibleBox
0     2c18 CheckForFunc
0     2c6b GetNearestVisibleWP
0     2d31 PassWayCheck
0     2dcb TotalTrailDistance
0     2ea4 CheckForShorterRoutes
0     2ff6 WPConstantRoutine
0     3150 BotCTFGuardDuty
0     316c WPTouchRoutine
0     3333 MoveTowardIdealAngles
0     3343 BotTrace_Strafe
0     34e1 BotTrace_Jump
0     361a BotTrace_Duck
0     36fe PassStandardEnemyChecks
0     38d3 BotDamageNotification
0     39d4 BotCanHear
0     3ad2 UpdateEventTracker
0     3b35 InFieldOfVision
0     3bb7 PassLovedOneCheck
0     3c87 ScanForEnemies
0     3e99 WaitingForNow
0     3f6f BotGetWeaponRange
0     3fbf BotIsAChickenWuss
0     40c1 GetNearestBadThing
0     4370 BotDefendFlag
0     43e5 BotGetEnemyFlag
0     445a BotGetFlagBack
0     4552 BotGuardFlagCarrier
0     464a BotGetFlagHome
0     46bf GetNewFlagPoint
0     47d6 CTFTakesPriority
0     4ae1 EntityVisibleBox
0     4b1e Saga_TargetClosestObjective
0     4d42 Saga_DefendFromAttackers
0     4e38 Saga_CountDefenders
0     4e9e Saga_CountTeammates
0     4eef SagaTakesPriority
0     5207 JMTakesPriority
0     52ee BotHasAssociated
0     53ad GetBestIdleGoal
0     5498 GetIdealDestination
0     5a70 CommanderBotCTFAI
0     5d46 CommanderBotSagaAI
0     5e71 BotDoTeamplayAI
0     5e9c CommanderBotTeamplayAI
0     6043 CommanderBotAI
0     606c MeleeCombatHandling
0     61ca SaberCombatHandling
0     657a BotWeaponCanLead
0     65be BotAimLeading
0     6715 BotAimOffsetGoalAngles
0     6917 ShouldSecondaryFire
0     6a1f CombatBotAI
0     6c01 BotFallbackNavigation
0     6ca4 BotTryAnotherWeapon
0     6d24 BotWeaponSelectable
0     6d5a BotSelectIdealWeapon
0     6ef8 BotSelectChoiceWeapon
0     6f86 BotSelectMelee
0     6fb7 GetLoveLevel
0     704c BotLovedOneDied
0     7199 BotDeathNotify
0     721f StrafeTracing
0     7305 PrimFiring
0     7336 KeepPrimFromFiring
0     736b AltFiring
0     739c KeepAltFromFiring
0     73d1 CheckForFriendInLOF
0     7498 BotScanForLeader
0     7528 BotReplyGreetings
0     7597 CTFFlagMovement
0     7779 BotCheckDetPacks
0     78bf BotUseInventoryItem
0     7999 BotSurfaceNear
0     79fe BotWeaponBlockable
0     7a33 StandardBotAI
0     9a45 BotAIStartFrame
0     9b43 BotAISetup
0     9bd8 BotAIShutdown
0     9c16 B_TempAlloc
0     9c23 B_TempFree
0     9c2c B_Alloc
0     9c39 B_Free
0     9c3c B_InitAlloc
0     9c48 B_CleanupAlloc
0     9c4b GetValueGroup
0     9d46 GetPairedValue
0     9eec BotDoChat
0     a1b9 ParseEmotionalAttachments
0     a2fc ReadChatGroups
0     a38c BotUtilizePersonality
0     a830 GetFlagStr
0     ab2b G_TestLine
0     ab65 BotWaypointRender
0     ad93 TransferWPData
0     aeb7 CreateNewWP
0     af55 CreateNewWP_FromObject
0     b0c0 RemoveWP
0     b116 RemoveWP_InTrail
0     b1fb CreateNewWP_InTrail
0     b34a TeleportToWP
0     b3d0 WPFlagsModify
0     b40f NotWithinRange
0     b444 NodeHere
0     b4d6 CanGetToVector
0     b505 CanGetToVectorTravel
0     b629 ConnectTrail
0     bc3a OpposingEnds
0     bcb8 DoorBlockingSection
0     bd9b RepairPaths
0     becd OrgVisibleCurve
0     bf2d CanForceJumpTo
0     c018 CalculatePaths
0     c292 GetObjectThatTargets
0     c2c1 CalculateSagaGoals
0     c3ee GetNearestVisibleWPToItem
0     c4da CalculateWeightGoals
0     c6aa CalculateJumpRoutes
0     c7ce LoadPathData
0     cb75 FlagObjects
0     cda1 SavePathData
0     d0e2 LoadPath_ThisLevel
0     d17d GetClosestSpawn
0     d21b GetNextSpawnInIndex
0     d2bf AcceptBotCommand
0     d732 swapfunc
0     d7b9 med3
0     d83c qsort
0     dbf5 strlen
0     dc10 strcat
0     dc53 strcpy
0     dc88 strcmp
0     dcc1 strchr
0     dce0 strstr
0     dd26 tolower
0     dd3e toupper
0     dd56 memmove
0     dd9d tan
0     ddb4 srand
0     ddbb rand
0     ddd0 atof
0     de95 _atof
0     df60 atoi
0     dfd8 _atoi
0     e05a abs
0     e06f fabs
0     e084 AddInt
0     e15f AddFloat
0     e26d AddString
0     e304 vsprintf
0     e49c sscanf
0     e507 BG_LegalizedForcePowers
0     e8e3 vectoyaw
0     e93d BG_HasYsalamiri
0     e96c BG_CanUseFPNow
0     e9ea BG_FindItemForPowerup
0     ea26 BG_FindItemForHoldable
0     ea60 BG_FindItemForWeapon
0     ea93 BG_FindItem
0     eabc BG_PlayerTouchesItem
0     eb1c BG_ProperForceIndex
0     eb3f BG_CycleForce
0     ec17 BG_GetItemIndexByTag
0     ec47 BG_CycleInven
0     ecb3 BG_CanItemBeGrabbed
0     ef19 BG_EvaluateTrajectory
0     f0e7 BG_EvaluateTrajectoryDelta
0     f1e1 BG_AddPredictableEventToPlayerstate
0     f21c BG_TouchJumpPad
0     f280 BG_PlayerStateToEntityState
0     f595 BG_PlayerStateToEntityStateExtraPolate
0     f8b7 BG_Alloc
0     f8f7 BG_AllocUnaligned
0     f92a BG_TempAlloc
0     f962 BG_TempFree
0     f98f BG_StringAlloc
0     f9b2 BG_OutOfMemory
0     f9c4 PM_GetSaberStance
0     fa1a PM_DoSlowFall
0     fa3d PM_AddEvent
0     fa4c PM_AddEventWithParm
0     fa5c PM_AddTouchEnt
0     fab1 PM_ClipVelocity
0     fb2a PM_Friction
0     fc26 PM_Accelerate
0     fca2 PM_CmdScale
0     fd39 PM_SetMovementDir
0     fe85 PM_ForceJumpingUp
0     ff44 PM_JumpForDir
0     ffe7 PM_SetPMViewAngle
0    10028 PM_AdjustAngleForWallRun
0    1022c PM_SetForceJumpZStart
0    1024e PM_CheckJump
0    11180 PM_CheckWaterJump
0    11267 PM_WaterJumpMove
0    112a8 PM_WaterMove
0    113d9 PM_FlyMove
0    11493 PM_AirMove
0    11556 PM_WalkMove
0    117f8 PM_DeadMove
0    11871 PM_NoclipMove
0    119e3 PM_FootstepForSurface
0    119fc PM_TryRoll
0    11bfd PM_CrashLand
0    11f1b PM_CorrectAllSolid
0    12002 PM_GroundTraceMissed
0    12193 PM_GroundTrace
0    12326 PM_SetWaterLevel
0    123f3 PM_CheckDuck
0    125c9 PM_Use
0    12612 PM_RunningAnim
0    12640 PM_Footsteps
0    12a0e PM_WaterEvents
0    12a65 PM_BeginWeaponChange
0    12acb PM_FinishWeaponChange
0    12b1e PM_DoChargedWeapons
0    12ff8 PM_ItemUsable
0    1322e PM_Weapon
0    13be7 PM_Animate
0    13c54 PM_DropTimers
0    13cde PM_UpdateViewAngles
0    13d82 PM_AdjustAttackStates
0    140fa BG_CmdForRoll
0    1414f BG_AdjustClientSpeed
0    145b9 PmoveSingle
0    14afa Pmove
0    14ba6 BG_InSpecialJump
0    14bcb BG_InSaberStandAnim
0    14bf1 BG_DirectFlippingAnim
0    14c10 BG_SaberInAttack
0    14c3d BG_SaberInSpecial
0    14c5a BG_SaberInIdle
0    14c77 BG_FlippingAnim
0    14cb3 BG_SpinningSaberAnim
0    14d9d BG_SaberInSpecialAttack
0    14dd7 BG_BrokenParryForAttack
0    14e15 BG_BrokenParryForParry
0    14e67 BG_KnockawayForParry
0    14e90 BG_InRoll
0    14eb6 BG_InDeathAnim
0    14eeb PM_SaberBounceForAttack
0    14f25 PM_SaberDeflectionForQuad
0    14f5e PM_SaberInDeflect
0    14f73 PM_SaberInParry
0    14f88 PM_SaberInKnockaway
0    14f9d PM_SaberInReflect
0    14fb2 PM_SaberInStart
0    14fc7 PM_SaberInReturn
0    14fe1 PM_InSaberAnim
0    14ff8 PM_InKnockDown
0    15025 PM_PainAnim
0    15044 PM_JumpingAnim
0    15063 PM_LandingAnim
0    150aa PM_SpinningAnim
0    150b7 PM_InOnGroundAnim
0    15114 PM_InRollComplete
0    1513a PM_AnimLength
0    15167 PM_DebugLegsAnim
0    151b2 BG_ParseAnimationFile
0    1532a PM_StartLegsAnim
0    153af PM_ContinueLegsAnim
0    153cf PM_ForceLegsAnim
0    1543f PM_StartTorsoAnim
0    15474 PM_SetLegsAnimTimer
0    15492 PM_SetTorsoAnimTimer
0    154b0 BG_SaberStartTransAnim
0    154ff PM_SetAnimFinal
0    15717 PM_SetAnim
0    15790 PM_SlideMove
0    15b80 PM_StepSlideMove
0    15ecf PM_irand_timesync
0    15f04 BG_ForcePowerDrain
0    15fc2 PM_AttackMoveForQuad
0    15ff7 PM_SaberAnimTransitionAnim
0    16118 PM_SaberMoveQuadrantForMovement
0    1617d PM_SaberInBounce
0    161a2 PM_SaberInTransition
0    161b7 PM_SaberAttackChainAngle
0    161e7 PM_SaberKataDone
0    162e8 PM_SetAnimFrame
0    162f2 PM_SaberLockBreak
0    165c7 PM_SaberLocked
0    167eb PM_SaberInBrokenParry
0    16810 PM_BrokenParryForParry
0    16852 PM_CanBackstab
0    168d3 PM_SaberFlipOverAttackMove
0    169c0 PM_SomeoneInFront
0    16a50 PM_SaberLungeAttackMove
0    16a9a PM_SaberJumpAttackMove
0    16b02 PM_GroundDistance
0    16b6b PM_SaberAttackForMovement
0    16cf8 PM_WeaponLightsaber
0    1758e PM_SetSaberMove
0    17826 P_SetTwitchInfo
0    1783e M_StringEscapeToEnters
0    178a9 P_DamageFeedback
0    179b3 P_WorldEffects
0    17b5a DoImpact
0    17dd4 G_SetClientSound
0    17e05 ClientImpacts
0    17ea8 G_TouchTriggers
0    1808a G_MoverTouchPushTriggers
0    1823a SpectatorThink
0    182e1 ClientInactivityTimer
0    18383 ClientTimerActions
0    18589 ClientIntermissionThink
0    185e4 ClientEvents
0    1877c SendPendingPredictableEvents
0    18823 G_UpdateForceSightBroadcasts
0    18903 G_UpdateJediMasterBroadcasts
0    189e5 G_UpdateClientBroadcasts
0    18a00 ClientThink_real
0    19a2e G_CheckClientTimeouts
0    19a5b ClientThink
0    19a96 G_RunClient
0    19abd SpectatorClientEndFrame
0    19b94 ClientEndFrame
0    19c6c UpdateTournamentInfo
0    19e51 trap_Cvar_VariableValue
0    19e67 G_ParseInfos
0    19f55 G_LoadArenasFromFile
0    19fd5 G_GetMapTypeBits
0    1a077 G_DoesMapSupportGametype
0    1a10a G_RefreshNextMap
0    1a217 G_LoadArenas
0    1a2c9 G_GetArenaInfoByMap
0    1a304 G_AddRandomBot
0    1a471 G_RemoveRandomBot
0    1a4dd G_CountHumanPlayers
0    1a530 G_CountBotPlayers
0    1a5ad G_CheckMinimumPlayers
0    1a72a G_CheckBotSpawn
0    1a769 AddBotToSpawnQueue
0    1a7a6 G_RemoveQueuedBotBegin
0    1a7ca G_BotConnect
0    1a82c G_AddBot
0    1ab45 Svcmd_AddBot_f
0    1abdc Svcmd_BotList_f
0    1ac90 G_LoadBotsFromFile
0    1ad10 G_LoadBots
0    1ad9d G_GetBotInfoByNumber
0    1adc8 G_GetBotInfoByName
0    1ae07 G_InitBots
0    1ae1e SP_info_player_deathmatch
0    1ae57 SP_info_player_start
0    1ae66 SP_info_player_imperial
0    1ae79 SP_info_player_rebel
0    1ae8c SP_info_player_intermission
0    1ae8f ThrowSaberToAttacker
0    1b056 JMSaberThink
0    1b151 JMSaberTouch
0    1b2d1 SP_info_jedimaster_start
0    1b38b SpotWouldTelefrag
0    1b40c SelectNearestDeathmatchSpawnPoint
0    1b470 SelectRandomDeathmatchSpawnPoint
0    1b4d0 SelectRandomFurthestSpawnPoint
0    1b640 G_FindClientByName
0    1b689 SelectSpawnPoint
0    1b69c SelectInitialSpawnPoint
0    1b701 SelectSpectatorSpawnPoint
0    1b711 InitBodyQue
0    1b741 BodySink
0    1b773 CopyToBodyQue
0    1b95f SetClientViewAngle
0    1b9b7 respawn
0    1bb4d TeamCount
0    1bb8e TeamLeader
0    1bbcf PickTeam
0    1bc1d ClientCleanName
0    1bd2e SetupGameGhoul2Model
0    1bedd ClientUserinfoChanged
0    1c2b4 ClientConnect
0    1c586 ClientBegin
0    1c8da AllForceDisabled
0    1c901 ClientSpawn
0    1cf98 ClientDisconnect
0    1d191 uwRename
0    1d1be G_IgnoreClientChat
0    1d22d G_IsClientChatIgnored
0    1d259 G_RemoveFromAllIgnoreLists
0    1d295 Admin_Teleport
0    1d2f1 DeathmatchScoreboardMessage
0    1d42a Cmd_Score_f
0    1d433 CheatsOk
0    1d487 ConcatArgs
0    1d4f2 SanitizeString
0    1d544 ClientNumberFromString
0    1d610 Cmd_Give_f
0    1d8bc Cmd_God_f
0    1d901 Cmd_Notarget_f
0    1d946 Cmd_Noclip_f
0    1d999 Cmd_LevelShot_f
0    1d9ca Cmd_TeamTask_f
0    1da21 Cmd_Kill_f
0    1dabf G_GetDuelWinner
0    1db04 BroadcastTeamChange
0    1dbda SetTeam
0    1df29 StopFollowing
0    1df81 Cmd_Team_f
0    1e094 Cmd_ForceChanged_f
0    1e102 Cmd_Follow_f
0    1e19c Cmd_FollowCycle_f
0    1e241 G_SayTo
0    1e33d G_Say
0    1e548 Cmd_Say_f
0    1e581 Cmd_Tell_f
0    1e62b G_VoiceTo
0    1e6a1 G_Voice
0    1e705 Cmd_Voice_f
0    1e741 Cmd_VoiceTell_f
0    1e7f1 Cmd_VoiceTaunt_f
0    1e9b0 Cmd_GameCommand_f
0    1ea25 Cmd_Where_f
0    1ea47 G_ClientNumberFromName
0    1ea89 SanitizeString2
0    1eb07 G_ClientNumberFromStrippedSubstring
0    1eb5d G_ClientNumberFromArg
0    1ebad G_ClientNumberFromStrippedName
0    1ebef Cmd_CallVote_f
0    1f0ed Cmd_Vote_f
0    1f1eb Cmd_CallTeamVote_f
0    1f559 Cmd_TeamVote_f
0    1f690 Cmd_SetViewpos_f
0    1f728 Cmd_Stats_f
0    1f72b G_ItemUsable
0    1f960 Cmd_ToggleSaber_f
0    1fa82 Cmd_SaberAttackCycle_f
0    1faf2 G_OtherPlayersDueling
0    1fb39 Cmd_EngageDuel_f
0    1fed1 StandardSetBodyAnim
0    1ff0a ClientCommand
0    24acf ObjectDie
0    24ae8 G_GetHitLocation
0    24d3e ExplodeDeath
0    24dd0 ScorePlum
0    24e05 AddScore
0    24e47 TossClientWeapon
0    24fe3 TossClientItems
0    250eb LookAtKiller
0    251bd GibEntity
0    251dd BodyRid
0    251ec body_die
0    25295 CheckAlmostCapture
0    25298 G_InKnockDown
0    252be G_CheckSpecialDeathAnim
0    25941 G_PickDeathAnim
0    25c27 G_GetJediMaster
0    25c6f player_die
0    26476 CheckArmor
0    264fa G_ApplyKnockback
0    26691 RaySphereIntersections
0    2683b LimbTouch
0    2683e LimbThink
0    268b4 G_GetDismemberLoc
0    26b38 G_GetDismemberBolt
0    26d30 G_Dismember
0    26f20 DismembermentTest
0    26f42 DismembermentByNum
0    26f99 G_GetHitQuad
0    27082 G_CheckForDismemberment
0    2716d G_ThereIsAMaster
0    271a8 G_Damage
0    27bc3 CanDamage
0    27cee G_RadiusDamage
0    27e6b adjustRespawnTime
0    27ecc ShieldRemove
0    27eef ShieldThink
0    27f1c ShieldDie
0    27f30 ShieldPain
0    27f53 ShieldGoSolid
0    27ff4 ShieldGoNotSolid
0    28037 ShieldTouch
0    28093 CreateShield
0    282fe PlaceShield
0    284c9 ItemUse_Binoculars
0    2853e ItemUse_Shield
0    28547 SentryTouch
0    2854a pas_fire
0    285c6 G_SetEnemy
0    285d9 pas_find_enemies
0    28776 pas_adjust_enemy
0    28845 sentryExpire
0    2885c pas_think
0    28c51 turret_die
0    28cf9 SP_PAS
0    28d84 ItemUse_Sentry
0    28f4b ItemUse_Seeker
0    28f79 ItemUse_MedPack
0    29001 Pickup_Powerup
0    29189 Pickup_Holdable
0    291e3 Add_Ammo
0    29239 Pickup_Ammo
0    29284 Pickup_Weapon
0    29381 Pickup_Health
0    29421 Pickup_Armor
0    2948d RespawnItem
0    295a6 Touch_Item
0    2992d LaunchItem
0    29a96 Drop_Item
0    29af9 Use_Item
0    29b02 FinishSpawningItem
0    29d76 G_CheckTeamItems
0    29dcc ClearRegisteredItems
0    29dfc RegisterItem
0    29e14 SaveRegisteredItems
0    29e5c G_ItemDisabled
0    29e75 G_SpawnItem
0    29f37 ResetItem
0    29f74 G_BounceItem
0    2a169 G_RunItem
0    2a237 G_LogWeaponInit
0    2a294 G_LogWeaponPickup
0    2a2b4 G_LogWeaponFire
0    2a31a G_LogWeaponDamage
0    2a341 G_LogWeaponKill
0    2a367 G_LogWeaponFrag
0    2a396 G_LogWeaponDeath
0    2a3bc G_LogWeaponPowerup
0    2a3e2 G_LogWeaponItem
0    2a408 G_LogWeaponOutput
0    2b2a0 CalculateEfficiency
0    2b32e CalculateSharpshooter
0    2b3b8 CalculateUntouchable
0    2b403 CalculateLogistics
0    2b4dc CalculateTactician
0    2b652 CalculateDemolitionist
0    2b731 CalculateStreak
0    2b736 CalculateTeamMVP
0    2b7ac CalculateTeamMVPByRank
0    2b83a CalculateTeamDefender
0    2b8b0 CalculateTeamWarrior
0    2b926 CalculateTeamCarrier
0    2b99c CalculateTeamInterceptor
0    2ba1f CalculateTeamRedShirt
0    2baa2 CalculateTeamAward
0    2bb1d CalculateSection31Award
0    2bb79 CalculateAwards
0    2bd1a GetMaxDeathsForClient
0    2bd60 GetMaxKillsForClient
0    2bda6 GetFavoriteTargetForClient
0    2bdf3 GetWorstEnemyForClient
0    2be56 GetFavoriteWeaponForClient
0    2bede G_ClearClientLog
0    2bff8 G_Alloc
0    2c043 G_InitMemory
0    2c049 Svcmd_GameMem_f
0    2c056 SP_info_camp
0    2c068 SP_info_null
0    2c071 SP_info_notnull
0    2c083 SP_light
0    2c08c TeleportPlayer
0    2c1b7 SP_misc_teleporter_dest
0    2c1ba SP_misc_model
0    2c1c3 SP_misc_G2model
0    2c1cc locateCamera
0    2c2ab SP_misc_portal_surface
0    2c31d SP_misc_portal_camera
0    2c373 HolocronRespawn
0    2c386 HolocronPopOut
0    2c3ff HolocronTouch
0    2c573 HolocronThink
0    2c81b SP_misc_holocron
0    2c9c5 Use_Shooter
0    2cabf InitShooter_Finish
0    2cae3 InitShooter
0    2cb51 SP_shooter_blaster
0    2cb5c check_recharge
0    2cb9b EnergyShieldStationSettings
0    2cbd0 shield_power_converter_use
0    2ccd4 SP_misc_shield_floor_unit
0    2ce40 SP_misc_model_shield_power_converter
0    2cf06 EnergyAmmoStationSettings
0    2cf22 ammo_power_converter_use
0    2d024 SP_misc_model_ammo_power_converter
0    2d0dd EnergyHealthStationSettings
0    2d0f9 health_power_converter_use
0    2d1a2 SP_misc_model_health_power_converter
0    2d25b DmgBoxHit
0    2d25e DmgBoxUpdateSelf
0    2d2f5 DmgBoxAbsorb_Die
0    2d2fe DmgBoxAbsorb_Pain
0    2d307 CreateNewDamageBox
0    2d384 ATST_ManageDamageBoxes
0    2d554 G_PlayerBecomeATST
0    2d5cb fx_runner_think
0    2d619 fx_runner_use
0    2d662 fx_runner_link
0    2d755 SP_fx_runner
0    2d864 ExampleAnimEntCustomData
0    2d897 ExampleAnimEntCustomDataExists
0    2d8ef ExampleAnimEntCustomDataEntry
0    2da16 AnimEntCustomSoundPrecache
0    2daf7 ExampleAnimEntCustomSound
0    2dc5c ExampleAnimEntAlignment
0    2dc9e ExampleAnimEntAlertOthers
0    2dd32 ExampleAnimEnt_Die
0    2df02 ExampleAnimEnt_Pain
0    2e039 ExampleAnimEntTouch
0    2e03c ExampleAnimEntMove
0    2e249 ExampleAnimEntYaw
0    2e2a7 ExampleAnimEntLook
0    2e311 ExampleAnimEntClearLOS
0    2e3cf ExampleAnimEntWeaponHandling
0    2e46e ExampleAnimEntWayValidCheck
0    2e4e4 ExampleAnimEntNavigation
0    2e632 ExampleAnimEntEnemyHandling
0    2ea12 ExampleAnimEntUpdateSelf
0    2f093 G_SpawnExampleAnimEnt
0    2f3f5 AESpawner_CountAnimEnts
0    2f45c AESpawner_NoClientInPVS
0    2f49d AESpawner_PassAnimEntPVSCheck
0    2f4f5 AESpawner_Think
0    2f5c9 SP_misc_animent_spawner
0    2f825 Use_Target_Screenshake
0    2f852 SP_target_screenshake
0    2f88b Use_Target_Escapetrig
0    2f93d SP_target_escapetrig
0    2f96a G_CreateExampleAnimEnt
0    2fa59 G_ReflectMissile
0    2fcef G_DeflectMissile
0    2fe1a G_BounceMissile
0    30002 G_ExplodeMissile
0    300d0 G_RunStuckMissile
0    30151 G_BounceProjectile
0    30210 CreateMissile
0    302f3 G_MissileImpact
0    30862 G_RunMissile
0    30a83 G_TestEntityPosition
0    30b0a G_CreateRotationMatrix
0    30b2c G_TransposeMatrix
0    30b6d G_RotatePoint
0    30bd9 G_TryPushingEntity
0    30ecb G_MoverPush
0    31218 G_MoverTeam
0    3134b G_RunMover
0    3137c SetMoverState
0    314bb MatchTeam
0    314db ReturnToPos1
0    31510 Reached_BinaryMover
0    31619 Use_BinaryMover
0    3175e InitMover
0    318ee Blocked_Door
0    31a41 Touch_DoorTriggerSpectator
0    31b1a Touch_DoorTrigger
0    31b6c Think_SpawnNewDoorTrigger
0    31c6e Think_MatchTeam
0    31c84 SP_func_door
0    31ea2 Touch_Plat
0    31f26 Touch_PlatCenterTrigger
0    31f67 SpawnPlatTrigger
0    32055 SP_func_plat
0    321c8 Touch_Button
0    321eb SP_func_button
0    3236f Think_BeginMoving
0    3237f Reached_Train
0    32464 Think_SetupTrainTargets
0    3251b SP_path_corner
0    3253c SP_func_train
0    325d1 SP_func_static
0    32604 SP_func_rotating
0    326aa SP_func_bobbing
0    3275c SP_func_pendulum
0    32815 BreakableBrushDie
0    32915 BreakableBrushPain
0    32918 BrushThink
0    3293b BreakableBrushUse
0    32965 SP_func_breakable
0    32b46 GlassDie
0    32be0 GlassDie_Old
0    32c51 GlassPain
0    32c54 GlassUse
0    32d49 SP_func_glass
0    32dd6 func_wait_return_solid
0    32e66 func_usable_think
0    32e8c func_usable_use
0    32f59 func_usable_pain
0    32f74 func_usable_die
0    32f91 SP_func_usable
0    3303a pitch_roll_for_slope
0    331c8 G_BounceObject
0    33307 G_RunObject
0    3359e G_StopObjectMoving
0    335dd G_StartObjectMoving
0    3363c InitSagaMode
0    33718 UseSagaTarget
0    3378f SagaBroadcast_OBJECTIVECOMPLETE
0    337d0 SagaBroadcast_ROUNDOVER
0    3380a BroadcastObjectiveCompletion
0    33851 AddSagaWinningTeamPoints
0    338ae SagaRoundComplete
0    33908 SagaObjectiveCompleted
0    3396a StripTabs
0    339aa sagaTriggerUse
0    33ab0 SP_info_saga_objective
0    33b03 G_WriteClientSessionData
0    33b6b G_ReadSessionData
0    33bef G_InitSessionData
0    33cd2 G_InitWorldSession
0    33cf5 G_WriteSessionData
0    33d30 G_SpawnString
0    33d74 G_SpawnFloat
0    33d96 G_SpawnInt
0    33db8 G_SpawnVector
0    33de7 SP_item_botroam
0    33dea G_CallSpawn
0    33e69 G_NewString
0    33eed G_ParseField
0    33fd5 G_SpawnGEntityFromSpawnVars
0    340c0 G_AddSpawnVarToken
0    34101 G_ParseSpawnVars
0    34191 SP_worldspawn
0    3439e G_SpawnEntitiesFromString
0    343c7 StringToFilter
0    3447a UpdateIPBans
0    344ea G_FilterPacket
0    3459d G_CheckMaxConnections
0    34679 AddIP
0    346cf InitialAddIP
0    34722 G_ProcessIPBans
0    347ca Svcmd_AddIP_f
0    347ea Svcmd_RemoveIP_f
0    34852 Svcmd_EntityList_f
0    3490c ClientForString
0    349a3 Svcmd_ForceTeam_f
0    349d9 Svcmd_LockTeam
0    34be4 Svcmd_Slap
0    34ce1 Svcmd_Slay
0    34e07 Svcmd_Rename
0    34ea2 Svcmd_Silence
0    34fb1 Svcmd_Punish
0    35117 Svcmd_CSprint
0    35204 Svcmd_ChangeMode
0    35394 Svcmd_Sleep
0    354f2 Svcmd_Empower
0    357d5 Svcmd_Who
0    35812 Svcmd_Terminator
0    35aae Svcmd_Protect
0    35c01 Svcmd_ChangeMap
0    35c53 Svcmd_Teleport
0    35ecd Svcmd_AdminKick
0    35f4a Svcmd_AdminBan
0    35fe0 ConsoleCommand
0    361ed Use_Target_Give
0    36247 SP_target_give
0    36250 Use_target_remove_powerups
0    3629c SP_target_remove_powerups
0    362a5 Think_Target_Delay
0    362b8 Use_Target_Delay
0    3630a SP_target_delay
0    3633d Use_Target_Score
0    36355 SP_target_score
0    3636b Use_Target_Print
0    363f2 SP_target_print
0    363fb Use_Target_Speaker
0    3647a SP_target_speaker
0    3655c target_laser_think
0    366b8 target_laser_on
0    366d3 target_laser_off
0    366e2 target_laser_use
0    36701 target_laser_start
0    36792 SP_target_laser
0    367a4 target_teleporter_use
0    367d9 SP_target_teleporter
0    36800 target_relay_use
0    36891 SP_target_relay
0    3689a target_kill_use
0    368bb SP_target_kill
0    368c4 SP_target_position
0    368d6 target_location_linkup
0    36946 SP_target_location
0    36967 Team_InitGame
0    3699a OtherTeam
0    369b0 TeamName
0    369cd OtherTeamName
0    369ea TeamColorString
0    36a07 PrintCTFMessage
0    36a5f AddTeamScore
0    36aea OnSameTeam
0    36b76 Team_SetFlagStatus
0    36bda Team_CheckDroppedItem
0    36c14 Team_ForceGesture
0    36c59 Team_FragBonuses
0    371b8 Team_CheckHurtCarrier
0    3724e Team_ResetFlag
0    372b8 Team_ResetFlags
0    372cd Team_ReturnFlagSound
0    3730a Team_TakeFlagSound
0    37379 Team_CaptureFlagSound
0    373b6 Team_ReturnFlag
0    373d9 Team_FreeEntity
0    3740d Team_DroppedFlagThink
0    3744e Team_TouchOurFlag
0    376a6 Team_TouchEnemyFlag
0    376f6 Pickup_Team
0    3776d Team_GetLocation
0    377e7 Team_GetLocationMsg
0    3784e SelectRandomTeamSpawnPoint
0    378fc SelectCTFSpawnPoint
0    37941 SelectSagaSpawnPoint
0    37986 SortClients
0    37991 TeamplayInfoMessage
0    37aef CheckTeamStatus
0    37ba4 SP_team_CTF_redplayer
0    37ba7 SP_team_CTF_blueplayer
0    37baa SP_team_CTF_redspawn
0    37bad SP_team_CTF_bluespawn
0    37bb0 InitTrigger
0    37bef multi_wait
0    37bf8 multi_trigger
0    37db3 Use_Multi
0    37dbf Touch_Multi
0    37dd4 SP_trigger_multiple
0    37e57 trigger_always_think
0    37e6d SP_trigger_always
0    37e7f trigger_push_touch
0    37e97 AimAtTarget
0    37f9c SP_trigger_push
0    37fd9 Use_target_push
0    3802b SP_target_push
0    380e2 trigger_teleporter_touch
0    3813d SP_trigger_teleport
0    38184 hurt_use
0    381c6 hurt_touch
0    38365 SP_trigger_hurt
0    383cb func_timer_think
0    38409 func_timer_use
0    38428 SP_func_timer
0    384a2 AddRemap
0    38511 BuildShaderStateConfig
0    38557 G_FindConfigstringIndex
0    385c3 G_SkinIndex
0    385d6 G_ModelIndex
0    385e9 G_SoundIndex
0    385fc G_EffectIndex
0    3860f G_TeamCommand
0    3864d G_Find
0    3869c G_RadiusList
0    387bc G_PickTarget
0    38822 G_UseTargets
0    388c1 tv
0    388ef vtos
0    3892b G_SetMovedir
0    38980 G_InitGentity
0    389a8 G_Spawn
0    38a56 G_EntitiesFree
0    38a81 G_SendG2KillQueue
0    38ac5 G_KillG2Queue
0    38af3 G_FreeEntity
0    38b9e G_TempEntity
0    38bec GetTrackerEnt
0    38c22 G_SoundTempEntity
0    38c76 G_KillBox
0    38d42 G_AddPredictableEvent
0    38d5d G_AddEvent
0    38dd6 G_PlayEffect
0    38dfe G_ScreenShake
0    38e4e G_MuteSound
0    38e92 G_Sound
0    38f65 G_SoundAtLoc
0    38f7c G_EntitySound
0    38fa4 ValidUseTarget
0    38fc1 TryUse
0    39075 G_PointInBounds
0    390b5 G_BoxInBounds
0    39168 G_SetAngles
0    39180 G_ClearTrace
0    391b1 G_SetOrigin
0    391f0 DebugLine
0    392f3 G_ROFF_NotetrackCallback
0    393a6 touch_NULL
0    393a9 W_TraceSetStart
0    3946b WP_FireBryarPistol
0    39541 WP_FireTurretMissile
0    39598 WP_FireGenericBlasterMissile
0    395e1 WP_FireBlasterMissile
0    39639 WP_FireEmplacedMissile
0    3969c WP_FireBlaster
0    396f3 WP_DisruptorMainFire
0    3991d WP_DisruptorAltFire
0    39ce5 WP_FireDisruptor
0    39d3f WP_BowcasterAltFire
0    39dc9 WP_BowcasterMainFire
0    39f1a WP_FireBowcaster
0    39f2f WP_RepeaterMainFire
0    39f76 WP_RepeaterAltFire
0    3a018 WP_FireRepeater
0    3a072 WP_DEMP2_MainFire
0    3a0ee DEMP2_AltRadiusDamage
0    3a332 DEMP2_AltDetonate
0    3a3b3 WP_DEMP2_AltFire
0    3a4ac WP_FireDEMP2
0    3a4c1 WP_FlechetteMainFire
0    3a5a6 prox_mine_think
0    3a634 WP_TraceSetStart
0    3a6ec WP_ExplosiveDie
0    3a6f5 WP_flechette_alt_blow
0    3a710 WP_CreateFlechetteBouncyThing
0    3a7e1 WP_FlechetteAltFire
0    3a858 WP_FireFlechette
0    3a86d rocketThink
0    3aaee WP_FireRocket
0    3ac4e thermalDetonatorExplode
0    3ad2c thermalThinkStandard
0    3ad53 WP_FireThermalDetonator
0    3aee5 WP_DropThermal
0    3af05 laserTrapExplode
0    3af8f laserTrapDelayedExplode
0    3afd7 touchLaserTrap
0    3b03e laserTrapThink
0    3b105 laserTrapStick
0    3b218 TrapThink
0    3b22a CreateLaserTrap
0    3b3cb WP_PlaceLaserTrap
0    3b4ff VectorNPos
0    3b566 charge_stick
0    3b7c3 DetPackBlow
0    3b82c DetPackPain
0    3b84d DetPackDie
0    3b86e drop_charge
0    3ba11 BlowDetpacks
0    3ba80 CheatsOn
0    3ba8d WP_DropDetPack
0    3bbcf WP_FireStunBaton
0    3bd4d SnapVectorTowards
0    3bd96 LogAccuracyHit
0    3bde5 CalcMuzzlePoint
0    3bf1a CalcMuzzlePointOrigin
0    3bfa4 FireWeapon
0    3c137 AnimEntCalcMuzzlePoint
0    3c21b AnimEntFireWeapon
0    3c2eb WP_FireEmplaced
0    3c3ef emplaced_gun_use
0    3c5e8 emplaced_gun_realuse
0    3c5f6 emplaced_gun_pain
0    3c600 emplaced_gun_update
0    3c8e4 emplaced_gun_die
0    3c905 SP_emplaced_gun
0    3ca83 G_PreDefSound
0    3caa4 InFront
0    3cb1e CheckForceStringTail
0    3cb89 CheckForceString
0    3cc00 WP_InitForcePowers
0    3d146 WP_SpawnInitForcePowers
0    3d35d ForcePowerUsableOn
0    3d425 WP_ForcePowerAvailable
0    3d477 WP_ForcePowerInUse
0    3d48f WP_ForcePowerUsable
0    3d568 WP_AbsorbConversion
0    3d62f WP_ForcePowerRegenerate
0    3d687 WP_ForcePowerStart
0    3d99c ForceHeal
0    3dabd WP_AddToClientBitflags
0    3db22 ForceTeamHeal
0    3dd64 ForceTeamForceReplenish
0    3df42 ForceGrip
0    3e083 ForceSpeed
0    3e105 ForceSeeing
0    3e174 ForceProtect
0    3e207 ForceAbsorb
0    3e29a ForceRage
0    3e347 ForceLightning
0    3e3c5 ForceLightningDamage
0    3e4f7 ForceShootLightning
0    3e7e7 ForceDrain
0    3e865 ForceDrainDamage
0    3ea80 ForceShootDrain
0    3edc3 ForceJumpCharge
0    3eefd WP_GetVelocityForForceJump
0    3f0b1 ForceJump
0    3f15e WP_AddAsMindtricked
0    3f1c3 ForceTelepathy
0    3f5ff GEntity_UseFunc
0    3f616 CanCounterThrow
0    3f680 G_InGetUpAnim
0    3f6bf ForceThrow
0    40668 WP_ForcePowerStop
0    408a9 DoGripAction
0    40e4e G_IsMindTricked
0    40eb5 RemoveTrickedEnt
0    40f1e WP_UpdateMindtrickEnts
0    41068 WP_ForcePowerRun
0    4143c WP_DoSpecificPower
0    41651 FindGenericEnemyIndex
0    41788 SeekerDroneUpdate
0    41b6a HolocronUpdate
0    41d01 JediMasterUpdate
0    41dff WP_HasForcePowers
0    41e39 WP_ForcePowersUpdate
0    42840 Jedi_DodgeEvasion
0    429a7 RandFloat
0    429c1 SaberUpdateSelf
0    42ac2 SaberGotHit
0    42ae0 WP_SaberInitBladeData
0    42b9f G_G2ClientSpineAngles
0    42d1a G_G2PlayerAngles
0    4301f SaberAttacking
0    430b7 WP_SabersCheckLock2
0    4345c WP_SabersCheckLock
0    43b52 G_GetParryForBlock
0    43b93 WP_GetSaberDeflectionAngle
0    44091 G_KnockawayForParry
0    440ba G_GetAttackDamage
0    44183 G_GetAnimPoint
0    441f8 G_ClientIdleInWorld
0    4425e G_G2TraceCollide
0    44380 G_SaberInBackAttack
0    4439b CheckSaberDamage
0    45649 CheckThrownSaberDamaged
0    45ae2 saberCheckRadiusDamage
0    45b4d saberMoveBack
0    45b83 SaberBounceSound
0    45b99 DeadSaberThink
0    45bba MakeDeadSaber
0    45d08 saberBackToOwner
0    45f91 thrownSaberTouch
0    46066 saberFirstThrown
0    4637b WP_SaberPositionUpdate
0    47019 WP_MissileBlockForBlock
0    47047 WP_SaberBlockNonRandom
0    47153 WP_SaberBlock
0    472b2 WP_SaberCanBlock
0    47474 HasSetSaberOnly
0    474bb Q_rand
0    474d0 Q_random
0    474e2 Q_crandom
0    474f3 VectorCompare
0    4752b VectorLength
0    4755e VectorLengthSquared
0    4758a Distance
0    475cb DistanceSquared
0    47619 VectorNormalizeFast
0    47678 VectorInverse
0    476a0 CrossProduct
0    47719 ClampChar
0    47730 ClampShort
0    47747 DirToByte
0    477a2 ByteToDir
0    477c0 ColorBytes3
0    4782f ColorBytes4
0    478c1 NormalizeColor
0    47937 PlaneFromPoints
0    479f5 RotatePointAroundVector
0    47b00 RotateAroundDirection
0    47b44 vectoangles
0    47c00 AnglesToAxis
0    47c35 AxisClear
0    47c6c AxisCopy
0    47c90 ProjectPointOnPlane
0    47d4b MakeNormalVectors
0    47df6 VectorRotate
0    47e93 Q_rsqrt
0    47eca Q_fabs
0    47eda LerpAngle
0    47f0b AngleSubtract
0    47f30 AnglesSubtract
0    47f7e AngleMod
0    47f90 AngleNormalize360
0    47f9e AngleNormalize180
0    47fb9 AngleDelta
0    47fc9 SetPlaneSignbits
0    47ff6 BoxOnPlaneSide
0    483b7 RadiusFromBounds
0    4840a ClearBounds
0    48441 AddPointToBounds
0    484da VectorNormalize
0    4854a VectorNormalize2
0    485d8 _VectorMA
0    4861a _DotProduct
0    4864f _VectorSubtract
0    48688 _VectorAdd
0    486c1 _VectorCopy
0    486e8 _VectorScale
0    48718 Vector4Scale
0    4875a Q_log2
0    48779 MatrixMultiply
0    4894e AngleVectors
0    48a46 PerpendicularVector
0    48ab2 Rand_Init
0    48ab9 flrand
0    48af4 irand
0    48b26 powf
0    48b49 GetIDForString
0    48b8e GetStringForID
0    48bca Com_Clamp
0    48be4 Q_stristr
0    48c6f COM_SkipPath
0    48c93 COM_StripExtension
0    48cc9 COM_DefaultExtension
0    48d11 ShortSwap
0    48d31 ShortNoSwap
0    48d3c LongSwap
0    48d6f LongNoSwap
0    48d75 Long64Swap
0    48db2 Long64NoSwap
0    48dba FloatSwap
0    48dd0 FloatNoSwap
0    48dd7 COM_BeginParseSession
0    48de9 COM_GetCurrentParseLine
0    48def COM_Parse
0    48dfe COM_ParseError
0    48e1e COM_ParseWarning
0    48e3e SkipWhitespace
0    48e75 COM_Compress
0    48fc8 COM_ParseExt
0    49114 COM_ParseString
0    49135 COM_ParseInt
0    49162 COM_ParseFloat
0    4918f COM_ParseVec4
0    491bc COM_MatchToken
0    491e5 SkipBracedSection
0    49223 SkipRestOfLine
0    4925b Parse1DMatrix
0    4929a Parse2DMatrix
0    492d5 Parse3DMatrix
0    4931a Q_isprint
0    4932f Q_islower
0    49344 Q_isupper
0    49359 Q_isalpha
0    4937a Q_strrchr
0    493ae Q_strncpyz
0    493e9 Q_stricmpn
0    49474 Q_strncmp
0    494c6 Q_stricmp
0    494ee Q_strlwr
0    49514 Q_strupr
0    4953a Q_strcat
0    49566 Q_PrintStrlen
0    495be Q_CleanStr
0    4962c Com_sprintf
0    4966b va
0    49698 Info_ValueForKey
0    49778 Info_NextPair
0    49816 Info_RemoveKey
0    498e6 Info_RemoveKey_Big
0    499b6 Info_Validate
0    499dd Info_SetValueForKey
0    49aad Info_SetValueForKey_Big
0    49b75 Q_irand
1        4 gDuelExit
1        8 gDuelist1
1        c gDuelist2
1       10 gameCvarTable
1      f98 gameCvarTableSize
1      fcc gQueueScoreMessage
1      fd0 gQueueScoreMessageTime
1      fd4 gDidDuelStuff
1      fdc g_LastFrameTime
1      fe0 g_TimeSinceLastFrame
1      fe4 gDoSlowMoDuel
1      fe8 gSlowMoDuelTime
1      fec ctfStateNames
1     1008 ctfStateDescriptions
1     1020 sagaStateDescriptions
1     102c teamplayStateDescriptions
1     10f4 gWPRenderTime
1     10f8 gDeactivated
1     10fc gBotEdit
1     1100 gWPRenderedFrame
1     1104 gWPNum
1     1108 gLastPrintedIndex
1     110c gLevelFlags
1     1110 botGlobalNavWeaponWeights
1     1150 randSeed
1     11c4 forceMasteryLevels
1     11e4 forceMasteryPoints
1     1204 bgForcePowerCost
1     1324 forcePowerSorted
1     136c forcePowerDarkLight
1     13b4 WeaponReadyAnim
1     13f4 WeaponAttackAnim
1     1434 bg_itemlist
1     1cf0 bg_numItems
1     1d48 eventnames
1     1f00 bg_poolSize
1     1f04 bg_poolTail
1     1f08 gPMDoSlowFall
1     1f0c pm_stopspeed
1     1f10 pm_duckScale
1     1f14 pm_swimScale
1     1f18 pm_wadeScale
1     1f1c pm_accelerate
1     1f20 pm_airaccelerate
1     1f24 pm_wateraccelerate
1     1f28 pm_flyaccelerate
1     1f2c pm_friction
1     1f30 pm_waterfriction
1     1f34 pm_flightfriction
1     1f38 pm_spectatorfriction
1     1f3c c_pmove
1     1f40 forceSpeedLevels
1     1f50 forcePowerNeeded
1     2070 forceJumpHeight
1     2080 forceJumpStrength
1     2124 animTable
1     4b78 BGPAFtextLoaded
1     4b7c WP_MuzzlePoint
1     4c3c weaponData
1     4fbc ammoData
1     4fe4 saberMoveData
1     6254 transitionMove
1     64d8 saberMoveTransitionAngle
1     66f4 playerMins
1     6700 playerMaxs
1     670c gJMSaberEnt
1     6710 g2SaberInstance
1     6748 gc_orders
1     6764 gameNames
1     67a0 modNames
1     6a50 hitLocName
1     6b0c gGAvoidDismember
1     6b8c shieldLoopSound
1     6b90 shieldAttachSound
1     6b94 shieldActivateSound
1     6b98 shieldDeactivateSound
1     6b9c shieldDamageSound
1     6bdc weaponFromMOD
1     6c74 weaponNameFromIndex
1     6cb4 gAnimEntTypes
1     6cb8 animEntRoot
1     6cbc gEscaping
1     6cc0 gEscapeTime
1     6cf4 fields
1     6e74 spawns
1     70c8 defaultStyles
1     7248 precachedKyle
1     7284 remapCount
1     72b8 gG2KillNum
1     9350 speedLoopSound
1     9354 rageLoopSound
1     9358 protectLoopSound
1     935c absorbLoopSound
1     9360 seeLoopSound
1     9364 ysalamiriLoopSound
1     9368 forcePowerMinRank
1     9488 GENERIC_FORCE
1     948c FORCE_LOWER
1     9490 FORCE_UPPER
1     9668 saberSpinSound
1     966c saberOffSound
1     9670 saberOnSound
1     9674 saberHumSound
1     9760 vec3_origin
1     976c axisDefault
1     9790 colorBlack
1     97a0 colorRed
1     97b0 colorGreen
1     97c0 colorBlue
1     97d0 colorYellow
1     97e0 colorMagenta
1     97f0 colorCyan
1     9800 colorWhite
1     9810 colorLtGrey
1     9820 colorMdGrey
1     9830 colorDkGrey
1     9840 colorLtBlue
1     9850 colorDkBlue
1     9860 g_color_table
1     98e0 bytedirs
1     a098 holdrand
2     ff34 ctfFlagStatusRemap
2   3d87a0 _stackStart
2   3e87a0 _stackEnd
3        0 g_listEntity
3      110 g_podiumDrop
3      220 g_podiumDist
3      330 g_statLogFile
3      440 g_statLog
3      550 g_logSync
3      660 g_log
3      770 g_MaxHolocronCarry
3      880 g_clients
3    17c00 cm_clanLogout_saying
3    17d10 cm_clanLogin_saying
3    17e20 cm_teleport_saying
3    17f30 cm_slay_saying
3    18040 cm_sleep_off_saying
3    18150 cm_sleep_on_saying
3    18260 cm_punish_off_saying
3    18370 cm_punish_on_saying
3    18480 cm_slap_saying
3    18590 cm_silence_off_saying
3    186a0 cm_silence_on_saying
3    187b0 cm_protect_off_saying
3    188c0 cm_protect_on_saying
3    189d0 cm_terminator_off_saying
3    18ae0 cm_terminator_on_saying
3    18bf0 cm_empower_off_saying
3    18d00 cm_empower_on_saying
3    18e10 cm_AdminLogout3_saying
3    18f20 cm_AdminLogout2_saying
3    19030 cm_AdminLogout1_saying
3    19140 cm_AdminLogin3_saying
3    19250 cm_AdminLogin2_saying
3    19360 cm_AdminLogin1_saying
3    19470 cm_adminPassword3
3    19580 cm_adminPassword2
3    19690 cm_adminPassword1
3    197a0 cm_clanPassword
3    198b0 cm_voteControl
3    199c0 cm_emoteControl
3    19ad0 cm_adminControl3
3    19be0 cm_adminControl2
3    19cf0 cm_adminControl1
3    19e00 cm_adminLevel3
3    19f10 cm_adminLevel2
3    1a020 cm_adminLevel1
3    1a130 cm_report
3    1a240 cm_clanTag
3    1a350 cm_badwords
3    1a460 sv_maxConnections
3    1a570 cm_autoprotecttime
3    1a680 cm_knockmedown
3    1a790 cm_blacknames
3    1a8a0 cm_duelshield
3    1a9b0 cm_duelhealth
3    1aac0 cm_duelradius
3    1abd0 cm_duelstatus
3    1ace0 mod_pushall
3    1adf0 cm_samenames
3    1af00 cm_duelbeginsaberoff
3    1b010 cm_multiduels
3    1b120 cm_dualblade
3    1b230 cm_motd_time
3    1b340 cm_motd
3    1b450 cm_console_motd
3    1b560 g_austrian
3    1b670 g_saberDebugPrint
3    1b780 g_saberDmgDelay_Wound
3    1b890 g_saberDmgDelay_Idle
3    1b9a0 g_saberDmgVelocityScale
3    1bab0 g_timeouttospec
3    1bbc0 g_forceDodge
3    1bcd0 g_dismember
3    1bde0 g_singlePlayer
3    1bef0 g_enableBreath
3    1c000 g_enableDust
3    1c110 g_rankings
3    1c220 pmove_msec
3    1c330 pmove_fixed
3    1c440 g_smoothClients
3    1c550 g_blueteam
3    1c660 g_redteam
3    1c770 g_debugUp
3    1c880 g_debugRight
3    1c990 g_debugForward
3    1caa0 g_filterBan
3    1cbb0 g_banIPs
3    1ccc0 g_teamForceBalance
3    1cdd0 g_teamAutoJoin
3    1cee0 g_allowVote
3    1cff0 g_blood
3    1d100 g_doWarmup
3    1d210 g_warmup
3    1d320 g_motd
3    1d430 g_synchronousClients
3    1d540 g_adaptRespawn
3    1d650 g_weaponTeamRespawn
3    1d760 g_weaponRespawn
3    1d870 g_debugDamage
3    1d980 g_debugAlloc
3    1da90 g_debugMove
3    1dba0 g_inactivity
3    1dcb0 g_forcerespawn
3    1ddc0 g_quadfactor
3    1ded0 g_knockback
3    1dfe0 g_speed
3    1e0f0 g_gravity
3    1e200 g_needpass
3    1e310 g_password
3    1e420 g_friendlySaber
3    1e530 g_friendlyFire
3    1e640 g_saberInterpolate
3    1e750 g_capturelimit
3    1e860 g_timelimit
3    1e970 g_duel_fraglimit
3    1ea80 g_fraglimit
3    1eb90 g_duelWeaponDisable
3    1eca0 g_fraglimitVoteCorrection
3    1edb0 g_allowDuelSuicide
3    1eec0 g_weaponDisable
3    1efd0 g_forcePowerDisable
3    1f0e0 g_spawnInvulnerability
3    1f1f0 g_forceRegenTime
3    1f300 g_saberDamageScale
3    1f410 g_slowmoDuelEnd
3    1f520 g_logClientInfo
3    1f630 g_saberBoxTraceSize
3    1f740 g_saberAlwaysBoxTrace
3    1f850 g_saberGhoul2Collision
3    1f960 g_saberTraceSaberFirst
3    1fa70 g_saberLockFactor
3    1fb80 g_saberLocking
3    1fc90 g_privateDuel
3    1fda0 g_forceBasedTeams
3    1feb0 g_maxForceRank
3    1ffc0 g_dmflags
3    200d0 g_autoMapCycle
3    201e0 g_trueJedi
3    202f0 g_restarted
3    20400 g_maxGameClients
3    20510 g_maxclients
3    20620 g_cheats
3    20730 g_dedicated
3    20840 g_gametype
3    20950 g_entities
3    f5950 level
3    f7cf0 g_ff_objectives
3    f7e0c droppedBlueFlag
3    f7e10 droppedRedFlag
3    f7e14 gBotEventTracker
3    f8014 regularupdate_time
3    f8018 numbots
3    f801c botstates
3    f809c floattime
3    f80a0 eFlagBlue
3    f80a4 eFlagRed
3    f80a8 oFlagBlue
3    f80ac flagBlue
3    f80b0 oFlagRed
3    f80b4 flagRed
3    f80b8 bot_wp_visconnect
3    f81c8 bot_wp_distconnect
3    f82d8 bot_wp_clearweight
3    f83e8 bot_wp_edit
3    f84f8 bot_wp_info
3    f8608 bot_camp
3    f8718 bot_attachments
3    f8828 bot_honorableduelacceptance
3    f8938 bot_forgimmick
3    f8a48 bot_forcepowers
3    f8b58 gBotChatBuffer
3   138b58 nodenum
3   138b5c nodetable
3   158b5c gWPArray
3   15cb5c bg_pool
3   350b5c pml
3   350fe8 pm
3   350fec BGPAFtext
3   35ac2c bgGlobalAnimations
3   3630a0 podium3
3   3630a4 podium2
3   3630a8 podium1
3   3630b0 bot_minplayers
3   3631c0 botSpawnQueue
3   363240 g_arenaInfos
3   364240 g_numArenas
3   364244 g_botInfos
3   365244 g_numBots
3   365648 Client_Force
3   369550 itemRegistered
3   369950 G_WeaponLogItems
3   36a150 G_WeaponLogPowerups
3   36a4d0 G_WeaponLogClientTouch
3   36a550 G_WeaponLogLastTime
3   36a5d0 G_WeaponLogTime
3   36add0 G_WeaponLogFrags
3   36bdd0 G_WeaponLogDeaths
3   36c5d0 G_WeaponLogKills
3   36d8d0 G_WeaponLogDamage
3   36ebd0 G_WeaponLogFired
3   36f3d0 G_WeaponLogPickups
3   36fbd0 allocPoint
3   36fbd4 memoryPool
3   3afbd4 gJanSound_Alert
3   3afbe8 gJanSound_Death
3   3afbf4 gJanSound_Pain
3   3afc04 gRodianSound_Alert
3   3afc18 gRodianSound_Death
3   3afc24 gRodianSound_Pain
3   3afc34 gTrooperSound_Alert
3   3afc48 gTrooperSound_Death
3   3afc54 gTrooperSound_Pain
3   3afc64 gExplSound
3   3afc68 pushed_p
3   3afc6c pushed
3   3b7c6c imperial_attackers
3   3b7c70 rebel_attackers
3   3b7c74 rebel_goals_completed
3   3b7c78 rebel_goals_required
3   3b7c7c imperial_goals_completed
3   3b7c80 imperial_goals_required
3   3b7c84 saga_round_over
3   3b7c88 saga_valid
3   3b7c8c saga_info
3   3b9c8c numIPFilters
3   3b9c90 ipFilters
3   3bbc90 teamgame
3   3bbcac gTrigFallSound
3   3bd250 gG2KillIndex
3   3bd350 remappedShaders
3   3c1550 ent_list
3   3c2550 muzzle
3   3c255c up
3   3c2568 right
3   3c2574 forward
3   3c2580 s_quadFactor
3   3d7f9c com_lines
3   3d7fa0 com_parsename
3   3d83a0 com_token
