0 fffffda6 trap_G2API_CollisionDetect
0 fffffda7 trap_G2API_CleanGhoul2Models
0 fffffda8 trap_G2API_RemoveGhoul2Model
0 fffffda9 trap_G2API_HasGhoul2ModelOnIndex
0 fffffdaa trap_G2API_DuplicateGhoul2Instance
0 fffffdab trap_G2API_CopySpecificGhoul2Model
0 fffffdac trap_G2API_CopyGhoul2Instance
0 fffffdad trap_G2API_GetGLAName
0 fffffdae trap_G2API_SetBoneAnim
0 fffffdaf trap_G2API_SetBoneAngles
0 fffffdb0 trap_G2API_SetBoltInfo
0 fffffdb1 trap_G2API_AddBolt
0 fffffdb2 trap_G2API_InitGhoul2Model
0 fffffdb3 trap_G2API_GetBoltMatrix_NoRecNoRot
0 fffffdb4 trap_G2API_GetBoltMatrix_NoReconstruct
0 fffffdb5 trap_G2API_GetBoltMatrix
0 fffffdb6 trap_G2_SetGhoul2ModelIndexes
0 fffffdb7 trap_G2_HaveWeGhoul2Models
0 fffffdb8 trap_G2_ListModelSurfaces
0 fffffdb9 trap_G2_ListModelBones
0 fffffdba trap_PC_SourceFileAndLine
0 fffffdbb trap_PC_ReadToken
0 fffffdbc trap_PC_FreeSource
0 fffffdbd trap_PC_LoadSource
0 fffffdbe trap_AAS_PointReachabilityAreaIndex
0 fffffdbf trap_AAS_PredictRoute
0 fffffdc0 trap_AAS_AlternativeRouteGoals
0 fffffdc1 trap_BotAddAvoidSpot
0 fffffdc2 trap_BotSetAvoidGoalTime
0 fffffdc3 trap_BotPredictVisiblePosition
0 fffffdc4 trap_BotRemoveFromAvoidGoals
0 fffffdc5 trap_BotGetChatMessage
0 fffffdc6 trap_BotNumInitialChats
0 fffffdc7 trap_BotGetMapLocationGoal
0 fffffdc8 trap_BotGetNextCampSpotGoal
0 fffffdc9 trap_BotMutateGoalFuzzyLogic
0 fffffdca trap_BotInterbreedGoalFuzzyLogic
0 fffffdcb trap_GeneticParentsAndChildSelection
0 fffffdcc trap_BotResetWeaponState
0 fffffdcd trap_BotFreeWeaponState
0 fffffdce trap_BotAllocWeaponState
0 fffffdcf trap_BotLoadWeaponWeights
0 fffffdd0 trap_BotGetWeaponInfo
0 fffffdd1 trap_BotChooseBestFightWeapon
0 fffffdd2 trap_BotInitMoveState
0 fffffdd3 trap_BotFreeMoveState
0 fffffdd4 trap_BotAllocMoveState
0 fffffdd5 trap_BotMovementViewTarget
0 fffffdd6 trap_BotReachabilityArea
0 fffffdd7 trap_BotResetLastAvoidReach
0 fffffdd8 trap_BotResetAvoidReach
0 fffffdd9 trap_BotMoveInDirection
0 fffffdda trap_BotMoveToGoal
0 fffffddb trap_BotResetMoveState
0 fffffddc trap_BotFreeGoalState
0 fffffddd trap_BotAllocGoalState
0 fffffdde trap_BotSaveGoalFuzzyLogic
0 fffffddf trap_BotFreeItemWeights
0 fffffde0 trap_BotLoadItemWeights
0 fffffde1 trap_BotUpdateEntityItems
0 fffffde2 trap_BotInitLevelItems
0 fffffde3 trap_BotAvoidGoalTime
0 fffffde4 trap_BotGetLevelItemGoal
0 fffffde5 trap_BotItemGoalInVisButNotVisible
0 fffffde6 trap_BotTouchingGoal
0 fffffde7 trap_BotChooseNBGItem
0 fffffde8 trap_BotChooseLTGItem
0 fffffde9 trap_BotGetSecondGoal
0 fffffdea trap_BotGetTopGoal
0 fffffdeb trap_BotGoalName
0 fffffdec trap_BotDumpGoalStack
0 fffffded trap_BotDumpAvoidGoals
0 fffffdee trap_BotEmptyGoalStack
0 fffffdef trap_BotPopGoal
0 fffffdf0 trap_BotPushGoal
0 fffffdf1 trap_BotResetAvoidGoals
0 fffffdf2 trap_BotResetGoalState
0 fffffdf3 trap_BotSetChatName
0 fffffdf4 trap_BotSetChatGender
0 fffffdf5 trap_BotLoadChatFile
0 fffffdf6 trap_BotReplaceSynonyms
0 fffffdf7 trap_UnifyWhiteSpaces
0 fffffdf8 trap_BotMatchVariable
0 fffffdf9 trap_BotFindMatch
0 fffffdfa trap_StringContains
0 fffffdfb trap_BotEnterChat
0 fffffdfc trap_BotChatLength
0 fffffdfd trap_BotReplyChat
0 fffffdfe trap_BotInitialChat
0 fffffdff trap_BotNumConsoleMessages
0 fffffe00 trap_BotNextConsoleMessage
0 fffffe01 trap_BotRemoveConsoleMessage
0 fffffe02 trap_BotQueueConsoleMessage
0 fffffe03 trap_BotFreeChatState
0 fffffe04 trap_BotAllocChatState
0 fffffe05 trap_Characteristic_String
0 fffffe06 trap_Characteristic_BInteger
0 fffffe07 trap_Characteristic_Integer
0 fffffe08 trap_Characteristic_BFloat
0 fffffe09 trap_Characteristic_Float
0 fffffe0a trap_BotFreeCharacter
0 fffffe0b trap_BotLoadCharacter
0 fffffe56 trap_EA_ResetInput
0 fffffe57 trap_EA_GetInput
0 fffffe58 trap_EA_EndRegular
0 fffffe59 trap_EA_View
0 fffffe5a trap_EA_Move
0 fffffe5b trap_EA_DelayedJump
0 fffffe5c trap_EA_Jump
0 fffffe5d trap_EA_SelectWeapon
0 fffffe5e trap_EA_MoveRight
0 fffffe5f trap_EA_MoveLeft
0 fffffe60 trap_EA_MoveBack
0 fffffe61 trap_EA_MoveForward
0 fffffe62 trap_EA_MoveDown
0 fffffe63 trap_EA_MoveUp
0 fffffe64 trap_EA_Crouch
0 fffffe65 trap_EA_Respawn
0 fffffe66 trap_EA_Use
0 fffffe67 trap_EA_ForcePower
0 fffffe68 trap_EA_Alt_Attack
0 fffffe69 trap_EA_Attack
0 fffffe6a trap_EA_Talk
0 fffffe6b trap_EA_Gesture
0 fffffe6c trap_EA_Action
0 fffffe6d trap_EA_Command
0 fffffe6e trap_EA_SayTeam
0 fffffe6f trap_EA_Say
0 fffffec1 trap_AAS_PredictClientMovement
0 fffffec2 trap_AAS_Swimming
0 fffffec3 trap_AAS_AreaTravelTimeToGoalArea
0 fffffec4 trap_AAS_AreaReachability
0 fffffec5 trap_AAS_IntForBSPEpairKey
0 fffffec6 trap_AAS_FloatForBSPEpairKey
0 fffffec7 trap_AAS_VectorForBSPEpairKey
0 fffffec8 trap_AAS_ValueForBSPEpairKey
0 fffffec9 trap_AAS_NextBSPEntity
0 fffffeca trap_AAS_PointContents
0 fffffecb trap_AAS_TraceAreas
0 fffffecc trap_AAS_PointAreaNum
0 fffffecd trap_AAS_Time
0 fffffece trap_AAS_PresenceTypeBoundingBox
0 fffffecf trap_AAS_Initialized
0 fffffed0 trap_AAS_EntityInfo
0 fffffed1 trap_AAS_AreaInfo
0 fffffed2 trap_AAS_BBoxAreas
0 fffffed3 trap_AAS_EnableRoutingArea
0 ffffff2c trap_BotUserCommand
0 ffffff2d trap_BotGetServerCommand
0 ffffff2e trap_BotGetSnapshotEntity
0 ffffff2f trap_BotLibTest
0 ffffff30 trap_BotLibUpdateEntity
0 ffffff31 trap_BotLibLoadMap
0 ffffff32 trap_BotLibStartFrame
0 ffffff33 trap_BotLibDefine
0 ffffff34 trap_BotLibVarGet
0 ffffff35 trap_BotLibVarSet
0 ffffff36 trap_BotLibShutdown
0 ffffff37 trap_BotLibSetup
0 ffffff8c asin
0 ffffff8d acos
0 ffffff90 ceil
0 ffffff91 floor
0 ffffff92 perpendicularvector
0 ffffff93 anglevectors
0 ffffff94 matrixmultiply
0 ffffff95 sqrt
0 ffffff96 atan2
0 ffffff97 cos
0 ffffff98 sin
0 ffffff99 strncpy
0 ffffff9a memcpy
0 ffffff9b memset
0 ffffffcc trap_ROFF_Purge_Ent
0 ffffffcd trap_ROFF_Play
0 ffffffce trap_ROFF_Cache
0 ffffffcf trap_ROFF_UpdateEntities
0 ffffffd0 trap_ROFF_Clean
0 ffffffd1 trap_SP_GetStringTextString
0 ffffffd2 trap_SP_RegisterServer
0 ffffffd3 trap_EntityContactCapsule
0 ffffffd4 trap_TraceCapsule
0 ffffffd5 trap_SnapVector
0 ffffffd6 trap_RealTime
0 ffffffd7 trap_DebugPolygonDelete
0 ffffffd8 trap_DebugPolygonCreate
0 ffffffd9 trap_FS_GetFileList
0 ffffffda trap_GetEntityToken
0 ffffffdb trap_GetUsercmd
0 ffffffdc trap_BotFreeClient
0 ffffffdd trap_BotAllocateClient
0 ffffffde trap_EntityContact
0 ffffffdf trap_EntitiesInBox
0 ffffffe0 trap_UnlinkEntity
0 ffffffe1 trap_LinkEntity
0 ffffffe2 trap_AreasConnected
0 ffffffe3 trap_AdjustAreaPortalState
0 ffffffe4 trap_InPVSIgnorePortals
0 ffffffe5 trap_InPVS
0 ffffffe6 trap_PointContents
0 ffffffe7 trap_Trace
0 ffffffe8 trap_SetBrushModel
0 ffffffe9 trap_GetServerinfo
0 ffffffea trap_SetUserinfo
0 ffffffeb trap_GetUserinfo
0 ffffffec trap_GetConfigstring
0 ffffffed trap_SetConfigstring
0 ffffffee trap_SendServerCommand
0 ffffffef trap_DropClient
0 fffffff0 trap_LocateGameData
0 fffffff1 trap_SendConsoleCommand
0 fffffff2 trap_FS_FCloseFile
0 fffffff3 trap_FS_Write
0 fffffff4 trap_FS_Read
0 fffffff5 trap_FS_FOpenFile
0 fffffff6 trap_Argv
0 fffffff7 trap_Argc
0 fffffff8 trap_Cvar_VariableStringBuffer
0 fffffff9 trap_Cvar_VariableIntegerValue
0 fffffffa trap_Cvar_Set
0 fffffffb trap_Cvar_Update
0 fffffffc trap_Cvar_Register
0 fffffffd trap_Milliseconds
0 fffffffe trap_Error
0 ffffffff trap_Printf
0        0 vmMain
0       a5 G_Printf
0       be G_Error
0       d7 G_FindTeams
0      1db G_RemapTeamShaders
0      1de G_RegisterCvars
0      252 G_UpdateCvars
0      2c6 G_InitGame
0      438 G_ShutdownGame
0      470 Com_Error
0      48b Com_Printf
0      4a6 AddTournamentPlayer
0      51f RemoveTournamentLoser
0      546 RemoveDuelDrawLoser
0      5e8 RemoveTournamentWinner
0      60f AdjustTournamentScores
0      7da SortRanks
0      8af CalculateRanks
0      b69 SendScoreboardMessageToAllClients
0      b92 MoveClientToIntermission
0      c02 FindIntermissionPoint
0      c70 BeginIntermission
0      ce3 DuelLimitHit
0      d1a DuelResetWinsLosses
0      d4b ExitLevel
0      dd8 G_LogPrintf
0      e44 LogExit
0      f2d CheckIntermissionExit
0     124e ScoreIsTied
0     1297 CheckExitRules
0     1497 CheckTournament
0     161e CheckVote
0     175c PrintTeam
0     1787 SetLeader
0     184a CheckTeamLeader
0     18e2 CheckTeamVote
0     19db CheckCvars
0     1a08 G_RunThink
0     1a41 G_RunFrame
0     1cd3 G_GetStripEdString
0     1ce4 BotStraightTPOrderCheck
0     1d4e BotSelectWeapon
0     1d60 BotReportStatus
0     1dbf BotOrder
0     1f5a BotMindTricked
0     1fd1 BotAI_Print
0     1fd4 IsTeamplay
0     1fe1 BotAI_GetClientState
0     2012 BotAI_GetEntityState
0     2057 BotAI_GetSnapshotEntity
0     2088 BotEntityInfo
0     2094 NumBots
0     209a AngleDifference
0     20c2 BotChangeViewAngle
0     212e BotChangeViewAngles
0     22cd BotInputToUserCommand
0     2579 BotUpdateInput
0     263c BotAIRegularUpdate
0     264d RemoveColorEscapeSequences
0     26c9 BotAI
0     281a BotScheduleBotThink
0     2858 PlayersInGame
0     2899 BotAISetupClient
0     29b9 BotAIShutdownClient
0     2a08 BotResetState
0     2af3 BotAILoadMap
0     2b2d OrgVisible
0     2b53 WPOrgVisible
0     2be8 OrgVisibleBox
0     2c18 CheckForFunc
0     2c6b GetNearestVisibleWP
0     2d31 PassWayCheck
0     2dcb TotalTrailDistance
0     2ea4 CheckForShorterRoutes
0     2ff6 WPConstantRoutine
0     3150 BotCTFGuardDuty
0     316c WPTouchRoutine
0     3333 MoveTowardIdealAngles
0     3343 BotTrace_Strafe
0     34e1 BotTrace_Jump
0     361a BotTrace_Duck
0     36fe PassStandardEnemyChecks
0     38d3 BotDamageNotification
0     39d4 BotCanHear
0     3ad2 UpdateEventTracker
0     3b35 InFieldOfVision
0     3bb7 PassLovedOneCheck
0     3c87 ScanForEnemies
0     3e99 WaitingForNow
0     3f6f BotGetWeaponRange
0     3fbf BotIsAChickenWuss
0     40c1 GetNearestBadThing
0     4370 BotDefendFlag
0     43e5 BotGetEnemyFlag
0     445a BotGetFlagBack
0     4552 BotGuardFlagCarrier
0     464a BotGetFlagHome
0     46bf GetNewFlagPoint
0     47d6 CTFTakesPriority
0     4ae1 EntityVisibleBox
0     4b1e Saga_TargetClosestObjective
0     4d42 Saga_DefendFromAttackers
0     4e38 Saga_CountDefenders
0     4e9e Saga_CountTeammates
0     4eef SagaTakesPriority
0     5207 JMTakesPriority
0     52ee BotHasAssociated
0     53ad GetBestIdleGoal
0     5498 GetIdealDestination
0     5a70 CommanderBotCTFAI
0     5d46 CommanderBotSagaAI
0     5e71 BotDoTeamplayAI
0     5e9c CommanderBotTeamplayAI
0     6043 CommanderBotAI
0     606c MeleeCombatHandling
0     61ca SaberCombatHandling
0     657a BotWeaponCanLead
0     65be BotAimLeading
0     6715 BotAimOffsetGoalAngles
0     6917 ShouldSecondaryFire
0     6a1f CombatBotAI
0     6c01 BotFallbackNavigation
0     6ca4 BotTryAnotherWeapon
0     6d24 BotWeaponSelectable
0     6d5a BotSelectIdealWeapon
0     6ef8 BotSelectChoiceWeapon
0     6f86 BotSelectMelee
0     6fb7 GetLoveLevel
0     704c BotLovedOneDied
0     7199 BotDeathNotify
0     721f StrafeTracing
0     7305 PrimFiring
0     7336 KeepPrimFromFiring
0     736b AltFiring
0     739c KeepAltFromFiring
0     73d1 CheckForFriendInLOF
0     7498 BotScanForLeader
0     7528 BotReplyGreetings
0     7597 CTFFlagMovement
0     7779 BotCheckDetPacks
0     78bf BotUseInventoryItem
0     7999 BotSurfaceNear
0     79fe BotWeaponBlockable
0     7a33 StandardBotAI
0     9a45 BotAIStartFrame
0     9b43 BotAISetup
0     9bd8 BotAIShutdown
0     9c16 B_TempAlloc
0     9c23 B_TempFree
0     9c2c B_Alloc
0     9c39 B_Free
0     9c3c B_InitAlloc
0     9c48 B_CleanupAlloc
0     9c4b GetValueGroup
0     9d46 GetPairedValue
0     9eec BotDoChat
0     a1b9 ParseEmotionalAttachments
0     a2fc ReadChatGroups
0     a38c BotUtilizePersonality
0     a830 GetFlagStr
0     ab2b G_TestLine
0     ab65 BotWaypointRender
0     ad93 TransferWPData
0     aeb7 CreateNewWP
0     af55 CreateNewWP_FromObject
0     b0c0 RemoveWP
0     b116 RemoveWP_InTrail
0     b1fb CreateNewWP_InTrail
0     b34a TeleportToWP
0     b3d0 WPFlagsModify
0     b40f NotWithinRange
0     b444 NodeHere
0     b4d6 CanGetToVector
0     b505 CanGetToVectorTravel
0     b629 ConnectTrail
0     bc3a OpposingEnds
0     bcb8 DoorBlockingSection
0     bd9b RepairPaths
0     becd OrgVisibleCurve
0     bf2d CanForceJumpTo
0     c018 CalculatePaths
0     c292 GetObjectThatTargets
0     c2c1 CalculateSagaGoals
0     c3ee GetNearestVisibleWPToItem
0     c4da CalculateWeightGoals
0     c6aa CalculateJumpRoutes
0     c7ce LoadPathData
0     cb75 FlagObjects
0     cda1 SavePathData
0     d0e2 LoadPath_ThisLevel
0     d17d GetClosestSpawn
0     d21b GetNextSpawnInIndex
0     d2bf AcceptBotCommand
0     d732 swapfunc
0     d7b9 med3
0     d83c qsort
0     dbf5 strlen
0     dc10 strcat
0     dc53 strcpy
0     dc88 strcmp
0     dcc1 strchr
0     dce0 strstr
0     dd26 tolower
0     dd3e toupper
0     dd56 memmove
0     dd9d tan
0     ddb4 srand
0     ddbb rand
0     ddd0 atof
0     de95 _atof
0     df60 atoi
0     dfd8 _atoi
0     e05a abs
0     e06f fabs
0     e084 AddInt
0     e15f AddFloat
0     e26d AddString
0     e304 vsprintf
0     e49c sscanf
0     e507 BG_LegalizedForcePowers
0     e8e9 vectoyaw
0     e943 BG_HasYsalamiri
0     e972 BG_CanUseFPNow
0     e9f4 BG_FindItemForPowerup
0     ea30 BG_FindItemForHoldable
0     ea6a BG_FindItemForWeapon
0     ea9d BG_FindItem
0     eac6 BG_PlayerTouchesItem
0     eb26 BG_ProperForceIndex
0     eb49 BG_CycleForce
0     ec21 BG_GetItemIndexByTag
0     ec51 BG_CycleInven
0     ecbd BG_CanItemBeGrabbed
0     ef23 BG_EvaluateTrajectory
0     f0f1 BG_EvaluateTrajectoryDelta
0     f1eb BG_AddPredictableEventToPlayerstate
0     f226 BG_TouchJumpPad
0     f28a BG_PlayerStateToEntityState
0     f59f BG_PlayerStateToEntityStateExtraPolate
0     f8c1 BG_Alloc
0     f901 BG_AllocUnaligned
0     f934 BG_TempAlloc
0     f96c BG_TempFree
0     f999 BG_StringAlloc
0     f9bc BG_OutOfMemory
0     f9ce PM_GetSaberStance
0     fa24 PM_DoSlowFall
0     fa47 PM_AddEvent
0     fa56 PM_AddEventWithParm
0     fa66 PM_AddTouchEnt
0     fabb PM_ClipVelocity
0     fb34 PM_Friction
0     fc30 PM_Accelerate
0     fcac PM_CmdScale
0     fd43 PM_SetMovementDir
0     fe8f PM_ForceJumpingUp
0     ff4e PM_JumpForDir
0     fff1 PM_SetPMViewAngle
0    10032 PM_AdjustAngleForWallRun
0    10236 PM_SetForceJumpZStart
0    10258 PM_CheckJump
0    1118a PM_CheckWaterJump
0    11271 PM_WaterJumpMove
0    112b2 PM_WaterMove
0    113e3 PM_FlyMove
0    1149d PM_AirMove
0    11560 PM_WalkMove
0    11802 PM_DeadMove
0    1187b PM_NoclipMove
0    119ed PM_FootstepForSurface
0    11a06 PM_TryRoll
0    11c07 PM_CrashLand
0    11f25 PM_CorrectAllSolid
0    1200c PM_GroundTraceMissed
0    1219d PM_GroundTrace
0    12330 PM_SetWaterLevel
0    123fd PM_CheckDuck
0    125d3 PM_Use
0    1261c PM_RunningAnim
0    1264a PM_Footsteps
0    12a18 PM_WaterEvents
0    12a6f PM_BeginWeaponChange
0    12ad5 PM_FinishWeaponChange
0    12b28 PM_DoChargedWeapons
0    13002 PM_ItemUsable
0    13238 PM_Weapon
0    13bf1 PM_Animate
0    13c5e PM_DropTimers
0    13ce8 PM_UpdateViewAngles
0    13d8c PM_AdjustAttackStates
0    14104 BG_CmdForRoll
0    14159 BG_AdjustClientSpeed
0    145c1 PmoveSingle
0    14af6 Pmove
0    14ba2 BG_InSpecialJump
0    14bc7 BG_InSaberStandAnim
0    14bed BG_DirectFlippingAnim
0    14c0c BG_SaberInAttack
0    14c39 BG_SaberInSpecial
0    14c56 BG_SaberInIdle
0    14c73 BG_FlippingAnim
0    14caf BG_SpinningSaberAnim
0    14d99 BG_SaberInSpecialAttack
0    14dd3 BG_BrokenParryForAttack
0    14e11 BG_BrokenParryForParry
0    14e63 BG_KnockawayForParry
0    14e8c BG_InRoll
0    14eb2 BG_InDeathAnim
0    14ee7 PM_SaberBounceForAttack
0    14f21 PM_SaberDeflectionForQuad
0    14f5a PM_SaberInDeflect
0    14f6f PM_SaberInParry
0    14f84 PM_SaberInKnockaway
0    14f99 PM_SaberInReflect
0    14fae PM_SaberInStart
0    14fc3 PM_SaberInReturn
0    14fdd PM_InSaberAnim
0    14ff4 PM_InKnockDown
0    15021 PM_PainAnim
0    15040 PM_JumpingAnim
0    1505f PM_LandingAnim
0    150a6 PM_SpinningAnim
0    150b3 PM_InOnGroundAnim
0    15110 PM_InRollComplete
0    15136 PM_AnimLength
0    15163 PM_DebugLegsAnim
0    151ae BG_ParseAnimationFile
0    15326 PM_StartLegsAnim
0    153ab PM_ContinueLegsAnim
0    153cb PM_ForceLegsAnim
0    1543b PM_StartTorsoAnim
0    15470 PM_SetLegsAnimTimer
0    1548e PM_SetTorsoAnimTimer
0    154ac BG_SaberStartTransAnim
0    154fb PM_SetAnimFinal
0    15713 PM_SetAnim
0    1578c PM_SlideMove
0    15b7c PM_StepSlideMove
0    15ecb PM_irand_timesync
0    15f00 BG_ForcePowerDrain
0    15fbe PM_AttackMoveForQuad
0    15ff3 PM_SaberAnimTransitionAnim
0    16114 PM_SaberMoveQuadrantForMovement
0    16179 PM_SaberInBounce
0    1619e PM_SaberInTransition
0    161b3 PM_SaberAttackChainAngle
0    161e3 PM_SaberKataDone
0    162e4 PM_SetAnimFrame
0    162ee PM_SaberLockBreak
0    165c3 PM_SaberLocked
0    167e7 PM_SaberInBrokenParry
0    1680c PM_BrokenParryForParry
0    1684e PM_CanBackstab
0    168cf PM_SaberFlipOverAttackMove
0    169bc PM_SomeoneInFront
0    16a4c PM_SaberLungeAttackMove
0    16a96 PM_SaberJumpAttackMove
0    16afe PM_GroundDistance
0    16b67 PM_SaberAttackForMovement
0    16cdf PM_WeaponLightsaber
0    17575 PM_SetSaberMove
0    1780d P_SetTwitchInfo
0    17825 M_StringEscapeToEnters
0    17890 P_DamageFeedback
0    1799a P_WorldEffects
0    17b41 DoImpact
0    17dbb G_SetClientSound
0    17dec ClientImpacts
0    17e8f G_TouchTriggers
0    18071 G_MoverTouchPushTriggers
0    18221 SpectatorThink
0    182c8 ClientInactivityTimer
0    1836a ClientTimerActions
0    18570 ClientIntermissionThink
0    185cb ClientEvents
0    18763 SendPendingPredictableEvents
0    1880a G_UpdateForceSightBroadcasts
0    188ea G_UpdateJediMasterBroadcasts
0    189cc G_UpdateClientBroadcasts
0    189e7 ClientThink_real
0    199fe G_CheckClientTimeouts
0    19a2b ClientThink
0    19a66 G_RunClient
0    19a8d SpectatorClientEndFrame
0    19b64 ClientEndFrame
0    19c3c UpdateTournamentInfo
0    19e21 trap_Cvar_VariableValue
0    19e37 G_ParseInfos
0    19f25 G_LoadArenasFromFile
0    19fa5 G_GetMapTypeBits
0    1a047 G_DoesMapSupportGametype
0    1a0da G_RefreshNextMap
0    1a1e7 G_LoadArenas
0    1a299 G_GetArenaInfoByMap
0    1a2d4 G_AddRandomBot
0    1a441 G_RemoveRandomBot
0    1a4ad G_CountHumanPlayers
0    1a500 G_CountBotPlayers
0    1a57d G_CheckMinimumPlayers
0    1a6fa G_CheckBotSpawn
0    1a739 AddBotToSpawnQueue
0    1a776 G_RemoveQueuedBotBegin
0    1a79a G_BotConnect
0    1a7fc G_AddBot
0    1ab15 Svcmd_AddBot_f
0    1abac Svcmd_BotList_f
0    1ac60 G_LoadBotsFromFile
0    1ace0 G_LoadBots
0    1ad6d G_GetBotInfoByNumber
0    1ad98 G_GetBotInfoByName
0    1add7 G_InitBots
0    1adee SP_info_player_deathmatch
0    1ae27 SP_info_player_start
0    1ae36 SP_info_player_imperial
0    1ae49 SP_info_player_rebel
0    1ae5c SP_info_player_intermission
0    1ae5f ThrowSaberToAttacker
0    1b026 JMSaberThink
0    1b121 JMSaberTouch
0    1b2a1 SP_info_jedimaster_start
0    1b35b SpotWouldTelefrag
0    1b3dc SelectNearestDeathmatchSpawnPoint
0    1b440 SelectRandomDeathmatchSpawnPoint
0    1b4a0 SelectRandomFurthestSpawnPoint
0    1b610 G_FindClientByName
0    1b659 SelectSpawnPoint
0    1b66c SelectInitialSpawnPoint
0    1b6d1 SelectSpectatorSpawnPoint
0    1b6e1 InitBodyQue
0    1b711 BodySink
0    1b743 CopyToBodyQue
0    1b92f SetClientViewAngle
0    1b987 respawn
0    1bb1d TeamCount
0    1bb5e TeamLeader
0    1bb9f PickTeam
0    1bbed ClientCleanName
0    1bcfe SetupGameGhoul2Model
0    1bead ClientUserinfoChanged
0    1c288 ClientConnect
0    1c593 ClientBegin
0    1c8e7 AllForceDisabled
0    1c90e ClientSpawn
0    1cfa5 ClientDisconnect
0    1d19e uwRename
0    1d1cb G_IgnoreClientChat
0    1d23a G_IsClientChatIgnored
0    1d266 G_RemoveFromAllIgnoreLists
0    1d2a2 Admin_Teleport
0    1d2fe DeathmatchScoreboardMessage
0    1d437 Cmd_Score_f
0    1d440 CheatsOk
0    1d494 ConcatArgs
0    1d4ff SanitizeString
0    1d551 ClientNumberFromString
0    1d61d Cmd_Give_f
0    1d8c9 Cmd_God_f
0    1d90e Cmd_Notarget_f
0    1d953 Cmd_Noclip_f
0    1d9a6 Cmd_LevelShot_f
0    1d9d7 Cmd_TeamTask_f
0    1da2e Cmd_Kill_f
0    1dacc G_GetDuelWinner
0    1db11 BroadcastTeamChange
0    1dbe7 SetTeam
0    1df36 StopFollowing
0    1df8e Cmd_Team_f
0    1e0a1 Cmd_ForceChanged_f
0    1e10f Cmd_Follow_f
0    1e1a9 Cmd_FollowCycle_f
0    1e24e G_SayTo
0    1e34a G_Say
0    1e555 Cmd_Say_f
0    1e58e Cmd_Tell_f
0    1e638 G_VoiceTo
0    1e6ae G_Voice
0    1e712 Cmd_Voice_f
0    1e74e Cmd_VoiceTell_f
0    1e7fe Cmd_VoiceTaunt_f
0    1e9bd Cmd_GameCommand_f
0    1ea32 Cmd_Where_f
0    1ea54 G_ClientNumberFromName
0    1ea96 SanitizeString2
0    1eb14 G_ClientNumberFromStrippedSubstring
0    1eb6a G_ClientNumberFromArg
0    1ebba G_ClientNumberFromStrippedName
0    1ebfc Cmd_CallVote_f
0    1f0fa Cmd_Vote_f
0    1f1f8 Cmd_CallTeamVote_f
0    1f566 Cmd_TeamVote_f
0    1f69d Cmd_SetViewpos_f
0    1f735 Cmd_Stats_f
0    1f738 G_ItemUsable
0    1f96d Cmd_ToggleSaber_f
0    1fa8f Cmd_SaberAttackCycle_f
0    1faff G_OtherPlayersDueling
0    1fb46 Cmd_EngageDuel_f
0    1feab StandardSetBodyAnim
0    1fee4 ClientCommand
0    24b16 ObjectDie
0    24b2f G_GetHitLocation
0    24d85 ExplodeDeath
0    24e17 ScorePlum
0    24e4c AddScore
0    24e8e TossClientWeapon
0    2502a TossClientItems
0    25132 LookAtKiller
0    25204 GibEntity
0    25224 BodyRid
0    25233 body_die
0    252dc CheckAlmostCapture
0    252df G_InKnockDown
0    25305 G_CheckSpecialDeathAnim
0    25988 G_PickDeathAnim
0    25c6e G_GetJediMaster
0    25cb6 player_die
0    264bd CheckArmor
0    26541 G_ApplyKnockback
0    266d8 RaySphereIntersections
0    26882 LimbTouch
0    26885 LimbThink
0    268fb G_GetDismemberLoc
0    26b7f G_GetDismemberBolt
0    26d77 G_Dismember
0    26f67 DismembermentTest
0    26f89 DismembermentByNum
0    26fe0 G_GetHitQuad
0    270c9 G_CheckForDismemberment
0    271b4 G_ThereIsAMaster
0    271ef G_Damage
0    27c0a CanDamage
0    27d35 G_RadiusDamage
0    27eb2 adjustRespawnTime
0    27f13 ShieldRemove
0    27f36 ShieldThink
0    27f63 ShieldDie
0    27f77 ShieldPain
0    27f9a ShieldGoSolid
0    2803b ShieldGoNotSolid
0    2807e ShieldTouch
0    280da CreateShield
0    28345 PlaceShield
0    28510 ItemUse_Binoculars
0    28585 ItemUse_Shield
0    2858e SentryTouch
0    28591 pas_fire
0    2860d G_SetEnemy
0    28620 pas_find_enemies
0    287bd pas_adjust_enemy
0    2888c sentryExpire
0    288a3 pas_think
0    28c98 turret_die
0    28d40 SP_PAS
0    28dcb ItemUse_Sentry
0    28f92 ItemUse_Seeker
0    28fc0 ItemUse_MedPack
0    29048 Pickup_Powerup
0    291d0 Pickup_Holdable
0    2922a Add_Ammo
0    29280 Pickup_Ammo
0    292cb Pickup_Weapon
0    293c8 Pickup_Health
0    29468 Pickup_Armor
0    294d4 RespawnItem
0    295ed Touch_Item
0    29974 LaunchItem
0    29add Drop_Item
0    29b40 Use_Item
0    29b49 FinishSpawningItem
0    29dbd G_CheckTeamItems
0    29e13 ClearRegisteredItems
0    29e43 RegisterItem
0    29e5b SaveRegisteredItems
0    29ea3 G_ItemDisabled
0    29ebc G_SpawnItem
0    29f7e ResetItem
0    29fbb G_BounceItem
0    2a1b0 G_RunItem
0    2a27e G_LogWeaponInit
0    2a2db G_LogWeaponPickup
0    2a2fb G_LogWeaponFire
0    2a361 G_LogWeaponDamage
0    2a388 G_LogWeaponKill
0    2a3ae G_LogWeaponFrag
0    2a3dd G_LogWeaponDeath
0    2a403 G_LogWeaponPowerup
0    2a429 G_LogWeaponItem
0    2a44f G_LogWeaponOutput
0    2b2e7 CalculateEfficiency
0    2b375 CalculateSharpshooter
0    2b3ff CalculateUntouchable
0    2b44a CalculateLogistics
0    2b523 CalculateTactician
0    2b699 CalculateDemolitionist
0    2b778 CalculateStreak
0    2b77d CalculateTeamMVP
0    2b7f3 CalculateTeamMVPByRank
0    2b881 CalculateTeamDefender
0    2b8f7 CalculateTeamWarrior
0    2b96d CalculateTeamCarrier
0    2b9e3 CalculateTeamInterceptor
0    2ba66 CalculateTeamRedShirt
0    2bae9 CalculateTeamAward
0    2bb64 CalculateSection31Award
0    2bbc0 CalculateAwards
0    2bd61 GetMaxDeathsForClient
0    2bda7 GetMaxKillsForClient
0    2bded GetFavoriteTargetForClient
0    2be3a GetWorstEnemyForClient
0    2be9d GetFavoriteWeaponForClient
0    2bf25 G_ClearClientLog
0    2c03f G_Alloc
0    2c08a G_InitMemory
0    2c090 Svcmd_GameMem_f
0    2c09d SP_info_camp
0    2c0af SP_info_null
0    2c0b8 SP_info_notnull
0    2c0ca SP_light
0    2c0d3 TeleportPlayer
0    2c1fe SP_misc_teleporter_dest
0    2c201 SP_misc_model
0    2c20a SP_misc_G2model
0    2c213 locateCamera
0    2c2f2 SP_misc_portal_surface
0    2c364 SP_misc_portal_camera
0    2c3ba HolocronRespawn
0    2c3cd HolocronPopOut
0    2c446 HolocronTouch
0    2c5ba HolocronThink
0    2c862 SP_misc_holocron
0    2ca0c Use_Shooter
0    2cb06 InitShooter_Finish
0    2cb2a InitShooter
0    2cb98 SP_shooter_blaster
0    2cba3 check_recharge
0    2cbe2 EnergyShieldStationSettings
0    2cc17 shield_power_converter_use
0    2cd1b SP_misc_shield_floor_unit
0    2ce87 SP_misc_model_shield_power_converter
0    2cf4d EnergyAmmoStationSettings
0    2cf69 ammo_power_converter_use
0    2d06b SP_misc_model_ammo_power_converter
0    2d124 EnergyHealthStationSettings
0    2d140 health_power_converter_use
0    2d1e9 SP_misc_model_health_power_converter
0    2d2a2 DmgBoxHit
0    2d2a5 DmgBoxUpdateSelf
0    2d33c DmgBoxAbsorb_Die
0    2d345 DmgBoxAbsorb_Pain
0    2d34e CreateNewDamageBox
0    2d3cb ATST_ManageDamageBoxes
0    2d59b G_PlayerBecomeATST
0    2d612 fx_runner_think
0    2d660 fx_runner_use
0    2d6a9 fx_runner_link
0    2d79c SP_fx_runner
0    2d8ab ExampleAnimEntCustomData
0    2d8de ExampleAnimEntCustomDataExists
0    2d936 ExampleAnimEntCustomDataEntry
0    2da5d AnimEntCustomSoundPrecache
0    2db3e ExampleAnimEntCustomSound
0    2dca3 ExampleAnimEntAlignment
0    2dce5 ExampleAnimEntAlertOthers
0    2dd79 ExampleAnimEnt_Die
0    2df49 ExampleAnimEnt_Pain
0    2e080 ExampleAnimEntTouch
0    2e083 ExampleAnimEntMove
0    2e290 ExampleAnimEntYaw
0    2e2ee ExampleAnimEntLook
0    2e358 ExampleAnimEntClearLOS
0    2e416 ExampleAnimEntWeaponHandling
0    2e4b5 ExampleAnimEntWayValidCheck
0    2e52b ExampleAnimEntNavigation
0    2e679 ExampleAnimEntEnemyHandling
0    2ea59 ExampleAnimEntUpdateSelf
0    2f0da G_SpawnExampleAnimEnt
0    2f43c AESpawner_CountAnimEnts
0    2f4a3 AESpawner_NoClientInPVS
0    2f4e4 AESpawner_PassAnimEntPVSCheck
0    2f53c AESpawner_Think
0    2f610 SP_misc_animent_spawner
0    2f86c Use_Target_Screenshake
0    2f899 SP_target_screenshake
0    2f8d2 Use_Target_Escapetrig
0    2f984 SP_target_escapetrig
0    2f9b1 G_CreateExampleAnimEnt
0    2faa0 G_ReflectMissile
0    2fd36 G_DeflectMissile
0    2fe61 G_BounceMissile
0    30049 G_ExplodeMissile
0    30117 G_RunStuckMissile
0    30198 G_BounceProjectile
0    30257 CreateMissile
0    3033a G_MissileImpact
0    308a9 G_RunMissile
0    30aca G_TestEntityPosition
0    30b51 G_CreateRotationMatrix
0    30b73 G_TransposeMatrix
0    30bb4 G_RotatePoint
0    30c20 G_TryPushingEntity
0    30f12 G_MoverPush
0    3125f G_MoverTeam
0    31392 G_RunMover
0    313c3 SetMoverState
0    31502 MatchTeam
0    31522 ReturnToPos1
0    31557 Reached_BinaryMover
0    31660 Use_BinaryMover
0    317a5 InitMover
0    31935 Blocked_Door
0    31a88 Touch_DoorTriggerSpectator
0    31b61 Touch_DoorTrigger
0    31bb3 Think_SpawnNewDoorTrigger
0    31cb5 Think_MatchTeam
0    31ccb SP_func_door
0    31ee9 Touch_Plat
0    31f6d Touch_PlatCenterTrigger
0    31fae SpawnPlatTrigger
0    3209c SP_func_plat
0    3220f Touch_Button
0    32232 SP_func_button
0    323b6 Think_BeginMoving
0    323c6 Reached_Train
0    324ab Think_SetupTrainTargets
0    32562 SP_path_corner
0    32583 SP_func_train
0    32618 SP_func_static
0    3264b SP_func_rotating
0    326f1 SP_func_bobbing
0    327a3 SP_func_pendulum
0    3285c BreakableBrushDie
0    3295c BreakableBrushPain
0    3295f BrushThink
0    32982 BreakableBrushUse
0    329ac SP_func_breakable
0    32b8d GlassDie
0    32c27 GlassDie_Old
0    32c98 GlassPain
0    32c9b GlassUse
0    32d90 SP_func_glass
0    32e1d func_wait_return_solid
0    32ead func_usable_think
0    32ed3 func_usable_use
0    32fa0 func_usable_pain
0    32fbb func_usable_die
0    32fd8 SP_func_usable
0    33081 pitch_roll_for_slope
0    3320f G_BounceObject
0    3334e G_RunObject
0    335e5 G_StopObjectMoving
0    33624 G_StartObjectMoving
0    33683 InitSagaMode
0    3375f UseSagaTarget
0    337d6 SagaBroadcast_OBJECTIVECOMPLETE
0    33817 SagaBroadcast_ROUNDOVER
0    33851 BroadcastObjectiveCompletion
0    33898 AddSagaWinningTeamPoints
0    338f5 SagaRoundComplete
0    3394f SagaObjectiveCompleted
0    339b1 StripTabs
0    339f1 sagaTriggerUse
0    33af7 SP_info_saga_objective
0    33b4a G_WriteClientSessionData
0    33bb2 G_ReadSessionData
0    33c36 G_InitSessionData
0    33d19 G_InitWorldSession
0    33d3c G_WriteSessionData
0    33d77 G_SpawnString
0    33dbb G_SpawnFloat
0    33ddd G_SpawnInt
0    33dff G_SpawnVector
0    33e2e SP_item_botroam
0    33e31 G_CallSpawn
0    33eb0 G_NewString
0    33f34 G_ParseField
0    3401c G_SpawnGEntityFromSpawnVars
0    34107 G_AddSpawnVarToken
0    34148 G_ParseSpawnVars
0    341d8 SP_worldspawn
0    343e5 G_SpawnEntitiesFromString
0    3440e StringToFilter
0    344c1 UpdateIPBans
0    34531 G_FilterPacket
0    345e4 G_CheckMaxConnections
0    346c0 AddIP
0    34716 InitialAddIP
0    34769 G_ProcessIPBans
0    34811 Svcmd_AddIP_f
0    34831 Svcmd_RemoveIP_f
0    34899 Svcmd_EntityList_f
0    34953 ClientForString
0    349ea Svcmd_ForceTeam_f
0    34a20 Svcmd_LockTeam
0    34c2b Svcmd_Slap
0    34d19 Svcmd_Slay
0    34e30 Svcmd_Rename
0    34ebc Svcmd_Silence
0    34fbc Svcmd_Punish
0    35113 Svcmd_CSprint
0    351f1 Svcmd_ChangeMode
0    35381 Svcmd_Sleep
0    354d0 Svcmd_Empower
0    357a4 Svcmd_Who
0    357e1 Svcmd_Terminator
0    35a6e Svcmd_Protect
0    35bb2 Svcmd_ChangeMap
0    35c04 Svcmd_Teleport
0    35e60 Svcmd_AdminKick
0    35ece Svcmd_AdminBan
0    35f55 ConsoleCommand
0    36189 Use_Target_Give
0    361e3 SP_target_give
0    361ec Use_target_remove_powerups
0    36238 SP_target_remove_powerups
0    36241 Think_Target_Delay
0    36254 Use_Target_Delay
0    362a6 SP_target_delay
0    362d9 Use_Target_Score
0    362f1 SP_target_score
0    36307 Use_Target_Print
0    3638e SP_target_print
0    36397 Use_Target_Speaker
0    36416 SP_target_speaker
0    364f8 target_laser_think
0    36654 target_laser_on
0    3666f target_laser_off
0    3667e target_laser_use
0    3669d target_laser_start
0    3672e SP_target_laser
0    36740 target_teleporter_use
0    36775 SP_target_teleporter
0    3679c target_relay_use
0    3682d SP_target_relay
0    36836 target_kill_use
0    36857 SP_target_kill
0    36860 SP_target_position
0    36872 target_location_linkup
0    368e2 SP_target_location
0    36903 Team_InitGame
0    36936 OtherTeam
0    3694c TeamName
0    36969 OtherTeamName
0    36986 TeamColorString
0    369a3 PrintCTFMessage
0    369fb AddTeamScore
0    36a86 OnSameTeam
0    36b12 Team_SetFlagStatus
0    36b76 Team_CheckDroppedItem
0    36bb0 Team_ForceGesture
0    36bf5 Team_FragBonuses
0    37154 Team_CheckHurtCarrier
0    371ea Team_ResetFlag
0    37254 Team_ResetFlags
0    37269 Team_ReturnFlagSound
0    372a6 Team_TakeFlagSound
0    37315 Team_CaptureFlagSound
0    37352 Team_ReturnFlag
0    37375 Team_FreeEntity
0    373a9 Team_DroppedFlagThink
0    373ea Team_TouchOurFlag
0    37642 Team_TouchEnemyFlag
0    37692 Pickup_Team
0    37709 Team_GetLocation
0    37783 Team_GetLocationMsg
0    377ea SelectRandomTeamSpawnPoint
0    37898 SelectCTFSpawnPoint
0    378dd SelectSagaSpawnPoint
0    37922 SortClients
0    3792d TeamplayInfoMessage
0    37a8b CheckTeamStatus
0    37b40 SP_team_CTF_redplayer
0    37b43 SP_team_CTF_blueplayer
0    37b46 SP_team_CTF_redspawn
0    37b49 SP_team_CTF_bluespawn
0    37b4c InitTrigger
0    37b8b multi_wait
0    37b94 multi_trigger
0    37d4f Use_Multi
0    37d5b Touch_Multi
0    37d70 SP_trigger_multiple
0    37df3 trigger_always_think
0    37e09 SP_trigger_always
0    37e1b trigger_push_touch
0    37e33 AimAtTarget
0    37f38 SP_trigger_push
0    37f75 Use_target_push
0    37fc7 SP_target_push
0    3807e trigger_teleporter_touch
0    380d9 SP_trigger_teleport
0    38120 hurt_use
0    38162 hurt_touch
0    38301 SP_trigger_hurt
0    38367 func_timer_think
0    383a5 func_timer_use
0    383c4 SP_func_timer
0    3843e AddRemap
0    384ad BuildShaderStateConfig
0    384f3 G_FindConfigstringIndex
0    3855f G_SkinIndex
0    38572 G_ModelIndex
0    38585 G_SoundIndex
0    38598 G_EffectIndex
0    385ab G_TeamCommand
0    385e9 G_Find
0    38638 G_RadiusList
0    38758 G_PickTarget
0    387be G_UseTargets
0    3885d tv
0    3888b vtos
0    388c7 G_SetMovedir
0    3891c G_InitGentity
0    38944 G_Spawn
0    389f2 G_EntitiesFree
0    38a1d G_SendG2KillQueue
0    38a61 G_KillG2Queue
0    38a8f G_FreeEntity
0    38b3a G_TempEntity
0    38b88 GetTrackerEnt
0    38bbe G_SoundTempEntity
0    38c12 G_KillBox
0    38cde G_AddPredictableEvent
0    38cf9 G_AddEvent
0    38d72 G_PlayEffect
0    38d9a G_ScreenShake
0    38dea G_MuteSound
0    38e2e G_Sound
0    38f01 G_SoundAtLoc
0    38f18 G_EntitySound
0    38f40 ValidUseTarget
0    38f5d TryUse
0    39011 G_PointInBounds
0    39051 G_BoxInBounds
0    39104 G_SetAngles
0    3911c G_ClearTrace
0    3914d G_SetOrigin
0    3918c DebugLine
0    3928f G_ROFF_NotetrackCallback
0    39342 touch_NULL
0    39345 W_TraceSetStart
0    39407 WP_FireBryarPistol
0    394dd WP_FireTurretMissile
0    39534 WP_FireGenericBlasterMissile
0    3957d WP_FireBlasterMissile
0    395d5 WP_FireEmplacedMissile
0    39638 WP_FireBlaster
0    3968f WP_DisruptorMainFire
0    398b9 WP_DisruptorAltFire
0    39c81 WP_FireDisruptor
0    39cdb WP_BowcasterAltFire
0    39d65 WP_BowcasterMainFire
0    39eb6 WP_FireBowcaster
0    39ecb WP_RepeaterMainFire
0    39f12 WP_RepeaterAltFire
0    39fb4 WP_FireRepeater
0    3a00e WP_DEMP2_MainFire
0    3a08a DEMP2_AltRadiusDamage
0    3a2ce DEMP2_AltDetonate
0    3a34f WP_DEMP2_AltFire
0    3a448 WP_FireDEMP2
0    3a45d WP_FlechetteMainFire
0    3a542 prox_mine_think
0    3a5d0 WP_TraceSetStart
0    3a688 WP_ExplosiveDie
0    3a691 WP_flechette_alt_blow
0    3a6ac WP_CreateFlechetteBouncyThing
0    3a77d WP_FlechetteAltFire
0    3a7f4 WP_FireFlechette
0    3a809 rocketThink
0    3aa8a WP_FireRocket
0    3abea thermalDetonatorExplode
0    3acc8 thermalThinkStandard
0    3acef WP_FireThermalDetonator
0    3ae81 WP_DropThermal
0    3aea1 laserTrapExplode
0    3af2b laserTrapDelayedExplode
0    3af73 touchLaserTrap
0    3afda laserTrapThink
0    3b0a1 laserTrapStick
0    3b1b4 TrapThink
0    3b1c6 CreateLaserTrap
0    3b367 WP_PlaceLaserTrap
0    3b49b VectorNPos
0    3b502 charge_stick
0    3b75f DetPackBlow
0    3b7c8 DetPackPain
0    3b7e9 DetPackDie
0    3b80a drop_charge
0    3b9ad BlowDetpacks
0    3ba1c CheatsOn
0    3ba29 WP_DropDetPack
0    3bb6b WP_FireStunBaton
0    3bce9 SnapVectorTowards
0    3bd32 LogAccuracyHit
0    3bd81 CalcMuzzlePoint
0    3beb6 CalcMuzzlePointOrigin
0    3bf40 FireWeapon
0    3c0d3 AnimEntCalcMuzzlePoint
0    3c1b7 AnimEntFireWeapon
0    3c287 WP_FireEmplaced
0    3c38b emplaced_gun_use
0    3c584 emplaced_gun_realuse
0    3c592 emplaced_gun_pain
0    3c59c emplaced_gun_update
0    3c880 emplaced_gun_die
0    3c8a1 SP_emplaced_gun
0    3ca1f G_PreDefSound
0    3ca40 InFront
0    3caba CheckForceStringTail
0    3cb25 CheckForceString
0    3cb9c WP_InitForcePowers
0    3d0e6 WP_SpawnInitForcePowers
0    3d2fd ForcePowerUsableOn
0    3d3c5 WP_ForcePowerAvailable
0    3d417 WP_ForcePowerInUse
0    3d42f WP_ForcePowerUsable
0    3d508 WP_AbsorbConversion
0    3d5cf WP_ForcePowerRegenerate
0    3d627 WP_ForcePowerStart
0    3d93c ForceHeal
0    3da5d WP_AddToClientBitflags
0    3dac2 ForceTeamHeal
0    3dd04 ForceTeamForceReplenish
0    3dee2 ForceGrip
0    3e023 ForceSpeed
0    3e0a5 ForceSeeing
0    3e114 ForceProtect
0    3e1a7 ForceAbsorb
0    3e23a ForceRage
0    3e2e7 ForceLightning
0    3e365 ForceLightningDamage
0    3e497 ForceShootLightning
0    3e787 ForceDrain
0    3e805 ForceDrainDamage
0    3ea20 ForceShootDrain
0    3ed63 ForceJumpCharge
0    3ee9d WP_GetVelocityForForceJump
0    3f051 ForceJump
0    3f0fe WP_AddAsMindtricked
0    3f163 ForceTelepathy
0    3f59f GEntity_UseFunc
0    3f5b6 CanCounterThrow
0    3f620 G_InGetUpAnim
0    3f65f ForceThrow
0    40611 WP_ForcePowerStop
0    40852 DoGripAction
0    40df7 G_IsMindTricked
0    40e5e RemoveTrickedEnt
0    40ec7 WP_UpdateMindtrickEnts
0    41011 WP_ForcePowerRun
0    413e5 WP_DoSpecificPower
0    415fa FindGenericEnemyIndex
0    41731 SeekerDroneUpdate
0    41b13 HolocronUpdate
0    41caa JediMasterUpdate
0    41da8 WP_HasForcePowers
0    41de2 WP_ForcePowersUpdate
0    427e9 Jedi_DodgeEvasion
0    42950 RandFloat
0    4296a SaberUpdateSelf
0    42a6b SaberGotHit
0    42a89 WP_SaberInitBladeData
0    42b48 G_G2ClientSpineAngles
0    42cc3 G_G2PlayerAngles
0    42fc8 SaberAttacking
0    43060 WP_SabersCheckLock2
0    43405 WP_SabersCheckLock
0    43afb G_GetParryForBlock
0    43b3c WP_GetSaberDeflectionAngle
0    4403a G_KnockawayForParry
0    44063 G_GetAttackDamage
0    4412c G_GetAnimPoint
0    441a1 G_ClientIdleInWorld
0    44207 G_G2TraceCollide
0    44329 G_SaberInBackAttack
0    44344 CheckSaberDamage
0    455f2 CheckThrownSaberDamaged
0    45a8b saberCheckRadiusDamage
0    45af6 saberMoveBack
0    45b2c SaberBounceSound
0    45b42 DeadSaberThink
0    45b63 MakeDeadSaber
0    45cb1 saberBackToOwner
0    45f3a thrownSaberTouch
0    4600f saberFirstThrown
0    46324 WP_SaberPositionUpdate
0    46fc2 WP_MissileBlockForBlock
0    46ff0 WP_SaberBlockNonRandom
0    470fc WP_SaberBlock
0    4725b WP_SaberCanBlock
0    4741d HasSetSaberOnly
0    47464 Q_rand
0    47479 Q_random
0    4748b Q_crandom
0    4749c VectorCompare
0    474d4 VectorLength
0    47507 VectorLengthSquared
0    47533 Distance
0    47574 DistanceSquared
0    475c2 VectorNormalizeFast
0    47621 VectorInverse
0    47649 CrossProduct
0    476c2 ClampChar
0    476d9 ClampShort
0    476f0 DirToByte
0    4774b ByteToDir
0    47769 ColorBytes3
0    477d8 ColorBytes4
0    4786a NormalizeColor
0    478e0 PlaneFromPoints
0    4799e RotatePointAroundVector
0    47aa9 RotateAroundDirection
0    47aed vectoangles
0    47ba9 AnglesToAxis
0    47bde AxisClear
0    47c15 AxisCopy
0    47c39 ProjectPointOnPlane
0    47cf4 MakeNormalVectors
0    47d9f VectorRotate
0    47e3c Q_rsqrt
0    47e73 Q_fabs
0    47e83 LerpAngle
0    47eb4 AngleSubtract
0    47ed9 AnglesSubtract
0    47f27 AngleMod
0    47f39 AngleNormalize360
0    47f47 AngleNormalize180
0    47f62 AngleDelta
0    47f72 SetPlaneSignbits
0    47f9f BoxOnPlaneSide
0    48360 RadiusFromBounds
0    483b3 ClearBounds
0    483ea AddPointToBounds
0    48483 VectorNormalize
0    484f3 VectorNormalize2
0    48581 _VectorMA
0    485c3 _DotProduct
0    485f8 _VectorSubtract
0    48631 _VectorAdd
0    4866a _VectorCopy
0    48691 _VectorScale
0    486c1 Vector4Scale
0    48703 Q_log2
0    48722 MatrixMultiply
0    488f7 AngleVectors
0    489ef PerpendicularVector
0    48a5b Rand_Init
0    48a62 flrand
0    48a9d irand
0    48acf powf
0    48af2 GetIDForString
0    48b37 GetStringForID
0    48b73 Com_Clamp
0    48b8d Q_stristr
0    48c18 COM_SkipPath
0    48c3c COM_StripExtension
0    48c72 COM_DefaultExtension
0    48cba ShortSwap
0    48cda ShortNoSwap
0    48ce5 LongSwap
0    48d18 LongNoSwap
0    48d1e Long64Swap
0    48d5b Long64NoSwap
0    48d63 FloatSwap
0    48d79 FloatNoSwap
0    48d80 COM_BeginParseSession
0    48d92 COM_GetCurrentParseLine
0    48d98 COM_Parse
0    48da7 COM_ParseError
0    48dc7 COM_ParseWarning
0    48de7 SkipWhitespace
0    48e1e COM_Compress
0    48f71 COM_ParseExt
0    490bd COM_ParseString
0    490de COM_ParseInt
0    4910b COM_ParseFloat
0    49138 COM_ParseVec4
0    49165 COM_MatchToken
0    4918e SkipBracedSection
0    491cc SkipRestOfLine
0    49204 Parse1DMatrix
0    49243 Parse2DMatrix
0    4927e Parse3DMatrix
0    492c3 Q_isprint
0    492d8 Q_islower
0    492ed Q_isupper
0    49302 Q_isalpha
0    49323 Q_strrchr
0    49357 Q_strncpyz
0    49392 Q_stricmpn
0    4941d Q_strncmp
0    4946f Q_stricmp
0    49497 Q_strlwr
0    494bd Q_strupr
0    494e3 Q_strcat
0    4950f Q_PrintStrlen
0    49567 Q_CleanStr
0    495d5 Com_sprintf
0    49614 va
0    49641 Info_ValueForKey
0    49721 Info_NextPair
0    497bf Info_RemoveKey
0    4988f Info_RemoveKey_Big
0    4995f Info_Validate
0    49986 Info_SetValueForKey
0    49a56 Info_SetValueForKey_Big
0    49b1e Q_irand
1        4 gDuelExit
1        8 gDuelist1
1        c gDuelist2
1       10 gameCvarTable
1     1024 gameCvarTableSize
1     1058 gQueueScoreMessage
1     105c gQueueScoreMessageTime
1     1060 gDidDuelStuff
1     1068 g_LastFrameTime
1     106c g_TimeSinceLastFrame
1     1070 gDoSlowMoDuel
1     1074 gSlowMoDuelTime
1     1078 ctfStateNames
1     1094 ctfStateDescriptions
1     10ac sagaStateDescriptions
1     10b8 teamplayStateDescriptions
1     1180 gWPRenderTime
1     1184 gDeactivated
1     1188 gBotEdit
1     118c gWPRenderedFrame
1     1190 gWPNum
1     1194 gLastPrintedIndex
1     1198 gLevelFlags
1     119c botGlobalNavWeaponWeights
1     11dc randSeed
1     1250 forceMasteryLevels
1     1270 forceMasteryPoints
1     1290 bgForcePowerCost
1     13b0 forcePowerSorted
1     13f8 forcePowerDarkLight
1     1440 WeaponReadyAnim
1     1480 WeaponAttackAnim
1     14c0 bg_itemlist
1     1d7c bg_numItems
1     1dd4 eventnames
1     1f8c bg_poolSize
1     1f90 bg_poolTail
1     1f94 gPMDoSlowFall
1     1f98 pm_stopspeed
1     1f9c pm_duckScale
1     1fa0 pm_swimScale
1     1fa4 pm_wadeScale
1     1fa8 pm_accelerate
1     1fac pm_airaccelerate
1     1fb0 pm_wateraccelerate
1     1fb4 pm_flyaccelerate
1     1fb8 pm_friction
1     1fbc pm_waterfriction
1     1fc0 pm_flightfriction
1     1fc4 pm_spectatorfriction
1     1fc8 c_pmove
1     1fcc forceSpeedLevels
1     1fdc forcePowerNeeded
1     20fc forceJumpHeight
1     210c forceJumpStrength
1     21b0 animTable
1     4c04 BGPAFtextLoaded
1     4c08 WP_MuzzlePoint
1     4cc8 weaponData
1     5048 ammoData
1     5070 saberMoveData
1     62e0 transitionMove
1     6564 saberMoveTransitionAngle
1     677c playerMins
1     6788 playerMaxs
1     6794 gJMSaberEnt
1     6798 g2SaberInstance
1     67d0 gc_orders
1     67ec gameNames
1     6828 modNames
1     6ad8 hitLocName
1     6b94 gGAvoidDismember
1     6c14 shieldLoopSound
1     6c18 shieldAttachSound
1     6c1c shieldActivateSound
1     6c20 shieldDeactivateSound
1     6c24 shieldDamageSound
1     6c64 weaponFromMOD
1     6cfc weaponNameFromIndex
1     6d3c gAnimEntTypes
1     6d40 animEntRoot
1     6d44 gEscaping
1     6d48 gEscapeTime
1     6d7c fields
1     6efc spawns
1     7150 defaultStyles
1     72d0 precachedKyle
1     730c remapCount
1     7340 gG2KillNum
1     93d8 speedLoopSound
1     93dc rageLoopSound
1     93e0 protectLoopSound
1     93e4 absorbLoopSound
1     93e8 seeLoopSound
1     93ec ysalamiriLoopSound
1     93f0 forcePowerMinRank
1     9510 GENERIC_FORCE
1     9514 FORCE_LOWER
1     9518 FORCE_UPPER
1     96f0 saberSpinSound
1     96f4 saberOffSound
1     96f8 saberOnSound
1     96fc saberHumSound
1     97e8 vec3_origin
1     97f4 axisDefault
1     9818 colorBlack
1     9828 colorRed
1     9838 colorGreen
1     9848 colorBlue
1     9858 colorYellow
1     9868 colorMagenta
1     9878 colorCyan
1     9888 colorWhite
1     9898 colorLtGrey
1     98a8 colorMdGrey
1     98b8 colorDkGrey
1     98c8 colorLtBlue
1     98d8 colorDkBlue
1     98e8 g_color_table
1     9968 bytedirs
1     a120 holdrand
2    1016d ctfFlagStatusRemap
2   3d8cf0 _stackStart
2   3e8cf0 _stackEnd
3        0 g_listEntity
3      110 g_podiumDrop
3      220 g_podiumDist
3      330 g_statLogFile
3      440 g_statLog
3      550 g_logSync
3      660 g_log
3      770 g_MaxHolocronCarry
3      880 g_clients
3    17c00 jd_CloseServer
3    17d10 jd_FakePlayerDetection
3    17e20 jd_antiForceCrash
3    17f30 jd_antiNameCrash
3    18040 jd_antiFlood
3    18150 cm_clanLogout_saying
3    18260 cm_clanLogin_saying
3    18370 cm_teleport_saying
3    18480 cm_slay_saying
3    18590 cm_sleep_off_saying
3    186a0 cm_sleep_on_saying
3    187b0 cm_punish_off_saying
3    188c0 cm_punish_on_saying
3    189d0 cm_slap_saying
3    18ae0 cm_silence_off_saying
3    18bf0 cm_silence_on_saying
3    18d00 cm_protect_off_saying
3    18e10 cm_protect_on_saying
3    18f20 cm_terminator_off_saying
3    19030 cm_terminator_on_saying
3    19140 cm_empower_off_saying
3    19250 cm_empower_on_saying
3    19360 cm_AdminLogout3_saying
3    19470 cm_AdminLogout2_saying
3    19580 cm_AdminLogout1_saying
3    19690 cm_AdminLogin3_saying
3    197a0 cm_AdminLogin2_saying
3    198b0 cm_AdminLogin1_saying
3    199c0 cm_adminPassword3
3    19ad0 cm_adminPassword2
3    19be0 cm_adminPassword1
3    19cf0 cm_clanPassword
3    19e00 cm_voteControl
3    19f10 cm_emoteControl
3    1a020 cm_adminControl3
3    1a130 cm_adminControl2
3    1a240 cm_adminControl1
3    1a350 cm_adminLevel3
3    1a460 cm_adminLevel2
3    1a570 cm_adminLevel1
3    1a680 cm_report
3    1a790 cm_clanTag
3    1a8a0 cm_badwords
3    1a9b0 sv_maxConnections
3    1aac0 cm_autoprotecttime
3    1abd0 cm_knockmedown
3    1ace0 cm_blacknames
3    1adf0 cm_duelshield
3    1af00 cm_duelhealth
3    1b010 cm_duelradius
3    1b120 cm_duelstatus
3    1b230 mod_pushall
3    1b340 cm_samenames
3    1b450 cm_duelbeginsaberoff
3    1b560 cm_multiduels
3    1b670 cm_dualblade
3    1b780 cm_motd_time
3    1b890 cm_motd
3    1b9a0 cm_console_motd
3    1bab0 g_austrian
3    1bbc0 g_saberDebugPrint
3    1bcd0 g_saberDmgDelay_Wound
3    1bde0 g_saberDmgDelay_Idle
3    1bef0 g_saberDmgVelocityScale
3    1c000 g_timeouttospec
3    1c110 g_forceDodge
3    1c220 g_dismember
3    1c330 g_singlePlayer
3    1c440 g_enableBreath
3    1c550 g_enableDust
3    1c660 g_rankings
3    1c770 pmove_msec
3    1c880 pmove_fixed
3    1c990 g_smoothClients
3    1caa0 g_blueteam
3    1cbb0 g_redteam
3    1ccc0 g_debugUp
3    1cdd0 g_debugRight
3    1cee0 g_debugForward
3    1cff0 g_filterBan
3    1d100 g_banIPs
3    1d210 g_teamForceBalance
3    1d320 g_teamAutoJoin
3    1d430 g_allowVote
3    1d540 g_blood
3    1d650 g_doWarmup
3    1d760 g_warmup
3    1d870 g_motd
3    1d980 g_synchronousClients
3    1da90 g_adaptRespawn
3    1dba0 g_weaponTeamRespawn
3    1dcb0 g_weaponRespawn
3    1ddc0 g_debugDamage
3    1ded0 g_debugAlloc
3    1dfe0 g_debugMove
3    1e0f0 g_inactivity
3    1e200 g_forcerespawn
3    1e310 g_quadfactor
3    1e420 g_knockback
3    1e530 g_speed
3    1e640 g_gravity
3    1e750 g_needpass
3    1e860 g_password
3    1e970 g_friendlySaber
3    1ea80 g_friendlyFire
3    1eb90 g_saberInterpolate
3    1eca0 g_capturelimit
3    1edb0 g_timelimit
3    1eec0 g_duel_fraglimit
3    1efd0 g_fraglimit
3    1f0e0 g_duelWeaponDisable
3    1f1f0 g_fraglimitVoteCorrection
3    1f300 g_allowDuelSuicide
3    1f410 g_weaponDisable
3    1f520 g_forcePowerDisable
3    1f630 g_spawnInvulnerability
3    1f740 g_forceRegenTime
3    1f850 g_saberDamageScale
3    1f960 g_slowmoDuelEnd
3    1fa70 g_logClientInfo
3    1fb80 g_saberBoxTraceSize
3    1fc90 g_saberAlwaysBoxTrace
3    1fda0 g_saberGhoul2Collision
3    1feb0 g_saberTraceSaberFirst
3    1ffc0 g_saberLockFactor
3    200d0 g_saberLocking
3    201e0 g_privateDuel
3    202f0 g_forceBasedTeams
3    20400 g_maxForceRank
3    20510 g_dmflags
3    20620 g_autoMapCycle
3    20730 g_trueJedi
3    20840 g_restarted
3    20950 g_maxGameClients
3    20a60 g_maxclients
3    20b70 g_cheats
3    20c80 g_dedicated
3    20d90 g_gametype
3    20ea0 g_entities
3    f5ea0 level
3    f8240 g_ff_objectives
3    f835c droppedBlueFlag
3    f8360 droppedRedFlag
3    f8364 gBotEventTracker
3    f8564 regularupdate_time
3    f8568 numbots
3    f856c botstates
3    f85ec floattime
3    f85f0 eFlagBlue
3    f85f4 eFlagRed
3    f85f8 oFlagBlue
3    f85fc flagBlue
3    f8600 oFlagRed
3    f8604 flagRed
3    f8608 bot_wp_visconnect
3    f8718 bot_wp_distconnect
3    f8828 bot_wp_clearweight
3    f8938 bot_wp_edit
3    f8a48 bot_wp_info
3    f8b58 bot_camp
3    f8c68 bot_attachments
3    f8d78 bot_honorableduelacceptance
3    f8e88 bot_forgimmick
3    f8f98 bot_forcepowers
3    f90a8 gBotChatBuffer
3   1390a8 nodenum
3   1390ac nodetable
3   1590ac gWPArray
3   15d0ac bg_pool
3   3510ac pml
3   351538 pm
3   35153c BGPAFtext
3   35b17c bgGlobalAnimations
3   3635f0 podium3
3   3635f4 podium2
3   3635f8 podium1
3   363600 bot_minplayers
3   363710 botSpawnQueue
3   363790 g_arenaInfos
3   364790 g_numArenas
3   364794 g_botInfos
3   365794 g_numBots
3   365b98 Client_Force
3   369aa0 itemRegistered
3   369ea0 G_WeaponLogItems
3   36a6a0 G_WeaponLogPowerups
3   36aa20 G_WeaponLogClientTouch
3   36aaa0 G_WeaponLogLastTime
3   36ab20 G_WeaponLogTime
3   36b320 G_WeaponLogFrags
3   36c320 G_WeaponLogDeaths
3   36cb20 G_WeaponLogKills
3   36de20 G_WeaponLogDamage
3   36f120 G_WeaponLogFired
3   36f920 G_WeaponLogPickups
3   370120 allocPoint
3   370124 memoryPool
3   3b0124 gJanSound_Alert
3   3b0138 gJanSound_Death
3   3b0144 gJanSound_Pain
3   3b0154 gRodianSound_Alert
3   3b0168 gRodianSound_Death
3   3b0174 gRodianSound_Pain
3   3b0184 gTrooperSound_Alert
3   3b0198 gTrooperSound_Death
3   3b01a4 gTrooperSound_Pain
3   3b01b4 gExplSound
3   3b01b8 pushed_p
3   3b01bc pushed
3   3b81bc imperial_attackers
3   3b81c0 rebel_attackers
3   3b81c4 rebel_goals_completed
3   3b81c8 rebel_goals_required
3   3b81cc imperial_goals_completed
3   3b81d0 imperial_goals_required
3   3b81d4 saga_round_over
3   3b81d8 saga_valid
3   3b81dc saga_info
3   3ba1dc numIPFilters
3   3ba1e0 ipFilters
3   3bc1e0 teamgame
3   3bc1fc gTrigFallSound
3   3bd7a0 gG2KillIndex
3   3bd8a0 remappedShaders
3   3c1aa0 ent_list
3   3c2aa0 muzzle
3   3c2aac up
3   3c2ab8 right
3   3c2ac4 forward
3   3c2ad0 s_quadFactor
3   3d84ec com_lines
3   3d84f0 com_parsename
3   3d88f0 com_token
