 cgamex86

 Timestamp is 478abaa3 (Sun Jan 13 20:28:03 2008)

 Preferred load address is 30000000

 Start         Length     Name                   Class
 0001:00000000 0004a128H .text                   CODE
 0002:00000000 000000dcH .idata$5                DATA
 0002:000000e0 00010570H .rdata                  DATA
 0002:00010650 00000008H .rdata$sxdata           DATA
 0002:00010658 00000004H .rtc$IAA                DATA
 0002:0001065c 00000004H .rtc$IZZ                DATA
 0002:00010660 00000004H .rtc$TAA                DATA
 0002:00010664 00000004H .rtc$TZZ                DATA
 0002:00010668 00000014H .idata$2                DATA
 0002:0001067c 00000014H .idata$3                DATA
 0002:00010690 000000dcH .idata$4                DATA
 0002:0001076c 000003d8H .idata$6                DATA
 0002:00010b50 00000059H .edata                  DATA
 0003:00000000 00000004H .CRT$XCA                DATA
 0003:00000004 00000004H .CRT$XCAA               DATA
 0003:00000008 00000004H .CRT$XCZ                DATA
 0003:0000000c 00000004H .CRT$XIA                DATA
 0003:00000010 00000010H .CRT$XIC                DATA
 0003:00000020 00000004H .CRT$XIZ                DATA
 0003:00000024 00000004H .CRT$XPA                DATA
 0003:00000028 00000004H .CRT$XPX                DATA
 0003:0000002c 00000004H .CRT$XPZ                DATA
 0003:00000030 00000004H .CRT$XTA                DATA
 0003:00000034 00000004H .CRT$XTZ                DATA
 0003:00000040 00008374H .data                   DATA
 0003:000083c0 00976620H .bss                    DATA

  Address         Publics by Value              Rva+Base     Lib:Object

 0000:00000000       __except_list              00000000     <absolute>
 0000:00000002       ___safe_se_handler_count   00000002     <absolute>
 0001:00000000       _vectoyaw                  30001000 f   bg_misc.obj
 0001:00000080       _BG_HasYsalamiri           30001080 f   bg_misc.obj
 0001:000000c0       _BG_CanUseFPNow            300010c0 f   bg_misc.obj
 0001:00000160       _BG_FindItemForPowerup     30001160 f   bg_misc.obj
 0001:000001a0       _BG_FindItemForHoldable    300011a0 f   bg_misc.obj
 0001:000001f0       _BG_ProperForceIndex       300011f0 f   bg_misc.obj
 0001:00000210       _BG_CycleForce             30001210 f   bg_misc.obj
 0001:00000300       _BG_GetItemIndexByTag      30001300 f   bg_misc.obj
 0001:00000340       _BG_CycleInven             30001340 f   bg_misc.obj
 0001:000003c0       _BG_CanItemBeGrabbed       300013c0 f   bg_misc.obj
 0001:00000670       _BG_EvaluateTrajectory     30001670 f   bg_misc.obj
 0001:000007b0       _BG_EvaluateTrajectoryDelta 300017b0 f   bg_misc.obj
 0001:000008a0       _BG_AddPredictableEventToPlayerstate 300018a0 f   bg_misc.obj
 0001:000008d0       _BG_TouchJumpPad           300018d0 f   bg_misc.obj
 0001:00000940       _BG_PlayerStateToEntityState 30001940 f   bg_misc.obj
 0001:00000cf0       _BG_PlayerTouchesItem      30001cf0 f   bg_misc.obj
 0001:00000d90       _BG_InSpecialJump          30001d90 f   bg_panimate.obj
 0001:00000df0       _BG_InSaberStandAnim       30001df0 f   bg_panimate.obj
 0001:00000e20       _BG_SaberInAttack          30001e20 f   bg_panimate.obj
 0001:00000e50       _BG_SaberInSpecial         30001e50 f   bg_panimate.obj
 0001:00000e70       _BG_SaberInIdle            30001e70 f   bg_panimate.obj
 0001:00000e90       _BG_FlippingAnim           30001e90 f   bg_panimate.obj
 0001:00000ef0       _BG_SpinningSaberAnim      30001ef0 f   bg_panimate.obj
 0001:00001140       _BG_SaberInSpecialAttack   30002140 f   bg_panimate.obj
 0001:00001180       _BG_InRoll                 30002180 f   bg_panimate.obj
 0001:000011b0       _BG_InDeathAnim            300021b0 f   bg_panimate.obj
 0001:00001210       _PM_SaberInParry           30002210 f   bg_panimate.obj
 0001:00001230       _PM_SaberInKnockaway       30002230 f   bg_panimate.obj
 0001:00001250       _PM_SaberInReflect         30002250 f   bg_panimate.obj
 0001:00001270       _PM_SaberInStart           30002270 f   bg_panimate.obj
 0001:00001290       _PM_InSaberAnim            30002290 f   bg_panimate.obj
 0001:000012b0       _PM_InKnockDown            300022b0 f   bg_panimate.obj
 0001:00001310       _PM_PainAnim               30002310 f   bg_panimate.obj
 0001:00001330       _PM_JumpingAnim            30002330 f   bg_panimate.obj
 0001:00001350       _PM_LandingAnim            30002350 f   bg_panimate.obj
 0001:000013a0       _PM_SpinningAnim           300023a0 f   bg_panimate.obj
 0001:000013b0       _PM_InOnGroundAnim         300023b0 f   bg_panimate.obj
 0001:00001460       _PM_InRollComplete         30002460 f   bg_panimate.obj
 0001:00001490       _PM_AnimLength             30002490 f   bg_panimate.obj
 0001:000014c0       _BG_ParseAnimationFile     300024c0 f   bg_panimate.obj
 0001:00001790       _PM_ContinueLegsAnim       30002790 f   bg_panimate.obj
 0001:000017c0       _PM_ForceLegsAnim          300027c0 f   bg_panimate.obj
 0001:00001840       _PM_StartTorsoAnim         30002840 f   bg_panimate.obj
 0001:00001870       _BG_SaberStartTransAnim    30002870 f   bg_panimate.obj
 0001:000018d0       _PM_SetAnimFinal           300028d0 f   bg_panimate.obj
 0001:00001b10       _PM_SetAnim                30002b10 f   bg_panimate.obj
 0001:00001bd0       _PM_GetSaberStance         30002bd0 f   bg_pmove.obj
 0001:00001c20       _PM_AddEvent               30002c20 f   bg_pmove.obj
 0001:00001c40       _PM_AddEventWithParm       30002c40 f   bg_pmove.obj
 0001:00001c60       _PM_AddTouchEnt            30002c60 f   bg_pmove.obj
 0001:00001ca0       _PM_ClipVelocity           30002ca0 f   bg_pmove.obj
 0001:00002000       _PM_ForceJumpingUp         30003000 f   bg_pmove.obj
 0001:00002160       _PM_SetPMViewAngle         30003160 f   bg_pmove.obj
 0001:000021d0       _PM_AdjustAngleForWallRun  300031d0 f   bg_pmove.obj
 0001:000024b0       _PM_SetForceJumpZStart     300034b0 f   bg_pmove.obj
 0001:00005a00       _PM_Use                    30006a00 f   bg_pmove.obj
 0001:00005a60       _PM_RunningAnim            30006a60 f   bg_pmove.obj
 0001:00006070       _PM_BeginWeaponChange      30007070 f   bg_pmove.obj
 0001:00006110       _PM_FinishWeaponChange     30007110 f   bg_pmove.obj
 0001:000077a0       _PM_UpdateViewAngles       300087a0 f   bg_pmove.obj
 0001:00007870       _PM_AdjustAttackStates     30008870 f   bg_pmove.obj
 0001:00007b90       _BG_CmdForRoll             30008b90 f   bg_pmove.obj
 0001:00007bf0       _BG_AdjustClientSpeed      30008bf0 f   bg_pmove.obj
 0001:00007fe0       _PmoveSingle               30008fe0 f   bg_pmove.obj
 0001:00008680       _Pmove                     30009680 f   bg_pmove.obj
 0001:00008730       _PM_irand_timesync         30009730 f   bg_saber.obj
 0001:00008780       _BG_ForcePowerDrain        30009780 f   bg_saber.obj
 0001:00008870       _PM_SaberMoveQuadrantForMovement 30009870 f   bg_saber.obj
 0001:000088d0       _PM_SaberInBounce          300098d0 f   bg_saber.obj
 0001:00008900       _PM_SaberInTransition      30009900 f   bg_saber.obj
 0001:00008920       _PM_SaberAttackChainAngle  30009920 f   bg_saber.obj
 0001:00008960       _PM_SaberKataDone          30009960 f   bg_saber.obj
 0001:00008ac0       _PM_SaberLockBreak         30009ac0 f   bg_saber.obj
 0001:00008dc0       _PM_SaberLocked            30009dc0 f   bg_saber.obj
 0001:00009030       _PM_SaberInBrokenParry     3000a030 f   bg_saber.obj
 0001:00009060       _PM_BrokenParryForParry    3000a060 f   bg_saber.obj
 0001:00009130       _PM_CanBackstab            3000a130 f   bg_saber.obj
 0001:00009250       _PM_SaberFlipOverAttackMove 3000a250 f   bg_saber.obj
 0001:000093f0       _PM_SomeoneInFront         3000a3f0 f   bg_saber.obj
 0001:00009510       _PM_SaberLungeAttackMove   3000a510 f   bg_saber.obj
 0001:000095a0       _PM_SaberJumpAttackMove    3000a5a0 f   bg_saber.obj
 0001:00009670       _PM_GroundDistance         3000a670 f   bg_saber.obj
 0001:00009720       _PM_SaberAttackForMovement 3000a720 f   bg_saber.obj
 0001:00009960       _PM_SetSaberMove           3000a960 f   bg_saber.obj
 0001:00009d00       _PM_SaberAnimTransitionAnim 3000ad00 f   bg_saber.obj
 0001:00009e50       _PM_WeaponLightsaber       3000ae50 f   bg_saber.obj
 0001:0000a800       _PM_SlideMove              3000b800 f   bg_slidemove.obj
 0001:0000aed0       _PM_StepSlideMove          3000bed0 f   bg_slidemove.obj
 0001:0000b460       _CG_TargetCommand_f        3000c460 f   cg_consolecmds.obj
 0001:0000bce0       _CG_ConsoleCommand         3000cce0 f   cg_consolecmds.obj
 0001:0000bd20       _CG_InitConsoleCommands    3000cd20 f   cg_consolecmds.obj
 0001:0000bf60       _CG_Text_Width             3000cf60 f   cg_draw.obj
 0001:0000bfb0       _CG_Text_Height            3000cfb0 f   cg_draw.obj
 0001:0000c000       _CG_Text_Paint             3000d000 f   cg_draw.obj
 0001:0000c750       _CG_Draw3DModel            3000d750 f   cg_draw.obj
 0001:0000c870       _CG_DrawFlagModel          3000d870 f   cg_draw.obj
 0001:0000c9e0       _CG_DrawHUDLeftFrame1      3000d9e0 f   cg_draw.obj
 0001:0000ca20       _CG_DrawHUDLeftFrame2      3000da20 f   cg_draw.obj
 0001:0000ca60       _CG_DrawHealth             3000da60 f   cg_draw.obj
 0001:0000cb80       _CG_DrawArmor              3000db80 f   cg_draw.obj
 0001:0000cdc0       _CG_DrawHUDRightFrame1     3000ddc0 f   cg_draw.obj
 0001:0000ce00       _CG_DrawHUDRightFrame2     3000de00 f   cg_draw.obj
 0001:0000d0e0       _CG_DrawForcePower         3000e0e0 f   cg_draw.obj
 0001:0000d240       _CG_DrawHUD                3000e240 f   cg_draw.obj
 0001:0000d640       _CG_DrawForceSelect        3000e640 f   cg_draw.obj
 0001:0000d9a0       _CG_DrawInvenSelect        3000e9a0 f   cg_draw.obj
 0001:0000dcb0       _CG_DrawTeamBackground     3000ecb0 f   cg_draw.obj
 0001:0000e9e0       _CG_AddLagometerFrameInfo  3000f9e0 f   cg_draw.obj
 0001:0000ea10       _CG_AddLagometerSnapshotInfo 3000fa10 f   cg_draw.obj
 0001:0000ee70       _CG_CenterPrint            3000fe70 f   cg_draw.obj
 0001:0000f020       _CG_WorldCoordToScreenCoordFloat 30010020 f   cg_draw.obj
 0001:0000f120       _CG_WorldCoordToScreenCoord 30010120 f   cg_draw.obj
 0001:0000f170       _CG_SaberClashFlare        30010170 f   cg_draw.obj
 0001:00010180       _CG_DrawFlagStatus         30011180 f   cg_draw.obj
 0001:00011670       _CG_DrawActive             30012670 f   cg_draw.obj
 0001:000117b0       _CG_GetColorForHealth      300127b0 f   cg_drawtools.obj
 0001:00011840       _CG_DrawSides              30012840 f   cg_drawtools.obj
 0001:000118b0       _CG_DrawTopBottom          300128b0 f   cg_drawtools.obj
 0001:00011920       _CG_FillRect               30012920 f   cg_drawtools.obj
 0001:00011960       _CG_DrawPic                30012960 f   cg_drawtools.obj
 0001:00011990       _CG_DrawRotatePic          30012990 f   cg_drawtools.obj
 0001:000119d0       _CG_DrawRotatePic2         300129d0 f   cg_drawtools.obj
 0001:00011a10       _CG_DrawChar               30012a10 f   cg_drawtools.obj
 0001:00011ab0       _CG_DrawStringExt          30012ab0 f   cg_drawtools.obj
 0001:00011c70       _CG_DrawBigString          30012c70 f   cg_drawtools.obj
 0001:00011cc0       _CG_DrawSmallString        30012cc0 f   cg_drawtools.obj
 0001:00011d10       _CG_DrawStrlen             30012d10 f   cg_drawtools.obj
 0001:00011dd0       _CG_TileClear              30012dd0 f   cg_drawtools.obj
 0001:00011e70       _CG_FadeColor              30012e70 f   cg_drawtools.obj
 0001:00011ee0       _CG_ColorForGivenHealth    30012ee0 f   cg_drawtools.obj
 0001:00011f50       _CG_ColorForHealth         30012f50 f   cg_drawtools.obj
 0001:00011fa0       _CG_DrawNumField           30012fa0 f   cg_drawtools.obj
 0001:00012270       _UI_DrawProportionalString 30013270 f   cg_drawtools.obj
 0001:00012310       _UI_DrawScaledProportionalString 30013310 f   cg_drawtools.obj
 0001:000123a0       _CG_DrawRect               300133a0 f   cg_drawtools.obj
 0001:000123f0       _CG_SmokePuff              300133f0 f   cg_effects.obj
 0001:00012570       _CG_TestLine               30013570 f   cg_effects.obj
 0001:00012680       _CG_ThrowChunk             30013680 f   cg_effects.obj
 0001:00012fd0       _CG_InitGlass              30013fd0 f   cg_effects.obj
 0001:00013060       _CG_DoGlass                30014060 f   cg_effects.obj
 0001:00013420       _CG_GlassShatter           30014420 f   cg_effects.obj
 0001:00013480       _CG_CreateDebris           30014480 f   cg_effects.obj
 0001:00013920       _CG_ScorePlum              30014920 f   cg_effects.obj
 0001:00013a50       _CG_PositionEntityOnTag    30014a50 f   cg_ents.obj
 0001:00013b40       _CG_PositionRotatedEntityOnTag 30014b40 f   cg_ents.obj
 0001:00013c30       _CG_SetEntitySoundPosition 30014c30 f   cg_ents.obj
 0001:00013de0       _FX_AddOrientedLine        30014de0 f   cg_ents.obj
 0001:00013f10       _FX_DrawPortableShield     30014f10 f   cg_ents.obj
 0001:000140a0       _CG_Special                300150a0 f   cg_ents.obj
 0001:000140d0       _CG_SetGhoul2Info          300150d0 f   cg_ents.obj
 0001:00014140       _ScaleModelAxis            30015140 f   cg_ents.obj
 0001:00015840       _CG_GreyItem               30016840 f   cg_ents.obj
 0001:00016820       _CG_Beam                   30017820 f   cg_ents.obj
 0001:000169d0       _CG_AdjustPositionForMover 300179d0 f   cg_ents.obj
 0001:00016bd0       _CG_CalcEntityLerpPositions 30017bd0 f   cg_ents.obj
 0001:00016e50       _CG_ManualEntityRender     30017e50 f   cg_ents.obj
 0001:00016e60       _CG_AddPacketEntities      30017e60 f   cg_ents.obj
 0001:00017050       _CG_ROFF_NotetrackCallback 30018050 f   cg_ents.obj
 0001:00017440       _CG_PlaceString            30018440 f   cg_event.obj
 0001:00017c20       _CG_ToggleBinoculars       30018c20 f   cg_event.obj
 0001:00017eb0       _CG_PainEvent              30018eb0 f   cg_event.obj
 0001:00017f30       _CG_ReattachLimb           30018f30 f   cg_event.obj
 0001:00018210       _CG_PrintCTFMessage        30019210 f   cg_event.obj
 0001:000183b0       _CG_GetCTFMessageEvent     300193b0 f   cg_event.obj
 0001:00018440       _DoFall                    30019440 f   cg_event.obj
 0001:000185a0       _CG_InClientBitflags       300195a0 f   cg_event.obj
 0001:00018640       _CG_EntityEvent            30019640 f   cg_event.obj
 0001:0001b1d0       _CG_CheckEvents            3001c1d0 f   cg_event.obj
 0001:0001b250       _CG_LoadingString          3001c250 f   cg_info.obj
 0001:0001b270       _CG_LoadingItem            3001c270 f   cg_info.obj
 0001:0001b2a0       _CG_LoadingClient          3001c2a0 f   cg_info.obj
 0001:0001b300       _CG_LoadBar                3001c300 f   cg_info.obj
 0001:0001b3c0       _CG_DrawInformation        3001c3c0 f   cg_info.obj
 0001:0001bc40       _CG_RunLightStyles         3001cc40 f   cg_light.obj
 0001:0001bcd0       _CG_SetLightstyle          3001ccd0 f   cg_light.obj
 0001:0001bd70       _CG_ClearLightStyles       3001cd70 f   cg_light.obj
 0001:0001bdb0       _CG_InitLocalEntities      3001cdb0 f   cg_localents.obj
 0001:0001be00       _CG_FreeLocalEntity        3001ce00 f   cg_localents.obj
 0001:0001be40       _CG_AllocLocalEntity       3001ce40 f   cg_localents.obj
 0001:0001bec0       _CG_BloodTrail             3001cec0 f   cg_localents.obj
 0001:0001bf90       _CG_FragmentBounceMark     3001cf90 f   cg_localents.obj
 0001:0001c070       _CG_ReflectVelocity        3001d070 f   cg_localents.obj
 0001:0001c190       _CG_AddFragment            3001d190 f   cg_localents.obj
 0001:0001c3d0       _CG_AddFadeRGB             3001d3d0 f   cg_localents.obj
 0001:0001cb30       _CG_AddRefEntity           3001db30 f   cg_localents.obj
 0001:0001cb90       _CG_AddScorePlum           3001db90 f   cg_localents.obj
 0001:0001ce30       _CG_AddOLine               3001de30 f   cg_localents.obj
 0001:0001cf20       _CG_AddLocalEntities       3001df20 f   cg_localents.obj
 0001:0001d2c0       _CG_RegisterCvars          3001e2c0 f   cg_main.obj
 0001:0001d470       _CG_CrosshairPlayer        3001e470 f   cg_main.obj
 0001:0001d4a0       _CG_LastAttacker           3001e4a0 f   cg_main.obj
 0001:0001d4c0       _CG_Printf                 3001e4c0 f   cg_main.obj
 0001:0001d4f0       _CG_Error                  3001e4f0 f   cg_main.obj
 0001:0001d520       _Com_Error                 3001e520 f   cg_main.obj
 0001:0001d560       _Com_Printf                3001e560 f   cg_main.obj
 0001:0001d5a0       _CG_Argv                   3001e5a0 f   cg_main.obj
 0001:0001d690       _CG_GetStripEdString       3001e690 f   cg_main.obj
 0001:0001d6e0       _CG_BuildSpectatorString   3001e6e0 f   cg_main.obj
 0001:0001d760       _CG_ConfigString           3001e760 f   cg_main.obj
 0001:0001d790       _CG_StartMusic             3001e790 f   cg_main.obj
 0001:0001d800       _CG_DeferMenuScript        3001e800 f   cg_newDraw.obj
 0001:0001d890       _CG_SetScoreSelection      3001e890 f   cg_main.obj
 0001:0001dc50       _CG_Text_PaintWithCursor   3001ec50 f   cg_main.obj
 0001:0001ddf0       _CG_LoadHudMenu            3001edf0 f   cg_main.obj
 0001:0001e000       _CG_AssetCache             3001f000 f   cg_main.obj
 0001:0001e110       _CG_Shutdown               3001f110 f   cg_main.obj
 0001:0001e120       _CG_NextForcePower_f       3001f120 f   cg_main.obj
 0001:0001e190       _CG_PrevForcePower_f       3001f190 f   cg_main.obj
 0001:0001e200       _CG_NextInventory_f        3001f200 f   cg_main.obj
 0001:0001e280       _CG_PrevInventory_f        3001f280 f   cg_main.obj
 0001:0001e360       _CG_UpdateCvars            3001f360 f   cg_main.obj
 0001:0001f800       _CG_Init                   30020800 f   cg_main.obj
 0001:0001fe40       _vmMain                    30020e40 f   cg_main.obj
 0001:00020080       _CG_InitMarkPolys          30021080 f   cg_marks.obj
 0001:000200d0       _CG_AllocMark              300210d0 f   cg_marks.obj
 0001:00020190       _CG_AddMarks               30021190 f   cg_marks.obj
 0001:000203b0       _CG_ClearParticles         300213b0 f   cg_marks.obj
 0001:000204b0       _CG_AddParticleToScene     300214b0 f   cg_marks.obj
 0001:00021e60       _CG_AddParticles           30022e60 f   cg_marks.obj
 0001:00022140       _CG_ImpactMark             30023140 f   cg_marks.obj
 0001:00022560       _CG_InitTeamChat           30023560 f   cg_newDraw.obj
 0001:00022590       _CG_CheckOrderPending      30023590 f   cg_newDraw.obj
 0001:00022770       _CG_GetSelectedPlayer      30023770 f   cg_newDraw.obj
 0001:00022790       _CG_SelectNextPlayer       30023790 f   cg_newDraw.obj
 0001:000227c0       _CG_SelectPrevPlayer       300237c0 f   cg_newDraw.obj
 0001:000227f0       _CG_StatusHandle           300237f0 f   cg_newDraw.obj
 0001:00022850       _CG_GetValue               30023850 f   cg_newDraw.obj
 0001:00022980       _CG_OtherTeamHasFlag       30023980 f   cg_newDraw.obj
 0001:000229c0       _CG_YourTeamHasFlag        300239c0 f   cg_newDraw.obj
 0001:00022a00       _CG_OwnerDrawVisible       30023a00 f   cg_newDraw.obj
 0001:00022b30       _CG_GetKillerText          30023b30 f   cg_newDraw.obj
 0001:00022b70       _CG_GetGameStatusText      30023b70 f   cg_newDraw.obj
 0001:00022c60       _CG_GameTypeString         30023c60 f   cg_newDraw.obj
 0001:00022cc0       _CG_OwnerDraw              30023cc0 f   cg_newDraw.obj
 0001:00022cc0       _CG_RunMenuScript          30023cc0 f   cg_newDraw.obj
 0001:00022cd0       _CG_MouseEvent             30023cd0 f   cg_newDraw.obj
 0001:00022dc0       _CG_EventHandling          30023dc0 f   cg_newDraw.obj
 0001:00022df0       _CG_KeyEvent               30023df0 f   cg_newDraw.obj
 0001:00022e90       _CG_ShowResponseHead       30023e90 f   cg_newDraw.obj
 0001:00022ec0       _CG_GetTeamColor           30023ec0 f   cg_newDraw.obj
 0001:00022f20       _CG_CustomSound            30023f20 f   cg_players.obj
 0001:00022fd0       _CG_NeedAnimSequence       30023fd0 f   cg_players.obj
 0001:000230d0       _CG_ParseSurfsFile         300240d0 f   cg_players.obj
 0001:00023e50       _CG_LoadDeferredPlayers    30024e50 f   cg_players.obj
 0001:00023e60       _CG_InRoll                 30024e60 f   cg_players.obj
 0001:00023ea0       _CG_InRollAnim             30024ea0 f   cg_players.obj
 0001:000245c0       _CG_InWalkingAnim          300255c0 f   cg_players.obj
 0001:000247a0       _CG_FootStep               300257a0 f   cg_players.obj
 0001:00025050       _CG_InKnockDown            30026050 f   cg_players.obj
 0001:000250a0       _CG_G2ClientSpineAngles    300260a0 f   cg_players.obj
 0001:000269b0       _CG_ForcePushBlur          300279b0 f   cg_players.obj
 0001:00026b20       _CG_ForceGripEffect        30027b20 f   cg_players.obj
 0001:00026cb0       _CG_PlayerShieldHit        30027cb0 f   cg_players.obj
 0001:00026d50       _CG_DrawPlayerShield       30027d50 f   cg_players.obj
 0001:00026eb0       _CG_PlayerHitFX            30027eb0 f   cg_players.obj
 0001:00026f00       _CG_DoSaber                30027f00 f   cg_players.obj
 0001:000272b0       _CG_CreateSaberMarks       300282b0 f   cg_players.obj
 0001:00027a30       _CG_G2TraceCollide         30028a30 f   cg_players.obj
 0001:00027b60       _CG_G2SaberEffects         30028b60 f   cg_players.obj
 0001:00027c60       _CG_AddSaberBlade          30028c60 f   cg_players.obj
 0001:00028ac0       _CG_IsMindTricked          30029ac0 f   cg_players.obj
 0001:00028b60       _CG_DrawPlayerSphere       30029b60 f   cg_players.obj
 0001:00028cc0       _CG_ThereIsAMaster         30029cc0 f   cg_players.obj
 0001:00028cf0       _CG_FootStepGeneric        30029cf0 f   cg_players.obj
 0001:00029460       _CG_G2AnimEntSpineAngles   3002a460 f   cg_players.obj
 0001:00029c00       _CG_DrawNoForceSphere      3002ac00 f   cg_players.obj
 0001:00029db0       _CG_ForceFPLSPlayerModel   3002adb0 f   cg_players.obj
 0001:0002a090       _CG_ResetPlayerEntity      3002b090 f   cg_players.obj
 0001:0002a2b0       _CG_LoadClientInfo         3002b2b0 f   cg_players.obj
 0001:0002a8c0       _CG_NewClientInfo          3002b8c0 f   cg_players.obj
 0001:0002ae80       _CG_ActualLoadDeferredPlayers 3002be80 f   cg_players.obj
 0001:0002b0c0       _CG_AddRefEntityWithPowerups 3002c0c0 f   cg_players.obj
 0001:0002b160       _CG_G2Animated             3002c160 f   cg_players.obj
 0001:0002b780       _CG_Player                 3002c780 f   cg_players.obj
 0001:0002e650       _CG_Respawn                3002f650 f   cg_playerstate.obj
 0001:0002e680       _CG_CheckPlayerstateEvents 3002f680 f   cg_playerstate.obj
 0001:0002e760       _CG_CheckLocalSounds       3002f760 f   cg_playerstate.obj
 0001:0002e9d0       _CG_DamageFeedback         3002f9d0 f   cg_playerstate.obj
 0001:0002ecb0       _CG_TransitionPlayerState  3002fcb0 f   cg_playerstate.obj
 0001:0002edd0       _CG_BuildSolidList         3002fdd0 f   cg_predict.obj
 0001:0002f090       _CG_Trace                  30030090 f   cg_predict.obj
 0001:0002f140       _CG_PointContents          30030140 f   cg_predict.obj
 0001:0002f570       _CG_EntityStateToPlayerState 30030570 f   cg_predict.obj
 0001:0002f760       _CG_PredictPlayerState     30030760 f   cg_predict.obj
 0001:0002fe80       _CGSagaGetValueGroup       30030e80 f   cg_saga.obj
 0001:0002ff70       _CGSagaGetPairedValue      30030f70 f   cg_saga.obj
 0001:000300e0       _CG_InitSagaMode           300310e0 f   cg_saga.obj
 0001:000301c0       _CG_SagaRoundOver          300311c0 f   cg_saga.obj
 0001:00030350       _CG_SagaObjectiveCompleted 30031350 f   cg_saga.obj
 0001:00030940       _CG_GetTeamCount           30031940 f   cg_scoreboard.obj
 0001:00030990       _CG_DrawOldScoreboard      30031990 f   cg_scoreboard.obj
 0001:000313a0       _CG_ParseServerinfo        300323a0 f   cg_servercmds.obj
 0001:00031670       _CG_SetConfigValues        30032670 f   cg_servercmds.obj
 0001:000317a0       _CG_ShaderStateChanged     300327a0 f   cg_servercmds.obj
 0001:00031dc0       _CG_KillCEntityInstances   30032dc0 f   cg_servercmds.obj
 0001:00031f80       _CG_GetVoiceChat           30032f80 f   cg_servercmds.obj
 0001:00032020       _CG_PlayVoiceChat          30033020 f   cg_servercmds.obj
 0001:00032110       _CG_PlayBufferedVoiceChats 30033110 f   cg_servercmds.obj
 0001:00032180       _CG_AddBufferedVoiceChat   30033180 f   cg_servercmds.obj
 0001:000321f0       _CG_VoiceChatLocal         300331f0 f   cg_servercmds.obj
 0001:000322f0       _CG_VoiceChat              300332f0 f   cg_servercmds.obj
 0001:000323e0       _CG_CheckSVStripEdRef      300333e0 f   cg_servercmds.obj
 0001:00032a30       _CG_ExecuteNewServerCommands 30033a30 f   cg_servercmds.obj
 0001:00032af0       _CG_SetInitialSnapshot     30033af0 f   cg_snapshot.obj
 0001:00032fe0       _CG_ProcessSnapshots       30033fe0 f   cg_snapshot.obj
 0001:00033100       _dllEntry                  30034100 f   cg_syscalls.obj
 0001:00033110       _trap_Print                30034110 f   cg_syscalls.obj
 0001:00033130       _trap_Error                30034130 f   cg_syscalls.obj
 0001:00033150       _trap_Milliseconds         30034150 f   cg_syscalls.obj
 0001:00033160       _trap_Cvar_Register        30034160 f   cg_syscalls.obj
 0001:00033180       _trap_Cvar_Update          30034180 f   cg_syscalls.obj
 0001:000331a0       _trap_Cvar_Set             300341a0 f   cg_syscalls.obj
 0001:000331c0       _trap_Cvar_VariableStringBuffer 300341c0 f   cg_syscalls.obj
 0001:000331e0       _trap_Argc                 300341e0 f   cg_syscalls.obj
 0001:000331f0       _trap_Argv                 300341f0 f   cg_syscalls.obj
 0001:00033210       _trap_Args                 30034210 f   cg_syscalls.obj
 0001:00033230       _trap_FS_FOpenFile         30034230 f   cg_syscalls.obj
 0001:00033250       _trap_FS_Read              30034250 f   cg_syscalls.obj
 0001:00033270       _trap_FS_FCloseFile        30034270 f   cg_syscalls.obj
 0001:00033290       _trap_SendConsoleCommand   30034290 f   cg_syscalls.obj
 0001:000332b0       _trap_AddCommand           300342b0 f   cg_syscalls.obj
 0001:000332d0       _trap_SendClientCommand    300342d0 f   cg_syscalls.obj
 0001:000332f0       _trap_UpdateScreen         300342f0 f   cg_syscalls.obj
 0001:00033300       _trap_CM_LoadMap           30034300 f   cg_syscalls.obj
 0001:00033320       _trap_CM_NumInlineModels   30034320 f   cg_syscalls.obj
 0001:00033330       _trap_CM_InlineModel       30034330 f   cg_syscalls.obj
 0001:00033350       _trap_CM_TempBoxModel      30034350 f   cg_syscalls.obj
 0001:00033370       _trap_CM_PointContents     30034370 f   cg_syscalls.obj
 0001:00033390       _trap_CM_TransformedPointContents 30034390 f   cg_syscalls.obj
 0001:000333b0       _trap_CM_BoxTrace          300343b0 f   cg_syscalls.obj
 0001:000333e0       _trap_CM_TransformedBoxTrace 300343e0 f   cg_syscalls.obj
 0001:00033420       _trap_CM_MarkFragments     30034420 f   cg_syscalls.obj
 0001:00033450       _trap_S_MuteSound          30034450 f   cg_syscalls.obj
 0001:00033470       _trap_S_StartSound         30034470 f   cg_syscalls.obj
 0001:00033490       _trap_S_StartLocalSound    30034490 f   cg_syscalls.obj
 0001:000334b0       _trap_S_ClearLoopingSounds 300344b0 f   cg_syscalls.obj
 0001:000334d0       _trap_S_AddLoopingSound    300344d0 f   cg_syscalls.obj
 0001:000334f0       _trap_S_UpdateEntityPosition 300344f0 f   cg_syscalls.obj
 0001:00033510       _trap_S_AddRealLoopingSound 30034510 f   cg_syscalls.obj
 0001:00033530       _trap_S_StopLoopingSound   30034530 f   cg_syscalls.obj
 0001:00033550       _trap_S_Respatialize       30034550 f   cg_syscalls.obj
 0001:00033570       _trap_S_RegisterSound      30034570 f   cg_syscalls.obj
 0001:00033590       _trap_S_StartBackgroundTrack 30034590 f   cg_syscalls.obj
 0001:000335b0       _trap_R_LoadWorldMap       300345b0 f   cg_syscalls.obj
 0001:000335d0       _trap_R_RegisterModel      300345d0 f   cg_syscalls.obj
 0001:000335f0       _trap_R_RegisterSkin       300345f0 f   cg_syscalls.obj
 0001:00033610       _trap_R_RegisterShader     30034610 f   cg_syscalls.obj
 0001:00033630       _trap_R_RegisterShaderNoMip 30034630 f   cg_syscalls.obj
 0001:00033650       _trap_R_RegisterFont       30034650 f   cg_syscalls.obj
 0001:00033670       _trap_R_Font_StrLenPixels  30034670 f   cg_syscalls.obj
 0001:000336a0       _trap_R_Font_StrLenChars   300346a0 f   cg_syscalls.obj
 0001:000336c0       _trap_R_Font_HeightPixels  300346c0 f   cg_syscalls.obj
 0001:000336e0       _trap_R_Font_DrawString    300346e0 f   cg_syscalls.obj
 0001:00033720       _trap_Language_IsAsian     30034720 f   cg_syscalls.obj
 0001:00033730       _trap_Language_UsesSpaces  30034730 f   cg_syscalls.obj
 0001:00033740       _trap_AnyLanguage_ReadCharFromString 30034740 f   cg_syscalls.obj
 0001:00033760       _trap_R_ClearScene         30034760 f   cg_syscalls.obj
 0001:00033770       _trap_R_AddRefEntityToScene 30034770 f   cg_syscalls.obj
 0001:00033790       _trap_R_AddPolyToScene     30034790 f   cg_syscalls.obj
 0001:000337b0       _trap_R_AddLightToScene    300347b0 f   cg_syscalls.obj
 0001:00033800       _trap_R_RenderScene        30034800 f   cg_syscalls.obj
 0001:00033820       _trap_R_SetColor           30034820 f   cg_syscalls.obj
 0001:00033840       _trap_R_DrawStretchPic     30034840 f   cg_syscalls.obj
 0001:000338c0       _trap_R_ModelBounds        300348c0 f   cg_syscalls.obj
 0001:000338e0       _trap_R_LerpTag            300348e0 f   cg_syscalls.obj
 0001:00033920       _trap_R_DrawRotatePic      30034920 f   cg_syscalls.obj
 0001:000339b0       _trap_R_DrawRotatePic2     300349b0 f   cg_syscalls.obj
 0001:00033a40       _trap_R_RemapShader        30034a40 f   cg_syscalls.obj
 0001:00033a60       _trap_R_SetLightStyle      30034a60 f   cg_syscalls.obj
 0001:00033a80       _trap_R_GetBModelVerts     30034a80 f   cg_syscalls.obj
 0001:00033aa0       _trap_FX_AddLine           30034aa0 f   cg_syscalls.obj
 0001:00033b30       _trap_GetGlconfig          30034b30 f   cg_syscalls.obj
 0001:00033b50       _trap_GetGameState         30034b50 f   cg_syscalls.obj
 0001:00033b70       _trap_GetCurrentSnapshotNumber 30034b70 f   cg_syscalls.obj
 0001:00033b90       _trap_GetSnapshot          30034b90 f   cg_syscalls.obj
 0001:00033bb0       _trap_GetServerCommand     30034bb0 f   cg_syscalls.obj
 0001:00033bd0       _trap_GetCurrentCmdNumber  30034bd0 f   cg_syscalls.obj
 0001:00033be0       _trap_GetUserCmd           30034be0 f   cg_syscalls.obj
 0001:00033c00       _trap_SetUserCmdValue      30034c00 f   cg_syscalls.obj
 0001:00033c30       _trap_SetClientForceAngle  30034c30 f   cg_syscalls.obj
 0001:00033c50       _trap_SetClientTurnExtent  30034c50 f   cg_syscalls.obj
 0001:00033c80       _trap_OpenUIMenu           30034c80 f   cg_syscalls.obj
 0001:00033ca0       _trap_MemoryRemaining      30034ca0 f   cg_syscalls.obj
 0001:00033cb0       _trap_Key_GetCatcher       30034cb0 f   cg_syscalls.obj
 0001:00033cc0       _trap_Key_SetCatcher       30034cc0 f   cg_syscalls.obj
 0001:00033ce0       _trap_PC_ReadToken         30034ce0 f   cg_syscalls.obj
 0001:00033d00       _trap_PC_SourceFileAndLine 30034d00 f   cg_syscalls.obj
 0001:00033d20       _trap_S_StopBackgroundTrack 30034d20 f   cg_syscalls.obj
 0001:00033d30       _trap_SnapVector           30034d30 f   cg_syscalls.obj
 0001:00033d50       _trap_CIN_PlayCinematic    30034d50 f   cg_syscalls.obj
 0001:00033d80       _trap_CIN_StopCinematic    30034d80 f   cg_syscalls.obj
 0001:00033da0       _trap_CIN_RunCinematic     30034da0 f   cg_syscalls.obj
 0001:00033dc0       _trap_CIN_DrawCinematic    30034dc0 f   cg_syscalls.obj
 0001:00033de0       _trap_CIN_SetExtents       30034de0 f   cg_syscalls.obj
 0001:00033e10       _trap_FX_RegisterEffect    30034e10 f   cg_syscalls.obj
 0001:00033e30       _trap_FX_PlayEffect        30034e30 f   cg_syscalls.obj
 0001:00033e50       _trap_FX_PlayEffectID      30034e50 f   cg_syscalls.obj
 0001:00033e70       _trap_FX_PlayEntityEffectID 30034e70 f   cg_syscalls.obj
 0001:00033ea0       _trap_FX_AddScheduledEffects 30034ea0 f   cg_syscalls.obj
 0001:00033eb0       _trap_FX_InitSystem        30034eb0 f   cg_syscalls.obj
 0001:00033ec0       _trap_FX_FreeSystem        30034ec0 f   cg_syscalls.obj
 0001:00033ed0       _trap_FX_AdjustTime        30034ed0 f   cg_syscalls.obj
 0001:00033ef0       _trap_FX_AddPoly           30034ef0 f   cg_syscalls.obj
 0001:00033f10       _trap_FX_AddBezier         30034f10 f   cg_syscalls.obj
 0001:00033f30       _trap_FX_AddPrimitive      30034f30 f   cg_syscalls.obj
 0001:00033f50       _trap_FX_AddSprite         30034f50 f   cg_syscalls.obj
 0001:00033f70       _trap_SP_Print             30034f70 f   cg_syscalls.obj
 0001:00033f90       _trap_SP_GetStringTextString 30034f90 f   cg_syscalls.obj
 0001:00033fb0       _trap_ROFF_Clean           30034fb0 f   cg_syscalls.obj
 0001:00033fc0       _trap_ROFF_UpdateEntities  30034fc0 f   cg_syscalls.obj
 0001:00033fd0       _trap_ROFF_Play            30034fd0 f   cg_syscalls.obj
 0001:00033ff0       _trap_G2_SetGhoul2ModelIndexes 30034ff0 f   cg_syscalls.obj
 0001:00034010       _trap_G2_HaveWeGhoul2Models 30035010 f   cg_syscalls.obj
 0001:00034030       _trap_G2API_GiveMeVectorFromMatrix 30035030 f   cg_syscalls.obj
 0001:00034050       _trap_G2API_GetBoltMatrix  30035050 f   cg_syscalls.obj
 0001:00034090       _trap_G2API_GetBoltMatrix_NoReconstruct 30035090 f   cg_syscalls.obj
 0001:000340d0       _trap_G2API_GetBoltMatrix_NoRecNoRot 300350d0 f   cg_syscalls.obj
 0001:00034110       _trap_G2API_InitGhoul2Model 30035110 f   cg_syscalls.obj
 0001:00034150       _trap_G2API_CollisionDetect 30035150 f   cg_syscalls.obj
 0001:000341b0       _trap_G2API_CleanGhoul2Models 300351b0 f   cg_syscalls.obj
 0001:000341d0       _trap_G2API_SetBoneAngles  300351d0 f   cg_syscalls.obj
 0001:00034220       _trap_G2API_SetBoneAnim    30035220 f   cg_syscalls.obj
 0001:00034270       _trap_G2API_GetGLAName     30035270 f   cg_syscalls.obj
 0001:00034290       _trap_G2API_CopySpecificGhoul2Model 30035290 f   cg_syscalls.obj
 0001:000342c0       _trap_G2API_DuplicateGhoul2Instance 300352c0 f   cg_syscalls.obj
 0001:000342e0       _trap_G2API_HasGhoul2ModelOnIndex 300352e0 f   cg_syscalls.obj
 0001:00034300       _trap_G2API_RemoveGhoul2Model 30035300 f   cg_syscalls.obj
 0001:00034320       _trap_G2API_AddBolt        30035320 f   cg_syscalls.obj
 0001:00034340       _trap_G2API_SetBoltInfo    30035340 f   cg_syscalls.obj
 0001:00034360       _trap_G2API_SetRootSurface 30035360 f   cg_syscalls.obj
 0001:00034380       _trap_G2API_SetSurfaceOnOff 30035380 f   cg_syscalls.obj
 0001:000343a0       _trap_G2API_SetNewOrigin   300353a0 f   cg_syscalls.obj
 0001:000343c0       _trap_CG_RegisterSharedMemory 300353c0 f   cg_syscalls.obj
 0001:000343e0       _CreepToPosition           300353e0 f   cg_turret.obj
 0001:000345a0       _TurretClientRun           300355a0 f   cg_turret.obj
 0001:000349a0       _CG_TestModel_f            300359a0 f   cg_view.obj
 0001:00034ac0       _CG_TestGun_f              30035ac0 f   cg_view.obj
 0001:00034ae0       _CG_TestModelNextFrame_f   30035ae0 f   cg_view.obj
 0001:00034b00       _CG_TestModelPrevFrame_f   30035b00 f   cg_view.obj
 0001:00034b30       _CG_TestModelNextSkin_f    30035b30 f   cg_view.obj
 0001:00034b50       _CG_TestModelPrevSkin_f    30035b50 f   cg_view.obj
 0001:000360a0       _CG_AddBufferedSound       300370a0 f   cg_view.obj
 0001:00036150       _CG_UpdateSoundTrackers    30037150 f   cg_view.obj
 0001:000361e0       _CG_SE_UpdateShake         300371e0 f   cg_view.obj
 0001:00036310       _CG_SE_UpdateMusic         30037310 f   cg_view.obj
 0001:00036450       _CGCam_Shake               30037450 f   cg_view.obj
 0001:00036490       _CGCam_SetMusicMult        30037490 f   cg_view.obj
 0001:000364f0       _CG_DrawActiveFrame        300374f0 f   cg_view.obj
 0001:000368f0       _CG_RegisterWeapon         300378f0 f   cg_weaponinit.obj
 0001:00037740       _CG_RegisterItemVisuals    30038740 f   cg_weapons.obj
 0001:00037b10       _CG_AddPlayerWeapon        30038b10 f   cg_weapons.obj
 0001:00038450       _CG_AddViewWeapon          30039450 f   cg_weapons.obj
 0001:000386f0       _CG_DrawIconBackground     300396f0 f   cg_weapons.obj
 0001:00038ae0       _CG_DrawWeaponSelect       30039ae0 f   cg_weapons.obj
 0001:00038f20       _CG_NextWeapon_f           30039f20 f   cg_weapons.obj
 0001:00038fa0       _CG_PrevWeapon_f           30039fa0 f   cg_weapons.obj
 0001:00039020       _CG_Weapon_f               3003a020 f   cg_weapons.obj
 0001:00039160       _CG_OutOfAmmoChange        3003a160 f   cg_weapons.obj
 0001:00039220       _CG_GetClientWeaponMuzzleBoltPoint 3003a220 f   cg_weapons.obj
 0001:000392c0       _CG_FireWeapon             3003a2c0 f   cg_weapons.obj
 0001:000394e0       _CG_MissileHitWall         3003a4e0 f   cg_weapons.obj
 0001:000396d0       _CG_MissileHitPlayer       3003a6d0 f   cg_weapons.obj
 0001:000398c0       _CG_CalcMuzzlePoint        3003a8c0 f   cg_weapons.obj
 0001:00039bd0       _CG_InitG2Weapons          3003abd0 f   cg_weapons.obj
 0001:00039c60       _CG_ShutDownG2Weapons      3003ac60 f   cg_weapons.obj
 0001:00039c80       _CG_CopyG2WeaponInstance   3003ac80 f   cg_weapons.obj
 0001:00039cd0       _CG_CheckPlayerG2Weapons   3003acd0 f   cg_weapons.obj
 0001:00039e10       _FX_BlasterProjectileThink 3003ae10 f   fx_blaster.obj
 0001:00039e60       _FX_BlasterWeaponHitWall   3003ae60 f   fx_blaster.obj
 0001:00039e80       _FX_BlasterWeaponHitPlayer 3003ae80 f   fx_blaster.obj
 0001:00039eb0       _FX_BowcasterAltProjectileThink 3003aeb0 f   fx_bowcaster.obj
 0001:00039eb0       _FX_BowcasterProjectileThink 3003aeb0 f   fx_bowcaster.obj
 0001:00039f00       _FX_BowcasterHitWall       3003af00 f   fx_bowcaster.obj
 0001:00039f20       _FX_BowcasterHitPlayer     3003af20 f   fx_bowcaster.obj
 0001:00039f40       _FX_BryarProjectileThink   3003af40 f   fx_bryarpistol.obj
 0001:00039f90       _FX_TurretHitPlayer        3003af90 f   fx_bryarpistol.obj
 0001:00039f90       _FX_BryarAltHitPlayer      3003af90 f   fx_bryarpistol.obj
 0001:00039f90       _FX_BryarHitPlayer         3003af90 f   fx_bryarpistol.obj
 0001:00039fc0       _FX_BryarAltProjectileThink 3003afc0 f   fx_bryarpistol.obj
 0001:0003a060       _FX_BryarAltHitWall        3003b060 f   fx_bryarpistol.obj
 0001:0003a0e0       _FX_TurretProjectileThink  3003b0e0 f   fx_bryarpistol.obj
 0001:0003a130       _FX_TurretHitWall          3003b130 f   fx_bryarpistol.obj
 0001:0003a130       _FX_BryarHitWall           3003b130 f   fx_bryarpistol.obj
 0001:0003a150       _FX_DEMP2_ProjectileThink  3003b150 f   fx_demp2.obj
 0001:0003a1a0       _FX_DEMP2_HitWall          3003b1a0 f   fx_demp2.obj
 0001:0003a1c0       _FX_DEMP2_HitPlayer        3003b1c0 f   fx_demp2.obj
 0001:0003a1e0       _FX_DEMP2_AltDetonate      3003b1e0 f   fx_demp2.obj
 0001:0003a270       _FX_DisruptorMainShot      3003b270 f   fx_disruptor.obj
 0001:0003a2c0       _FX_DisruptorAltShot       3003b2c0 f   fx_disruptor.obj
 0001:0003a380       _FX_DisruptorAltMiss       3003b380 f   fx_disruptor.obj
 0001:0003a530       _FX_DisruptorAltHit        3003b530 f   fx_disruptor.obj
 0001:0003a550       _FX_DisruptorHitWall       3003b550 f   fx_disruptor.obj
 0001:0003a570       _FX_DisruptorHitPlayer     3003b570 f   fx_disruptor.obj
 0001:0003a590       _FX_FlechetteProjectileThink 3003b590 f   fx_flechette.obj
 0001:0003a5e0       _FX_FlechetteWeaponHitWall 3003b5e0 f   fx_flechette.obj
 0001:0003a600       _FX_FlechetteWeaponHitPlayer 3003b600 f   fx_flechette.obj
 0001:0003a620       _FX_FlechetteAltProjectileThink 3003b620 f   fx_flechette.obj
 0001:0003a670       _FX_RepeaterProjectileThink 3003b670 f   fx_heavyrepeater.obj
 0001:0003a6c0       _FX_RepeaterHitWall        3003b6c0 f   fx_heavyrepeater.obj
 0001:0003a6e0       _FX_RepeaterHitPlayer      3003b6e0 f   fx_heavyrepeater.obj
 0001:0003a700       _FX_RepeaterAltProjectileThink 3003b700 f   fx_heavyrepeater.obj
 0001:0003a750       _FX_RepeaterAltHitWall     3003b750 f   fx_heavyrepeater.obj
 0001:0003a770       _FX_RepeaterAltHitPlayer   3003b770 f   fx_heavyrepeater.obj
 0001:0003a790       _FX_RocketProjectileThink  3003b790 f   fx_rocketlauncher.obj
 0001:0003a790       _FX_RocketAltProjectileThink 3003b790 f   fx_rocketlauncher.obj
 0001:0003a7e0       _FX_RocketHitWall          3003b7e0 f   fx_rocketlauncher.obj
 0001:0003a800       _FX_RocketHitPlayer        3003b800 f   fx_rocketlauncher.obj
 0001:0003a820       _Q_random                  3003b820 f   q_math.obj
 0001:0003a850       _ByteToDir                 3003b850 f   q_math.obj
 0001:0003a8b0       _vectoangles               3003b8b0 f   q_math.obj
 0001:0003a9c0       _AxisClear                 3003b9c0 f   q_math.obj
 0001:0003a9f0       _AxisCopy                  3003b9f0 f   q_math.obj
 0001:0003aa30       _ProjectPointOnPlane       3003ba30 f   q_math.obj
 0001:0003aab0       _Q_fabs                    3003bab0 f   q_math.obj
 0001:0003aad0       _LerpAngle                 3003bad0 f   q_math.obj
 0001:0003ab20       _AngleSubtract             3003bb20 f   q_math.obj
 0001:0003ab80       _AnglesSubtract            3003bb80 f   q_math.obj
 0001:0003abc0       _AngleMod                  3003bbc0 f   q_math.obj
 0001:0003abf0       _AngleNormalize180         3003bbf0 f   q_math.obj
 0001:0003ac30       _AngleDelta                3003bc30 f   q_math.obj
 0001:0003ac70       _VectorNormalize           3003bc70 f   q_math.obj
 0001:0003acd0       _VectorNormalize2          3003bcd0 f   q_math.obj
 0001:0003ad40       _MatrixMultiply            3003bd40 f   q_math.obj
 0001:0003ae30       _AngleVectors              3003be30 f   q_math.obj
 0001:0003af70       _PerpendicularVector       3003bf70 f   q_math.obj
 0001:0003b060       _powf                      3003c060 f   q_math.obj
 0001:0003b0b0       _RotatePointAroundVector   3003c0b0 f   q_math.obj
 0001:0003b2b0       _RotateAroundDirection     3003c2b0 f   q_math.obj
 0001:0003b340       _AnglesToAxis              3003c340 f   q_math.obj
 0001:0003b390       _GetStringForID            3003c390 f   q_shared.obj
 0001:0003b3d0       _COM_StripExtension        3003c3d0 f   q_shared.obj
 0001:0003b400       _COM_ParseExt              3003c400 f   q_shared.obj
 0001:0003b570       _COM_ParseString           3003c570 f   q_shared.obj
 0001:0003b5a0       _Q_strrchr                 3003c5a0 f   q_shared.obj
 0001:0003b5d0       _Q_strncpyz                3003c5d0 f   q_shared.obj
 0001:0003b630       _Q_stricmpn                3003c630 f   q_shared.obj
 0001:0003b6b0       _Q_stricmp                 3003c6b0 f   q_shared.obj
 0001:0003b6e0       _Q_strcat                  3003c6e0 f   q_shared.obj
 0001:0003b730       _Q_CleanStr                3003c730 f   q_shared.obj
 0001:0003b780       _Com_sprintf               3003c780 f   q_shared.obj
 0001:0003b800       _va                        3003c800 f   q_shared.obj
 0001:0003b840       _Info_ValueForKey          3003c840 f   q_shared.obj
 0001:0003b940       _Q_irand                   3003c940 f   q_shared.obj
 0001:0003b960       _GetIDForString            3003c960 f   q_shared.obj
 0001:0003b9b0       _COM_Parse                 3003c9b0 f   q_shared.obj
 0001:0003b9c0       _UI_Alloc                  3003c9c0 f   ui_shared.obj
 0001:0003ba50       _String_Alloc              3003ca50 f   ui_shared.obj
 0001:0003bb60       _PC_SourceError            3003cb60 f   ui_shared.obj
 0001:0003bbd0       _Float_Parse               3003cbd0 f   ui_shared.obj
 0001:0003bc00       _PC_Float_Parse            3003cc00 f   ui_shared.obj
 0001:0003bca0       _Color_Parse               3003cca0 f   ui_shared.obj
 0001:0003bcf0       _PC_Color_Parse            3003ccf0 f   ui_shared.obj
 0001:0003bd40       _Int_Parse                 3003cd40 f   ui_shared.obj
 0001:0003bd70       _PC_Int_Parse              3003cd70 f   ui_shared.obj
 0001:0003be00       _Rect_Parse                3003ce00 f   ui_shared.obj
 0001:0003be80       _PC_Rect_Parse             3003ce80 f   ui_shared.obj
 0001:0003bee0       _PC_String_Parse           3003cee0 f   ui_shared.obj
 0001:0003bfd0       _PC_Script_Parse           3003cfd0 f   ui_shared.obj
 0001:0003c0f0       _Init_Display              3003d0f0 f   ui_shared.obj
 0001:0003c100       _Rect_ContainsPoint        3003d100 f   ui_shared.obj
 0001:0003c150       _Menu_ItemsMatchingGroup   3003d150 f   ui_shared.obj
 0001:0003c1c0       _Menu_GetMatchingItemByNumber 3003d1c0 f   ui_shared.obj
 0001:0003c240       _Script_SetColor           3003d240 f   ui_shared.obj
 0001:0003c310       _Script_SetAsset           3003d310 f   ui_shared.obj
 0001:0003c340       _Script_SetBackground      3003d340 f   ui_shared.obj
 0001:0003c380       _Menu_FindItemByName       3003d380 f   ui_shared.obj
 0001:0003c3e0       _Script_SetTeamColor       3003d3e0 f   ui_shared.obj
 0001:0003c430       _Script_SetItemColor       3003d430 f   ui_shared.obj
 0001:0003c570       _Script_SetItemRect        3003d570 f   ui_shared.obj
 0001:0003c610       _Menu_ShowItemByName       3003d610 f   ui_shared.obj
 0001:0003c690       _Menu_FadeItemByName       3003d690 f   ui_shared.obj
 0001:0003c6f0       _Menus_FindByName          3003d6f0 f   ui_shared.obj
 0001:0003c740       _Script_Show               3003d740 f   ui_shared.obj
 0001:0003c780       _Script_Hide               3003d780 f   ui_shared.obj
 0001:0003c7c0       _Script_FadeIn             3003d7c0 f   ui_shared.obj
 0001:0003c800       _Script_FadeOut            3003d800 f   ui_shared.obj
 0001:0003c840       _Script_Defer              3003d840 f   ui_shared.obj
 0001:0003c880       _Script_SetPlayerModel     3003d880 f   ui_shared.obj
 0001:0003c8c0       _Script_SetPlayerHead      3003d8c0 f   ui_shared.obj
 0001:0003c900       _Script_SetCvar            3003d900 f   ui_shared.obj
 0001:0003c960       _Script_SetCvarToCvar      3003d960 f   ui_shared.obj
 0001:0003c9e0       _Script_Exec               3003d9e0 f   ui_shared.obj
 0001:0003ca30       _Script_Play               3003da30 f   ui_shared.obj
 0001:0003ca80       _Script_playLooped         3003da80 f   ui_shared.obj
 0001:0003cad0       _Item_RunScript            3003dad0 f   ui_shared.obj
 0001:0003cbc0       _Item_EnableShowViaCvar    3003dbc0 f   ui_shared.obj
 0001:0003ccf0       _Item_TextScroll_ThumbPosition 3003dcf0 f   ui_shared.obj
 0001:0003cd70       _Item_TextScroll_OverLB    3003dd70 f   ui_shared.obj
 0001:0003ced0       _Item_TextScroll_MouseEnter 3003ded0 f   ui_shared.obj
 0001:0003cf00       _Item_TextScroll_HandleKey 3003df00 f   ui_shared.obj
 0001:0003d060       _Item_ListBox_MaxScroll    3003e060 f   ui_shared.obj
 0001:0003d0c0       _Item_ListBox_ThumbPosition 3003e0c0 f   ui_shared.obj
 0001:0003d170       _Item_Slider_ThumbPosition 3003e170 f   ui_shared.obj
 0001:0003d210       _Item_Slider_OverSlider    3003e210 f   ui_shared.obj
 0001:0003d290       _Item_ListBox_OverLB       3003e290 f   ui_shared.obj
 0001:0003d4c0       _Item_ListBox_MouseEnter   3003e4c0 f   ui_shared.obj
 0001:0003d5f0       _Item_MouseEnter           3003e5f0 f   ui_shared.obj
 0001:0003d750       _Item_MouseLeave           3003e750 f   ui_shared.obj
 0001:0003d7a0       _Item_OwnerDraw_HandleKey  3003e7a0 f   ui_shared.obj
 0001:0003d7e0       _Item_ListBox_HandleKey    3003e7e0 f   ui_shared.obj
 0001:0003dc00       _Item_YesNo_HandleKey      3003ec00 f   ui_shared.obj
 0001:0003dd00       _Item_Multi_FindCvarByValue 3003ed00 f   ui_shared.obj
 0001:0003dde0       _Item_Multi_HandleKey      3003ede0 f   ui_shared.obj
 0001:0003e380       _Item_StartCapture         3003f380 f   ui_shared.obj
 0001:0003e600       _Item_Slider_HandleKey     3003f600 f   ui_shared.obj
 0001:0003e760       _Item_Action               3003f760 f   ui_shared.obj
 0001:0003e820       _Menus_Activate            3003f820 f   ui_shared.obj
 0001:0003e9c0       _Controls_GetConfig        3003f9c0 f   ui_shared.obj
 0001:0003ea00       _Controls_SetConfig        3003fa00 f   ui_shared.obj
 0001:0003ea50       _BindingIDFromName         3003fa50 f   ui_shared.obj
 0001:0003ea90       _Item_Bind_HandleKey       3003fa90 f   ui_shared.obj
 0001:0003ed00       _Menu_GetFocused           3003fd00 f   ui_shared.obj
 0001:0003ed40       _Menu_ScrollFeeder         3003fd40 f   ui_shared.obj
 0001:0003edb0       _Menu_SetFeederSelection   3003fdb0 f   ui_shared.obj
 0001:0003ee70       _Item_ValidateTypeData     3003fe70 f   ui_shared.obj
 0001:0003ef60       _KeywordHash_Key           3003ff60 f   ui_shared.obj
 0001:0003efb0       _ItemParse_name            3003ffb0 f   ui_shared.obj
 0001:0003efd0       _ItemParse_focusSound      3003ffd0 f   ui_shared.obj
 0001:0003f010       _ItemParse_descText        30040010 f   ui_shared.obj
 0001:0003f030       _ItemParse_text2           30040030 f   ui_shared.obj
 0001:0003f050       _ItemParse_text2alignx     30040050 f   ui_shared.obj
 0001:0003f070       _ItemParse_text2aligny     30040070 f   ui_shared.obj
 0001:0003f090       _ItemParse_group           30040090 f   ui_shared.obj
 0001:0003f0b0       _ItemParse_asset_model     300400b0 f   ui_shared.obj
 0001:0003f110       _ItemParse_asset_shader    30040110 f   ui_shared.obj
 0001:0003f150       _ItemParse_model_origin    30040150 f   ui_shared.obj
 0001:0003f1b0       _ItemParse_elementwidth    300401b0 f   ui_shared.obj
 0001:0003f1b0       _ItemParse_model_fovx      300401b0 f   ui_shared.obj
 0001:0003f1e0       _ItemParse_model_rotation  300401e0 f   ui_shared.obj
 0001:0003f210       _ItemParse_model_angle     30040210 f   ui_shared.obj
 0001:0003f240       _ItemParse_rect            30040240 f   ui_shared.obj
 0001:0003f260       _ItemParse_flag            30040260 f   ui_shared.obj
 0001:0003f2f0       _ItemParse_style           300402f0 f   ui_shared.obj
 0001:0003f320       _ItemParse_decoration      30040320 f   ui_shared.obj
 0001:0003f330       _ItemParse_notselectable   30040330 f   ui_shared.obj
 0001:0003f370       _ItemParse_wrapped         30040370 f   ui_shared.obj
 0001:0003f390       _ItemParse_autowrapped     30040390 f   ui_shared.obj
 0001:0003f3b0       _ItemParse_horizontalscroll 300403b0 f   ui_shared.obj
 0001:0003f3d0       _ItemParse_type            300403d0 f   ui_shared.obj
 0001:0003f400       _ItemParse_model_fovy      30040400 f   ui_shared.obj
 0001:0003f400       _ItemParse_elementheight   30040400 f   ui_shared.obj
 0001:0003f430       _ItemParse_elementtype     30040430 f   ui_shared.obj
 0001:0003f470       _ItemParse_columns         30040470 f   ui_shared.obj
 0001:0003f550       _ItemParse_border          30040550 f   ui_shared.obj
 0001:0003f550       _MenuParse_border          30040550 f   ui_shared.obj
 0001:0003f570       _MenuParse_borderSize      30040570 f   ui_shared.obj
 0001:0003f570       _ItemParse_bordersize      30040570 f   ui_shared.obj
 0001:0003f590       _ItemParse_ownerdraw       30040590 f   ui_shared.obj
 0001:0003f5c0       _ItemParse_textalign       300405c0 f   ui_shared.obj
 0001:0003f600       _MenuParse_fadeAmount      30040600 f   ui_shared.obj
 0001:0003f600       _ItemParse_textalignx      30040600 f   ui_shared.obj
 0001:0003f620       _ItemParse_textaligny      30040620 f   ui_shared.obj
 0001:0003f640       _ItemParse_textscale       30040640 f   ui_shared.obj
 0001:0003f660       _ItemParse_textstyle       30040660 f   ui_shared.obj
 0001:0003f680       _ItemParse_backcolor       30040680 f   ui_shared.obj
 0001:0003f6d0       _ItemParse_forecolor       300406d0 f   ui_shared.obj
 0001:0003f730       _ItemParse_bordercolor     30040730 f   ui_shared.obj
 0001:0003f780       _ItemParse_cinematic       30040780 f   ui_shared.obj
 0001:0003f780       _MenuParse_cinematic       30040780 f   ui_shared.obj
 0001:0003f7a0       _ItemParse_doubleClick     300407a0 f   ui_shared.obj
 0001:0003f7e0       _ItemParse_onFocus         300407e0 f   ui_shared.obj
 0001:0003f800       _ItemParse_leaveFocus      30040800 f   ui_shared.obj
 0001:0003f820       _ItemParse_mouseEnter      30040820 f   ui_shared.obj
 0001:0003f840       _ItemParse_mouseExit       30040840 f   ui_shared.obj
 0001:0003f860       _ItemParse_mouseEnterText  30040860 f   ui_shared.obj
 0001:0003f880       _ItemParse_mouseExitText   30040880 f   ui_shared.obj
 0001:0003f8a0       _ItemParse_action          300408a0 f   ui_shared.obj
 0001:0003f8c0       _ItemParse_special         300408c0 f   ui_shared.obj
 0001:0003f8c0       _ItemParse_feeder          300408c0 f   ui_shared.obj
 0001:0003f8e0       _ItemParse_cvarTest        300408e0 f   ui_shared.obj
 0001:0003f900       _ItemParse_cvar            30040900 f   ui_shared.obj
 0001:0003f980       _ItemParse_font            30040980 f   ui_shared.obj
 0001:0003f9b0       _ItemParse_maxChars        300409b0 f   ui_shared.obj
 0001:0003fa00       _ItemParse_maxPaintChars   30040a00 f   ui_shared.obj
 0001:0003fa50       _ItemParse_maxLineChars    30040a50 f   ui_shared.obj
 0001:0003faa0       _ItemParse_lineHeight      30040aa0 f   ui_shared.obj
 0001:0003faf0       _ItemParse_cvarFloat       30040af0 f   ui_shared.obj
 0001:0003fb60       _ItemParse_cvarStrList     30040b60 f   ui_shared.obj
 0001:0003fc70       _ItemParse_cvarFloatList   30040c70 f   ui_shared.obj
 0001:0003fd80       _ItemParse_addColorRange   30040d80 f   ui_shared.obj
 0001:0003fe20       _MenuParse_ownerdrawFlag   30040e20 f   ui_shared.obj
 0001:0003fe20       _ItemParse_ownerdrawFlag   30040e20 f   ui_shared.obj
 0001:0003fe50       _ItemParse_enableCvar      30040e50 f   ui_shared.obj
 0001:0003fe80       _ItemParse_disableCvar     30040e80 f   ui_shared.obj
 0001:0003fec0       _ItemParse_showCvar        30040ec0 f   ui_shared.obj
 0001:0003ff00       _ItemParse_hideCvar        30040f00 f   ui_shared.obj
 0001:0003ff40       _ItemParse_Appearance_slot 30040f40 f   ui_shared.obj
 0001:0003ff60       _Item_SetupKeywordHash     30040f60 f   ui_shared.obj
 0001:0003ffb0       _Item_Parse                30040fb0 f   ui_shared.obj
 0001:00040300       _MenuParse_font            30041300 f   ui_shared.obj
 0001:00040360       _MenuParse_name            30041360 f   ui_shared.obj
 0001:000403a0       _MenuParse_fullscreen      300413a0 f   ui_shared.obj
 0001:000403c0       _MenuParse_rect            300413c0 f   ui_shared.obj
 0001:000403e0       _MenuParse_style           300413e0 f   ui_shared.obj
 0001:00040410       _ItemParse_visible         30041410 f   ui_shared.obj
 0001:00040410       _MenuParse_visible         30041410 f   ui_shared.obj
 0001:00040440       _MenuParse_onOpen          30041440 f   ui_shared.obj
 0001:00040460       _MenuParse_onClose         30041460 f   ui_shared.obj
 0001:00040480       _MenuParse_onESC           30041480 f   ui_shared.obj
 0001:000404a0       _MenuParse_backcolor       300414a0 f   ui_shared.obj
 0001:000404f0       _MenuParse_descAlignment   300414f0 f   ui_shared.obj
 0001:00040530       _MenuParse_descX           30041530 f   ui_shared.obj
 0001:00040550       _MenuParse_descY           30041550 f   ui_shared.obj
 0001:00040570       _MenuParse_descScale       30041570 f   ui_shared.obj
 0001:00040590       _MenuParse_descColor       30041590 f   ui_shared.obj
 0001:000405e0       _MenuParse_forecolor       300415e0 f   ui_shared.obj
 0001:00040630       _MenuParse_bordercolor     30041630 f   ui_shared.obj
 0001:00040680       _MenuParse_focuscolor      30041680 f   ui_shared.obj
 0001:000406d0       _MenuParse_disablecolor    300416d0 f   ui_shared.obj
 0001:00040720       _ItemParse_outlinecolor    30041720 f   ui_shared.obj
 0001:00040720       _MenuParse_outlinecolor    30041720 f   ui_shared.obj
 0001:00040740       _MenuParse_background      30041740 f   ui_shared.obj
 0001:00040740       _ItemParse_background      30041740 f   ui_shared.obj
 0001:00040780       _MenuParse_ownerdraw       30041780 f   ui_shared.obj
 0001:000407a0       _MenuParse_popup           300417a0 f   ui_shared.obj
 0001:000407c0       _MenuParse_outOfBounds     300417c0 f   ui_shared.obj
 0001:000407e0       _ItemParse_text            300417e0 f   ui_shared.obj
 0001:000407e0       _MenuParse_soundLoop       300417e0 f   ui_shared.obj
 0001:00040800       _MenuParse_fadeClamp       30041800 f   ui_shared.obj
 0001:00040820       _ItemParse_align           30041820 f   ui_shared.obj
 0001:00040820       _MenuParse_fadeCycle       30041820 f   ui_shared.obj
 0001:00040840       _MenuParse_itemDef         30041840 f   ui_shared.obj
 0001:00040930       _MenuParse_appearanceIncrement 30041930 f   ui_shared.obj
 0001:00040950       _Menu_SetupKeywordHash     30041950 f   ui_shared.obj
 0001:000409a0       _Menu_Reset                300419a0 f   ui_shared.obj
 0001:000409b0       _Display_CaptureItem       300419b0 f   ui_shared.obj
 0001:00040a40       _Display_CursorType        30041a40 f   ui_shared.obj
 0001:00040ba0       _String_Init               30041ba0 f   ui_shared.obj
 0001:00040c00       _Item_SetScreenCoords      30041c00 f   ui_shared.obj
 0001:00040c70       _Menu_UpdatePosition       30041c70 f   ui_shared.obj
 0001:00040cf0       _Menu_ClearFocus           30041cf0 f   ui_shared.obj
 0001:00040da0       _Menus_CloseByName         30041da0 f   ui_shared.obj
 0001:00040e30       _Menus_CloseAll            30041e30 f   ui_shared.obj
 0001:00040ec0       _Script_Close              30041ec0 f   ui_shared.obj
 0001:00040f10       _Menu_TransitionItemByName 30041f10 f   ui_shared.obj
 0001:000410a0       _Script_RunDeferred        300420a0 f   ui_shared.obj
 0001:000410d0       _Script_Transition         300420d0 f   ui_shared.obj
 0001:000411c0       _Menu_OrbitItemByName      300421c0 f   ui_shared.obj
 0001:00041290       _Script_Orbit              30042290 f   ui_shared.obj
 0001:00041370       _Script_SetFocus           30042370 f   ui_shared.obj
 0001:00041410       _Item_SetFocus             30042410 f   ui_shared.obj
 0001:000415a0       _Item_HandleKey            300425a0 f   ui_shared.obj
 0001:000416f0       _Menu_HandleMouseMove      300426f0 f   ui_shared.obj
 0001:00041880       _Display_MouseMove         30042880 f   ui_shared.obj
 0001:00041940       _Menu_SetPrevCursorItem    30042940 f   ui_shared.obj
 0001:00041a20       _Menu_SetNextCursorItem    30042a20 f   ui_shared.obj
 0001:00041b10       _Menus_HandleOOBClick      30042b10 f   ui_shared.obj
 0001:00041c90       _Menus_ActivateByName      30042c90 f   ui_shared.obj
 0001:00041d50       _Menus_OpenByName          30042d50 f   ui_shared.obj
 0001:00041d60       _Script_Open               30042d60 f   ui_shared.obj
 0001:00041d90       _Item_TextField_HandleKey  30042d90 f   ui_shared.obj
 0001:000421c0       _Menu_HandleKey            300431c0 f   ui_shared.obj
 0001:00042680       _Display_HandleKey         30043680 f   ui_shared.obj
 0001:000426b3       _atol                      300436b3 f   LIBC:atox.obj
 0001:0004270b       _atoi                      3004370b f   LIBC:atox.obj
 0001:00042710       __fpclear                  30043710 f   LIBC:fpinit.obj
 0001:00042711       __cfltcvt_init             30043711 f   LIBC:fpinit.obj
 0001:00042749       __fpmath                   30043749 f   LIBC:fpinit.obj
 0001:00042768       __ftol2                    30043768 f   LIBC:ftol2.obj
 0001:000427e0       _floor                     300437e0 f   LIBC:floor_pentium4.obj
 0001:00042820       __floor_pentium4           30043820 f   LIBC:floor_pentium4.obj
 0001:00042910       _ceil                      30043910 f   LIBC:ceil_pentium4.obj
 0001:00042950       __ceil_pentium4            30043950 f   LIBC:ceil_pentium4.obj
 0001:00042a2d       _atof                      30043a2d f   LIBC:atof.obj
 0001:00042a78       _rand                      30043a78 f   LIBC:rand.obj
 0001:00042aa0       _strstr                    30043aa0 f   LIBC:strstr.obj
 0001:00042b26       _vsprintf                  30043b26 f   LIBC:vsprintf.obj
 0001:00042b80       __chkstk                   30043b80 f   LIBC:chkstk.obj
 0001:00042b80       __alloca_probe             30043b80     LIBC:chkstk.obj
 0001:00042bd0       _strchr                    30043bd0 f   LIBC:strchr.obj
 0001:00042bd6       ___from_strstr_to_strchr   30043bd6     LIBC:strchr.obj
 0001:00042c90       _strncpy                   30043c90 f   LIBC:strncpy.obj
 0001:00042db4       _tolower                   30043db4 f   LIBC:tolower.obj
 0001:00042e90       _memmove                   30043e90 f   LIBC:memmove.obj
 0001:000431cd       __CRT_INIT@12              300441cd f   LIBC:dllcrt0.obj
 0001:000432d8       __DllMainCRTStartup@12     300442d8 f   LIBC:dllcrt0.obj
 0001:000433bc       __amsg_exit                300443bc f   LIBC:dllcrt0.obj
 0001:000433ef       __ismbcspace               300443ef f   LIBC:ismbspc.obj
 0001:00043480       __allmul                   30044480 f   LIBC:llmul.obj
 0001:000434b4       __forcdecpt                300444b4 f   LIBC:cvt.obj
 0001:0004350c       __cropzeros                3004450c f   LIBC:cvt.obj
 0001:00043557       __positive                 30044557 f   LIBC:cvt.obj
 0001:00043571       __fassign                  30044571 f   LIBC:cvt.obj
 0001:000435cc       __cftoe                    300445cc f   LIBC:cvt.obj
 0001:000436bd       __cftof                    300446bd f   LIBC:cvt.obj
 0001:0004379a       __cftog                    3004479a f   LIBC:cvt.obj
 0001:00043844       __cfltcvt                  30044844 f   LIBC:cvt.obj
 0001:00043895       __setdefaultprecision      30044895 f   LIBC:fp8.obj
 0001:000438a7       __ms_p5_test_fdiv          300448a7 f   LIBC:testfdiv.obj
 0001:000438e7       __ms_p5_mp_test_fdiv       300448e7 f   LIBC:testfdiv.obj
 0001:00043910       ___libm_error_support      30044910 f   LIBC:libm_error.obj
 0001:00043bd1       ___sse2_available_init     30044bd1 f   LIBC:cpu_disp.obj
 0001:00043c9f       __floor_default            30044c9f f   LIBC:floor.obj
 0001:00043d72       __ceil_default             30044d72 f   LIBC:ceil.obj
 0001:00043e45       __fltin                    30044e45 f   LIBC:cfin.obj
 0001:00043ee0       _strlen                    30044ee0 f   LIBC:strlen.obj
 0001:00043f6b       __isctype                  30044f6b f   LIBC:isctype.obj
 0001:00043fe9       __flsbuf                   30044fe9 f   LIBC:_flsbuf.obj
 0001:0004418d       __output                   3004518d f   LIBC:output.obj
 0001:00044987       ___crtLCMapStringA         30045987 f   LIBC:a_map.obj
 0001:00044d43       ___crtExitProcess          30045d43 f   LIBC:crt0dat.obj
 0001:00044d73       __cinit                    30045d73 f   LIBC:crt0dat.obj
 0001:00044e9e       __exit                     30045e9e f   LIBC:crt0dat.obj
 0001:00044eaf       __cexit                    30045eaf f   LIBC:crt0dat.obj
 0001:00044ebe       __ioinit                   30045ebe f   LIBC:ioinit.obj
 0001:00045069       __ioterm                   30046069 f   LIBC:ioinit.obj
 0001:0004508c       __setenvp                  3004608c f   LIBC:stdenvp.obj
 0001:000452bf       __setargv                  300462bf f   LIBC:stdargv.obj
 0001:00045361       ___heap_select             30046361 f   LIBC:heapinit.obj
 0001:0004537b       __heap_init                3004637b f   LIBC:heapinit.obj
 0001:000453cc       __heap_term                300463cc f   LIBC:heapinit.obj
 0001:0004544b       ___crtGetEnvironmentStringsA 3004644b f   LIBC:a_env.obj
 0001:0004556d       __RTC_Initialize           3004656d f   LIBC:initsect.obj
 0001:000455b1       __RTC_Terminate            300465b1 f   LIBC:initsect.obj
 0001:000455f5       __XcptFilter               300465f5 f   LIBC:winxfltr.obj
 0001:00045766       ___CppXcptFilter           30046766 f   LIBC:winxfltr.obj
 0001:00045781       _DllMain@12                30046781 f   LIBC:dllmain.obj
 0001:000457a4       __SEH_prolog               300467a4 f   LIBC:sehprolg.obj
 0001:000457df       __SEH_epilog               300467df f   LIBC:sehprolg.obj
 0001:000457f8       __except_handler3          300467f8 f   LIBC:exsup3.obj
 0001:000458de       __seh_longjmp_unwind@4     300468de f   LIBC:exsup3.obj
 0001:000458f9       __NMSG_WRITE               300468f9 f   LIBC:crt0msg.obj
 0001:00045a70       __FF_MSGBANNER             30046a70 f   LIBC:crt0msg.obj
 0001:00045aa9       ___crtGetStringTypeA       30046aa9 f   LIBC:a_str.obj
 0001:00045e47       __setmbcp                  30046e47 f   LIBC:mbctype.obj
 0001:0004602d       ___initmbctable            3004702d f   LIBC:mbctype.obj
 0001:0004604b       __ZeroTail                 3004704b f   LIBC:intrncvt.obj
 0001:0004607d       __IncMan                   3004707d f   LIBC:intrncvt.obj
 0001:000460ca       __RoundMan                 300470ca f   LIBC:intrncvt.obj
 0001:0004613c       __CopyMan                  3004713c f   LIBC:intrncvt.obj
 0001:00046157       __IsZeroMan                30047157 f   LIBC:intrncvt.obj
 0001:00046170       __ShrMan                   30047170 f   LIBC:intrncvt.obj
 0001:000461eb       __ld12cvt                  300471eb f   LIBC:intrncvt.obj
 0001:00046343       __ld12tod                  30047343 f   LIBC:intrncvt.obj
 0001:00046359       __ld12tof                  30047359 f   LIBC:intrncvt.obj
 0001:0004636f       __atodbl                   3004736f f   LIBC:intrncvt.obj
 0001:000463ac       __atoflt                   300473ac f   LIBC:intrncvt.obj
 0001:000463f0       _strcpy                    300473f0 f   LIBC:strcat.obj
 0001:00046400       _strcat                    30047400 f   LIBC:strcat.obj
 0001:000464e8       __fptostr                  300474e8 f   LIBC:_fptostr.obj
 0001:0004655f       ___dtold                   3004755f f   LIBC:cfout.obj
 0001:00046619       __fltout                   30047619 f   LIBC:cfout.obj
 0001:00046690       _memset                    30047690 f   LIBC:memset.obj
 0001:000466f0       __fptrap                   300476f0 f   LIBC:crt0fp.obj
 0001:00046819       __control87                30047819 f   LIBC:ieee87.obj
 0001:0004684b       __controlfp                3004784b f   LIBC:ieee87.obj
 0001:00046861       __matherr                  30047861 f   LIBC:matherr.obj
 0001:00046895       @__security_check_cookie@4 30047895 f   LIBC:secchk.obj
 0001:000468b0       _strncmp                   300478b0 f   LIBC:strncmp.obj
 0001:000468e9       __raise_exc                300478e9 f   LIBC:fpexcept.obj
 0001:00046b8e       __handle_exc               30047b8e f   LIBC:fpexcept.obj
 0001:00046db2       __set_errno                30047db2 f   LIBC:fpexcept.obj
 0001:00046dd8       __errcode                  30047dd8 f   LIBC:fpexcept.obj
 0001:00046e05       __umatherr                 30047e05 f   LIBC:fpexcept.obj
 0001:00046ea5       __handle_qnan1             30047ea5 f   LIBC:fpexcept.obj
 0001:00046ef7       __except1                  30047ef7 f   LIBC:fpexcept.obj
 0001:00046faf       __frnd                     30047faf f   LIBC:frnd.obj
 0001:00046fc0       __set_exp                  30047fc0 f   LIBC:util.obj
 0001:00046fea       __sptype                   30047fea f   LIBC:util.obj
 0001:00047045       __decomp                   30048045 f   LIBC:util.obj
 0001:00047101       __statfp                   30048101 f   LIBC:fpctrl.obj
 0001:0004710c       __clrfp                    3004810c f   LIBC:fpctrl.obj
 0001:00047118       __ctrlfp                   30048118 f   LIBC:fpctrl.obj
 0001:0004713c       __set_statfp               3004813c f   LIBC:fpctrl.obj
 0001:00047192       ___strgtold12              30048192 f   LIBC:strgtold.obj
 0001:00047619       __lseek                    30048619 f   LIBC:lseek.obj
 0001:000476a5       __write                    300486a5 f   LIBC:write.obj
 0001:00047895       __getbuf                   30048895 f   LIBC:_getbuf.obj
 0001:000478d9       __isatty                   300488d9 f   LIBC:isatty.obj
 0001:00047900       ___initstdio               30048900 f   LIBC:_file.obj
 0001:000479a6       ___endstdio                300489a6 f   LIBC:_file.obj
 0001:000479ba       _free                      300489ba f   LIBC:free.obj
 0001:000479f2       __heap_alloc               300489f2 f   LIBC:malloc.obj
 0001:00047a38       __nh_malloc                30048a38 f   LIBC:malloc.obj
 0001:00047a64       _malloc                    30048a64 f   LIBC:malloc.obj
 0001:00047a76       _wctomb                    30048a76 f   LIBC:wctomb.obj
 0001:00047ae0       __aulldvrm                 30048ae0 f   LIBC:ulldvrm.obj
 0001:00047b75       ___ansicp                  30048b75 f   LIBC:convrtcp.obj
 0001:00047bb8       ___convertcp               30048bb8 f   LIBC:convrtcp.obj
 0001:00047d81       __resetstkoflw             30048d81 f   LIBC:resetstk.obj
 0001:00047e64       __onexit                   30048e64 f   LIBC:onexit.obj
 0001:00047ee6       _atexit                    30048ee6 f   LIBC:onexit.obj
 0001:00047ef8       ___onexitinit              30048ef8 f   LIBC:onexit.obj
 0001:00047f20       ___sbh_heap_init           30048f20 f   LIBC:sbheap.obj
 0001:00047f68       ___sbh_find_block          30048f68 f   LIBC:sbheap.obj
 0001:00047f93       ___sbh_free_block          30048f93 f   LIBC:sbheap.obj
 0001:000482ab       ___sbh_alloc_new_region    300492ab f   LIBC:sbheap.obj
 0001:00048362       ___sbh_alloc_new_group     30049362 f   LIBC:sbheap.obj
 0001:00048468       ___sbh_resize_block        30049468 f   LIBC:sbheap.obj
 0001:00048747       ___sbh_alloc_block         30049747 f   LIBC:sbheap.obj
 0001:00048a50       _memcpy                    30049a50 f   LIBC:memcpy.obj
 0001:00048d90       __global_unwind2           30049d90 f   LIBC:exsup.obj
 0001:00048dd2       __local_unwind2            30049dd2 f   LIBC:exsup.obj
 0001:00048e2a       __NLG_Return2              30049e2a     LIBC:exsup.obj
 0001:00048e3a       __abnormal_termination     30049e3a f   LIBC:exsup.obj
 0001:00048e5d       __NLG_Notify1              30049e5d f   LIBC:exsup.obj
 0001:00048e66       __NLG_Notify               30049e66 f   LIBC:exsup.obj
 0001:00048e79       __NLG_Dispatch             30049e79     LIBC:exsup.obj
 0001:00048e7e       __ValidateEH3RN            30049e7e f   LIBC:eh3valid.obj
 0001:000490a7       ___crtMessageBoxA          3004a0a7 f   LIBC:crtmbox.obj
 0001:000491a0       _calloc                    3004a1a0 f   LIBC:calloc.obj
 0001:0004921b       ___addl                    3004a21b f   LIBC:mantold.obj
 0001:0004923c       ___add_12                  3004a23c f   LIBC:mantold.obj
 0001:0004929a       ___shl_12                  3004a29a f   LIBC:mantold.obj
 0001:000492c8       ___shr_12                  3004a2c8 f   LIBC:mantold.obj
 0001:000492f5       ___mtold12                 3004a2f5 f   LIBC:mantold.obj
 0001:000493d3       _$I10_OUTPUT               3004a3d3 f   LIBC:x10fout.obj
 0001:00049661       ___security_init_cookie    3004a661 f   LIBC:seccinit.obj
 0001:000496c7       ___security_error_handler  3004a6c7 f   LIBC:secfail.obj
 0001:0004980f       ___ld12mul                 3004a80f f   LIBC:tenpow.obj
 0001:00049a41       ___multtenpow12            3004aa41 f   LIBC:tenpow.obj
 0001:00049ac7       __dosmaperr                3004aac7 f   LIBC:dosmap.obj
 0001:00049b26       __free_osfhnd              3004ab26 f   LIBC:osfinfo.obj
 0001:00049ba0       __get_osfhandle            3004aba0 f   LIBC:osfinfo.obj
 0001:00049bdc       __lseeki64                 3004abdc f   LIBC:lseeki64.obj
 0001:00049c7b       __fcloseall                3004ac7b f   LIBC:closeall.obj
 0001:00049cd3       __flush                    3004acd3 f   LIBC:fflush.obj
 0001:00049d30       _fflush                    3004ad30 f   LIBC:fflush.obj
 0001:00049dd8       __flushall                 3004add8 f   LIBC:fflush.obj
 0001:00049de1       __callnewh                 3004ade1 f   LIBC:handler.obj
 0001:00049dfc       _realloc                   3004adfc f   LIBC:realloc.obj
 0001:00049f5e       __msize                    3004af5e f   LIBC:msize.obj
 0001:00049f96       _fclose                    3004af96 f   LIBC:fclose.obj
 0001:00049fec       __commit                   3004afec f   LIBC:commit.obj
 0001:0004a043       __close                    3004b043 f   LIBC:close.obj
 0001:0004a0f6       __freebuf                  3004b0f6 f   LIBC:_freebuf.obj
 0001:0004a122       _RtlUnwind@16              3004b122 f   kernel32:KERNEL32.dll
 0002:00000000       __imp__GetCommandLineA@0   3004c000     kernel32:KERNEL32.dll
 0002:00000004       __imp__GetVersionExA@4     3004c004     kernel32:KERNEL32.dll
 0002:00000008       __imp__GetProcAddress@8    3004c008     kernel32:KERNEL32.dll
 0002:0000000c       __imp__GetModuleHandleA@4  3004c00c     kernel32:KERNEL32.dll
 0002:00000010       __imp__LCMapStringA@24     3004c010     kernel32:KERNEL32.dll
 0002:00000014       __imp__WideCharToMultiByte@32 3004c014     kernel32:KERNEL32.dll
 0002:00000018       __imp__MultiByteToWideChar@24 3004c018     kernel32:KERNEL32.dll
 0002:0000001c       __imp__GetLastError@0      3004c01c     kernel32:KERNEL32.dll
 0002:00000020       __imp__LCMapStringW@24     3004c020     kernel32:KERNEL32.dll
 0002:00000024       __imp__ExitProcess@4       3004c024     kernel32:KERNEL32.dll
 0002:00000028       __imp__TerminateProcess@8  3004c028     kernel32:KERNEL32.dll
 0002:0000002c       __imp__GetCurrentProcess@0 3004c02c     kernel32:KERNEL32.dll
 0002:00000030       __imp__SetHandleCount@4    3004c030     kernel32:KERNEL32.dll
 0002:00000034       __imp__GetStdHandle@4      3004c034     kernel32:KERNEL32.dll
 0002:00000038       __imp__GetFileType@4       3004c038     kernel32:KERNEL32.dll
 0002:0000003c       __imp__GetStartupInfoA@4   3004c03c     kernel32:KERNEL32.dll
 0002:00000040       __imp__GetModuleFileNameA@12 3004c040     kernel32:KERNEL32.dll
 0002:00000044       __imp__HeapDestroy@4       3004c044     kernel32:KERNEL32.dll
 0002:00000048       __imp__HeapCreate@12       3004c048     kernel32:KERNEL32.dll
 0002:0000004c       __imp__VirtualFree@12      3004c04c     kernel32:KERNEL32.dll
 0002:00000050       __imp__HeapFree@12         3004c050     kernel32:KERNEL32.dll
 0002:00000054       __imp__FreeEnvironmentStringsA@4 3004c054     kernel32:KERNEL32.dll
 0002:00000058       __imp__GetEnvironmentStrings@0 3004c058     kernel32:KERNEL32.dll
 0002:0000005c       __imp__FreeEnvironmentStringsW@4 3004c05c     kernel32:KERNEL32.dll
 0002:00000060       __imp__GetEnvironmentStringsW@0 3004c060     kernel32:KERNEL32.dll
 0002:00000064       __imp__UnhandledExceptionFilter@4 3004c064     kernel32:KERNEL32.dll
 0002:00000068       __imp__DisableThreadLibraryCalls@4 3004c068     kernel32:KERNEL32.dll
 0002:0000006c       __imp__WriteFile@20        3004c06c     kernel32:KERNEL32.dll
 0002:00000070       __imp__GetStringTypeA@20   3004c070     kernel32:KERNEL32.dll
 0002:00000074       __imp__GetStringTypeW@16   3004c074     kernel32:KERNEL32.dll
 0002:00000078       __imp__GetACP@0            3004c078     kernel32:KERNEL32.dll
 0002:0000007c       __imp__GetOEMCP@0          3004c07c     kernel32:KERNEL32.dll
 0002:00000080       __imp__GetCPInfo@8         3004c080     kernel32:KERNEL32.dll
 0002:00000084       __imp__RaiseException@16   3004c084     kernel32:KERNEL32.dll
 0002:00000088       __imp__SetFilePointer@16   3004c088     kernel32:KERNEL32.dll
 0002:0000008c       __imp__HeapAlloc@12        3004c08c     kernel32:KERNEL32.dll
 0002:00000090       __imp__GetLocaleInfoA@16   3004c090     kernel32:KERNEL32.dll
 0002:00000094       __imp__VirtualProtect@16   3004c094     kernel32:KERNEL32.dll
 0002:00000098       __imp__VirtualAlloc@16     3004c098     kernel32:KERNEL32.dll
 0002:0000009c       __imp__GetSystemInfo@4     3004c09c     kernel32:KERNEL32.dll
 0002:000000a0       __imp__VirtualQuery@12     3004c0a0     kernel32:KERNEL32.dll
 0002:000000a4       __imp__HeapReAlloc@16      3004c0a4     kernel32:KERNEL32.dll
 0002:000000a8       __imp__RtlUnwind@16        3004c0a8     kernel32:KERNEL32.dll
 0002:000000ac       __imp__InterlockedExchange@8 3004c0ac     kernel32:KERNEL32.dll
 0002:000000b0       __imp__LoadLibraryA@4      3004c0b0     kernel32:KERNEL32.dll
 0002:000000b4       __imp__QueryPerformanceCounter@4 3004c0b4     kernel32:KERNEL32.dll
 0002:000000b8       __imp__GetTickCount@0      3004c0b8     kernel32:KERNEL32.dll
 0002:000000bc       __imp__GetCurrentThreadId@0 3004c0bc     kernel32:KERNEL32.dll
 0002:000000c0       __imp__GetCurrentProcessId@0 3004c0c0     kernel32:KERNEL32.dll
 0002:000000c4       __imp__GetSystemTimeAsFileTime@4 3004c0c4     kernel32:KERNEL32.dll
 0002:000000c8       __imp__SetStdHandle@8      3004c0c8     kernel32:KERNEL32.dll
 0002:000000cc       __imp__HeapSize@12         3004c0cc     kernel32:KERNEL32.dll
 0002:000000d0       __imp__FlushFileBuffers@4  3004c0d0     kernel32:KERNEL32.dll
 0002:000000d4       __imp__CloseHandle@4       3004c0d4     kernel32:KERNEL32.dll
 0002:000000d8       \177KERNEL32_NULL_THUNK_DATA 3004c0d8     kernel32:KERNEL32.dll
 0002:000000e0       ??_C@_0BD@LADOFFHF@EV_BODY_QUEUE_COPY?$AA@ 3004c0e0     bg_misc.obj
 0002:000000f4       ??_C@_0BA@LOAEJFFI@EV_TAUNT_PATROL?$AA@ 3004c0f4     bg_misc.obj
 0002:00000104       ??_C@_0BD@HMFKCJAA@EV_TAUNT_GUARDBASE?$AA@ 3004c104     bg_misc.obj
 0002:00000118       ??_C@_0BB@NHAKBFEP@EV_TAUNT_GETFLAG?$AA@ 3004c118     bg_misc.obj
 0002:0000012c       ??_C@_0BC@CHOOODFF@EV_TAUNT_FOLLOWME?$AA@ 3004c12c     bg_misc.obj
 0002:00000140       ??_C@_0M@CJNAMJCI@EV_TAUNT_NO?$AA@ 3004c140     bg_misc.obj
 0002:0000014c       ??_C@_0N@GEFDJMFE@EV_TAUNT_YES?$AA@ 3004c14c     bg_misc.obj
 0002:0000015c       ??_C@_08GBKLDCBE@EV_TAUNT?$AA@ 3004c15c     bg_misc.obj
 0002:00000168       ??_C@_0BF@EAHNFOOG@EV_STARTLOOPINGSOUND?$AA@ 3004c168     bg_misc.obj
 0002:00000180       ??_C@_0BE@OHJHDFJH@EV_STOPLOOPINGSOUND?$AA@ 3004c180     bg_misc.obj
 0002:00000194       ??_C@_0M@LDAKOPJP@EV_TESTLINE?$AA@ 3004c194     bg_misc.obj
 0002:000001a0       ??_C@_0O@PBPAKHP@EV_DEBUG_LINE?$AA@ 3004c1a0     bg_misc.obj
 0002:000001b0       ??_C@_0O@CBLOOGHB@EV_SHIELD_HIT?$AA@ 3004c1b0     bg_misc.obj
 0002:000001c0       ??_C@_0BF@LLJHJACN@EV_WEAPON_CHARGE_ALT?$AA@ 3004c1c0     bg_misc.obj
 0002:000001d8       ??_C@_0BB@HAHOHAKJ@EV_WEAPON_CHARGE?$AA@ 3004c1d8     bg_misc.obj
 0002:000001ec       ??_C@_0BF@KFICFFCM@EV_SET_FORCE_DISABLE?$AA@ 3004c1ec     bg_misc.obj
 0002:00000204       ??_C@_0BC@DDJADHAK@EV_SET_FREE_SABER?$AA@ 3004c204     bg_misc.obj
 0002:00000218       ??_C@_0BB@JIHOLMBD@EV_GIVE_NEW_RANK?$AA@ 3004c218     bg_misc.obj
 0002:0000022c       ??_C@_0BI@CEGPCIEH@EV_DESTROY_WEAPON_MODEL?$AA@ 3004c22c     bg_misc.obj
 0002:00000244       ??_C@_0BL@DNICLAEN@EV_DESTROY_GHOUL2_INSTANCE?$AA@ 3004c244     bg_misc.obj
 0002:00000260       ??_C@_0BK@KKHGBKBG@EV_SAGA_OBJECTIVECOMPLETE?$AA@ 3004c260     bg_misc.obj
 0002:0000027c       ??_C@_0BC@EFMHNGOM@EV_SAGA_ROUNDOVER?$AA@ 3004c27c     bg_misc.obj
 0002:00000290       ??_C@_0O@NEHCEMNJ@EV_CTFMESSAGE?$AA@ 3004c290     bg_misc.obj
 0002:000002a0       ??_C@_0N@GAJBP@EV_SCOREPLUM?$AA@ 3004c2a0     bg_misc.obj
 0002:000002b0       ??_C@_0O@JLGFLKBE@EV_GIB_PLAYER?$AA@ 3004c2b0     bg_misc.obj
 0002:000002c0       ??_C@_0BB@KGMADNKO@EV_FORCE_DRAINED?$AA@ 3004c2c0     bg_misc.obj
 0002:000002d4       ??_C@_0BG@CHAMNADK@EV_POWERUP_BATTLESUIT?$AA@ 3004c2d4     bg_misc.obj
 0002:000002ec       ??_C@_0BA@HLHGHIIE@EV_POWERUP_QUAD?$AA@ 3004c2ec     bg_misc.obj
 0002:000002fc       ??_C@_0M@PPLCDPP@EV_OBITUARY?$AA@ 3004c2fc     bg_misc.obj
 0002:00000308       ??_C@_09KNGHBIAK@EV_DEATH3?$AA@ 3004c308     bg_misc.obj
 0002:00000314       ??_C@_09LEHMCJEL@EV_DEATH2?$AA@ 3004c314     bg_misc.obj
 0002:00000320       ??_C@_09JPFBHKII@EV_DEATH1?$AA@ 3004c320     bg_misc.obj
 0002:0000032c       ??_C@_07EMHHKOOH@EV_PAIN?$AA@ 3004c32c     bg_misc.obj
 0002:00000334       ??_C@_09ICDIPKFJ@EV_BULLET?$AA@ 3004c334     bg_misc.obj
 0002:00000340       ??_C@_0BG@LPAHEABB@EV_MISSILE_MISS_METAL?$AA@ 3004c340     bg_misc.obj
[...]
 0003:0096b0e0       _pml                       309c80e0     <common>
 0003:0096b56c       _pm                        309c856c     <common>
 0003:0096b580       _bgGlobalAnimations        309c8580     <common>
 0003:00973a00       _BGPAFtext                 309d0a00     <common>
 0003:0097d640       ___sbh_pHeaderDefer        309da640     <common>
 0003:0097d644       ___sbh_cntHeaderList       309da644     <common>
 0003:0097d648       ___sbh_pHeaderList         309da648     <common>
 0003:0097d64c       ___sbh_threshold           309da64c     <common>
 0003:0097d650       ___sbh_pHeaderScan         309da650     <common>
 0003:0097d654       ___sbh_sizeHeaderList      309da654     <common>
 0003:0097d658       ___sbh_indGroupDefer       309da658     <common>
 0003:0097d65c       ___piob                    309da65c     <common>
 0003:0097d660       __bufin                    309da660     <common>
 0003:0097e660       __nstream                  309db660     <common>
 0003:0097e664       ___mblcid                  309db664     <common>
 0003:0097e668       ___ismbcodepage            309db668     <common>
 0003:0097e680       __mbctype                  309db680     <common>
 0003:0097e784       ___mbcodepage              309db784     <common>
 0003:0097e790       ___mbulinfo                309db790     <common>
 0003:0097e7a0       __mbcasemap                309db7a0     <common>
 0003:0097e8a0       __crtheap                  309db8a0     <common>
 0003:0097e8a4       ___active_heap             309db8a4     <common>
 0003:0097e8a8       __nhandle                  309db8a8     <common>
 0003:0097e8c0       ___pioinfo                 309db8c0     <common>
 0003:0097e9c0       ___env_initialized         309db9c0     <common>
 0003:0097e9c4       ___onexitend               309db9c4     <common>
 0003:0097e9c8       ___onexitbegin             309db9c8     <common>
 0003:0097e9cc       ___mbctype_initialized     309db9cc     <common>
 0003:0097e9d0       ___use_sse2_mathfcns       309db9d0     <common>
 0003:0097e9d4       ___sse2_available          309db9d4     <common>
 0003:0097e9d8       __acmdln                   309db9d8     <common>
 0003:0097e9dc       __pRawDllMain              309db9dc     <common>

 entry point at        0001:000432d8

 Static symbols

 0001:000016f0       _PM_StartLegsAnim          300026f0 f   bg_panimate.obj
 0001:00001d00       _PM_Friction               30002d00 f   bg_pmove.obj
 0001:00001e30       _PM_Accelerate             30002e30 f   bg_pmove.obj
 0001:00001eb0       _PM_CmdScale               30002eb0 f   bg_pmove.obj
 0001:00001f30       _PM_SetMovementDir         30002f30 f   bg_pmove.obj
 0001:000020f0       _PM_JumpForDir             300030f0 f   bg_pmove.obj
 0001:000024f0       _PM_CheckJump              300034f0 f   bg_pmove.obj
 0001:000039d0       _PM_CheckWaterJump         300049d0 f   bg_pmove.obj
 0001:00003b30       _PM_WaterJumpMove          30004b30 f   bg_pmove.obj
 0001:00003b80       _PM_WaterMove              30004b80 f   bg_pmove.obj
 0001:00003da0       _PM_FlyMove                30004da0 f   bg_pmove.obj
 0001:00003ee0       _PM_AirMove                30004ee0 f   bg_pmove.obj
 0001:00004080       _PM_WalkMove               30005080 f   bg_pmove.obj
 0001:00004550       _PM_DeadMove               30005550 f   bg_pmove.obj
 0001:00004610       _PM_NoclipMove             30005610 f   bg_pmove.obj
 0001:00004830       _PM_TryRoll                30005830 f   bg_pmove.obj
 0001:00004af0       _PM_CrashLand              30005af0 f   bg_pmove.obj
 0001:00004f60       _PM_CorrectAllSolid        30005f60 f   bg_pmove.obj
 0001:00005120       _PM_GroundTraceMissed      30006120 f   bg_pmove.obj
 0001:000053a0       _PM_GroundTrace            300063a0 f   bg_pmove.obj
 0001:00005640       _PM_SetWaterLevel          30006640 f   bg_pmove.obj
 0001:00005770       _PM_CheckDuck              30006770 f   bg_pmove.obj
 0001:00005ab0       _PM_Footsteps              30006ab0 f   bg_pmove.obj
 0001:00005fd0       _PM_WaterEvents            30006fd0 f   bg_pmove.obj
 0001:00006190       _PM_DoChargedWeapons       30007190 f   bg_pmove.obj
 0001:00006790       _PM_Weapon                 30007790 f   bg_pmove.obj
 0001:00007680       _PM_Animate                30008680 f   bg_pmove.obj
 0001:00007710       _PM_DropTimers             30008710 f   bg_pmove.obj
 0001:0000b4a0       _CG_SizeUp_f               3000c4a0 f   cg_consolecmds.obj
 0001:0000b4d0       _CG_SizeDown_f             3000c4d0 f   cg_consolecmds.obj
 0001:0000b500       _CG_Viewpos_f              3000c500 f   cg_consolecmds.obj
 0001:0000b550       _CG_ScoresDown_f           3000c550 f   cg_consolecmds.obj
 0001:0000b5a0       _CG_ScoresUp_f             3000c5a0 f   cg_consolecmds.obj
 0001:0000b5c0       _CG_scrollScoresDown_f     3000c5c0 f   cg_consolecmds.obj
 0001:0000b600       _CG_scrollScoresUp_f       3000c600 f   cg_consolecmds.obj
 0001:0000b640       _CG_spWin_f                3000c640 f   cg_consolecmds.obj
 0001:0000b6b0       _CG_spLose_f               3000c6b0 f   cg_consolecmds.obj
 0001:0000b720       _CG_TellTarget_f           3000c720 f   cg_consolecmds.obj
 0001:0000b780       _CG_TellAttacker_f         3000c780 f   cg_consolecmds.obj
 0001:0000b7e0       _CG_VoiceTellTarget_f      3000c7e0 f   cg_consolecmds.obj
 0001:0000b840       _CG_VoiceTellAttacker_f    3000c840 f   cg_consolecmds.obj
 0001:0000b8a0       _CG_NextTeamMember_f       3000c8a0 f   cg_consolecmds.obj
 0001:0000b8b0       _CG_PrevTeamMember_f       3000c8b0 f   cg_consolecmds.obj
 0001:0000b8c0       _CG_NextOrder_f            3000c8c0 f   cg_consolecmds.obj
 0001:0000b960       _CG_ConfirmOrder_f         3000c960 f   cg_consolecmds.obj
 0001:0000b9c0       _CG_DenyOrder_f            3000c9c0 f   cg_consolecmds.obj
 0001:0000ba10       _CG_TaskOffense_f          3000ca10 f   cg_consolecmds.obj
 0001:0000ba60       _CG_TaskDefense_f          3000ca60 f   cg_consolecmds.obj
 0001:0000ba90       _CG_TaskPatrol_f           3000ca90 f   cg_consolecmds.obj
 0001:0000bac0       _CG_TaskCamp_f             3000cac0 f   cg_consolecmds.obj
 0001:0000baf0       _CG_TaskFollow_f           3000caf0 f   cg_consolecmds.obj
 0001:0000bb20       _CG_TaskRetrieve_f         3000cb20 f   cg_consolecmds.obj
 0001:0000bb50       _CG_TaskEscort_f           3000cb50 f   cg_consolecmds.obj
 0001:0000bb80       _CG_TaskOwnFlag_f          3000cb80 f   cg_consolecmds.obj
 0001:0000bba0       _CG_TauntKillInsult_f      3000cba0 f   cg_consolecmds.obj
 0001:0000bbb0       _CG_TauntPraise_f          3000cbb0 f   cg_consolecmds.obj
 0001:0000bbc0       _CG_TauntTaunt_f           3000cbc0 f   cg_consolecmds.obj
 0001:0000bbd0       _CG_TauntDeathInsult_f     3000cbd0 f   cg_consolecmds.obj
 0001:0000bbe0       _CG_TauntGauntlet_f        3000cbe0 f   cg_consolecmds.obj
 0001:0000bbf0       _CG_TaskSuicide_f          3000cbf0 f   cg_consolecmds.obj
 0001:0000bc30       _CG_StartOrbit_f           3000cc30 f   cg_consolecmds.obj
 0001:0000c0a0       _CG_DrawZoomMask           3000d0a0 f   cg_draw.obj
 0001:0000ce40       _CG_DrawAmmo               3000de40 f   cg_draw.obj
 0001:0000dd30       _CG_DrawMiniScoreboard     3000ed30 f   cg_draw.obj
 0001:0000de50       _CG_DrawEnemyInfo          3000ee50 f   cg_draw.obj
 0001:0000e230       _CG_DrawSnapshot           3000f230 f   cg_draw.obj
 0001:0000e2a0       _CG_DrawFPS                3000f2a0 f   cg_draw.obj
 0001:0000e360       _CG_DrawTimer              3000f360 f   cg_draw.obj
 0001:0000e400       _CG_DrawTeamOverlay        3000f400 f   cg_draw.obj
 0001:0000e830       _CG_DrawPowerupIcons       3000f830 f   cg_draw.obj
 0001:0000e940       _CG_DrawUpperRight         3000f940 f   cg_draw.obj
 0001:0000ea60       _CG_DrawDisconnect         3000fa60 f   cg_draw.obj
 0001:0000eb80       _CG_DrawLagometer          3000fb80 f   cg_draw.obj
 0001:0000eee0       _CG_DrawCenterString       3000fee0 f   cg_draw.obj
 0001:0000f310       _CG_DrawHolocronIcons      30010310 f   cg_draw.obj
 0001:0000f3e0       _CG_DrawActivePowers       300103e0 f   cg_draw.obj
 0001:0000f510       _CG_DrawRocketLocking      30010510 f   cg_draw.obj
 0001:0000f850       _CG_DrawSpectator          30010850 f   cg_draw.obj
 0001:0000fb90       _CG_DrawVote               30010b90 f   cg_draw.obj
 0001:0000fc60       _CG_DrawTeamVote           30010c60 f   cg_draw.obj
 0001:0000fdd0       _CG_DrawFollow             30010dd0 f   cg_draw.obj
 0001:0000feb0       _CG_DrawWarmup             30010eb0 f   cg_draw.obj
 0001:00010270       _CG_DrawCrosshair          30011270 f   cg_draw.obj
 0001:000105e0       _CG_ScanForCrosshairEntity 300115e0 f   cg_draw.obj
 0001:000108a0       _CG_DrawCrosshairNames     300118a0 f   cg_draw.obj
 0001:000109c0       _CG_Draw2D                 300119c0 f   cg_draw.obj
 0001:00011d50       _CG_TileClearBox           30012d50 f   cg_drawtools.obj
 0001:000127a0       _CG_DoGlassQuad            300137a0 f   cg_effects.obj
 0001:00012a70       _CG_CalcBiLerp             30013a70 f   cg_effects.obj
 0001:00012df0       _CG_CalcHeightWidth        30013df0 f   cg_effects.obj
 0001:00013cb0       _CG_EntityEffects          30014cb0 f   cg_ents.obj
 0001:00014230       _CG_General                30015230 f   cg_ents.obj
 0001:000157a0       _CG_Speaker                300167a0 f   cg_ents.obj
 0001:00015880       _CG_Item                   30016880 f   cg_ents.obj
 0001:00016180       _CG_Missile                30017180 f   cg_ents.obj
 0001:00016720       _CG_Mover                  30017720 f   cg_ents.obj
 0001:000168a0       _CG_Portal                 300178a0 f   cg_ents.obj
 0001:00016ab0       _CG_InterpolateEntityPosition 30017ab0 f   cg_ents.obj
 0001:00016c80       _CG_TeamBase               30017c80 f   cg_ents.obj
 0001:00016d40       _CG_AddCEntity             30017d40 f   cg_ents.obj
 0001:000175d0       _CG_Obituary               300185d0 f   cg_event.obj
 0001:00017cc0       _CG_UseItem                30018cc0 f   cg_event.obj
 0001:00017d90       _CG_ItemPickup             30018d90 f   cg_event.obj
 0001:00018000       _CG_BodyQueueCopy          30019000 f   cg_event.obj
 0001:0001c440       _CG_AddFadeScaleModel      3001d440 f   cg_localents.obj
 0001:0001c580       _CG_AddMoveScaleFade       3001d580 f   cg_localents.obj
 0001:0001c6a0       _CG_AddPuff                3001d6a0 f   cg_localents.obj
 0001:0001c7b0       _CG_AddScaleFade           3001d7b0 f   cg_localents.obj
 0001:0001c880       _CG_AddFallScaleFade       3001d880 f   cg_localents.obj
 0001:0001c960       _CG_AddExplosion           3001d960 f   cg_localents.obj
 0001:0001ca00       _CG_AddSpriteExplosion     3001da00 f   cg_localents.obj
 0001:0001d070       _C_GetLerpOrigin           3001e070 f   cg_main.obj
 0001:0001d0b0       _C_GetLerpAngles           3001e0b0 f   cg_main.obj
 0001:0001d0f0       _C_GetModelScale           3001e0f0 f   cg_main.obj
 0001:0001d130       _C_Trace                   3001e130 f   cg_main.obj
 0001:0001d160       _C_GetBoltPos              3001e160 f   cg_main.obj
 0001:0001d270       _C_ImpactMark              3001e270 f   cg_main.obj
 0001:0001d5c0       _CG_RegisterItemSounds     3001e5c0 f   cg_main.obj
 0001:0001d800       _CG_OwnerDrawHandleKey     3001e800 f   cg_main.obj
 0001:0001d800       _CG_FeederItemImage        3001e800 f   cg_main.obj
 0001:0001d810       _CG_FeederCount            3001e810 f   cg_main.obj
 0001:0001d940       _CG_InfoFromScoreIndex     3001e940 f   cg_main.obj
 0001:0001d9b0       _CG_FeederItemText         3001e9b0 f   cg_main.obj
 0001:0001dba0       _CG_FeederSelection        3001eba0 f   cg_main.obj
 0001:0001dc10       _CG_Cvar_Get               3001ec10 f   cg_main.obj
 0001:0001dc90       _CG_OwnerDrawWidth         3001ec90 f   cg_main.obj
 0001:0001dd50       _CG_PlayCinematic          3001ed50 f   cg_main.obj
 0001:0001dd90       _CG_StopCinematic          3001ed90 f   cg_main.obj
 0001:0001dda0       _CG_DrawCinematic          3001eda0 f   cg_main.obj
 0001:0001dde0       _CG_RunCinematicFrame      3001ede0 f   cg_main.obj
 0001:0001e300       _CG_ForceModelChange       3001f300 f   cg_main.obj
 0001:0001e3f0       _CG_RegisterSounds         3001f3f0 f   cg_main.obj
 0001:0001ed30       _CG_RegisterEffects        3001fd30 f   cg_main.obj
 0001:0001ed90       _CG_RegisterGraphics       3001fd90 f   cg_main.obj
 0001:0001f780       _CG_RegisterClients        30020780 f   cg_main.obj
 0001:00020160       _Distance                  30021160 f   cg_marks.obj
 0001:000226f0       _CG_SetSelectedPlayerName  300236f0 f   cg_newDraw.obj
 0001:00023000       _VectorLength              30024000 f   cg_players.obj
 0001:00023030       _CG_IsValidCharacterModel  30024030 f   cg_players.obj
 0001:000232a0       _CrossProduct              300242a0 f   cg_players.obj
 0001:000232d0       _CG_RegisterClientModelname 300242d0 f   cg_players.obj
 0001:00023a90       _CG_ColorFromString        30024a90 f   cg_players.obj
 0001:00023ae0       _CG_CopyClientInfoModel    30024ae0 f   cg_players.obj
 0001:00023c10       _CG_ScanForExistingClientInfo 30024c10 f   cg_players.obj
 0001:00023ed0       _CG_SetLerpFrameAnimation  30024ed0 f   cg_players.obj
 0001:00024580       _CG_FirstAnimFrame         30025580 f   cg_players.obj
 0001:00024640       _CG_FootstepForSurface     30025640 f   cg_players.obj
 0001:00024830       _CG_RunLerpFrame           30025830 f   cg_players.obj
 0001:00024bd0       _CG_PlayerAnimation        30025bd0 f   cg_players.obj
 0001:00024cf0       _CG_SwingAngles            30025cf0 f   cg_players.obj
 0001:00024e70       _CG_SwingAnglesATST        30025e70 f   cg_players.obj
 0001:00025520       _CG_G2PlayerAngles         30026520 f   cg_players.obj
 0001:000262c0       _CG_HasteTrail             300272c0 f   cg_players.obj
 0001:00026380       _CG_PlayerFlag             30027380 f   cg_players.obj
 0001:000265d0       _CG_PlayerPowerups         300275d0 f   cg_players.obj
 0001:00026710       _CG_PlayerFloatSprite      30027710 f   cg_players.obj
 0001:000267c0       _CG_PlayerSplash           300277c0 f   cg_players.obj
 0001:00028d40       _CG_G2EntSetLerpFrameAnimation 30029d40 f   cg_players.obj
 0001:00029010       _CG_G2EntRunLerpFrame      3002a010 f   cg_players.obj
 0001:00029360       _CG_G2EntAnimation         3002a360 f   cg_players.obj
 0001:000295d0       _CG_G2AnimEntAngles        3002a5d0 f   cg_players.obj
 0001:0002a740       _CG_SetDeferredClientInfo  3002b740 f   cg_players.obj
 0001:0002aee0       _CG_PlayerSprites          3002bee0 f   cg_players.obj
 0001:0002af50       _CG_PlayerShadow           3002bf50 f   cg_players.obj
 0001:0002ee80       _CG_ClipMoveToEntities     3002fe80 f   cg_predict.obj
 0001:0002f1c0       _CG_InterpolatePlayerState 300301c0 f   cg_predict.obj
 0001:0002f310       _CG_TouchItem              30030310 f   cg_predict.obj
 0001:0002f450       _CG_TouchTriggerPrediction 30030450 f   cg_predict.obj
 0001:00030570       _CG_DrawClientScore        30031570 f   cg_scoreboard.obj
 0001:000308d0       _CG_TeamScoreboard         300318d0 f   cg_scoreboard.obj
 0001:00031110       _CG_ParseScores            30032110 f   cg_servercmds.obj
 0001:000312d0       _CG_ParseTeamInfo          300322d0 f   cg_servercmds.obj
 0001:00031880       _CG_ConfigStringModified   30032880 f   cg_servercmds.obj
 0001:00031c80       _CG_AddToTeamChat          30032c80 f   cg_servercmds.obj
 0001:00031e80       _CG_MapRestart             30032e80 f   cg_servercmds.obj
 0001:000323b0       _CG_RemoveChatEscapeChar   300333b0 f   cg_servercmds.obj
 0001:00032550       _CG_ServerCommand          30033550 f   cg_servercmds.obj
 0001:00032a70       _CG_ResetEntity            30033a70 f   cg_snapshot.obj
 0001:00032c30       _CG_TransitionSnapshot     30033c30 f   cg_snapshot.obj
 0001:00032e10       _CG_SetNextSnap            30033e10 f   cg_snapshot.obj
 0001:00032f40       _CG_ReadNextSnapshot       30033f40 f   cg_snapshot.obj
 0001:00034b80       _CG_AddTestModel           30035b80 f   cg_view.obj
 0001:00034cd0       _CG_CalcVrect              30035cd0 f   cg_view.obj
 0001:00034d90       _CG_StepOffset             30035d90 f   cg_view.obj
 0001:00034dd0       _CG_CalcIdealThirdPersonViewTarget 30035dd0 f   cg_view.obj
 0001:00034e60       _CG_CalcIdealThirdPersonViewLocation 30035e60 f   cg_view.obj
 0001:00034ec0       _CG_ResetThirdPersonViewDamp 30035ec0 f   cg_view.obj
 0001:00035050       _CG_UpdateThirdPersonTargetDamp 30036050 f   cg_view.obj
 0001:000351c0       _CG_UpdateThirdPersonCameraDamp 300361c0 f   cg_view.obj
 0001:00035380       _CG_OffsetThirdPersonView  30036380 f   cg_view.obj
 0001:00035660       _CG_OffsetFirstPersonView  30036660 f   cg_view.obj
 0001:00035930       _CG_CalcFov                30036930 f   cg_view.obj
 0001:00035c50       _CG_DamageBlendBlob        30036c50 f   cg_view.obj
 0001:00035e50       _CG_CalcViewValues         30036e50 f   cg_view.obj
 0001:000360e0       _CG_PlayBufferedSounds     300370e0 f   cg_view.obj
 0001:00037890       _CG_MapTorsoToWeaponFrame  30038890 f   cg_weapons.obj
 0001:000379b0       _CG_CalculateWeaponPosition 300389b0 f   cg_weapons.obj
 0001:00037ad0       _CG_AddWeaponWithPowerups  30038ad0 f   cg_weapons.obj
 0001:00038a70       _CG_WeaponSelectable       30039a70 f   cg_weapons.obj
 0001:0003ba10       _hashForString             3003ca10 f   ui_shared.obj
 0001:0003df30       _Scroll_TextScroll_AutoFunc 3003ef30 f   ui_shared.obj
 0001:0003dfa0       _Scroll_TextScroll_ThumbFunc 3003efa0 f   ui_shared.obj
 0001:0003e0b0       _Scroll_ListBox_AutoFunc   3003f0b0 f   ui_shared.obj
 0001:0003e120       _Scroll_ListBox_ThumbFunc  3003f120 f   ui_shared.obj
 0001:0003e2d0       _Scroll_Slider_ThumbFunc   3003f2d0 f   ui_shared.obj
 0001:0003e780       _Menu_CloseCinematics      3003f780 f   ui_shared.obj
 0001:0003e8c0       _Item_CorrectedTextRect    3003f8c0 f   ui_shared.obj
 0001:0003e940       _Controls_GetKeyAssignment 3003f940 f   ui_shared.obj
 0001:000400c0       _Item_TextScroll_BuildLines 300410c0 f   ui_shared.obj
 0001:00040af0       _Menu_OverActiveItem       30041af0 f   ui_shared.obj
 0001:00040d60       _Menu_RunCloseScript       30041d60 f   ui_shared.obj
 0001:00042bc0       _$$$00001                  30043bc0 f   LIBC:strchr.obj
 0001:000435af       __shift                    300445af f   LIBC:cvt.obj
 0001:00043b9c       _has_osfxsr_set            30044b9c f   LIBC:cpu_disp.obj
 0001:000440ff       _write_char                300450ff f   LIBC:output.obj
 0001:00044132       _write_multi_char          30045132 f   LIBC:output.obj
 0001:00044156       _write_string              30045156 f   LIBC:output.obj
 0001:00044ddd       _doexit                    30045ddd f   LIBC:crt0dat.obj
 0001:00045153       _parse_cmdline             30046153 f   LIBC:stdargv.obj
 0001:000458f9       $$$00003                   300468f9 f   LIBC:exsup3.obj
 0001:00045c63       _CPtoLCID                  30046c63 f   LIBC:mbctype.obj
 0001:00045c92       _setSBCS                   30046c92 f   LIBC:mbctype.obj
 0001:00045cbb       _setSBUpLow                30046cbb f   LIBC:mbctype.obj
 0001:000466f9       __abstract_cw              300476f9 f   LIBC:ieee87.obj
 0001:0004678b       __hw_cw                    3004778b f   LIBC:ieee87.obj
 0001:00046864       _report_failure            30047864 f   LIBC:secchk.obj
 0001:00048d90       $$$00001                   30049d90 f   LIBC:exsup.obj
 0001:00048db0       __unwind_handler           30049db0 f   LIBC:exsup.obj
 0001:00048db0       $$$00003                   30049db0 f   LIBC:exsup.obj
 0001:00048dd2       $$$00005                   30049dd2 f   LIBC:exsup.obj
 0001:00048e3a       $$$00007                   30049e3a f   LIBC:exsup.obj
 0001:00048e7e       $$$00011                   30049e7e f   LIBC:exsup.obj
 0001:00049d6b       _flsall                    3004ad6b f   LIBC:fflush.obj
